Archive member included to satisfy reference by file (symbol)

/home/osboxes/edk2sdm/edk2_LG_G7_THINQ/workspace/Build/LgG7ThinQPkg/DEBUG_GCC5/AARCH64/ArmPkg/Library/CompilerIntrinsicsLib/CompilerIntrinsicsLib/OUTPUT/CompilerIntrinsicsLib.lib(memcpy.obj)
                              /home/osboxes/edk2sdm/edk2/ArmPkg/Library/GccLto/liblto-aarch64.a (memcpy)
/home/osboxes/edk2sdm/edk2_LG_G7_THINQ/workspace/Build/LgG7ThinQPkg/DEBUG_GCC5/AARCH64/ArmPkg/Library/CompilerIntrinsicsLib/CompilerIntrinsicsLib/OUTPUT/CompilerIntrinsicsLib.lib(memset.obj)
                              /home/osboxes/edk2sdm/edk2/ArmPkg/Library/GccLto/liblto-aarch64.a (memset)
/home/osboxes/edk2sdm/edk2_LG_G7_THINQ/workspace/Build/LgG7ThinQPkg/DEBUG_GCC5/AARCH64/MdePkg/Library/UefiDriverEntryPoint/UefiDriverEntryPoint/OUTPUT/UefiDriverEntryPoint.lib(DriverEntryPoint.obj)
                              (_ModuleEntryPoint)
/home/osboxes/edk2sdm/edk2_LG_G7_THINQ/workspace/Build/LgG7ThinQPkg/DEBUG_GCC5/AARCH64/MdePkg/Library/BaseStackCheckLib/BaseStackCheckLib/OUTPUT/BaseStackCheckLib.lib(BaseStackCheckGcc.obj)
                              /home/osboxes/edk2sdm/edk2/ArmPkg/Library/GccLto/liblto-aarch64.a (__stack_chk_fail)
/home/osboxes/edk2sdm/edk2_LG_G7_THINQ/workspace/Build/LgG7ThinQPkg/DEBUG_GCC5/AARCH64/ArmPkg/Drivers/CpuDxe/CpuDxe/OUTPUT/ArmCpuDxe.lib(AutoGen.obj)
                              DriverEntryPoint.obj (symbol from plugin) (ProcessLibraryConstructorList)
/home/osboxes/edk2sdm/edk2_LG_G7_THINQ/workspace/Build/LgG7ThinQPkg/DEBUG_GCC5/AARCH64/ArmPkg/Drivers/CpuDxe/CpuDxe/OUTPUT/ArmCpuDxe.lib(CpuDxe.obj)
                              AutoGen.obj (symbol from plugin) (CpuDxeInitialize)
/home/osboxes/edk2sdm/edk2_LG_G7_THINQ/workspace/Build/LgG7ThinQPkg/DEBUG_GCC5/AARCH64/ArmPkg/Drivers/CpuDxe/CpuDxe/OUTPUT/ArmCpuDxe.lib(CpuMpCore.obj)
                              CpuDxe.obj (symbol from plugin) (PublishArmProcessorTable)
/home/osboxes/edk2sdm/edk2_LG_G7_THINQ/workspace/Build/LgG7ThinQPkg/DEBUG_GCC5/AARCH64/ArmPkg/Drivers/CpuDxe/CpuDxe/OUTPUT/ArmCpuDxe.lib(CpuMmuCommon.obj)
                              CpuDxe.obj (symbol from plugin) (CpuSetMemoryAttributes)
/home/osboxes/edk2sdm/edk2_LG_G7_THINQ/workspace/Build/LgG7ThinQPkg/DEBUG_GCC5/AARCH64/ArmPkg/Drivers/CpuDxe/CpuDxe/OUTPUT/ArmCpuDxe.lib(Exception.obj)
                              CpuDxe.obj (symbol from plugin) (InitializeExceptions)
/home/osboxes/edk2sdm/edk2_LG_G7_THINQ/workspace/Build/LgG7ThinQPkg/DEBUG_GCC5/AARCH64/ArmPkg/Drivers/CpuDxe/CpuDxe/OUTPUT/ArmCpuDxe.lib(Mmu.obj)
                              CpuDxe.obj (symbol from plugin) (SyncCacheConfig)
/home/osboxes/edk2sdm/edk2_LG_G7_THINQ/workspace/Build/LgG7ThinQPkg/DEBUG_GCC5/AARCH64/MdePkg/Library/BaseLib/BaseLib/OUTPUT/BaseLib.lib(CpuDeadLoop.obj)
                              BaseStackCheckGcc.obj (symbol from plugin) (CpuDeadLoop)
/home/osboxes/edk2sdm/edk2_LG_G7_THINQ/workspace/Build/LgG7ThinQPkg/DEBUG_GCC5/AARCH64/MdePkg/Library/BaseLib/BaseLib/OUTPUT/BaseLib.lib(CpuBreakpoint.obj)
                              BaseStackCheckGcc.obj (symbol from plugin) (CpuBreakpoint)
/home/osboxes/edk2sdm/edk2_LG_G7_THINQ/workspace/Build/LgG7ThinQPkg/DEBUG_GCC5/AARCH64/MdePkg/Library/BaseMemoryLibOptDxe/BaseMemoryLibOptDxe/OUTPUT/BaseMemoryLibOptDxe.lib(MemLibGuid.obj)
                              CpuMpCore.obj (symbol from plugin) (CompareGuid)
/home/osboxes/edk2sdm/edk2_LG_G7_THINQ/workspace/Build/LgG7ThinQPkg/DEBUG_GCC5/AARCH64/MdePkg/Library/BaseMemoryLibOptDxe/BaseMemoryLibOptDxe/OUTPUT/BaseMemoryLibOptDxe.lib(CopyMemWrapper.obj)
                              CpuMpCore.obj (symbol from plugin) (CopyMem)
/home/osboxes/edk2sdm/edk2_LG_G7_THINQ/workspace/Build/LgG7ThinQPkg/DEBUG_GCC5/AARCH64/MdePkg/Library/BaseMemoryLibOptDxe/BaseMemoryLibOptDxe/OUTPUT/BaseMemoryLibOptDxe.lib(CopyMem.obj)
                              MemLibGuid.obj (symbol from plugin) (InternalMemCopyMem)
/home/osboxes/edk2sdm/edk2_LG_G7_THINQ/workspace/Build/LgG7ThinQPkg/DEBUG_GCC5/AARCH64/MdePkg/Library/BaseMemoryLibOptDxe/BaseMemoryLibOptDxe/OUTPUT/BaseMemoryLibOptDxe.lib(CompareGuid.obj)
                              MemLibGuid.obj (symbol from plugin) (InternalMemCompareGuid)
/home/osboxes/edk2sdm/edk2_LG_G7_THINQ/workspace/Build/LgG7ThinQPkg/DEBUG_GCC5/AARCH64/ArmPkg/Library/ArmLib/ArmBaseLib/OUTPUT/ArmBaseLib.lib(ArmLib.obj)
                              CpuDxe.obj (symbol from plugin) (ArmCacheWritebackGranule)
/home/osboxes/edk2sdm/edk2_LG_G7_THINQ/workspace/Build/LgG7ThinQPkg/DEBUG_GCC5/AARCH64/ArmPkg/Library/ArmLib/ArmBaseLib/OUTPUT/ArmBaseLib.lib(ArmLibSupport.obj)
                              ArmLib.obj (symbol from plugin) (ArmCacheInfo)
/home/osboxes/edk2sdm/edk2_LG_G7_THINQ/workspace/Build/LgG7ThinQPkg/DEBUG_GCC5/AARCH64/ArmPkg/Library/ArmLib/ArmBaseLib/OUTPUT/ArmBaseLib.lib(ArmLibSupportV8.obj)
                              CpuDxe.obj (symbol from plugin) (ArmIsMpCore)
[...]
Memory Configuration

Name             Origin             Length             Attributes
*default*        0x0000000000000000 0xffffffffffffffff

Linker script and memory map

LOAD /home/osboxes/edk2sdm/edk2/ArmPkg/Library/GccLto/liblto-aarch64.a
START GROUP
LOAD /tmp/ArmCpuDxe.dll.vW94A8.ltrans0.ltrans.o
LOAD /tmp/ccF9ZWX7.debug.temp.o
LOAD /tmp/cc721Jr6.debug.temp.o
LOAD /tmp/ccCOt9C6.debug.temp.o
LOAD /tmp/ccRZdBa8.debug.temp.o
LOAD /tmp/ccFnExt7.debug.temp.o
LOAD /tmp/cc8BGV59.debug.temp.o
LOAD /tmp/cc1thHi8.debug.temp.o
LOAD /tmp/cc9taqe6.debug.temp.o
LOAD /tmp/ccZWKZY6.debug.temp.o
LOAD /tmp/cco4bEc7.debug.temp.o
LOAD /tmp/ccGt3sN8.debug.temp.o
LOAD /tmp/ccsZqlxa.debug.temp.o
LOAD /tmp/ccwbOPsa.debug.temp.o
LOAD /tmp/cc7EUzU6.debug.temp.o
LOAD /tmp/cchaf249.debug.temp.o
LOAD /tmp/ccZhBEb7.debug.temp.o
LOAD /tmp/cceN4jt8.debug.temp.o
LOAD /tmp/ccstyRF8.debug.temp.o
LOAD /tmp/cc1dAbN9.debug.temp.o
LOAD /tmp/cc0NxL67.debug.temp.o
LOAD /tmp/ccjt1er8.debug.temp.o
LOAD /tmp/ccDC0YI7.debug.temp.o
LOAD /tmp/ccAG6YL6.debug.temp.o
LOAD /tmp/ccrRqRFa.debug.temp.o
LOAD /tmp/ccQPTQh7.debug.temp.o
LOAD /tmp/cc4qewq6.debug.temp.o
LOAD /tmp/ccloDPJ6.debug.temp.o
LOAD /tmp/ccXnRHX9.debug.temp.o
LOAD /tmp/ccV2ZHw7.debug.temp.o
LOAD /tmp/ccz2anF6.debug.temp.o
LOAD /tmp/cckD5oAa.debug.temp.o
LOAD /tmp/ccinS696.debug.temp.o
LOAD /tmp/ccmZXaS9.debug.temp.o
LOAD /tmp/cc9jYGU7.debug.temp.o
LOAD /tmp/ccDQ9ib7.debug.temp.o
LOAD /tmp/ccXfrqf6.debug.temp.o
LOAD /tmp/cc95Bbi7.debug.temp.o
LOAD /tmp/ccarzyo6.debug.temp.o
LOAD /tmp/ccs2STda.debug.temp.o
LOAD /tmp/ccwv5By8.debug.temp.o
LOAD /tmp/ccRLC7j6.debug.temp.o
LOAD /tmp/ccS8gJv9.debug.temp.o
LOAD /tmp/cc8VKN39.debug.temp.o
LOAD /tmp/ccxIBz19.debug.temp.o
LOAD /tmp/ccCsLv26.debug.temp.o
LOAD /tmp/ccJYk0X6.debug.temp.o
LOAD /tmp/ccPukR46.debug.temp.o
LOAD /tmp/ccvjT9j8.debug.temp.o
LOAD /tmp/ccHe0Pd9.debug.temp.o
LOAD /tmp/ccw3VQqa.debug.temp.o
LOAD /tmp/ccROCqP9.debug.temp.o
LOAD /tmp/ccwSxDB6.debug.temp.o
LOAD /tmp/cc72NVI7.debug.temp.o
LOAD /tmp/ccscz1F8.debug.temp.o
LOAD /home/osboxes/edk2sdm/edk2_LG_G7_THINQ/workspace/Build/LgG7ThinQPkg/DEBUG_GCC5/AARCH64/MdePkg/Library/DxePcdLib/DxePcdLib/OUTPUT/DxePcdLib.lib
LOAD /home/osboxes/edk2sdm/edk2_LG_G7_THINQ/workspace/Build/LgG7ThinQPkg/DEBUG_GCC5/AARCH64/MdePkg/Library/BaseLib/BaseLib/OUTPUT/BaseLib.lib
LOAD /home/osboxes/edk2sdm/edk2_LG_G7_THINQ/workspace/Build/LgG7ThinQPkg/DEBUG_GCC5/AARCH64/MdePkg/Library/BaseMemoryLibOptDxe/BaseMemoryLibOptDxe/OUTPUT/BaseMemoryLibOptDxe.lib
LOAD /home/osboxes/edk2sdm/edk2_LG_G7_THINQ/workspace/Build/LgG7ThinQPkg/DEBUG_GCC5/AARCH64/ArmPkg/Library/ArmLib/ArmBaseLib/OUTPUT/ArmBaseLib.lib
LOAD /home/osboxes/edk2sdm/edk2_LG_G7_THINQ/workspace/Build/LgG7ThinQPkg/DEBUG_GCC5/AARCH64/MdePkg/Library/BaseIoLibIntrinsic/BaseIoLibIntrinsic/OUTPUT/BaseIoLibIntrinsic.lib
LOAD /home/osboxes/edk2sdm/edk2_LG_G7_THINQ/workspace/Build/LgG7ThinQPkg/DEBUG_GCC5/AARCH64/ArmPkg/Library/CompilerIntrinsicsLib/CompilerIntrinsicsLib/OUTPUT/CompilerIntrinsicsLib.lib
LOAD /home/osboxes/edk2sdm/edk2_LG_G7_THINQ/workspace/Build/LgG7ThinQPkg/DEBUG_GCC5/AARCH64/ArmPkg/Library/ArmCacheMaintenanceLib/ArmCacheMaintenanceLib/OUTPUT/ArmCacheMaintenanceLib.lib
LOAD /home/osboxes/edk2sdm/edk2_LG_G7_THINQ/workspace/Build/LgG7ThinQPkg/DEBUG_GCC5/AARCH64/MdePkg/Library/BaseDebugPrintErrorLevelLib/BaseDebugPrintErrorLevelLib/OUTPUT/BaseDebugPrintErrorLevelLib.lib
LOAD /home/osboxes/edk2sdm/edk2_LG_G7_THINQ/workspace/Build/LgG7ThinQPkg/DEBUG_GCC5/AARCH64/LgG7ThinQPkg/Library/FrameBufferSerialPortLib/FrameBufferSerialPortLib/OUTPUT/FrameBufferSerialPortLib.lib
LOAD /home/osboxes/edk2sdm/edk2_LG_G7_THINQ/workspace/Build/LgG7ThinQPkg/DEBUG_GCC5/AARCH64/MdePkg/Library/BasePrintLib/BasePrintLib/OUTPUT/BasePrintLib.lib
LOAD /home/osboxes/edk2sdm/edk2_LG_G7_THINQ/workspace/Build/LgG7ThinQPkg/DEBUG_GCC5/AARCH64/MdePkg/Library/BaseDebugLibSerialPort/BaseDebugLibSerialPort/OUTPUT/BaseDebugLibSerialPort.lib
LOAD /home/osboxes/edk2sdm/edk2_LG_G7_THINQ/workspace/Build/LgG7ThinQPkg/DEBUG_GCC5/AARCH64/MdePkg/Library/UefiBootServicesTableLib/UefiBootServicesTableLib/OUTPUT/UefiBootServicesTableLib.lib
LOAD /home/osboxes/edk2sdm/edk2_LG_G7_THINQ/workspace/Build/LgG7ThinQPkg/DEBUG_GCC5/AARCH64/MdePkg/Library/UefiMemoryAllocationLib/UefiMemoryAllocationLib/OUTPUT/UefiMemoryAllocationLib.lib
LOAD /home/osboxes/edk2sdm/edk2_LG_G7_THINQ/workspace/Build/LgG7ThinQPkg/DEBUG_GCC5/AARCH64/MdePkg/Library/UefiRuntimeServicesTableLib/UefiRuntimeServicesTableLib/OUTPUT/UefiRuntimeServicesTableLib.lib
LOAD /home/osboxes/edk2sdm/edk2_LG_G7_THINQ/workspace/Build/LgG7ThinQPkg/DEBUG_GCC5/AARCH64/MdePkg/Library/UefiDevicePathLib/UefiDevicePathLib/OUTPUT/UefiDevicePathLib.lib
LOAD /home/osboxes/edk2sdm/edk2_LG_G7_THINQ/workspace/Build/LgG7ThinQPkg/DEBUG_GCC5/AARCH64/MdePkg/Library/UefiLib/UefiLib/OUTPUT/UefiLib.lib
LOAD /home/osboxes/edk2sdm/edk2_LG_G7_THINQ/workspace/Build/LgG7ThinQPkg/DEBUG_GCC5/AARCH64/MdePkg/Library/DxeHobLib/DxeHobLib/OUTPUT/DxeHobLib.lib
LOAD /home/osboxes/edk2sdm/edk2_LG_G7_THINQ/workspace/Build/LgG7ThinQPkg/DEBUG_GCC5/AARCH64/MdePkg/Library/BasePeCoffGetEntryPointLib/BasePeCoffGetEntryPointLib/OUTPUT/BasePeCoffGetEntryPointLib.lib
LOAD /home/osboxes/edk2sdm/edk2_LG_G7_THINQ/workspace/Build/LgG7ThinQPkg/DEBUG_GCC5/AARCH64/ArmPkg/Library/ArmDisassemblerLib/ArmDisassemblerLib/OUTPUT/ArmDisassemblerLib.lib
LOAD /home/osboxes/edk2sdm/edk2_LG_G7_THINQ/workspace/Build/LgG7ThinQPkg/DEBUG_GCC5/AARCH64/ArmPkg/Library/DefaultExceptionHandlerLib/DefaultExceptionHandlerLib/OUTPUT/DefaultExceptionHandlerLib.lib
LOAD /home/osboxes/edk2sdm/edk2_LG_G7_THINQ/workspace/Build/LgG7ThinQPkg/DEBUG_GCC5/AARCH64/ArmPkg/Library/ArmMmuLib/ArmMmuBaseLib/OUTPUT/ArmMmuBaseLib.lib
LOAD /home/osboxes/edk2sdm/edk2_LG_G7_THINQ/workspace/Build/LgG7ThinQPkg/DEBUG_GCC5/AARCH64/MdePkg/Library/BaseCpuLib/BaseCpuLib/OUTPUT/BaseCpuLib.lib
LOAD /home/osboxes/edk2sdm/edk2_LG_G7_THINQ/workspace/Build/LgG7ThinQPkg/DEBUG_GCC5/AARCH64/ArmPkg/Library/ArmExceptionLib/ArmExceptionLib/OUTPUT/ArmExceptionLib.lib
LOAD /home/osboxes/edk2sdm/edk2_LG_G7_THINQ/workspace/Build/LgG7ThinQPkg/DEBUG_GCC5/AARCH64/MdePkg/Library/DxeServicesTableLib/DxeServicesTableLib/OUTPUT/DxeServicesTableLib.lib
LOAD /home/osboxes/edk2sdm/edk2_LG_G7_THINQ/workspace/Build/LgG7ThinQPkg/DEBUG_GCC5/AARCH64/MdePkg/Library/UefiDriverEntryPoint/UefiDriverEntryPoint/OUTPUT/UefiDriverEntryPoint.lib
LOAD /home/osboxes/edk2sdm/edk2_LG_G7_THINQ/workspace/Build/LgG7ThinQPkg/DEBUG_GCC5/AARCH64/MdePkg/Library/BaseStackCheckLib/BaseStackCheckLib/OUTPUT/BaseStackCheckLib.lib
LOAD /home/osboxes/edk2sdm/edk2_LG_G7_THINQ/workspace/Build/LgG7ThinQPkg/DEBUG_GCC5/AARCH64/ArmPkg/Drivers/CpuDxe/CpuDxe/OUTPUT/ArmCpuDxe.lib
END GROUP
                0x0000000000000228                . = PECOFF_HEADER_SIZE

.gnu.version_d  0x0000000000000228        0x0
 .gnu.version_d
                0x0000000000000228        0x0 /home/osboxes/edk2sdm/edk2/ArmPkg/Library/GccLto/liblto-aarch64.a

.gnu.version    0x0000000000000228        0x0
 .gnu.version   0x0000000000000228        0x0 /home/osboxes/edk2sdm/edk2/ArmPkg/Library/GccLto/liblto-aarch64.a

.gnu.version_r  0x0000000000000228        0x0
 .gnu.version_r
                0x0000000000000228        0x0 /home/osboxes/edk2sdm/edk2/ArmPkg/Library/GccLto/liblto-aarch64.a

.text           0x0000000000001000     0x70c8
 *(.text .text.* .stub .gnu.linkonce.t.*)
 .text.DebugAssertEnabled
                0x0000000000001000        0x8 /tmp/ArmCpuDxe.dll.vW94A8.ltrans0.ltrans.o
 .text.InternalAllocatePages.constprop.0
                0x0000000000001008       0x6c /tmp/ArmCpuDxe.dll.vW94A8.ltrans0.ltrans.o
 .text.DebugPrintLevelEnabled
                0x0000000000001074        0x8 /tmp/ArmCpuDxe.dll.vW94A8.ltrans0.ltrans.o
 .text.BasePrintLibFillBuffer
                0x000000000000107c       0x34 /tmp/ArmCpuDxe.dll.vW94A8.ltrans0.ltrans.o
 .text.AsciiStrnLenS
                0x00000000000010b0       0x3c /tmp/ArmCpuDxe.dll.vW94A8.ltrans0.ltrans.o
 .text.RegisterCpuInterruptHandler
                0x00000000000010ec       0x3c /tmp/ArmCpuDxe.dll.vW94A8.ltrans0.ltrans.o
 .text.GetRootTranslationTableInfo
                0x0000000000001128       0x2c /tmp/ArmCpuDxe.dll.vW94A8.ltrans0.ltrans.o
 .text.InternalAllocatePool
                0x0000000000001154       0x60 /tmp/ArmCpuDxe.dll.vW94A8.ltrans0.ltrans.o
 .text.DebugCodeEnabled
                0x00000000000011b4        0x8 /tmp/ArmCpuDxe.dll.vW94A8.ltrans0.ltrans.o
 .text.DebugPrintEnabled
                0x00000000000011bc        0x8 /tmp/ArmCpuDxe.dll.vW94A8.ltrans0.ltrans.o
 .text.CpuDeadLoop
                0x00000000000011c4       0x18 /tmp/ArmCpuDxe.dll.vW94A8.ltrans0.ltrans.o
 .text.GetMemoryRegionRec
                0x00000000000011dc      0x114 /tmp/ArmCpuDxe.dll.vW94A8.ltrans0.ltrans.o
 .text.CpuGetTimerValue
                0x00000000000012f0        0x8 /tmp/ArmCpuDxe.dll.vW94A8.ltrans0.ltrans.o
 .text.CpuRegisterInterruptHandler
                0x00000000000012f8        0xc /tmp/ArmCpuDxe.dll.vW94A8.ltrans0.ltrans.o
 .text.CpuInit  0x0000000000001304        0x8 /tmp/ArmCpuDxe.dll.vW94A8.ltrans0.ltrans.o
 .text.CpuEnableInterrupt
                0x000000000000130c       0x18 /tmp/ArmCpuDxe.dll.vW94A8.ltrans0.ltrans.o
 .text.CpuDisableInterrupt
                0x0000000000001324       0x18 /tmp/ArmCpuDxe.dll.vW94A8.ltrans0.ltrans.o
 .text.BaseDebugLibSerialPortConstructor
                0x000000000000133c       0x84 /tmp/ArmCpuDxe.dll.vW94A8.ltrans0.ltrans.o
 .text.CpuGetInterruptState
                0x00000000000013c0       0x38 /tmp/ArmCpuDxe.dll.vW94A8.ltrans0.ltrans.o
 .text.LowBitSet64
                0x00000000000013f8       0x28 /tmp/ArmCpuDxe.dll.vW94A8.ltrans0.ltrans.o
 .text.ArmCacheWritebackGranule
                0x0000000000001420       0x30 /tmp/ArmCpuDxe.dll.vW94A8.ltrans0.ltrans.o
 .text.ArmDataCacheLineLength
                0x0000000000001450       0x24 /tmp/ArmCpuDxe.dll.vW94A8.ltrans0.ltrans.o
 .text.InvalidateDataCacheRange
                0x0000000000001474       0x5c /tmp/ArmCpuDxe.dll.vW94A8.ltrans0.ltrans.o
 .text.WriteBackDataCacheRange
                0x00000000000014d0       0x5c /tmp/ArmCpuDxe.dll.vW94A8.ltrans0.ltrans.o
 .text.ArmMmuBaseLibConstructor
                0x000000000000152c       0x28 /tmp/ArmCpuDxe.dll.vW94A8.ltrans0.ltrans.o
 .text.WriteBackInvalidateDataCacheRange
                0x0000000000001554       0x5c /tmp/ArmCpuDxe.dll.vW94A8.ltrans0.ltrans.o
 .text.FbConFlush
                0x00000000000015b0       0x10 /tmp/ArmCpuDxe.dll.vW94A8.ltrans0.ltrans.o
 .text.SerialPortWrite
                0x00000000000015c0      0x400 /tmp/ArmCpuDxe.dll.vW94A8.ltrans0.ltrans.o
 .text.DebugAssert
                0x00000000000019c0       0x7c /tmp/ArmCpuDxe.dll.vW94A8.ltrans0.ltrans.o
 .text.InitializeCpuExceptionHandlers.constprop.0
                0x0000000000001a3c       0x78 /tmp/ArmCpuDxe.dll.vW94A8.ltrans0.ltrans.o
 .text.ReadUnaligned16
                0x0000000000001ab4       0x5c /tmp/ArmCpuDxe.dll.vW94A8.ltrans0.ltrans.o
 .text.BasePrintLibSPrintMarker.constprop.0
                0x0000000000001b10      0xcb0 /tmp/ArmCpuDxe.dll.vW94A8.ltrans0.ltrans.o
 .text.BasePrintLibSPrint.constprop.0
                0x00000000000027c0       0x9c /tmp/ArmCpuDxe.dll.vW94A8.ltrans0.ltrans.o
 .text.AsciiSPrint
                0x000000000000285c       0xb4 /tmp/ArmCpuDxe.dll.vW94A8.ltrans0.ltrans.o
 .text.UnicodeVSPrintAsciiFormat
                0x0000000000002910       0x74 /tmp/ArmCpuDxe.dll.vW94A8.ltrans0.ltrans.o
 .text.AsciiStrLen
                0x0000000000002984       0x90 /tmp/ArmCpuDxe.dll.vW94A8.ltrans0.ltrans.o
 .text.BaseName
                0x0000000000002a14       0x50 /tmp/ArmCpuDxe.dll.vW94A8.ltrans0.ltrans.o
 .text.DebugPrint
                0x0000000000002a64       0xcc /tmp/ArmCpuDxe.dll.vW94A8.ltrans0.ltrans.o
 .text.DescribeInstructionOrDataAbort
                0x0000000000002b30       0x58 /tmp/ArmCpuDxe.dll.vW94A8.ltrans0.ltrans.o
 .text.ArmSetMemoryAttributes
                0x0000000000002b88      0x45c /tmp/ArmCpuDxe.dll.vW94A8.ltrans0.ltrans.o
 .text.PageAttributeToGcdAttribute
                0x0000000000002fe4       0xa0 /tmp/ArmCpuDxe.dll.vW94A8.ltrans0.ltrans.o
 .text.FreePool
                0x0000000000003084       0x7c /tmp/ArmCpuDxe.dll.vW94A8.ltrans0.ltrans.o
 .text.AsciiPrint
                0x0000000000003100      0x16c /tmp/ArmCpuDxe.dll.vW94A8.ltrans0.ltrans.o
 .text.CpuSetMemoryAttributes
                0x000000000000326c      0x1bc /tmp/ArmCpuDxe.dll.vW94A8.ltrans0.ltrans.o
 .text.SetGcdMemorySpaceAttributes
                0x0000000000003428      0x174 /tmp/ArmCpuDxe.dll.vW94A8.ltrans0.ltrans.o
 .text.GetNextEntryAttribute
                0x000000000000359c      0x28c /tmp/ArmCpuDxe.dll.vW94A8.ltrans0.ltrans.o
 .text.CpuFlushCpuDataCache
                0x0000000000003828       0x50 /tmp/ArmCpuDxe.dll.vW94A8.ltrans0.ltrans.o
 .text.CopyMem  0x0000000000003878       0xa4 /tmp/ArmCpuDxe.dll.vW94A8.ltrans0.ltrans.o
 .text.CompareGuid
                0x000000000000391c       0x44 /tmp/ArmCpuDxe.dll.vW94A8.ltrans0.ltrans.o
 .text.EfiGetSystemConfigurationTable
                0x0000000000003960       0x94 /tmp/ArmCpuDxe.dll.vW94A8.ltrans0.ltrans.o
 .text.GetImageName
                0x00000000000039f4      0x2ec /tmp/ArmCpuDxe.dll.vW94A8.ltrans0.ltrans.o
 .text.GetHobList
                0x0000000000003ce0       0xb4 /tmp/ArmCpuDxe.dll.vW94A8.ltrans0.ltrans.o
 .text.IdleLoopEventCallback
                0x0000000000003d94        0x4 /tmp/ArmCpuDxe.dll.vW94A8.ltrans0.ltrans.o
 .text.CommonCExceptionHandler
                0x0000000000003d98      0x6c0 /tmp/ArmCpuDxe.dll.vW94A8.ltrans0.ltrans.o
                0x0000000000003d98                CommonCExceptionHandler
 .text.__stack_chk_fail
                0x0000000000004458       0x34 /tmp/ArmCpuDxe.dll.vW94A8.ltrans0.ltrans.o
                0x0000000000004458                __stack_chk_fail
 .text._ModuleEntryPoint
                0x000000000000448c      0x6a4 /tmp/ArmCpuDxe.dll.vW94A8.ltrans0.ltrans.o
                0x000000000000448c                _ModuleEntryPoint
 .text.memcpy   0x0000000000004b30       0x20 /tmp/ArmCpuDxe.dll.vW94A8.ltrans0.ltrans.o
                0x0000000000004b30                memcpy
 .text          0x0000000000004b50      0x218 /home/osboxes/edk2sdm/edk2_LG_G7_THINQ/workspace/Build/LgG7ThinQPkg/DEBUG_GCC5/AARCH64/MdePkg/Library/BaseMemoryLibOptDxe/BaseMemoryLibOptDxe/OUTPUT/BaseMemoryLibOptDxe.lib(CopyMem.obj)
                0x0000000000004cbc                InternalMemCopyMem
 *fill*         0x0000000000004d68       0x18 
 .text          0x0000000000004d80       0x20 /home/osboxes/edk2sdm/edk2_LG_G7_THINQ/workspace/Build/LgG7ThinQPkg/DEBUG_GCC5/AARCH64/MdePkg/Library/BaseMemoryLibOptDxe/BaseMemoryLibOptDxe/OUTPUT/BaseMemoryLibOptDxe.lib(CompareGuid.obj)
                0x0000000000004d80                InternalMemCompareGuid
 .text.ArmCacheInfo
                0x0000000000004da0        0x8 /home/osboxes/edk2sdm/edk2_LG_G7_THINQ/workspace/Build/LgG7ThinQPkg/DEBUG_GCC5/AARCH64/ArmPkg/Library/ArmLib/ArmBaseLib/OUTPUT/ArmBaseLib.lib(ArmLibSupport.obj)
                0x0000000000004da0                ArmCacheInfo
 .text.ArmGetInterruptState
                0x0000000000004da8       0x10 /home/osboxes/edk2sdm/edk2_LG_G7_THINQ/workspace/Build/LgG7ThinQPkg/DEBUG_GCC5/AARCH64/ArmPkg/Library/ArmLib/ArmBaseLib/OUTPUT/ArmBaseLib.lib(ArmLibSupport.obj)
                0x0000000000004da8                ArmGetInterruptState
 .text.ArmGetFiqState
                0x0000000000004db8       0x10 /home/osboxes/edk2sdm/edk2_LG_G7_THINQ/workspace/Build/LgG7ThinQPkg/DEBUG_GCC5/AARCH64/ArmPkg/Library/ArmLib/ArmBaseLib/OUTPUT/ArmBaseLib.lib(ArmLibSupport.obj)
                0x0000000000004db8                ArmGetFiqState
 .text.ArmGetTTBR0BaseAddress
                0x0000000000004dc8       0x30 /home/osboxes/edk2sdm/edk2_LG_G7_THINQ/workspace/Build/LgG7ThinQPkg/DEBUG_GCC5/AARCH64/ArmPkg/Library/ArmLib/ArmBaseLib/OUTPUT/ArmBaseLib.lib(ArmLibSupport.obj)
                0x0000000000004dc8                ArmGetTTBR0BaseAddress
 .text.ArmGetTCR
                0x0000000000004df8       0x34 /home/osboxes/edk2sdm/edk2_LG_G7_THINQ/workspace/Build/LgG7ThinQPkg/DEBUG_GCC5/AARCH64/ArmPkg/Library/ArmLib/ArmBaseLib/OUTPUT/ArmBaseLib.lib(ArmLibSupport.obj)
                0x0000000000004df8                ArmGetTCR
 .text.ArmUpdateTranslationTableEntry
                0x0000000000004e2c       0x40 /home/osboxes/edk2sdm/edk2_LG_G7_THINQ/workspace/Build/LgG7ThinQPkg/DEBUG_GCC5/AARCH64/ArmPkg/Library/ArmLib/ArmBaseLib/OUTPUT/ArmBaseLib.lib(ArmLibSupport.obj)
                0x0000000000004e2c                ArmUpdateTranslationTableEntry
 .text.ArmIsMpCore
                0x0000000000004e6c       0x14 /home/osboxes/edk2sdm/edk2_LG_G7_THINQ/workspace/Build/LgG7ThinQPkg/DEBUG_GCC5/AARCH64/ArmPkg/Library/ArmLib/ArmBaseLib/OUTPUT/ArmBaseLib.lib(ArmLibSupportV8.obj)
                0x0000000000004e6c                ArmIsMpCore
 .text.ArmEnableAsynchronousAbort
                0x0000000000004e80        0xc /home/osboxes/edk2sdm/edk2_LG_G7_THINQ/workspace/Build/LgG7ThinQPkg/DEBUG_GCC5/AARCH64/ArmPkg/Library/ArmLib/ArmBaseLib/OUTPUT/ArmBaseLib.lib(ArmLibSupportV8.obj)
                0x0000000000004e80                ArmEnableAsynchronousAbort
 .text.ArmEnableFiq
                0x0000000000004e8c        0xc /home/osboxes/edk2sdm/edk2_LG_G7_THINQ/workspace/Build/LgG7ThinQPkg/DEBUG_GCC5/AARCH64/ArmPkg/Library/ArmLib/ArmBaseLib/OUTPUT/ArmBaseLib.lib(ArmLibSupportV8.obj)
                0x0000000000004e8c                ArmEnableFiq
 .text.ArmDisableFiq
                0x0000000000004e98        0xc /home/osboxes/edk2sdm/edk2_LG_G7_THINQ/workspace/Build/LgG7ThinQPkg/DEBUG_GCC5/AARCH64/ArmPkg/Library/ArmLib/ArmBaseLib/OUTPUT/ArmBaseLib.lib(ArmLibSupportV8.obj)
                0x0000000000004e98                ArmDisableFiq
 .text.ArmEnableInterrupts
                0x0000000000004ea4        0xc /home/osboxes/edk2sdm/edk2_LG_G7_THINQ/workspace/Build/LgG7ThinQPkg/DEBUG_GCC5/AARCH64/ArmPkg/Library/ArmLib/ArmBaseLib/OUTPUT/ArmBaseLib.lib(ArmLibSupportV8.obj)
                0x0000000000004ea4                ArmEnableInterrupts
 .text.ArmDisableInterrupts
                0x0000000000004eb0        0xc /home/osboxes/edk2sdm/edk2_LG_G7_THINQ/workspace/Build/LgG7ThinQPkg/DEBUG_GCC5/AARCH64/ArmPkg/Library/ArmLib/ArmBaseLib/OUTPUT/ArmBaseLib.lib(ArmLibSupportV8.obj)
                0x0000000000004eb0                ArmDisableInterrupts
 .text.ArmInvalidateDataCacheEntryByMVA
                0x0000000000004ebc        0x8 /home/osboxes/edk2sdm/edk2_LG_G7_THINQ/workspace/Build/LgG7ThinQPkg/DEBUG_GCC5/AARCH64/ArmPkg/Library/ArmLib/ArmBaseLib/OUTPUT/ArmBaseLib.lib(AArch64Support.obj)
                0x0000000000004ebc                ArmInvalidateDataCacheEntryByMVA
 .text.ArmCleanDataCacheEntryByMVA
                0x0000000000004ec4        0x8 /home/osboxes/edk2sdm/edk2_LG_G7_THINQ/workspace/Build/LgG7ThinQPkg/DEBUG_GCC5/AARCH64/ArmPkg/Library/ArmLib/ArmBaseLib/OUTPUT/ArmBaseLib.lib(AArch64Support.obj)
                0x0000000000004ec4                ArmCleanDataCacheEntryByMVA
 .text.ArmCleanInvalidateDataCacheEntryByMVA
                0x0000000000004ecc        0x8 /home/osboxes/edk2sdm/edk2_LG_G7_THINQ/workspace/Build/LgG7ThinQPkg/DEBUG_GCC5/AARCH64/ArmPkg/Library/ArmLib/ArmBaseLib/OUTPUT/ArmBaseLib.lib(AArch64Support.obj)
                0x0000000000004ecc                ArmCleanInvalidateDataCacheEntryByMVA
 .text.ArmMmuEnabled
                0x0000000000004ed4       0x34 /home/osboxes/edk2sdm/edk2_LG_G7_THINQ/workspace/Build/LgG7ThinQPkg/DEBUG_GCC5/AARCH64/ArmPkg/Library/ArmLib/ArmBaseLib/OUTPUT/ArmBaseLib.lib(AArch64Support.obj)
                0x0000000000004ed4                ArmMmuEnabled
 .text.ArmDataSynchronizationBarrier
                0x0000000000004f08        0x8 /home/osboxes/edk2sdm/edk2_LG_G7_THINQ/workspace/Build/LgG7ThinQPkg/DEBUG_GCC5/AARCH64/ArmPkg/Library/ArmLib/ArmBaseLib/OUTPUT/ArmBaseLib.lib(AArch64Support.obj)
                0x0000000000004f08                ArmDataSynchronizationBarrier
 .text.ArmWriteVBar
                0x0000000000004f10       0x34 /home/osboxes/edk2sdm/edk2_LG_G7_THINQ/workspace/Build/LgG7ThinQPkg/DEBUG_GCC5/AARCH64/ArmPkg/Library/ArmLib/ArmBaseLib/OUTPUT/ArmBaseLib.lib(AArch64Support.obj)
                0x0000000000004f10                ArmWriteVBar
 .text.ArmWriteHcr
                0x0000000000004f44        0x8 /home/osboxes/edk2sdm/edk2_LG_G7_THINQ/workspace/Build/LgG7ThinQPkg/DEBUG_GCC5/AARCH64/ArmPkg/Library/ArmLib/ArmBaseLib/OUTPUT/ArmBaseLib.lib(AArch64Support.obj)
                0x0000000000004f44                ArmWriteHcr
 .text.ArmReadHcr
                0x0000000000004f4c        0x8 /home/osboxes/edk2sdm/edk2_LG_G7_THINQ/workspace/Build/LgG7ThinQPkg/DEBUG_GCC5/AARCH64/ArmPkg/Library/ArmLib/ArmBaseLib/OUTPUT/ArmBaseLib.lib(AArch64Support.obj)
                0x0000000000004f4c                ArmReadHcr
 .text.ArmReadCurrentEL
                0x0000000000004f54        0x8 /home/osboxes/edk2sdm/edk2_LG_G7_THINQ/workspace/Build/LgG7ThinQPkg/DEBUG_GCC5/AARCH64/ArmPkg/Library/ArmLib/ArmBaseLib/OUTPUT/ArmBaseLib.lib(AArch64Support.obj)
                0x0000000000004f54                ArmReadCurrentEL
 .text.ArmReplaceLiveTranslationEntry
                0x0000000000004f5c       0xd0 /home/osboxes/edk2sdm/edk2_LG_G7_THINQ/workspace/Build/LgG7ThinQPkg/DEBUG_GCC5/AARCH64/ArmPkg/Library/ArmMmuLib/ArmMmuBaseLib/OUTPUT/ArmMmuBaseLib.lib(ArmMmuLibReplaceEntry.obj)
                0x0000000000004f5c                ArmReplaceLiveTranslationEntry
                0x0000000000005028                ArmReplaceLiveTranslationEntrySize
 *fill*         0x000000000000502c        0x4 
 .text          0x0000000000005030        0x8 /home/osboxes/edk2sdm/edk2_LG_G7_THINQ/workspace/Build/LgG7ThinQPkg/DEBUG_GCC5/AARCH64/MdePkg/Library/BaseCpuLib/BaseCpuLib/OUTPUT/BaseCpuLib.lib(CpuSleep.obj)
                0x0000000000005030                CpuSleep
 .text          0x0000000000005038      0x184 /home/osboxes/edk2sdm/edk2_LG_G7_THINQ/workspace/Build/LgG7ThinQPkg/DEBUG_GCC5/AARCH64/ArmPkg/Library/ArmExceptionLib/ArmExceptionLib/OUTPUT/ArmExceptionLib.lib(ExceptionSupport.obj)
                0x0000000000005038                ExceptionHandlersEnd
                0x00000000000051b4                RegisterEl0Stack
 *fill*         0x00000000000051bc      0x644 
 .text.ExceptionHandlersStart
                0x0000000000005800      0x800 /home/osboxes/edk2sdm/edk2_LG_G7_THINQ/workspace/Build/LgG7ThinQPkg/DEBUG_GCC5/AARCH64/ArmPkg/Library/ArmExceptionLib/ArmExceptionLib/OUTPUT/ArmExceptionLib.lib(ExceptionSupport.obj)
                0x0000000000005800                ExceptionHandlersStart
 .text          0x0000000000006000      0x200 /home/osboxes/edk2sdm/edk2_LG_G7_THINQ/workspace/Build/LgG7ThinQPkg/DEBUG_GCC5/AARCH64/MdePkg/Library/BaseMemoryLibOptDxe/BaseMemoryLibOptDxe/OUTPUT/BaseMemoryLibOptDxe.lib(SetMem.obj)
                0x0000000000006000                InternalMemSetMem16
                0x000000000000600c                InternalMemSetMem32
                0x0000000000006018                InternalMemSetMem64
                0x0000000000006024                InternalMemZeroMem
                0x000000000000602c                InternalMemSetMem
 *(.rodata .rodata.* .gnu.linkonce.r.*)
 .rodata.DebugAssert.str1.1
                0x0000000000006200       0x22 /tmp/ArmCpuDxe.dll.vW94A8.ltrans0.ltrans.o
 .rodata.InitializeCpuExceptionHandlers.constprop.0.str1.1
                0x0000000000006222       0x91 /tmp/ArmCpuDxe.dll.vW94A8.ltrans0.ltrans.o
 .rodata.ReadUnaligned16.str1.1
                0x00000000000062b3       0x59 /tmp/ArmCpuDxe.dll.vW94A8.ltrans0.ltrans.o
 .rodata.BasePrintLibSPrintMarker.constprop.0.str1.1
                0x000000000000630c      0x1fe /tmp/ArmCpuDxe.dll.vW94A8.ltrans0.ltrans.o
 *fill*         0x000000000000650a        0x2 
 .rodata.BasePrintLibSPrintMarker.constprop.0
                0x000000000000650c       0x5e /tmp/ArmCpuDxe.dll.vW94A8.ltrans0.ltrans.o
 .rodata.UnicodeVSPrintAsciiFormat.str1.1
                0x000000000000656a       0x6a /tmp/ArmCpuDxe.dll.vW94A8.ltrans0.ltrans.o
 .rodata.AsciiStrLen.str1.1
                0x00000000000065d4       0x8a /tmp/ArmCpuDxe.dll.vW94A8.ltrans0.ltrans.o
 .rodata.DescribeInstructionOrDataAbort.str1.1
                0x000000000000665e        0x9 /tmp/ArmCpuDxe.dll.vW94A8.ltrans0.ltrans.o
                                          0xa (size before relaxing)
 .rodata.ArmSetMemoryAttributes.str1.1
                0x0000000000006667      0x12e /tmp/ArmCpuDxe.dll.vW94A8.ltrans0.ltrans.o
 .rodata.PageAttributeToGcdAttribute.str1.1
                0x0000000000006795       0x42 /tmp/ArmCpuDxe.dll.vW94A8.ltrans0.ltrans.o
                                         0x44 (size before relaxing)
 .rodata.FreePool.str1.1
                0x00000000000067d7       0x6c /tmp/ArmCpuDxe.dll.vW94A8.ltrans0.ltrans.o
 .rodata.AsciiPrint.str1.1
                0x0000000000006843       0x59 /tmp/ArmCpuDxe.dll.vW94A8.ltrans0.ltrans.o
 .rodata.CpuSetMemoryAttributes.str1.1
                0x000000000000689c       0x47 /tmp/ArmCpuDxe.dll.vW94A8.ltrans0.ltrans.o
 *fill*         0x00000000000068e3        0x1 
 .rodata.CpuSetMemoryAttributes
                0x00000000000068e4        0x8 /tmp/ArmCpuDxe.dll.vW94A8.ltrans0.ltrans.o
 .rodata.SetGcdMemorySpaceAttributes.str1.1
                0x00000000000068ec       0x98 /tmp/ArmCpuDxe.dll.vW94A8.ltrans0.ltrans.o
 .rodata.GetNextEntryAttribute.str1.1
                0x0000000000006984       0x5e /tmp/ArmCpuDxe.dll.vW94A8.ltrans0.ltrans.o
 .rodata.CopyMem.str1.1
                0x00000000000069e2       0xd0 /tmp/ArmCpuDxe.dll.vW94A8.ltrans0.ltrans.o
 .rodata.CompareGuid.str1.1
                0x0000000000006ab2       0x65 /tmp/ArmCpuDxe.dll.vW94A8.ltrans0.ltrans.o
 .rodata.GetImageName.str1.1
                0x0000000000006b17       0x74 /tmp/ArmCpuDxe.dll.vW94A8.ltrans0.ltrans.o
 .rodata.GetHobList.str1.1
                0x0000000000006b8b       0x56 /tmp/ArmCpuDxe.dll.vW94A8.ltrans0.ltrans.o
 .rodata.CommonCExceptionHandler.str1.1
                0x0000000000006be1      0x6a2 /tmp/ArmCpuDxe.dll.vW94A8.ltrans0.ltrans.o
                                        0x6ad (size before relaxing)
 *fill*         0x0000000000007283        0x1 
 .rodata.CommonCExceptionHandler
                0x0000000000007284       0x11 /tmp/ArmCpuDxe.dll.vW94A8.ltrans0.ltrans.o
 .rodata.__stack_chk_fail.str1.1
                0x0000000000007295       0x2e /tmp/ArmCpuDxe.dll.vW94A8.ltrans0.ltrans.o
 .rodata._ModuleEntryPoint.str1.1
                0x00000000000072c3      0x317 /tmp/ArmCpuDxe.dll.vW94A8.ltrans0.ltrans.o
 .rodata.str1.1
                0x00000000000075da      0x759 /tmp/ArmCpuDxe.dll.vW94A8.ltrans0.ltrans.o
                                        0x76a (size before relaxing)
 *fill*         0x0000000000007d33        0x5 
 .rodata.CSWTCH.10
                0x0000000000007d38      0x1b8 /tmp/ArmCpuDxe.dll.vW94A8.ltrans0.ltrans.o
 .rodata.CSWTCH.28
                0x0000000000007ef0       0x10 /tmp/ArmCpuDxe.dll.vW94A8.ltrans0.ltrans.o
 .rodata.Message.11340
                0x0000000000007f00       0x3b /tmp/ArmCpuDxe.dll.vW94A8.ltrans0.ltrans.o
 *fill*         0x0000000000007f3b        0x5 
 .rodata.gExceptionTypeString
                0x0000000000007f40       0x20 /tmp/ArmCpuDxe.dll.vW94A8.ltrans0.ltrans.o
 .rodata.mHexStr
                0x0000000000007f60       0x10 /tmp/ArmCpuDxe.dll.vW94A8.ltrans0.ltrans.o
 .rodata.mStatusString
                0x0000000000007f70      0x138 /tmp/ArmCpuDxe.dll.vW94A8.ltrans0.ltrans.o
 *(.got .got.*)
 .got           0x00000000000080a8        0x8 /home/osboxes/edk2sdm/edk2/ArmPkg/Library/GccLto/liblto-aarch64.a
                0x00000000000080a8                _GLOBAL_OFFSET_TABLE_
 .got.plt       0x00000000000080b0       0x18 /home/osboxes/edk2sdm/edk2/ArmPkg/Library/GccLto/liblto-aarch64.a
 *:AutoGen.obj(.data.g*Guid)

.plt            0x00000000000080c8        0x0
 .plt           0x00000000000080c8        0x0 /home/osboxes/edk2sdm/edk2/ArmPkg/Library/GccLto/liblto-aarch64.a

.data           0x0000000000009000      0x4b8
 *(.data .data.* .gnu.linkonce.d.*)
 .data.rel.ro   0x0000000000009000        0x0 /home/osboxes/edk2sdm/edk2/ArmPkg/Library/GccLto/liblto-aarch64.a
 .data.__stack_chk_guard
                0x0000000000009000        0x8 /tmp/ArmCpuDxe.dll.vW94A8.ltrans0.ltrans.o
                0x0000000000009000                __stack_chk_guard
 .data.font5x12
                0x0000000000009008      0x300 /tmp/ArmCpuDxe.dll.vW94A8.ltrans0.ltrans.o
 .data.gArmMpCoreInfoGuid
                0x0000000000009308       0x10 /tmp/ArmCpuDxe.dll.vW94A8.ltrans0.ltrans.o
 .data.gEfiCpuArchProtocolGuid
                0x0000000000009318       0x10 /tmp/ArmCpuDxe.dll.vW94A8.ltrans0.ltrans.o
 .data.gEfiDebugImageInfoTableGuid
                0x0000000000009328       0x10 /tmp/ArmCpuDxe.dll.vW94A8.ltrans0.ltrans.o
 .data.gEfiDxeServicesTableGuid
                0x0000000000009338       0x10 /tmp/ArmCpuDxe.dll.vW94A8.ltrans0.ltrans.o
 .data.gEfiHobListGuid
                0x0000000000009348       0x10 /tmp/ArmCpuDxe.dll.vW94A8.ltrans0.ltrans.o
 .data.gEfiVectorHandoffTableGuid
                0x0000000000009358       0x10 /tmp/ArmCpuDxe.dll.vW94A8.ltrans0.ltrans.o
 .data.gIdleLoopEventGuid
                0x0000000000009368       0x10 /tmp/ArmCpuDxe.dll.vW94A8.ltrans0.ltrans.o
 .data.mArmProcessorTableTemplate
                0x0000000000009378       0x60 /tmp/ArmCpuDxe.dll.vW94A8.ltrans0.ltrans.o
 .data.mCpu     0x00000000000093d8       0x48 /tmp/ArmCpuDxe.dll.vW94A8.ltrans0.ltrans.o
 *(.bss .bss.*)
 .bss.gBS       0x0000000000009420        0x8 /tmp/ArmCpuDxe.dll.vW94A8.ltrans0.ltrans.o
 .bss.gDS       0x0000000000009428        0x8 /tmp/ArmCpuDxe.dll.vW94A8.ltrans0.ltrans.o
 .bss.gExceptionHandlers
                0x0000000000009430       0x20 /tmp/ArmCpuDxe.dll.vW94A8.ltrans0.ltrans.o
 .bss.gImageHandle
                0x0000000000009450        0x8 /tmp/ArmCpuDxe.dll.vW94A8.ltrans0.ltrans.o
 .bss.gRT       0x0000000000009458        0x8 /tmp/ArmCpuDxe.dll.vW94A8.ltrans0.ltrans.o
 .bss.gST       0x0000000000009460        0x8 /tmp/ArmCpuDxe.dll.vW94A8.ltrans0.ltrans.o
 .bss.mCpuHandle
                0x0000000000009468        0x8 /tmp/ArmCpuDxe.dll.vW94A8.ltrans0.ltrans.o
 .bss.mHobList  0x0000000000009470        0x8 /tmp/ArmCpuDxe.dll.vW94A8.ltrans0.ltrans.o
 .bss.mIsFlushingGCD
                0x0000000000009478        0x1 /tmp/ArmCpuDxe.dll.vW94A8.ltrans0.ltrans.o
 .bss.mRecursiveException
                0x0000000000009479        0x1 /tmp/ArmCpuDxe.dll.vW94A8.ltrans0.ltrans.o
 *fill*         0x000000000000947a        0x6 
 .bss.m_Color   0x0000000000009480       0x10 /tmp/ArmCpuDxe.dll.vW94A8.ltrans0.ltrans.o
 .bss.m_Initialized
                0x0000000000009490        0x1 /tmp/ArmCpuDxe.dll.vW94A8.ltrans0.ltrans.o
 *fill*         0x0000000000009491        0x7 
 .bss.m_MaxPosition
                0x0000000000009498       0x10 /tmp/ArmCpuDxe.dll.vW94A8.ltrans0.ltrans.o
 .bss.m_Position
                0x00000000000094a8       0x10 /tmp/ArmCpuDxe.dll.vW94A8.ltrans0.ltrans.o

.dynbss         0x00000000000094b8        0x0
 .dynbss        0x00000000000094b8        0x0 /home/osboxes/edk2sdm/edk2/ArmPkg/Library/GccLto/liblto-aarch64.a

.eh_frame
 *(.eh_frame)

.rela           0x00000000000094b8      0x9f0
 *(.rela .rela.*)
 .rela.got      0x00000000000094b8        0x0 /home/osboxes/edk2sdm/edk2/ArmPkg/Library/GccLto/liblto-aarch64.a
 .rela.plt      0x00000000000094b8        0x0 /home/osboxes/edk2sdm/edk2/ArmPkg/Library/GccLto/liblto-aarch64.a
 .rela.bss      0x00000000000094b8        0x0 /home/osboxes/edk2sdm/edk2/ArmPkg/Library/GccLto/liblto-aarch64.a
 .rela.data.rel.ro
                0x00000000000094b8        0x0 /home/osboxes/edk2sdm/edk2/ArmPkg/Library/GccLto/liblto-aarch64.a
 .rela.ifunc    0x00000000000094b8        0x0 /home/osboxes/edk2sdm/edk2/ArmPkg/Library/GccLto/liblto-aarch64.a
 .rela.data.mCpu
                0x00000000000094b8       0xc0 /home/osboxes/edk2sdm/edk2/ArmPkg/Library/GccLto/liblto-aarch64.a
 .rela.rodata.CSWTCH.10
                0x0000000000009578      0x528 /home/osboxes/edk2sdm/edk2/ArmPkg/Library/GccLto/liblto-aarch64.a
 .rela.rodata.gExceptionTypeString
                0x0000000000009aa0       0x60 /home/osboxes/edk2sdm/edk2/ArmPkg/Library/GccLto/liblto-aarch64.a
 .rela.rodata.mStatusString
                0x0000000000009b00      0x3a8 /home/osboxes/edk2sdm/edk2/ArmPkg/Library/GccLto/liblto-aarch64.a

.hii
 *(.hii)

.build-id       0x0000000000009ea8       0x24
 *(.note.gnu.build-id)
 .note.gnu.build-id
                0x0000000000009ea8       0x24 /home/osboxes/edk2sdm/edk2/ArmPkg/Library/GccLto/liblto-aarch64.a

/DISCARD/
 *(.note.GNU-stack)
 *(.gnu_debuglink)
 *(.interp)
 *(.dynsym)
 *(.dynstr)
 *(.dynamic)
 *(.hash .gnu.hash)
 *(.comment)
 *(COMMON)
                0x0000000000000228                PECOFF_HEADER_SIZE = 0x228
OUTPUT(/home/osboxes/edk2sdm/edk2_LG_G7_THINQ/workspace/Build/LgG7ThinQPkg/DEBUG_GCC5/AARCH64/ArmPkg/Drivers/CpuDxe/CpuDxe/DEBUG/ArmCpuDxe.dll elf64-littleaarch64)

.debug_info     0x0000000000000000    0x36c4d
 .debug_info    0x0000000000000000     0x4cb1 /tmp/ArmCpuDxe.dll.vW94A8.ltrans0.ltrans.o
 .debug_info    0x0000000000004cb1      0x289 /tmp/ccF9ZWX7.debug.temp.o
                0x0000000000004cb1                memcpy.c.ac51164e
 .debug_info    0x0000000000004f3a      0x23a /tmp/cc721Jr6.debug.temp.o
                0x0000000000004f3a                memset.c.8ec109bf
 .debug_info    0x0000000000005174     0x1b08 /tmp/ccCOt9C6.debug.temp.o
                0x0000000000005174                DriverEntryPoint.c.3644824c
 .debug_info    0x0000000000006c7c      0x239 /tmp/ccRZdBa8.debug.temp.o
                0x0000000000006c7c                BaseStackCheckGcc.c.4aa6e768
 .debug_info    0x0000000000006eb5     0x1ec4 /tmp/ccFnExt7.debug.temp.o
                0x0000000000006eb5                AutoGen.c.d89a72eb
 .debug_info    0x0000000000008d79     0x3a31 /tmp/cc8BGV59.debug.temp.o
                0x0000000000008d79                CpuDxe.c.c623d0f9
 .debug_info    0x000000000000c7aa     0x2278 /tmp/cc1thHi8.debug.temp.o
                0x000000000000c7aa                CpuMpCore.c.f2292c5e
 .debug_info    0x000000000000ea22     0x39c6 /tmp/cc9taqe6.debug.temp.o
                0x000000000000ea22                CpuMmuCommon.c.3a4f724e
 .debug_info    0x00000000000123e8     0x392e /tmp/ccZWKZY6.debug.temp.o
                0x00000000000123e8                Exception.c.25796fdc
 .debug_info    0x0000000000015d16     0x3b0a /tmp/cco4bEc7.debug.temp.o
                0x0000000000015d16                Mmu.c.42ad4a75
 .debug_info    0x0000000000019820      0x271 /tmp/ccGt3sN8.debug.temp.o
                0x0000000000019820                CpuDeadLoop.c.3ad87459
 .debug_info    0x0000000000019a91      0x2cf /tmp/ccsZqlxa.debug.temp.o
                0x0000000000019a91                MemLibGuid.c.d7eaf245
 .debug_info    0x0000000000019d60      0x243 /tmp/ccwbOPsa.debug.temp.o
                0x0000000000019d60                CopyMemWrapper.c.cd65deea
 .debug_info    0x0000000000019fa3      0x2ca /tmp/cc7EUzU6.debug.temp.o
                0x0000000000019fa3                ArmLib.c.9f426467
 .debug_info    0x000000000001a26d      0x345 /tmp/cchaf249.debug.temp.o
                0x000000000001a26d                ArmCacheMaintenanceLib.c.a5bfab8a
 .debug_info    0x000000000001a5b2      0x497 /tmp/ccZhBEb7.debug.temp.o
                0x000000000001a5b2                DebugLib.c.591ccce6
 .debug_info    0x000000000001aa49     0x1992 /tmp/cceN4jt8.debug.temp.o
                0x000000000001aa49                UefiBootServicesTableLib.c.92588772
 .debug_info    0x000000000001c3db     0x1e91 /tmp/ccstyRF8.debug.temp.o
                0x000000000001c3db                MemoryAllocationLib.c.a2d00db7
 .debug_info    0x000000000001e26c     0x1963 /tmp/cc1dAbN9.debug.temp.o
                0x000000000001e26c                UefiRuntimeServicesTableLib.c.88072e97
 .debug_info    0x000000000001fbcf     0x2896 /tmp/cc0NxL67.debug.temp.o
                0x000000000001fbcf                UefiLib.c.da6b9c27
 .debug_info    0x0000000000022465     0x23af /tmp/ccjt1er8.debug.temp.o
                0x0000000000022465                HobLib.c.b8181337
 .debug_info    0x0000000000024814      0x8fa /tmp/ccDC0YI7.debug.temp.o
                0x0000000000024814                ArmMmuLibCore.c.ae83f939
 .debug_info    0x000000000002510e     0x1ba5 /tmp/ccAG6YL6.debug.temp.o
                0x000000000002510e                ArmExceptionLib.c.82c5db26
 .debug_info    0x0000000000026cb3     0x194d /tmp/ccrRqRFa.debug.temp.o
                0x0000000000026cb3                AArch64Exception.c.74dd783d
 .debug_info    0x0000000000028600     0x1f5f /tmp/ccQPTQh7.debug.temp.o
                0x0000000000028600                DxeServicesTableLib.c.012c6982
 .debug_info    0x000000000002a55f      0x288 /tmp/ccloDPJ6.debug.temp.o
                0x000000000002a55f                LowBitSet64.c.c070a30b
 .debug_info    0x000000000002a7e7      0xafd /tmp/ccXnRHX9.debug.temp.o
                0x000000000002a7e7                String.c.eb1c6b13
 .debug_info    0x000000000002b2e4      0x3de /tmp/ccV2ZHw7.debug.temp.o
                0x000000000002b2e4                Unaligned.c.38eb62ad
 .debug_info    0x000000000002b6c2      0x4dd /tmp/ccz2anF6.debug.temp.o
                0x000000000002b6c2                Math64.c.af0a6910
 .debug_info    0x000000000002bb9f      0x27c /tmp/ccmZXaS9.debug.temp.o
                0x000000000002bb9f                RShiftU64.c.238bf113
 .debug_info    0x000000000002be1b      0xe6f /tmp/cc9jYGU7.debug.temp.o
                0x000000000002be1b                SafeString.c.d1dc06bd
 .debug_info    0x000000000002cc8a      0x22c /tmp/cc95Bbi7.debug.temp.o
                0x000000000002cc8a                ZeroMemWrapper.c.6f42efc0
 .debug_info    0x000000000002ceb6      0x23f /tmp/ccRLC7j6.debug.temp.o
                0x000000000002ceb6                BaseDebugPrintErrorLevelLib.c.2b56c7ea
 .debug_info    0x000000000002d0f5      0x89c /tmp/ccS8gJv9.debug.temp.o
                0x000000000002d0f5                FrameBufferSerialPortLib.c.96e2c406
 .debug_info    0x000000000002d991      0x7cd /tmp/cc8VKN39.debug.temp.o
                0x000000000002d991                PrintLib.c.15de9dce
 .debug_info    0x000000000002e15e      0x824 /tmp/ccxIBz19.debug.temp.o
                0x000000000002e15e                PrintLibInternal.c.b784bb0b
 .debug_info    0x000000000002e982     0x3122 /tmp/ccHe0Pd9.debug.temp.o
                0x000000000002e982                DefaultExceptionHandler.c.a6b1c9f0
 .debug_info    0x0000000000031aa4     0x1bd1 /tmp/ccw3VQqa.debug.temp.o
                0x0000000000031aa4                DefaultExceptionHandlerUefi.c.fc951778
 .debug_info    0x0000000000033675      0x286 /tmp/ccwSxDB6.debug.temp.o
                0x0000000000033675                DivU64x32Remainder.c.beb2337e
 .debug_info    0x00000000000338fb     0x2806 /tmp/cc72NVI7.debug.temp.o
                0x00000000000338fb                UefiLibPrint.c.88a99312
 .debug_info    0x0000000000036101      0xb4c /tmp/ccscz1F8.debug.temp.o
                0x0000000000036101                PeCoffGetEntryPoint.c.1ec1f810

.debug_abbrev   0x0000000000000000     0x435a
 .debug_abbrev  0x0000000000000000      0x29f /tmp/ArmCpuDxe.dll.vW94A8.ltrans0.ltrans.o
 .debug_abbrev  0x000000000000029f       0xfd /tmp/ccF9ZWX7.debug.temp.o
 .debug_abbrev  0x000000000000039c       0xcf /tmp/cc721Jr6.debug.temp.o
 .debug_abbrev  0x000000000000046b      0x1e9 /tmp/ccCOt9C6.debug.temp.o
 .debug_abbrev  0x0000000000000654       0xd6 /tmp/ccRZdBa8.debug.temp.o
 .debug_abbrev  0x000000000000072a      0x236 /tmp/ccFnExt7.debug.temp.o
 .debug_abbrev  0x0000000000000960      0x294 /tmp/cc8BGV59.debug.temp.o
 .debug_abbrev  0x0000000000000bf4      0x217 /tmp/cc1thHi8.debug.temp.o
 .debug_abbrev  0x0000000000000e0b      0x252 /tmp/cc9taqe6.debug.temp.o
 .debug_abbrev  0x000000000000105d      0x266 /tmp/ccZWKZY6.debug.temp.o
 .debug_abbrev  0x00000000000012c3      0x2a5 /tmp/cco4bEc7.debug.temp.o
 .debug_abbrev  0x0000000000001568       0xc5 /tmp/ccGt3sN8.debug.temp.o
 .debug_abbrev  0x000000000000162d       0xdd /tmp/ccsZqlxa.debug.temp.o
 .debug_abbrev  0x000000000000170a       0xc7 /tmp/ccwbOPsa.debug.temp.o
 .debug_abbrev  0x00000000000017d1      0x110 /tmp/cc7EUzU6.debug.temp.o
 .debug_abbrev  0x00000000000018e1      0x101 /tmp/cchaf249.debug.temp.o
 .debug_abbrev  0x00000000000019e2      0x165 /tmp/ccZhBEb7.debug.temp.o
 .debug_abbrev  0x0000000000001b47      0x1dd /tmp/cceN4jt8.debug.temp.o
 .debug_abbrev  0x0000000000001d24      0x242 /tmp/ccstyRF8.debug.temp.o
 .debug_abbrev  0x0000000000001f66      0x1c3 /tmp/cc1dAbN9.debug.temp.o
 .debug_abbrev  0x0000000000002129      0x267 /tmp/cc0NxL67.debug.temp.o
 .debug_abbrev  0x0000000000002390      0x25a /tmp/ccjt1er8.debug.temp.o
 .debug_abbrev  0x00000000000025ea      0x1cf /tmp/ccDC0YI7.debug.temp.o
 .debug_abbrev  0x00000000000027b9      0x245 /tmp/ccAG6YL6.debug.temp.o
 .debug_abbrev  0x00000000000029fe      0x1b6 /tmp/ccrRqRFa.debug.temp.o
 .debug_abbrev  0x0000000000002bb4      0x1ea /tmp/ccQPTQh7.debug.temp.o
 .debug_abbrev  0x0000000000002d9e       0xcf /tmp/ccloDPJ6.debug.temp.o
 .debug_abbrev  0x0000000000002e6d      0x135 /tmp/ccXnRHX9.debug.temp.o
 .debug_abbrev  0x0000000000002fa2       0xd8 /tmp/ccV2ZHw7.debug.temp.o
 .debug_abbrev  0x000000000000307a      0x108 /tmp/ccz2anF6.debug.temp.o
 .debug_abbrev  0x0000000000003182       0xc0 /tmp/ccmZXaS9.debug.temp.o
 .debug_abbrev  0x0000000000003242      0x12d /tmp/cc9jYGU7.debug.temp.o
 .debug_abbrev  0x000000000000336f       0xc0 /tmp/cc95Bbi7.debug.temp.o
 .debug_abbrev  0x000000000000342f       0xd5 /tmp/ccRLC7j6.debug.temp.o
 .debug_abbrev  0x0000000000003504      0x224 /tmp/ccS8gJv9.debug.temp.o
 .debug_abbrev  0x0000000000003728      0x150 /tmp/cc8VKN39.debug.temp.o
 .debug_abbrev  0x0000000000003878      0x181 /tmp/ccxIBz19.debug.temp.o
 .debug_abbrev  0x00000000000039f9      0x291 /tmp/ccHe0Pd9.debug.temp.o
 .debug_abbrev  0x0000000000003c8a      0x1e8 /tmp/ccw3VQqa.debug.temp.o
 .debug_abbrev  0x0000000000003e72       0xc2 /tmp/ccwSxDB6.debug.temp.o
 .debug_abbrev  0x0000000000003f34      0x283 /tmp/cc72NVI7.debug.temp.o
 .debug_abbrev  0x00000000000041b7      0x1a3 /tmp/ccscz1F8.debug.temp.o

.debug_loc      0x0000000000000000     0x9318
 .debug_loc     0x0000000000000000     0x9318 /tmp/ArmCpuDxe.dll.vW94A8.ltrans0.ltrans.o

.debug_aranges  0x0000000000000000      0x3e0
 .debug_aranges
                0x0000000000000000      0x3e0 /tmp/ArmCpuDxe.dll.vW94A8.ltrans0.ltrans.o

.debug_ranges   0x0000000000000000     0x1130
 .debug_ranges  0x0000000000000000     0x1130 /tmp/ArmCpuDxe.dll.vW94A8.ltrans0.ltrans.o

.debug_line     0x0000000000000000     0x9c2d
 .debug_line    0x0000000000000000     0x3675 /tmp/ArmCpuDxe.dll.vW94A8.ltrans0.ltrans.o
 .debug_line    0x0000000000003675      0x188 /tmp/ccF9ZWX7.debug.temp.o
 .debug_line    0x00000000000037fd      0x188 /tmp/cc721Jr6.debug.temp.o
 .debug_line    0x0000000000003985      0x352 /tmp/ccCOt9C6.debug.temp.o
 .debug_line    0x0000000000003cd7      0x187 /tmp/ccRZdBa8.debug.temp.o
 .debug_line    0x0000000000003e5e      0x2ef /tmp/ccFnExt7.debug.temp.o
 .debug_line    0x000000000000414d      0x37f /tmp/cc8BGV59.debug.temp.o
 .debug_line    0x00000000000044cc      0x392 /tmp/cc1thHi8.debug.temp.o
 .debug_line    0x000000000000485e      0x385 /tmp/cc9taqe6.debug.temp.o
 .debug_line    0x0000000000004be3      0x3c7 /tmp/ccZWKZY6.debug.temp.o
 .debug_line    0x0000000000004faa      0x3b5 /tmp/cco4bEc7.debug.temp.o
 .debug_line    0x000000000000535f      0x163 /tmp/ccGt3sN8.debug.temp.o
 .debug_line    0x00000000000054c2      0x18a /tmp/ccsZqlxa.debug.temp.o
 .debug_line    0x000000000000564c      0x18a /tmp/ccwbOPsa.debug.temp.o
 .debug_line    0x00000000000057d6      0x15f /tmp/cc7EUzU6.debug.temp.o
 .debug_line    0x0000000000005935      0x1d9 /tmp/cchaf249.debug.temp.o
 .debug_line    0x0000000000005b0e      0x21d /tmp/ccZhBEb7.debug.temp.o
 .debug_line    0x0000000000005d2b      0x33b /tmp/cceN4jt8.debug.temp.o
 .debug_line    0x0000000000006066      0x333 /tmp/ccstyRF8.debug.temp.o
 .debug_line    0x0000000000006399      0x2f7 /tmp/cc1dAbN9.debug.temp.o
 .debug_line    0x0000000000006690      0x378 /tmp/cc0NxL67.debug.temp.o
 .debug_line    0x0000000000006a08      0x3cc /tmp/ccjt1er8.debug.temp.o
 .debug_line    0x0000000000006dd4      0x2db /tmp/ccDC0YI7.debug.temp.o
 .debug_line    0x00000000000070af      0x359 /tmp/ccAG6YL6.debug.temp.o
 .debug_line    0x0000000000007408      0x2c0 /tmp/ccrRqRFa.debug.temp.o
 .debug_line    0x00000000000076c8      0x435 /tmp/ccQPTQh7.debug.temp.o
 .debug_line    0x0000000000007afd      0x163 /tmp/ccloDPJ6.debug.temp.o
 .debug_line    0x0000000000007c60      0x15e /tmp/ccXnRHX9.debug.temp.o
 .debug_line    0x0000000000007dbe      0x165 /tmp/ccV2ZHw7.debug.temp.o
 .debug_line    0x0000000000007f23      0x15e /tmp/ccz2anF6.debug.temp.o
 .debug_line    0x0000000000008081      0x161 /tmp/ccmZXaS9.debug.temp.o
 .debug_line    0x00000000000081e2      0x162 /tmp/cc9jYGU7.debug.temp.o
 .debug_line    0x0000000000008344      0x18a /tmp/cc95Bbi7.debug.temp.o
 .debug_line    0x00000000000084ce      0x1af /tmp/ccRLC7j6.debug.temp.o
 .debug_line    0x000000000000867d      0x373 /tmp/ccS8gJv9.debug.temp.o
 .debug_line    0x00000000000089f0      0x17d /tmp/cc8VKN39.debug.temp.o
 .debug_line    0x0000000000008b6d      0x19b /tmp/ccxIBz19.debug.temp.o
 .debug_line    0x0000000000008d08      0x43f /tmp/ccHe0Pd9.debug.temp.o
 .debug_line    0x0000000000009147      0x3e4 /tmp/ccw3VQqa.debug.temp.o
 .debug_line    0x000000000000952b      0x16a /tmp/ccwSxDB6.debug.temp.o
 .debug_line    0x0000000000009695      0x3ac /tmp/cc72NVI7.debug.temp.o
 .debug_line    0x0000000000009a41      0x1ec /tmp/ccscz1F8.debug.temp.o

.debug_str      0x0000000000000000     0x81f9
 .debug_str     0x0000000000000000      0x43d /tmp/ArmCpuDxe.dll.vW94A8.ltrans0.ltrans.o
                                        0x456 (size before relaxing)
 .debug_str     0x000000000000043d      0x435 /tmp/ccF9ZWX7.debug.temp.o
                                        0x4a4 (size before relaxing)
 .debug_str     0x0000000000000872       0x52 /tmp/cc721Jr6.debug.temp.o
                                        0x498 (size before relaxing)
 .debug_str     0x00000000000008c4     0x1464 /tmp/ccCOt9C6.debug.temp.o
                                       0x17e6 (size before relaxing)
 .debug_str     0x0000000000001d28      0x12d /tmp/ccRZdBa8.debug.temp.o
                                        0x505 (size before relaxing)
 .debug_str     0x0000000000001e55      0x869 /tmp/ccFnExt7.debug.temp.o
                                       0x1f31 (size before relaxing)
 .debug_str     0x00000000000026be      0xc2b /tmp/cc8BGV59.debug.temp.o
                                       0x2737 (size before relaxing)
 .debug_str     0x00000000000032e9      0x520 /tmp/cc1thHi8.debug.temp.o
                                       0x1f4a (size before relaxing)
 .debug_str     0x0000000000003809       0xfe /tmp/cc9taqe6.debug.temp.o
                                       0x26bb (size before relaxing)
 .debug_str     0x0000000000003907       0xd5 /tmp/ccZWKZY6.debug.temp.o
                                       0x268f (size before relaxing)
 .debug_str     0x00000000000039dc      0x186 /tmp/cco4bEc7.debug.temp.o
                                       0x27d9 (size before relaxing)
 .debug_str     0x0000000000003b62       0xc2 /tmp/ccGt3sN8.debug.temp.o
                                        0x58a (size before relaxing)
 .debug_str     0x0000000000003c24      0x129 /tmp/ccsZqlxa.debug.temp.o
                                        0x503 (size before relaxing)
 .debug_str     0x0000000000003d4d       0x6e /tmp/ccwbOPsa.debug.temp.o
                                        0x4c6 (size before relaxing)
 .debug_str     0x0000000000003dbb      0x146 /tmp/cc7EUzU6.debug.temp.o
                                        0x51c (size before relaxing)
 .debug_str     0x0000000000003f01      0x1f8 /tmp/cchaf249.debug.temp.o
                                        0x600 (size before relaxing)
 .debug_str     0x00000000000040f9      0x25a /tmp/ccZhBEb7.debug.temp.o
                                        0x6f9 (size before relaxing)
 .debug_str     0x0000000000004353      0x11a /tmp/cceN4jt8.debug.temp.o
                                       0x16c3 (size before relaxing)
 .debug_str     0x000000000000446d      0x30f /tmp/ccstyRF8.debug.temp.o
                                       0x192f (size before relaxing)
 .debug_str     0x000000000000477c      0x129 /tmp/cc1dAbN9.debug.temp.o
                                       0x16c5 (size before relaxing)
 .debug_str     0x00000000000048a5      0x776 /tmp/cc0NxL67.debug.temp.o
                                       0x21f9 (size before relaxing)
 .debug_str     0x000000000000501b      0x244 /tmp/ccjt1er8.debug.temp.o
                                       0x1d69 (size before relaxing)
 .debug_str     0x000000000000525f      0x60a /tmp/ccDC0YI7.debug.temp.o
                                        0xc6c (size before relaxing)
 .debug_str     0x0000000000005869      0x347 /tmp/ccAG6YL6.debug.temp.o
                                        0xdcb (size before relaxing)
 .debug_str     0x0000000000005bb0       0x6d /tmp/ccrRqRFa.debug.temp.o
                                        0xb4d (size before relaxing)
 .debug_str     0x0000000000005c1d      0x101 /tmp/ccQPTQh7.debug.temp.o
                                       0x1d8a (size before relaxing)
 .debug_str     0x0000000000005d1e       0x5d /tmp/ccloDPJ6.debug.temp.o
                                        0x59a (size before relaxing)
 .debug_str     0x0000000000005d7b      0x332 /tmp/ccXnRHX9.debug.temp.o
                                        0x96b (size before relaxing)
 .debug_str     0x00000000000060ad       0xf2 /tmp/ccV2ZHw7.debug.temp.o
                                        0x631 (size before relaxing)
 .debug_str     0x000000000000619f      0x196 /tmp/ccz2anF6.debug.temp.o
                                        0x708 (size before relaxing)
 .debug_str     0x0000000000006335       0x3e /tmp/ccmZXaS9.debug.temp.o
                                        0x58e (size before relaxing)
 .debug_str     0x0000000000006373      0x2da /tmp/cc9jYGU7.debug.temp.o
                                        0x949 (size before relaxing)
 .debug_str     0x000000000000664d       0x4f /tmp/cc95Bbi7.debug.temp.o
                                        0x4ae (size before relaxing)
 .debug_str     0x000000000000669c      0x132 /tmp/ccRLC7j6.debug.temp.o
                                        0x536 (size before relaxing)
 .debug_str     0x00000000000067ce      0x4ba /tmp/ccS8gJv9.debug.temp.o
                                        0xbe8 (size before relaxing)
 .debug_str     0x0000000000006c88      0x25c /tmp/cc8VKN39.debug.temp.o
                                        0x720 (size before relaxing)
 .debug_str     0x0000000000006ee4      0x216 /tmp/ccxIBz19.debug.temp.o
                                        0x854 (size before relaxing)
 .debug_str     0x00000000000070fa      0x1cf /tmp/ccHe0Pd9.debug.temp.o
                                       0x1d4c (size before relaxing)
 .debug_str     0x00000000000072c9      0x15a /tmp/ccw3VQqa.debug.temp.o
                                       0x19f6 (size before relaxing)
 .debug_str     0x0000000000007423       0x5a /tmp/ccwSxDB6.debug.temp.o
                                        0x5a7 (size before relaxing)
 .debug_str     0x000000000000747d      0x747 /tmp/cc72NVI7.debug.temp.o
                                       0x22b9 (size before relaxing)
 .debug_str     0x0000000000007bc4      0x635 /tmp/ccscz1F8.debug.temp.o
                                        0xa78 (size before relaxing)

.debug_frame    0x0000000000000000      0xa88
 .debug_frame   0x0000000000000000      0xa88 /tmp/ArmCpuDxe.dll.vW94A8.ltrans0.ltrans.o
