Archive member included to satisfy reference by file (symbol)

/home/osboxes/edk2sdm/edk2_LG_G7_THINQ/workspace/Build/LgG7ThinQPkg/DEBUG_GCC5/AARCH64/ArmPkg/Library/CompilerIntrinsicsLib/CompilerIntrinsicsLib/OUTPUT/CompilerIntrinsicsLib.lib(memcpy.obj)
                              /home/osboxes/edk2sdm/edk2/ArmPkg/Library/GccLto/liblto-aarch64.a (memcpy)
/home/osboxes/edk2sdm/edk2_LG_G7_THINQ/workspace/Build/LgG7ThinQPkg/DEBUG_GCC5/AARCH64/ArmPkg/Library/CompilerIntrinsicsLib/CompilerIntrinsicsLib/OUTPUT/CompilerIntrinsicsLib.lib(memset.obj)
                              /home/osboxes/edk2sdm/edk2/ArmPkg/Library/GccLto/liblto-aarch64.a (memset)
/home/osboxes/edk2sdm/edk2_LG_G7_THINQ/workspace/Build/LgG7ThinQPkg/DEBUG_GCC5/AARCH64/MdePkg/Library/UefiDriverEntryPoint/UefiDriverEntryPoint/OUTPUT/UefiDriverEntryPoint.lib(DriverEntryPoint.obj)
                              (_ModuleEntryPoint)
/home/osboxes/edk2sdm/edk2_LG_G7_THINQ/workspace/Build/LgG7ThinQPkg/DEBUG_GCC5/AARCH64/MdePkg/Library/BaseStackCheckLib/BaseStackCheckLib/OUTPUT/BaseStackCheckLib.lib(BaseStackCheckGcc.obj)
                              /home/osboxes/edk2sdm/edk2/ArmPkg/Library/GccLto/liblto-aarch64.a (__stack_chk_fail)
/home/osboxes/edk2sdm/edk2_LG_G7_THINQ/workspace/Build/LgG7ThinQPkg/DEBUG_GCC5/AARCH64/MdeModulePkg/Universal/Disk/PartitionDxe/PartitionDxe/OUTPUT/PartitionDxe.lib(AutoGen.obj)
                              DriverEntryPoint.obj (symbol from plugin) (ProcessLibraryConstructorList)
/home/osboxes/edk2sdm/edk2_LG_G7_THINQ/workspace/Build/LgG7ThinQPkg/DEBUG_GCC5/AARCH64/MdeModulePkg/Universal/Disk/PartitionDxe/PartitionDxe/OUTPUT/PartitionDxe.lib(Partition.obj)
                              AutoGen.obj (symbol from plugin) (InitializePartition)
/home/osboxes/edk2sdm/edk2_LG_G7_THINQ/workspace/Build/LgG7ThinQPkg/DEBUG_GCC5/AARCH64/MdeModulePkg/Universal/Disk/PartitionDxe/PartitionDxe/OUTPUT/PartitionDxe.lib(ComponentName.obj)
                              Partition.obj (symbol from plugin) (gPartitionComponentName)
/home/osboxes/edk2sdm/edk2_LG_G7_THINQ/workspace/Build/LgG7ThinQPkg/DEBUG_GCC5/AARCH64/MdeModulePkg/Universal/Disk/PartitionDxe/PartitionDxe/OUTPUT/PartitionDxe.lib(Mbr.obj)
                              Partition.obj (symbol from plugin) (PartitionInstallMbrChildHandles)
/home/osboxes/edk2sdm/edk2_LG_G7_THINQ/workspace/Build/LgG7ThinQPkg/DEBUG_GCC5/AARCH64/MdeModulePkg/Universal/Disk/PartitionDxe/PartitionDxe/OUTPUT/PartitionDxe.lib(Gpt.obj)
                              Partition.obj (symbol from plugin) (PartitionInstallGptChildHandles)
/home/osboxes/edk2sdm/edk2_LG_G7_THINQ/workspace/Build/LgG7ThinQPkg/DEBUG_GCC5/AARCH64/MdeModulePkg/Universal/Disk/PartitionDxe/PartitionDxe/OUTPUT/PartitionDxe.lib(Udf.obj)
                              Partition.obj (symbol from plugin) (PartitionInstallUdfChildHandles)
/home/osboxes/edk2sdm/edk2_LG_G7_THINQ/workspace/Build/LgG7ThinQPkg/DEBUG_GCC5/AARCH64/MdeModulePkg/Universal/Disk/PartitionDxe/PartitionDxe/OUTPUT/PartitionDxe.lib(ElTorito.obj)
                              Udf.obj (symbol from plugin) (PartitionInstallElToritoChildHandles)
/home/osboxes/edk2sdm/edk2_LG_G7_THINQ/workspace/Build/LgG7ThinQPkg/DEBUG_GCC5/AARCH64/MdePkg/Library/BaseLib/BaseLib/OUTPUT/BaseLib.lib(MultU64x32.obj)
                              Partition.obj (symbol from plugin) (MultU64x32)
/home/osboxes/edk2sdm/edk2_LG_G7_THINQ/workspace/Build/LgG7ThinQPkg/DEBUG_GCC5/AARCH64/MdePkg/Library/BaseLib/BaseLib/OUTPUT/BaseLib.lib(DivU64x32Remainder.obj)
                              Udf.obj (symbol from plugin) (DivU64x32Remainder)
/home/osboxes/edk2sdm/edk2_LG_G7_THINQ/workspace/Build/LgG7ThinQPkg/DEBUG_GCC5/AARCH64/MdePkg/Library/BaseLib/BaseLib/OUTPUT/BaseLib.lib(DivU64x32.obj)
                              Partition.obj (symbol from plugin) (DivU64x32)
/home/osboxes/edk2sdm/edk2_LG_G7_THINQ/workspace/Build/LgG7ThinQPkg/DEBUG_GCC5/AARCH64/MdePkg/Library/BaseLib/BaseLib/OUTPUT/BaseLib.lib(CpuDeadLoop.obj)
                              BaseStackCheckGcc.obj (symbol from plugin) (CpuDeadLoop)
/home/osboxes/edk2sdm/edk2_LG_G7_THINQ/workspace/Build/LgG7ThinQPkg/DEBUG_GCC5/AARCH64/MdePkg/Library/BaseLib/BaseLib/OUTPUT/BaseLib.lib(Math64.obj)
                              MultU64x32.obj (symbol from plugin) (InternalMathMultU64x32)
/home/osboxes/edk2sdm/edk2_LG_G7_THINQ/workspace/Build/LgG7ThinQPkg/DEBUG_GCC5/AARCH64/MdePkg/Library/BaseLib/BaseLib/OUTPUT/BaseLib.lib(CpuBreakpoint.obj)
                              BaseStackCheckGcc.obj (symbol from plugin) (CpuBreakpoint)
/home/osboxes/edk2sdm/edk2_LG_G7_THINQ/workspace/Build/LgG7ThinQPkg/DEBUG_GCC5/AARCH64/MdePkg/Library/BaseLib/BaseLib/OUTPUT/BaseLib.lib(SwapBytes32.obj)
                              Math64.obj (symbol from plugin) (SwapBytes32)
/home/osboxes/edk2sdm/edk2_LG_G7_THINQ/workspace/Build/LgG7ThinQPkg/DEBUG_GCC5/AARCH64/MdePkg/Library/BaseLib/BaseLib/OUTPUT/BaseLib.lib(SwapBytes16.obj)
                              SwapBytes32.obj (symbol from plugin) (SwapBytes16)
/home/osboxes/edk2sdm/edk2_LG_G7_THINQ/workspace/Build/LgG7ThinQPkg/DEBUG_GCC5/AARCH64/MdePkg/Library/BaseMemoryLibOptDxe/BaseMemoryLibOptDxe/OUTPUT/BaseMemoryLibOptDxe.lib(MemLibGuid.obj)
                              Partition.obj (symbol from plugin) (CopyGuid)
/home/osboxes/edk2sdm/edk2_LG_G7_THINQ/workspace/Build/LgG7ThinQPkg/DEBUG_GCC5/AARCH64/MdePkg/Library/BaseMemoryLibOptDxe/BaseMemoryLibOptDxe/OUTPUT/BaseMemoryLibOptDxe.lib(ZeroMemWrapper.obj)
                              Partition.obj (symbol from plugin) (ZeroMem)
/home/osboxes/edk2sdm/edk2_LG_G7_THINQ/workspace/Build/LgG7ThinQPkg/DEBUG_GCC5/AARCH64/MdePkg/Library/BaseMemoryLibOptDxe/BaseMemoryLibOptDxe/OUTPUT/BaseMemoryLibOptDxe.lib(CompareMemWrapper.obj)
                              Udf.obj (symbol from plugin) (CompareMem)
/home/osboxes/edk2sdm/edk2_LG_G7_THINQ/workspace/Build/LgG7ThinQPkg/DEBUG_GCC5/AARCH64/MdePkg/Library/BaseMemoryLibOptDxe/BaseMemoryLibOptDxe/OUTPUT/BaseMemoryLibOptDxe.lib(CopyMemWrapper.obj)
                              Partition.obj (symbol from plugin) (CopyMem)
/home/osboxes/edk2sdm/edk2_LG_G7_THINQ/workspace/Build/LgG7ThinQPkg/DEBUG_GCC5/AARCH64/MdePkg/Library/BaseMemoryLibOptDxe/BaseMemoryLibOptDxe/OUTPUT/BaseMemoryLibOptDxe.lib(SetMem.obj)
                              ZeroMemWrapper.obj (symbol from plugin) (InternalMemZeroMem)
/home/osboxes/edk2sdm/edk2_LG_G7_THINQ/workspace/Build/LgG7ThinQPkg/DEBUG_GCC5/AARCH64/MdePkg/Library/BaseMemoryLibOptDxe/BaseMemoryLibOptDxe/OUTPUT/BaseMemoryLibOptDxe.lib(CopyMem.obj)
                              MemLibGuid.obj (symbol from plugin) (InternalMemCopyMem)
/home/osboxes/edk2sdm/edk2_LG_G7_THINQ/workspace/Build/LgG7ThinQPkg/DEBUG_GCC5/AARCH64/MdePkg/Library/BaseMemoryLibOptDxe/BaseMemoryLibOptDxe/OUTPUT/BaseMemoryLibOptDxe.lib(CompareMem.obj)
                              CompareMemWrapper.obj (symbol from plugin) (InternalMemCompareMem)
/home/osboxes/edk2sdm/edk2_LG_G7_THINQ/workspace/Build/LgG7ThinQPkg/DEBUG_GCC5/AARCH64/MdePkg/Library/BaseMemoryLibOptDxe/BaseMemoryLibOptDxe/OUTPUT/BaseMemoryLibOptDxe.lib(CompareGuid.obj)
                              MemLibGuid.obj (symbol from plugin) (InternalMemCompareGuid)
/home/osboxes/edk2sdm/edk2_LG_G7_THINQ/workspace/Build/LgG7ThinQPkg/DEBUG_GCC5/AARCH64/MdePkg/Library/BaseDebugLibSerialPort/BaseDebugLibSerialPort/OUTPUT/BaseDebugLibSerialPort.lib(DebugLib.obj)
                              AutoGen.obj (symbol from plugin) (BaseDebugLibSerialPortConstructor)
/home/osboxes/edk2sdm/edk2_LG_G7_THINQ/workspace/Build/LgG7ThinQPkg/DEBUG_GCC5/AARCH64/MdePkg/Library/UefiMemoryAllocationLib/UefiMemoryAllocationLib/OUTPUT/UefiMemoryAllocationLib.lib(MemoryAllocationLib.obj)
                              Partition.obj (symbol from plugin) (AllocatePool)
/home/osboxes/edk2sdm/edk2_LG_G7_THINQ/workspace/Build/LgG7ThinQPkg/DEBUG_GCC5/AARCH64/MdePkg/Library/UefiRuntimeServicesTableLib/UefiRuntimeServicesTableLib/OUTPUT/UefiRuntimeServicesTableLib.lib(UefiRuntimeServicesTableLib.obj)
                              AutoGen.obj (symbol from plugin) (UefiRuntimeServicesTableLibConstructor)
/home/osboxes/edk2sdm/edk2_LG_G7_THINQ/workspace/Build/LgG7ThinQPkg/DEBUG_GCC5/AARCH64/MdePkg/Library/UefiBootServicesTableLib/UefiBootServicesTableLib/OUTPUT/UefiBootServicesTableLib.lib(UefiBootServicesTableLib.obj)
                              AutoGen.obj (symbol from plugin) (UefiBootServicesTableLibConstructor)
/home/osboxes/edk2sdm/edk2_LG_G7_THINQ/workspace/Build/LgG7ThinQPkg/DEBUG_GCC5/AARCH64/MdePkg/Library/UefiDevicePathLib/UefiDevicePathLib/OUTPUT/UefiDevicePathLib.lib(DevicePathUtilities.obj)
                              Mbr.obj (symbol from plugin) (DevicePathType)
/home/osboxes/edk2sdm/edk2_LG_G7_THINQ/workspace/Build/LgG7ThinQPkg/DEBUG_GCC5/AARCH64/MdePkg/Library/UefiDevicePathLib/UefiDevicePathLib/OUTPUT/UefiDevicePathLib.lib(UefiDevicePathLib.obj)
                              DevicePathUtilities.obj (symbol from plugin) (GetDevicePathSize)
/home/osboxes/edk2sdm/edk2_LG_G7_THINQ/workspace/Build/LgG7ThinQPkg/DEBUG_GCC5/AARCH64/MdePkg/Library/UefiDevicePathLib/UefiDevicePathLib/OUTPUT/UefiDevicePathLib.lib(DevicePathToText.obj)
                              UefiDevicePathLib.obj (symbol from plugin) (UefiDevicePathLibConvertDeviceNodeToText)
/home/osboxes/edk2sdm/edk2_LG_G7_THINQ/workspace/Build/LgG7ThinQPkg/DEBUG_GCC5/AARCH64/MdePkg/Library/UefiDevicePathLib/UefiDevicePathLib/OUTPUT/UefiDevicePathLib.lib(DevicePathFromText.obj)
                              UefiDevicePathLib.obj (symbol from plugin) (UefiDevicePathLibConvertTextToDeviceNode)
/home/osboxes/edk2sdm/edk2_LG_G7_THINQ/workspace/Build/LgG7ThinQPkg/DEBUG_GCC5/AARCH64/MdePkg/Library/UefiLib/UefiLib/OUTPUT/UefiLib.lib(UefiDriverModel.obj)
                              Partition.obj (symbol from plugin) (EfiLibInstallDriverBindingComponentName2)
/home/osboxes/edk2sdm/edk2_LG_G7_THINQ/workspace/Build/LgG7ThinQPkg/DEBUG_GCC5/AARCH64/MdePkg/Library/UefiLib/UefiLib/OUTPUT/UefiLib.lib(UefiLib.obj)
                              AutoGen.obj (symbol from plugin) (UefiLibConstructor)
/home/osboxes/edk2sdm/edk2_LG_G7_THINQ/workspace/Build/LgG7ThinQPkg/DEBUG_GCC5/AARCH64/MdePkg/Library/DxeHobLib/DxeHobLib/OUTPUT/DxeHobLib.lib(HobLib.obj)
                              AutoGen.obj (symbol from plugin) (HobLibConstructor)
/home/osboxes/edk2sdm/edk2_LG_G7_THINQ/workspace/Build/LgG7ThinQPkg/DEBUG_GCC5/AARCH64/MdePkg/Library/BaseLib/BaseLib/OUTPUT/BaseLib.lib(SwapBytes64.obj)
                              DevicePathFromText.obj (symbol from plugin) (SwapBytes64)
/home/osboxes/edk2sdm/edk2_LG_G7_THINQ/workspace/Build/LgG7ThinQPkg/DEBUG_GCC5/AARCH64/MdePkg/Library/BaseLib/BaseLib/OUTPUT/BaseLib.lib(LShiftU64.obj)
                              DevicePathToText.obj (symbol from plugin) (LShiftU64)
/home/osboxes/edk2sdm/edk2_LG_G7_THINQ/workspace/Build/LgG7ThinQPkg/DEBUG_GCC5/AARCH64/MdePkg/Library/BaseLib/BaseLib/OUTPUT/BaseLib.lib(SafeString.obj)
                              DevicePathFromText.obj (symbol from plugin) (StrnLenS)
/home/osboxes/edk2sdm/edk2_LG_G7_THINQ/workspace/Build/LgG7ThinQPkg/DEBUG_GCC5/AARCH64/MdePkg/Library/BaseLib/BaseLib/OUTPUT/BaseLib.lib(String.obj)
                              DevicePathFromText.obj (symbol from plugin) (StrLen)
/home/osboxes/edk2sdm/edk2_LG_G7_THINQ/workspace/Build/LgG7ThinQPkg/DEBUG_GCC5/AARCH64/MdePkg/Library/BaseLib/BaseLib/OUTPUT/BaseLib.lib(Unaligned.obj)
                              DevicePathUtilities.obj (symbol from plugin) (ReadUnaligned16)
/home/osboxes/edk2sdm/edk2_LG_G7_THINQ/workspace/Build/LgG7ThinQPkg/DEBUG_GCC5/AARCH64/MdePkg/Library/BaseLib/BaseLib/OUTPUT/BaseLib.lib(RShiftU64.obj)
                              SafeString.obj (symbol from plugin) (RShiftU64)
/home/osboxes/edk2sdm/edk2_LG_G7_THINQ/workspace/Build/LgG7ThinQPkg/DEBUG_GCC5/AARCH64/MdePkg/Library/BaseMemoryLibOptDxe/BaseMemoryLibOptDxe/OUTPUT/BaseMemoryLibOptDxe.lib(SetMemWrapper.obj)
                              DebugLib.obj (symbol from plugin) (SetMem)
/home/osboxes/edk2sdm/edk2_LG_G7_THINQ/workspace/Build/LgG7ThinQPkg/DEBUG_GCC5/AARCH64/MdePkg/Library/BaseMemoryLibOptDxe/BaseMemoryLibOptDxe/OUTPUT/BaseMemoryLibOptDxe.lib(SetMem64Wrapper.obj)
                              SetMemWrapper.obj (symbol from plugin) (SetMem64)
/home/osboxes/edk2sdm/edk2_LG_G7_THINQ/workspace/Build/LgG7ThinQPkg/DEBUG_GCC5/AARCH64/MdePkg/Library/BaseDebugPrintErrorLevelLib/BaseDebugPrintErrorLevelLib/OUTPUT/BaseDebugPrintErrorLevelLib.lib(BaseDebugPrintErrorLevelLib.obj)
                              DebugLib.obj (symbol from plugin) (GetDebugPrintErrorLevel)
/home/osboxes/edk2sdm/edk2_LG_G7_THINQ/workspace/Build/LgG7ThinQPkg/DEBUG_GCC5/AARCH64/MdePkg/Library/BasePrintLib/BasePrintLib/OUTPUT/BasePrintLib.lib(PrintLib.obj)
                              DevicePathToText.obj (symbol from plugin) (UnicodeVSPrint)
/home/osboxes/edk2sdm/edk2_LG_G7_THINQ/workspace/Build/LgG7ThinQPkg/DEBUG_GCC5/AARCH64/MdePkg/Library/BasePrintLib/BasePrintLib/OUTPUT/BasePrintLib.lib(PrintLibInternal.obj)
                              PrintLib.obj (symbol from plugin) (BasePrintLibConvertValueToString)
/home/osboxes/edk2sdm/edk2_LG_G7_THINQ/workspace/Build/LgG7ThinQPkg/DEBUG_GCC5/AARCH64/LgG7ThinQPkg/Library/FrameBufferSerialPortLib/FrameBufferSerialPortLib/OUTPUT/FrameBufferSerialPortLib.lib(FrameBufferSerialPortLib.obj)
                              DebugLib.obj (symbol from plugin) (SerialPortInitialize)
/home/osboxes/edk2sdm/edk2_LG_G7_THINQ/workspace/Build/LgG7ThinQPkg/DEBUG_GCC5/AARCH64/ArmPkg/Library/ArmLib/ArmBaseLib/OUTPUT/ArmBaseLib.lib(ArmLibSupport.obj)
                              FrameBufferSerialPortLib.obj (symbol from plugin) (ArmGetInterruptState)
/home/osboxes/edk2sdm/edk2_LG_G7_THINQ/workspace/Build/LgG7ThinQPkg/DEBUG_GCC5/AARCH64/ArmPkg/Library/ArmLib/ArmBaseLib/OUTPUT/ArmBaseLib.lib(ArmLibSupportV8.obj)
                              FrameBufferSerialPortLib.obj (symbol from plugin) (ArmEnableInterrupts)
/home/osboxes/edk2sdm/edk2_LG_G7_THINQ/workspace/Build/LgG7ThinQPkg/DEBUG_GCC5/AARCH64/ArmPkg/Library/ArmCacheMaintenanceLib/ArmCacheMaintenanceLib/OUTPUT/ArmCacheMaintenanceLib.lib(ArmCacheMaintenanceLib.obj)
                              FrameBufferSerialPortLib.obj (symbol from plugin) (WriteBackInvalidateDataCacheRange)
/home/osboxes/edk2sdm/edk2_LG_G7_THINQ/workspace/Build/LgG7ThinQPkg/DEBUG_GCC5/AARCH64/ArmPkg/Library/ArmLib/ArmBaseLib/OUTPUT/ArmBaseLib.lib(ArmLib.obj)
                              ArmCacheMaintenanceLib.obj (symbol from plugin) (ArmDataCacheLineLength)
/home/osboxes/edk2sdm/edk2_LG_G7_THINQ/workspace/Build/LgG7ThinQPkg/DEBUG_GCC5/AARCH64/ArmPkg/Library/ArmLib/ArmBaseLib/OUTPUT/ArmBaseLib.lib(AArch64Support.obj)
                              ArmCacheMaintenanceLib.obj (symbol from plugin) (ArmInvalidateDataCacheEntryByMVA)

Discarded input sections

 .text          0x0000000000000000       0x10 /home/osboxes/edk2sdm/edk2/ArmPkg/Library/GccLto/liblto-aarch64.a
 .data          0x0000000000000000        0x0 /home/osboxes/edk2sdm/edk2/ArmPkg/Library/GccLto/liblto-aarch64.a
 .bss           0x0000000000000000        0x0 /home/osboxes/edk2sdm/edk2/ArmPkg/Library/GccLto/liblto-aarch64.a
 .text          0x0000000000000000        0x0 /tmp/PartitionDxe.dll.7VX6V6.ltrans0.ltrans.o
 .data          0x0000000000000000        0x0 /tmp/PartitionDxe.dll.7VX6V6.ltrans0.ltrans.o
 .bss           0x0000000000000000        0x0 /tmp/PartitionDxe.dll.7VX6V6.ltrans0.ltrans.o
 .text.PartitionComponentNameGetControllerName
                0x0000000000000000        0x8 /tmp/PartitionDxe.dll.7VX6V6.ltrans0.ltrans.o
 .text._DriverUnloadHandler
                0x0000000000000000        0x8 /tmp/PartitionDxe.dll.7VX6V6.ltrans0.ltrans.o
 .text.ReadUnaligned24
                0x0000000000000000       0x4c /tmp/PartitionDxe.dll.7VX6V6.ltrans0.ltrans.o
 .rodata.AsciiStrnCmp.str1.1
                0x0000000000000000       0x70 /tmp/PartitionDxe.dll.7VX6V6.ltrans0.ltrans.o
 .text.AsciiStrnCmp
                0x0000000000000000       0xdc /tmp/PartitionDxe.dll.7VX6V6.ltrans0.ltrans.o
 .text.PartitionComponentNameGetDriverName
                0x0000000000000000      0x158 /tmp/PartitionDxe.dll.7VX6V6.ltrans0.ltrans.o
 .rodata.StrnLenS.str1.1
                0x0000000000000000       0x62 /tmp/PartitionDxe.dll.7VX6V6.ltrans0.ltrans.o
 .text.StrnLenS
                0x0000000000000000       0x70 /tmp/PartitionDxe.dll.7VX6V6.ltrans0.ltrans.o
 .text.__memset
                0x0000000000000000       0x1c /tmp/PartitionDxe.dll.7VX6V6.ltrans0.ltrans.o
 .rodata.str2.2
                0x0000000000000000       0x48 /tmp/PartitionDxe.dll.7VX6V6.ltrans0.ltrans.o
 .data.gPartitionComponentName
                0x0000000000000000       0x18 /tmp/PartitionDxe.dll.7VX6V6.ltrans0.ltrans.o
 .data.mPartitionDriverNameTable
                0x0000000000000000       0x20 /tmp/PartitionDxe.dll.7VX6V6.ltrans0.ltrans.o
 .comment       0x0000000000000000       0x2d /tmp/PartitionDxe.dll.7VX6V6.ltrans0.ltrans.o
 .note.GNU-stack
                0x0000000000000000        0x0 /tmp/PartitionDxe.dll.7VX6V6.ltrans0.ltrans.o
 .comment       0x0000000000000000       0x2d /tmp/ccupQzx4.debug.temp.o
 .note.GNU-stack
                0x0000000000000000        0x0 /tmp/ccupQzx4.debug.temp.o
 .comment       0x0000000000000000       0x2d /tmp/ccFOWTO2.debug.temp.o
 .note.GNU-stack
                0x0000000000000000        0x0 /tmp/ccFOWTO2.debug.temp.o
 .comment       0x0000000000000000       0x2d /tmp/ccqqzpD4.debug.temp.o
 .note.GNU-stack
                0x0000000000000000        0x0 /tmp/ccqqzpD4.debug.temp.o
 .comment       0x0000000000000000       0x2d /tmp/ccdqznV6.debug.temp.o
 .note.GNU-stack
                0x0000000000000000        0x0 /tmp/ccdqznV6.debug.temp.o
 .comment       0x0000000000000000       0x2d /tmp/ccUD9mF6.debug.temp.o
 .note.GNU-stack
                0x0000000000000000        0x0 /tmp/ccUD9mF6.debug.temp.o
 .comment       0x0000000000000000       0x2d /tmp/ccEaxUx2.debug.temp.o
 .note.GNU-stack
                0x0000000000000000        0x0 /tmp/ccEaxUx2.debug.temp.o
 .comment       0x0000000000000000       0x2d /tmp/cc1IAHB5.debug.temp.o
 .note.GNU-stack
                0x0000000000000000        0x0 /tmp/cc1IAHB5.debug.temp.o
 .comment       0x0000000000000000       0x2d /tmp/cc40tM73.debug.temp.o
 .note.GNU-stack
                0x0000000000000000        0x0 /tmp/cc40tM73.debug.temp.o
 .comment       0x0000000000000000       0x2d /tmp/ccr6nDV4.debug.temp.o
 .note.GNU-stack
                0x0000000000000000        0x0 /tmp/ccr6nDV4.debug.temp.o
 .comment       0x0000000000000000       0x2d /tmp/cc9wsCO6.debug.temp.o
 .note.GNU-stack
                0x0000000000000000        0x0 /tmp/cc9wsCO6.debug.temp.o
 .comment       0x0000000000000000       0x2d /tmp/ccU3jT22.debug.temp.o
 .note.GNU-stack
                0x0000000000000000        0x0 /tmp/ccU3jT22.debug.temp.o
 .comment       0x0000000000000000       0x2d /tmp/ccxCrMR5.debug.temp.o
 .note.GNU-stack
                0x0000000000000000        0x0 /tmp/ccxCrMR5.debug.temp.o
 .comment       0x0000000000000000       0x2d /tmp/ccPHYE53.debug.temp.o
 .note.GNU-stack
                0x0000000000000000        0x0 /tmp/ccPHYE53.debug.temp.o
 .comment       0x0000000000000000       0x2d /tmp/ccDDnAm4.debug.temp.o
 .note.GNU-stack
                0x0000000000000000        0x0 /tmp/ccDDnAm4.debug.temp.o
 .comment       0x0000000000000000       0x2d /tmp/ccYtWKC2.debug.temp.o
 .note.GNU-stack
                0x0000000000000000        0x0 /tmp/ccYtWKC2.debug.temp.o
 .comment       0x0000000000000000       0x2d /tmp/ccIUiIY5.debug.temp.o
 .note.GNU-stack
                0x0000000000000000        0x0 /tmp/ccIUiIY5.debug.temp.o
 .debug_info    0x0000000000000000      0x27c /tmp/ccjEgmV5.debug.temp.o
 .debug_abbrev  0x0000000000000000       0xcf /tmp/ccjEgmV5.debug.temp.o
 .debug_line    0x0000000000000000      0x163 /tmp/ccjEgmV5.debug.temp.o
 .debug_str     0x0000000000000000      0x59b /tmp/ccjEgmV5.debug.temp.o
 .comment       0x0000000000000000       0x2d /tmp/ccjEgmV5.debug.temp.o
 .note.GNU-stack
                0x0000000000000000        0x0 /tmp/ccjEgmV5.debug.temp.o
 .debug_info    0x0000000000000000      0x264 /tmp/cco8Rqs4.debug.temp.o
 .debug_abbrev  0x0000000000000000       0xc0 /tmp/cco8Rqs4.debug.temp.o
 .debug_line    0x0000000000000000      0x163 /tmp/cco8Rqs4.debug.temp.o
 .debug_str     0x0000000000000000      0x584 /tmp/cco8Rqs4.debug.temp.o
 .comment       0x0000000000000000       0x2d /tmp/cco8Rqs4.debug.temp.o
 .note.GNU-stack
                0x0000000000000000        0x0 /tmp/cco8Rqs4.debug.temp.o
 .comment       0x0000000000000000       0x2d /tmp/cc7rjk23.debug.temp.o
 .note.GNU-stack
                0x0000000000000000        0x0 /tmp/cc7rjk23.debug.temp.o
 .comment       0x0000000000000000       0x2d /tmp/ccmrweL5.debug.temp.o
 .note.GNU-stack
                0x0000000000000000        0x0 /tmp/ccmrweL5.debug.temp.o
 .comment       0x0000000000000000       0x2d /tmp/ccHTFiS3.debug.temp.o
 .note.GNU-stack
                0x0000000000000000        0x0 /tmp/ccHTFiS3.debug.temp.o
 .comment       0x0000000000000000       0x2d /tmp/ccw9M8P6.debug.temp.o
 .note.GNU-stack
                0x0000000000000000        0x0 /tmp/ccw9M8P6.debug.temp.o
 .comment       0x0000000000000000       0x2d /tmp/cc7fJo06.debug.temp.o
 .note.GNU-stack
                0x0000000000000000        0x0 /tmp/cc7fJo06.debug.temp.o
 .comment       0x0000000000000000       0x2d /tmp/cc99iVX3.debug.temp.o
 .note.GNU-stack
                0x0000000000000000        0x0 /tmp/cc99iVX3.debug.temp.o
 .comment       0x0000000000000000       0x2d /tmp/cc7IAlu5.debug.temp.o
 .note.GNU-stack
                0x0000000000000000        0x0 /tmp/cc7IAlu5.debug.temp.o
 .comment       0x0000000000000000       0x2d /tmp/ccuDzyx2.debug.temp.o
 .note.GNU-stack
                0x0000000000000000        0x0 /tmp/ccuDzyx2.debug.temp.o
 .comment       0x0000000000000000       0x2d /tmp/ccD1wCl6.debug.temp.o
 .note.GNU-stack
                0x0000000000000000        0x0 /tmp/ccD1wCl6.debug.temp.o
 .comment       0x0000000000000000       0x2d /tmp/cci6N7v4.debug.temp.o
 .note.GNU-stack
                0x0000000000000000        0x0 /tmp/cci6N7v4.debug.temp.o
 .comment       0x0000000000000000       0x2d /tmp/ccJA7912.debug.temp.o
 .note.GNU-stack
                0x0000000000000000        0x0 /tmp/ccJA7912.debug.temp.o
 .debug_info    0x0000000000000000     0x468b /tmp/ccRbaAy4.debug.temp.o
 .debug_abbrev  0x0000000000000000      0x2b0 /tmp/ccRbaAy4.debug.temp.o
 .debug_line    0x0000000000000000      0x3d7 /tmp/ccRbaAy4.debug.temp.o
 .debug_str     0x0000000000000000     0x3067 /tmp/ccRbaAy4.debug.temp.o
 .comment       0x0000000000000000       0x2d /tmp/ccRbaAy4.debug.temp.o
 .note.GNU-stack
                0x0000000000000000        0x0 /tmp/ccRbaAy4.debug.temp.o
 .comment       0x0000000000000000       0x2d /tmp/ccTBFEv5.debug.temp.o
 .note.GNU-stack
                0x0000000000000000        0x0 /tmp/ccTBFEv5.debug.temp.o
 .comment       0x0000000000000000       0x2d /tmp/cc7FeLK6.debug.temp.o
 .note.GNU-stack
                0x0000000000000000        0x0 /tmp/cc7FeLK6.debug.temp.o
 .comment       0x0000000000000000       0x2d /tmp/ccq3nfI5.debug.temp.o
 .note.GNU-stack
                0x0000000000000000        0x0 /tmp/ccq3nfI5.debug.temp.o
 .debug_info    0x0000000000000000      0x264 /tmp/cc1haLe5.debug.temp.o
 .debug_abbrev  0x0000000000000000       0xc0 /tmp/cc1haLe5.debug.temp.o
 .debug_line    0x0000000000000000      0x163 /tmp/cc1haLe5.debug.temp.o
 .debug_str     0x0000000000000000      0x584 /tmp/cc1haLe5.debug.temp.o
 .comment       0x0000000000000000       0x2d /tmp/cc1haLe5.debug.temp.o
 .note.GNU-stack
                0x0000000000000000        0x0 /tmp/cc1haLe5.debug.temp.o
 .debug_info    0x0000000000000000      0x27c /tmp/ccai1Ld3.debug.temp.o
 .debug_abbrev  0x0000000000000000       0xc0 /tmp/ccai1Ld3.debug.temp.o
 .debug_line    0x0000000000000000      0x161 /tmp/ccai1Ld3.debug.temp.o
 .debug_str     0x0000000000000000      0x58e /tmp/ccai1Ld3.debug.temp.o
 .comment       0x0000000000000000       0x2d /tmp/ccai1Ld3.debug.temp.o
 .note.GNU-stack
                0x0000000000000000        0x0 /tmp/ccai1Ld3.debug.temp.o
 .comment       0x0000000000000000       0x2d /tmp/ccpiAEI3.debug.temp.o
 .note.GNU-stack
                0x0000000000000000        0x0 /tmp/ccpiAEI3.debug.temp.o
 .comment       0x0000000000000000       0x2d /tmp/ccYpjSl3.debug.temp.o
 .note.GNU-stack
                0x0000000000000000        0x0 /tmp/ccYpjSl3.debug.temp.o
 .comment       0x0000000000000000       0x2d /tmp/ccTWSIa3.debug.temp.o
 .note.GNU-stack
                0x0000000000000000        0x0 /tmp/ccTWSIa3.debug.temp.o
 .debug_info    0x0000000000000000      0x27c /tmp/ccmeqwG3.debug.temp.o
 .debug_abbrev  0x0000000000000000       0xc0 /tmp/ccmeqwG3.debug.temp.o
 .debug_line    0x0000000000000000      0x161 /tmp/ccmeqwG3.debug.temp.o
 .debug_str     0x0000000000000000      0x58e /tmp/ccmeqwG3.debug.temp.o
 .comment       0x0000000000000000       0x2d /tmp/ccmeqwG3.debug.temp.o
 .note.GNU-stack
                0x0000000000000000        0x0 /tmp/ccmeqwG3.debug.temp.o
 .debug_info    0x0000000000000000      0x26d /tmp/ccwkia04.debug.temp.o
 .debug_abbrev  0x0000000000000000       0xd5 /tmp/ccwkia04.debug.temp.o
 .debug_line    0x0000000000000000      0x189 /tmp/ccwkia04.debug.temp.o
 .debug_str     0x0000000000000000      0x4ba /tmp/ccwkia04.debug.temp.o
 .comment       0x0000000000000000       0x2d /tmp/ccwkia04.debug.temp.o
 .note.GNU-stack
                0x0000000000000000        0x0 /tmp/ccwkia04.debug.temp.o
 .debug_info    0x0000000000000000      0x238 /tmp/cckT2Vm5.debug.temp.o
 .debug_abbrev  0x0000000000000000       0xc0 /tmp/cckT2Vm5.debug.temp.o
 .debug_line    0x0000000000000000      0x18b /tmp/cckT2Vm5.debug.temp.o
 .debug_str     0x0000000000000000      0x4b6 /tmp/cckT2Vm5.debug.temp.o
 .comment       0x0000000000000000       0x2d /tmp/cckT2Vm5.debug.temp.o
 .note.GNU-stack
                0x0000000000000000        0x0 /tmp/cckT2Vm5.debug.temp.o
 .comment       0x0000000000000000       0x2d /tmp/ccJcw232.debug.temp.o
 .note.GNU-stack
                0x0000000000000000        0x0 /tmp/ccJcw232.debug.temp.o
 .comment       0x0000000000000000       0x2d /tmp/ccR98GZ5.debug.temp.o
 .note.GNU-stack
                0x0000000000000000        0x0 /tmp/ccR98GZ5.debug.temp.o
 .comment       0x0000000000000000       0x2d /tmp/ccMObBR2.debug.temp.o
 .note.GNU-stack
                0x0000000000000000        0x0 /tmp/ccMObBR2.debug.temp.o
 .comment       0x0000000000000000       0x2d /tmp/ccL9fdl6.debug.temp.o
 .note.GNU-stack
                0x0000000000000000        0x0 /tmp/ccL9fdl6.debug.temp.o
 .comment       0x0000000000000000       0x2d /tmp/cccOPOG6.debug.temp.o
 .note.GNU-stack
                0x0000000000000000        0x0 /tmp/cccOPOG6.debug.temp.o
 .comment       0x0000000000000000       0x2d /tmp/ccpphVA3.debug.temp.o
 .note.GNU-stack
                0x0000000000000000        0x0 /tmp/ccpphVA3.debug.temp.o
 .text          0x0000000000000000        0x8 /home/osboxes/edk2sdm/edk2_LG_G7_THINQ/workspace/Build/LgG7ThinQPkg/DEBUG_GCC5/AARCH64/MdePkg/Library/BaseLib/BaseLib/OUTPUT/BaseLib.lib(CpuBreakpoint.obj)
 .data          0x0000000000000000        0x0 /home/osboxes/edk2sdm/edk2_LG_G7_THINQ/workspace/Build/LgG7ThinQPkg/DEBUG_GCC5/AARCH64/MdePkg/Library/BaseLib/BaseLib/OUTPUT/BaseLib.lib(CpuBreakpoint.obj)
 .bss           0x0000000000000000        0x0 /home/osboxes/edk2sdm/edk2_LG_G7_THINQ/workspace/Build/LgG7ThinQPkg/DEBUG_GCC5/AARCH64/MdePkg/Library/BaseLib/BaseLib/OUTPUT/BaseLib.lib(CpuBreakpoint.obj)
 .data          0x0000000000000000        0x0 /home/osboxes/edk2sdm/edk2_LG_G7_THINQ/workspace/Build/LgG7ThinQPkg/DEBUG_GCC5/AARCH64/MdePkg/Library/BaseMemoryLibOptDxe/BaseMemoryLibOptDxe/OUTPUT/BaseMemoryLibOptDxe.lib(SetMem.obj)
 .bss           0x0000000000000000        0x0 /home/osboxes/edk2sdm/edk2_LG_G7_THINQ/workspace/Build/LgG7ThinQPkg/DEBUG_GCC5/AARCH64/MdePkg/Library/BaseMemoryLibOptDxe/BaseMemoryLibOptDxe/OUTPUT/BaseMemoryLibOptDxe.lib(SetMem.obj)
 .data          0x0000000000000000        0x0 /home/osboxes/edk2sdm/edk2_LG_G7_THINQ/workspace/Build/LgG7ThinQPkg/DEBUG_GCC5/AARCH64/MdePkg/Library/BaseMemoryLibOptDxe/BaseMemoryLibOptDxe/OUTPUT/BaseMemoryLibOptDxe.lib(CopyMem.obj)
 .bss           0x0000000000000000        0x0 /home/osboxes/edk2sdm/edk2_LG_G7_THINQ/workspace/Build/LgG7ThinQPkg/DEBUG_GCC5/AARCH64/MdePkg/Library/BaseMemoryLibOptDxe/BaseMemoryLibOptDxe/OUTPUT/BaseMemoryLibOptDxe.lib(CopyMem.obj)
 .data          0x0000000000000000        0x0 /home/osboxes/edk2sdm/edk2_LG_G7_THINQ/workspace/Build/LgG7ThinQPkg/DEBUG_GCC5/AARCH64/MdePkg/Library/BaseMemoryLibOptDxe/BaseMemoryLibOptDxe/OUTPUT/BaseMemoryLibOptDxe.lib(CompareMem.obj)
 .bss           0x0000000000000000        0x0 /home/osboxes/edk2sdm/edk2_LG_G7_THINQ/workspace/Build/LgG7ThinQPkg/DEBUG_GCC5/AARCH64/MdePkg/Library/BaseMemoryLibOptDxe/BaseMemoryLibOptDxe/OUTPUT/BaseMemoryLibOptDxe.lib(CompareMem.obj)
 .data          0x0000000000000000        0x0 /home/osboxes/edk2sdm/edk2_LG_G7_THINQ/workspace/Build/LgG7ThinQPkg/DEBUG_GCC5/AARCH64/MdePkg/Library/BaseMemoryLibOptDxe/BaseMemoryLibOptDxe/OUTPUT/BaseMemoryLibOptDxe.lib(CompareGuid.obj)
 .bss           0x0000000000000000        0x0 /home/osboxes/edk2sdm/edk2_LG_G7_THINQ/workspace/Build/LgG7ThinQPkg/DEBUG_GCC5/AARCH64/MdePkg/Library/BaseMemoryLibOptDxe/BaseMemoryLibOptDxe/OUTPUT/BaseMemoryLibOptDxe.lib(CompareGuid.obj)
 .text          0x0000000000000000        0x0 /home/osboxes/edk2sdm/edk2_LG_G7_THINQ/workspace/Build/LgG7ThinQPkg/DEBUG_GCC5/AARCH64/ArmPkg/Library/ArmLib/ArmBaseLib/OUTPUT/ArmBaseLib.lib(ArmLibSupport.obj)
 .data          0x0000000000000000        0x0 /home/osboxes/edk2sdm/edk2_LG_G7_THINQ/workspace/Build/LgG7ThinQPkg/DEBUG_GCC5/AARCH64/ArmPkg/Library/ArmLib/ArmBaseLib/OUTPUT/ArmBaseLib.lib(ArmLibSupport.obj)
 .bss           0x0000000000000000        0x0 /home/osboxes/edk2sdm/edk2_LG_G7_THINQ/workspace/Build/LgG7ThinQPkg/DEBUG_GCC5/AARCH64/ArmPkg/Library/ArmLib/ArmBaseLib/OUTPUT/ArmBaseLib.lib(ArmLibSupport.obj)
 .text.ArmReadMidr
                0x0000000000000000        0x8 /home/osboxes/edk2sdm/edk2_LG_G7_THINQ/workspace/Build/LgG7ThinQPkg/DEBUG_GCC5/AARCH64/ArmPkg/Library/ArmLib/ArmBaseLib/OUTPUT/ArmBaseLib.lib(ArmLibSupport.obj)
 .text.ArmGetFiqState
                0x0000000000000000       0x10 /home/osboxes/edk2sdm/edk2_LG_G7_THINQ/workspace/Build/LgG7ThinQPkg/DEBUG_GCC5/AARCH64/ArmPkg/Library/ArmLib/ArmBaseLib/OUTPUT/ArmBaseLib.lib(ArmLibSupport.obj)
 .text.ArmWriteCpacr
                0x0000000000000000        0x8 /home/osboxes/edk2sdm/edk2_LG_G7_THINQ/workspace/Build/LgG7ThinQPkg/DEBUG_GCC5/AARCH64/ArmPkg/Library/ArmLib/ArmBaseLib/OUTPUT/ArmBaseLib.lib(ArmLibSupport.obj)
 .text.ArmWriteAuxCr
                0x0000000000000000       0x28 /home/osboxes/edk2sdm/edk2_LG_G7_THINQ/workspace/Build/LgG7ThinQPkg/DEBUG_GCC5/AARCH64/ArmPkg/Library/ArmLib/ArmBaseLib/OUTPUT/ArmBaseLib.lib(ArmLibSupport.obj)
 .text.ArmReadAuxCr
                0x0000000000000000       0x28 /home/osboxes/edk2sdm/edk2_LG_G7_THINQ/workspace/Build/LgG7ThinQPkg/DEBUG_GCC5/AARCH64/ArmPkg/Library/ArmLib/ArmBaseLib/OUTPUT/ArmBaseLib.lib(ArmLibSupport.obj)
 .text.ArmSetTTBR0
                0x0000000000000000       0x34 /home/osboxes/edk2sdm/edk2_LG_G7_THINQ/workspace/Build/LgG7ThinQPkg/DEBUG_GCC5/AARCH64/ArmPkg/Library/ArmLib/ArmBaseLib/OUTPUT/ArmBaseLib.lib(ArmLibSupport.obj)
 .text.ArmGetTTBR0BaseAddress
                0x0000000000000000       0x30 /home/osboxes/edk2sdm/edk2_LG_G7_THINQ/workspace/Build/LgG7ThinQPkg/DEBUG_GCC5/AARCH64/ArmPkg/Library/ArmLib/ArmBaseLib/OUTPUT/ArmBaseLib.lib(ArmLibSupport.obj)
 .text.ArmGetTCR
                0x0000000000000000       0x34 /home/osboxes/edk2sdm/edk2_LG_G7_THINQ/workspace/Build/LgG7ThinQPkg/DEBUG_GCC5/AARCH64/ArmPkg/Library/ArmLib/ArmBaseLib/OUTPUT/ArmBaseLib.lib(ArmLibSupport.obj)
 .text.ArmSetTCR
                0x0000000000000000       0x34 /home/osboxes/edk2sdm/edk2_LG_G7_THINQ/workspace/Build/LgG7ThinQPkg/DEBUG_GCC5/AARCH64/ArmPkg/Library/ArmLib/ArmBaseLib/OUTPUT/ArmBaseLib.lib(ArmLibSupport.obj)
 .text.ArmGetMAIR
                0x0000000000000000       0x34 /home/osboxes/edk2sdm/edk2_LG_G7_THINQ/workspace/Build/LgG7ThinQPkg/DEBUG_GCC5/AARCH64/ArmPkg/Library/ArmLib/ArmBaseLib/OUTPUT/ArmBaseLib.lib(ArmLibSupport.obj)
 .text.ArmSetMAIR
                0x0000000000000000       0x34 /home/osboxes/edk2sdm/edk2_LG_G7_THINQ/workspace/Build/LgG7ThinQPkg/DEBUG_GCC5/AARCH64/ArmPkg/Library/ArmLib/ArmBaseLib/OUTPUT/ArmBaseLib.lib(ArmLibSupport.obj)
 .text.ArmUpdateTranslationTableEntry
                0x0000000000000000       0x40 /home/osboxes/edk2sdm/edk2_LG_G7_THINQ/workspace/Build/LgG7ThinQPkg/DEBUG_GCC5/AARCH64/ArmPkg/Library/ArmLib/ArmBaseLib/OUTPUT/ArmBaseLib.lib(ArmLibSupport.obj)
 .text.ArmInvalidateTlb
                0x0000000000000000       0x38 /home/osboxes/edk2sdm/edk2_LG_G7_THINQ/workspace/Build/LgG7ThinQPkg/DEBUG_GCC5/AARCH64/ArmPkg/Library/ArmLib/ArmBaseLib/OUTPUT/ArmBaseLib.lib(ArmLibSupport.obj)
 .text.ArmWriteCptr
                0x0000000000000000        0x8 /home/osboxes/edk2sdm/edk2_LG_G7_THINQ/workspace/Build/LgG7ThinQPkg/DEBUG_GCC5/AARCH64/ArmPkg/Library/ArmLib/ArmBaseLib/OUTPUT/ArmBaseLib.lib(ArmLibSupport.obj)
 .text.ArmWriteScr
                0x0000000000000000        0xc /home/osboxes/edk2sdm/edk2_LG_G7_THINQ/workspace/Build/LgG7ThinQPkg/DEBUG_GCC5/AARCH64/ArmPkg/Library/ArmLib/ArmBaseLib/OUTPUT/ArmBaseLib.lib(ArmLibSupport.obj)
 .text.ArmWriteMVBar
                0x0000000000000000        0x8 /home/osboxes/edk2sdm/edk2_LG_G7_THINQ/workspace/Build/LgG7ThinQPkg/DEBUG_GCC5/AARCH64/ArmPkg/Library/ArmLib/ArmBaseLib/OUTPUT/ArmBaseLib.lib(ArmLibSupport.obj)
 .text.ArmCallWFE
                0x0000000000000000        0x8 /home/osboxes/edk2sdm/edk2_LG_G7_THINQ/workspace/Build/LgG7ThinQPkg/DEBUG_GCC5/AARCH64/ArmPkg/Library/ArmLib/ArmBaseLib/OUTPUT/ArmBaseLib.lib(ArmLibSupport.obj)
 .text.ArmCallSEV
                0x0000000000000000        0x8 /home/osboxes/edk2sdm/edk2_LG_G7_THINQ/workspace/Build/LgG7ThinQPkg/DEBUG_GCC5/AARCH64/ArmPkg/Library/ArmLib/ArmBaseLib/OUTPUT/ArmBaseLib.lib(ArmLibSupport.obj)
 .text.ArmReadCpuActlr
                0x0000000000000000        0x8 /home/osboxes/edk2sdm/edk2_LG_G7_THINQ/workspace/Build/LgG7ThinQPkg/DEBUG_GCC5/AARCH64/ArmPkg/Library/ArmLib/ArmBaseLib/OUTPUT/ArmBaseLib.lib(ArmLibSupport.obj)
 .text.ArmWriteCpuActlr
                0x0000000000000000       0x10 /home/osboxes/edk2sdm/edk2_LG_G7_THINQ/workspace/Build/LgG7ThinQPkg/DEBUG_GCC5/AARCH64/ArmPkg/Library/ArmLib/ArmBaseLib/OUTPUT/ArmBaseLib.lib(ArmLibSupport.obj)
 .text.ArmReadSctlr
                0x0000000000000000       0x30 /home/osboxes/edk2sdm/edk2_LG_G7_THINQ/workspace/Build/LgG7ThinQPkg/DEBUG_GCC5/AARCH64/ArmPkg/Library/ArmLib/ArmBaseLib/OUTPUT/ArmBaseLib.lib(ArmLibSupport.obj)
 .text.ArmWriteSctlr
                0x0000000000000000       0x30 /home/osboxes/edk2sdm/edk2_LG_G7_THINQ/workspace/Build/LgG7ThinQPkg/DEBUG_GCC5/AARCH64/ArmPkg/Library/ArmLib/ArmBaseLib/OUTPUT/ArmBaseLib.lib(ArmLibSupport.obj)
 .text.ArmGetPhysicalAddressBits
                0x0000000000000000       0x24 /home/osboxes/edk2sdm/edk2_LG_G7_THINQ/workspace/Build/LgG7ThinQPkg/DEBUG_GCC5/AARCH64/ArmPkg/Library/ArmLib/ArmBaseLib/OUTPUT/ArmBaseLib.lib(ArmLibSupport.obj)
 .text          0x0000000000000000        0x0 /home/osboxes/edk2sdm/edk2_LG_G7_THINQ/workspace/Build/LgG7ThinQPkg/DEBUG_GCC5/AARCH64/ArmPkg/Library/ArmLib/ArmBaseLib/OUTPUT/ArmBaseLib.lib(ArmLibSupportV8.obj)
 .data          0x0000000000000000        0x0 /home/osboxes/edk2sdm/edk2_LG_G7_THINQ/workspace/Build/LgG7ThinQPkg/DEBUG_GCC5/AARCH64/ArmPkg/Library/ArmLib/ArmBaseLib/OUTPUT/ArmBaseLib.lib(ArmLibSupportV8.obj)
 .bss           0x0000000000000000        0x0 /home/osboxes/edk2sdm/edk2_LG_G7_THINQ/workspace/Build/LgG7ThinQPkg/DEBUG_GCC5/AARCH64/ArmPkg/Library/ArmLib/ArmBaseLib/OUTPUT/ArmBaseLib.lib(ArmLibSupportV8.obj)
 .text.ArmIsMpCore
                0x0000000000000000       0x14 /home/osboxes/edk2sdm/edk2_LG_G7_THINQ/workspace/Build/LgG7ThinQPkg/DEBUG_GCC5/AARCH64/ArmPkg/Library/ArmLib/ArmBaseLib/OUTPUT/ArmBaseLib.lib(ArmLibSupportV8.obj)
 .text.ArmEnableAsynchronousAbort
                0x0000000000000000        0xc /home/osboxes/edk2sdm/edk2_LG_G7_THINQ/workspace/Build/LgG7ThinQPkg/DEBUG_GCC5/AARCH64/ArmPkg/Library/ArmLib/ArmBaseLib/OUTPUT/ArmBaseLib.lib(ArmLibSupportV8.obj)
 .text.ArmDisableAsynchronousAbort
                0x0000000000000000        0xc /home/osboxes/edk2sdm/edk2_LG_G7_THINQ/workspace/Build/LgG7ThinQPkg/DEBUG_GCC5/AARCH64/ArmPkg/Library/ArmLib/ArmBaseLib/OUTPUT/ArmBaseLib.lib(ArmLibSupportV8.obj)
 .text.ArmEnableIrq
                0x0000000000000000        0xc /home/osboxes/edk2sdm/edk2_LG_G7_THINQ/workspace/Build/LgG7ThinQPkg/DEBUG_GCC5/AARCH64/ArmPkg/Library/ArmLib/ArmBaseLib/OUTPUT/ArmBaseLib.lib(ArmLibSupportV8.obj)
 .text.ArmDisableIrq
                0x0000000000000000        0xc /home/osboxes/edk2sdm/edk2_LG_G7_THINQ/workspace/Build/LgG7ThinQPkg/DEBUG_GCC5/AARCH64/ArmPkg/Library/ArmLib/ArmBaseLib/OUTPUT/ArmBaseLib.lib(ArmLibSupportV8.obj)
 .text.ArmEnableFiq
                0x0000000000000000        0xc /home/osboxes/edk2sdm/edk2_LG_G7_THINQ/workspace/Build/LgG7ThinQPkg/DEBUG_GCC5/AARCH64/ArmPkg/Library/ArmLib/ArmBaseLib/OUTPUT/ArmBaseLib.lib(ArmLibSupportV8.obj)
 .text.ArmDisableFiq
                0x0000000000000000        0xc /home/osboxes/edk2sdm/edk2_LG_G7_THINQ/workspace/Build/LgG7ThinQPkg/DEBUG_GCC5/AARCH64/ArmPkg/Library/ArmLib/ArmBaseLib/OUTPUT/ArmBaseLib.lib(ArmLibSupportV8.obj)
 .text.ArmDisableAllExceptions
                0x0000000000000000        0xc /home/osboxes/edk2sdm/edk2_LG_G7_THINQ/workspace/Build/LgG7ThinQPkg/DEBUG_GCC5/AARCH64/ArmPkg/Library/ArmLib/ArmBaseLib/OUTPUT/ArmBaseLib.lib(ArmLibSupportV8.obj)
 .text.ReadCCSIDR
                0x0000000000000000       0x10 /home/osboxes/edk2sdm/edk2_LG_G7_THINQ/workspace/Build/LgG7ThinQPkg/DEBUG_GCC5/AARCH64/ArmPkg/Library/ArmLib/ArmBaseLib/OUTPUT/ArmBaseLib.lib(ArmLibSupportV8.obj)
 .text.ReadCLIDR
                0x0000000000000000        0x8 /home/osboxes/edk2sdm/edk2_LG_G7_THINQ/workspace/Build/LgG7ThinQPkg/DEBUG_GCC5/AARCH64/ArmPkg/Library/ArmLib/ArmBaseLib/OUTPUT/ArmBaseLib.lib(ArmLibSupportV8.obj)
 .text          0x0000000000000000        0x0 /home/osboxes/edk2sdm/edk2_LG_G7_THINQ/workspace/Build/LgG7ThinQPkg/DEBUG_GCC5/AARCH64/ArmPkg/Library/ArmLib/ArmBaseLib/OUTPUT/ArmBaseLib.lib(AArch64Support.obj)
 .data          0x0000000000000000        0x0 /home/osboxes/edk2sdm/edk2_LG_G7_THINQ/workspace/Build/LgG7ThinQPkg/DEBUG_GCC5/AARCH64/ArmPkg/Library/ArmLib/ArmBaseLib/OUTPUT/ArmBaseLib.lib(AArch64Support.obj)
 .bss           0x0000000000000000        0x0 /home/osboxes/edk2sdm/edk2_LG_G7_THINQ/workspace/Build/LgG7ThinQPkg/DEBUG_GCC5/AARCH64/ArmPkg/Library/ArmLib/ArmBaseLib/OUTPUT/ArmBaseLib.lib(AArch64Support.obj)
 .text.ArmInvalidateDataCacheEntryByMVA
                0x0000000000000000        0x8 /home/osboxes/edk2sdm/edk2_LG_G7_THINQ/workspace/Build/LgG7ThinQPkg/DEBUG_GCC5/AARCH64/ArmPkg/Library/ArmLib/ArmBaseLib/OUTPUT/ArmBaseLib.lib(AArch64Support.obj)
 .text.ArmCleanDataCacheEntryByMVA
                0x0000000000000000        0x8 /home/osboxes/edk2sdm/edk2_LG_G7_THINQ/workspace/Build/LgG7ThinQPkg/DEBUG_GCC5/AARCH64/ArmPkg/Library/ArmLib/ArmBaseLib/OUTPUT/ArmBaseLib.lib(AArch64Support.obj)
 .text.ArmCleanDataCacheEntryToPoUByMVA
                0x0000000000000000        0x8 /home/osboxes/edk2sdm/edk2_LG_G7_THINQ/workspace/Build/LgG7ThinQPkg/DEBUG_GCC5/AARCH64/ArmPkg/Library/ArmLib/ArmBaseLib/OUTPUT/ArmBaseLib.lib(AArch64Support.obj)
 .text.ArmInvalidateInstructionCacheEntryToPoUByMVA
                0x0000000000000000        0x8 /home/osboxes/edk2sdm/edk2_LG_G7_THINQ/workspace/Build/LgG7ThinQPkg/DEBUG_GCC5/AARCH64/ArmPkg/Library/ArmLib/ArmBaseLib/OUTPUT/ArmBaseLib.lib(AArch64Support.obj)
 .text.ArmInvalidateDataCacheEntryBySetWay
                0x0000000000000000        0x8 /home/osboxes/edk2sdm/edk2_LG_G7_THINQ/workspace/Build/LgG7ThinQPkg/DEBUG_GCC5/AARCH64/ArmPkg/Library/ArmLib/ArmBaseLib/OUTPUT/ArmBaseLib.lib(AArch64Support.obj)
 .text.ArmCleanInvalidateDataCacheEntryBySetWay
                0x0000000000000000        0x8 /home/osboxes/edk2sdm/edk2_LG_G7_THINQ/workspace/Build/LgG7ThinQPkg/DEBUG_GCC5/AARCH64/ArmPkg/Library/ArmLib/ArmBaseLib/OUTPUT/ArmBaseLib.lib(AArch64Support.obj)
 .text.ArmCleanDataCacheEntryBySetWay
                0x0000000000000000        0x8 /home/osboxes/edk2sdm/edk2_LG_G7_THINQ/workspace/Build/LgG7ThinQPkg/DEBUG_GCC5/AARCH64/ArmPkg/Library/ArmLib/ArmBaseLib/OUTPUT/ArmBaseLib.lib(AArch64Support.obj)
 .text.ArmInvalidateInstructionCache
                0x0000000000000000       0x10 /home/osboxes/edk2sdm/edk2_LG_G7_THINQ/workspace/Build/LgG7ThinQPkg/DEBUG_GCC5/AARCH64/ArmPkg/Library/ArmLib/ArmBaseLib/OUTPUT/ArmBaseLib.lib(AArch64Support.obj)
 .text.ArmEnableMmu
                0x0000000000000000       0x88 /home/osboxes/edk2sdm/edk2_LG_G7_THINQ/workspace/Build/LgG7ThinQPkg/DEBUG_GCC5/AARCH64/ArmPkg/Library/ArmLib/ArmBaseLib/OUTPUT/ArmBaseLib.lib(AArch64Support.obj)
 .text.ArmDisableMmu
                0x0000000000000000       0x74 /home/osboxes/edk2sdm/edk2_LG_G7_THINQ/workspace/Build/LgG7ThinQPkg/DEBUG_GCC5/AARCH64/ArmPkg/Library/ArmLib/ArmBaseLib/OUTPUT/ArmBaseLib.lib(AArch64Support.obj)
 .text.ArmDisableCachesAndMmu
                0x0000000000000000       0x6c /home/osboxes/edk2sdm/edk2_LG_G7_THINQ/workspace/Build/LgG7ThinQPkg/DEBUG_GCC5/AARCH64/ArmPkg/Library/ArmLib/ArmBaseLib/OUTPUT/ArmBaseLib.lib(AArch64Support.obj)
 .text.ArmMmuEnabled
                0x0000000000000000       0x34 /home/osboxes/edk2sdm/edk2_LG_G7_THINQ/workspace/Build/LgG7ThinQPkg/DEBUG_GCC5/AARCH64/ArmPkg/Library/ArmLib/ArmBaseLib/OUTPUT/ArmBaseLib.lib(AArch64Support.obj)
 .text.ArmEnableDataCache
                0x0000000000000000       0x68 /home/osboxes/edk2sdm/edk2_LG_G7_THINQ/workspace/Build/LgG7ThinQPkg/DEBUG_GCC5/AARCH64/ArmPkg/Library/ArmLib/ArmBaseLib/OUTPUT/ArmBaseLib.lib(AArch64Support.obj)
 .text.ArmDisableDataCache
                0x0000000000000000       0x68 /home/osboxes/edk2sdm/edk2_LG_G7_THINQ/workspace/Build/LgG7ThinQPkg/DEBUG_GCC5/AARCH64/ArmPkg/Library/ArmLib/ArmBaseLib/OUTPUT/ArmBaseLib.lib(AArch64Support.obj)
 .text.ArmEnableInstructionCache
                0x0000000000000000       0x68 /home/osboxes/edk2sdm/edk2_LG_G7_THINQ/workspace/Build/LgG7ThinQPkg/DEBUG_GCC5/AARCH64/ArmPkg/Library/ArmLib/ArmBaseLib/OUTPUT/ArmBaseLib.lib(AArch64Support.obj)
 .text.ArmDisableInstructionCache
                0x0000000000000000       0x68 /home/osboxes/edk2sdm/edk2_LG_G7_THINQ/workspace/Build/LgG7ThinQPkg/DEBUG_GCC5/AARCH64/ArmPkg/Library/ArmLib/ArmBaseLib/OUTPUT/ArmBaseLib.lib(AArch64Support.obj)
 .text.ArmEnableAlignmentCheck
                0x0000000000000000       0x58 /home/osboxes/edk2sdm/edk2_LG_G7_THINQ/workspace/Build/LgG7ThinQPkg/DEBUG_GCC5/AARCH64/ArmPkg/Library/ArmLib/ArmBaseLib/OUTPUT/ArmBaseLib.lib(AArch64Support.obj)
 .text.ArmDisableAlignmentCheck
                0x0000000000000000       0x68 /home/osboxes/edk2sdm/edk2_LG_G7_THINQ/workspace/Build/LgG7ThinQPkg/DEBUG_GCC5/AARCH64/ArmPkg/Library/ArmLib/ArmBaseLib/OUTPUT/ArmBaseLib.lib(AArch64Support.obj)
 .text.ArmEnableStackAlignmentCheck
                0x0000000000000000       0x58 /home/osboxes/edk2sdm/edk2_LG_G7_THINQ/workspace/Build/LgG7ThinQPkg/DEBUG_GCC5/AARCH64/ArmPkg/Library/ArmLib/ArmBaseLib/OUTPUT/ArmBaseLib.lib(AArch64Support.obj)
 .text.ArmDisableStackAlignmentCheck
                0x0000000000000000       0x68 /home/osboxes/edk2sdm/edk2_LG_G7_THINQ/workspace/Build/LgG7ThinQPkg/DEBUG_GCC5/AARCH64/ArmPkg/Library/ArmLib/ArmBaseLib/OUTPUT/ArmBaseLib.lib(AArch64Support.obj)
 .text.ArmEnableBranchPrediction
                0x0000000000000000        0x4 /home/osboxes/edk2sdm/edk2_LG_G7_THINQ/workspace/Build/LgG7ThinQPkg/DEBUG_GCC5/AARCH64/ArmPkg/Library/ArmLib/ArmBaseLib/OUTPUT/ArmBaseLib.lib(AArch64Support.obj)
 .text.ArmDisableBranchPrediction
                0x0000000000000000        0x4 /home/osboxes/edk2sdm/edk2_LG_G7_THINQ/workspace/Build/LgG7ThinQPkg/DEBUG_GCC5/AARCH64/ArmPkg/Library/ArmLib/ArmBaseLib/OUTPUT/ArmBaseLib.lib(AArch64Support.obj)
 .text.AArch64AllDataCachesOperation
                0x0000000000000000       0xa8 /home/osboxes/edk2sdm/edk2_LG_G7_THINQ/workspace/Build/LgG7ThinQPkg/DEBUG_GCC5/AARCH64/ArmPkg/Library/ArmLib/ArmBaseLib/OUTPUT/ArmBaseLib.lib(AArch64Support.obj)
 .text.ArmDataMemoryBarrier
                0x0000000000000000        0x8 /home/osboxes/edk2sdm/edk2_LG_G7_THINQ/workspace/Build/LgG7ThinQPkg/DEBUG_GCC5/AARCH64/ArmPkg/Library/ArmLib/ArmBaseLib/OUTPUT/ArmBaseLib.lib(AArch64Support.obj)
 .text.ArmInstructionSynchronizationBarrier
                0x0000000000000000        0x8 /home/osboxes/edk2sdm/edk2_LG_G7_THINQ/workspace/Build/LgG7ThinQPkg/DEBUG_GCC5/AARCH64/ArmPkg/Library/ArmLib/ArmBaseLib/OUTPUT/ArmBaseLib.lib(AArch64Support.obj)
 .text.ArmWriteVBar
                0x0000000000000000       0x34 /home/osboxes/edk2sdm/edk2_LG_G7_THINQ/workspace/Build/LgG7ThinQPkg/DEBUG_GCC5/AARCH64/ArmPkg/Library/ArmLib/ArmBaseLib/OUTPUT/ArmBaseLib.lib(AArch64Support.obj)
 .text.ArmReadVBar
                0x0000000000000000       0x30 /home/osboxes/edk2sdm/edk2_LG_G7_THINQ/workspace/Build/LgG7ThinQPkg/DEBUG_GCC5/AARCH64/ArmPkg/Library/ArmLib/ArmBaseLib/OUTPUT/ArmBaseLib.lib(AArch64Support.obj)
 .text.ArmEnableVFP
                0x0000000000000000       0x64 /home/osboxes/edk2sdm/edk2_LG_G7_THINQ/workspace/Build/LgG7ThinQPkg/DEBUG_GCC5/AARCH64/ArmPkg/Library/ArmLib/ArmBaseLib/OUTPUT/ArmBaseLib.lib(AArch64Support.obj)
 .text.ArmCallWFI
                0x0000000000000000        0x8 /home/osboxes/edk2sdm/edk2_LG_G7_THINQ/workspace/Build/LgG7ThinQPkg/DEBUG_GCC5/AARCH64/ArmPkg/Library/ArmLib/ArmBaseLib/OUTPUT/ArmBaseLib.lib(AArch64Support.obj)
 .text.ArmReadMpidr
                0x0000000000000000        0x8 /home/osboxes/edk2sdm/edk2_LG_G7_THINQ/workspace/Build/LgG7ThinQPkg/DEBUG_GCC5/AARCH64/ArmPkg/Library/ArmLib/ArmBaseLib/OUTPUT/ArmBaseLib.lib(AArch64Support.obj)
 .text.ArmReadTpidrurw
                0x0000000000000000        0x8 /home/osboxes/edk2sdm/edk2_LG_G7_THINQ/workspace/Build/LgG7ThinQPkg/DEBUG_GCC5/AARCH64/ArmPkg/Library/ArmLib/ArmBaseLib/OUTPUT/ArmBaseLib.lib(AArch64Support.obj)
 .text.ArmWriteTpidrurw
                0x0000000000000000        0x8 /home/osboxes/edk2sdm/edk2_LG_G7_THINQ/workspace/Build/LgG7ThinQPkg/DEBUG_GCC5/AARCH64/ArmPkg/Library/ArmLib/ArmBaseLib/OUTPUT/ArmBaseLib.lib(AArch64Support.obj)
 .text.ArmIsArchTimerImplemented
                0x0000000000000000        0x8 /home/osboxes/edk2sdm/edk2_LG_G7_THINQ/workspace/Build/LgG7ThinQPkg/DEBUG_GCC5/AARCH64/ArmPkg/Library/ArmLib/ArmBaseLib/OUTPUT/ArmBaseLib.lib(AArch64Support.obj)
 .text.ArmReadIdPfr0
                0x0000000000000000        0x8 /home/osboxes/edk2sdm/edk2_LG_G7_THINQ/workspace/Build/LgG7ThinQPkg/DEBUG_GCC5/AARCH64/ArmPkg/Library/ArmLib/ArmBaseLib/OUTPUT/ArmBaseLib.lib(AArch64Support.obj)
 .text.ArmReadIdPfr1
                0x0000000000000000        0x8 /home/osboxes/edk2sdm/edk2_LG_G7_THINQ/workspace/Build/LgG7ThinQPkg/DEBUG_GCC5/AARCH64/ArmPkg/Library/ArmLib/ArmBaseLib/OUTPUT/ArmBaseLib.lib(AArch64Support.obj)
 .text.ArmWriteHcr
                0x0000000000000000        0x8 /home/osboxes/edk2sdm/edk2_LG_G7_THINQ/workspace/Build/LgG7ThinQPkg/DEBUG_GCC5/AARCH64/ArmPkg/Library/ArmLib/ArmBaseLib/OUTPUT/ArmBaseLib.lib(AArch64Support.obj)
 .text.ArmReadHcr
                0x0000000000000000        0x8 /home/osboxes/edk2sdm/edk2_LG_G7_THINQ/workspace/Build/LgG7ThinQPkg/DEBUG_GCC5/AARCH64/ArmPkg/Library/ArmLib/ArmBaseLib/OUTPUT/ArmBaseLib.lib(AArch64Support.obj)
 .text.ArmReadCurrentEL
                0x0000000000000000        0x8 /home/osboxes/edk2sdm/edk2_LG_G7_THINQ/workspace/Build/LgG7ThinQPkg/DEBUG_GCC5/AARCH64/ArmPkg/Library/ArmLib/ArmBaseLib/OUTPUT/ArmBaseLib.lib(AArch64Support.obj)
 .text.ArmReadCntHctl
                0x0000000000000000        0x8 /home/osboxes/edk2sdm/edk2_LG_G7_THINQ/workspace/Build/LgG7ThinQPkg/DEBUG_GCC5/AARCH64/ArmPkg/Library/ArmLib/ArmBaseLib/OUTPUT/ArmBaseLib.lib(AArch64Support.obj)
 .text.ArmWriteCntHctl
                0x0000000000000000        0x8 /home/osboxes/edk2sdm/edk2_LG_G7_THINQ/workspace/Build/LgG7ThinQPkg/DEBUG_GCC5/AARCH64/ArmPkg/Library/ArmLib/ArmBaseLib/OUTPUT/ArmBaseLib.lib(AArch64Support.obj)

Memory Configuration

Name             Origin             Length             Attributes
*default*        0x0000000000000000 0xffffffffffffffff

Linker script and memory map

LOAD /home/osboxes/edk2sdm/edk2/ArmPkg/Library/GccLto/liblto-aarch64.a
START GROUP
LOAD /tmp/PartitionDxe.dll.7VX6V6.ltrans0.ltrans.o
LOAD /tmp/ccupQzx4.debug.temp.o
LOAD /tmp/ccFOWTO2.debug.temp.o
LOAD /tmp/ccqqzpD4.debug.temp.o
LOAD /tmp/ccdqznV6.debug.temp.o
LOAD /tmp/ccUD9mF6.debug.temp.o
LOAD /tmp/ccEaxUx2.debug.temp.o
LOAD /tmp/cc1IAHB5.debug.temp.o
LOAD /tmp/cc40tM73.debug.temp.o
LOAD /tmp/ccr6nDV4.debug.temp.o
LOAD /tmp/cc9wsCO6.debug.temp.o
LOAD /tmp/ccU3jT22.debug.temp.o
LOAD /tmp/ccxCrMR5.debug.temp.o
LOAD /tmp/ccPHYE53.debug.temp.o
LOAD /tmp/ccDDnAm4.debug.temp.o
LOAD /tmp/ccYtWKC2.debug.temp.o
LOAD /tmp/ccIUiIY5.debug.temp.o
LOAD /tmp/ccjEgmV5.debug.temp.o
LOAD /tmp/cco8Rqs4.debug.temp.o
LOAD /tmp/cc7rjk23.debug.temp.o
LOAD /tmp/ccmrweL5.debug.temp.o
LOAD /tmp/ccHTFiS3.debug.temp.o
LOAD /tmp/ccw9M8P6.debug.temp.o
LOAD /tmp/cc7fJo06.debug.temp.o
LOAD /tmp/cc99iVX3.debug.temp.o
LOAD /tmp/cc7IAlu5.debug.temp.o
LOAD /tmp/ccuDzyx2.debug.temp.o
LOAD /tmp/ccD1wCl6.debug.temp.o
LOAD /tmp/cci6N7v4.debug.temp.o
LOAD /tmp/ccJA7912.debug.temp.o
LOAD /tmp/ccRbaAy4.debug.temp.o
LOAD /tmp/ccTBFEv5.debug.temp.o
LOAD /tmp/cc7FeLK6.debug.temp.o
LOAD /tmp/ccq3nfI5.debug.temp.o
LOAD /tmp/cc1haLe5.debug.temp.o
LOAD /tmp/ccai1Ld3.debug.temp.o
LOAD /tmp/ccpiAEI3.debug.temp.o
LOAD /tmp/ccYpjSl3.debug.temp.o
LOAD /tmp/ccTWSIa3.debug.temp.o
LOAD /tmp/ccmeqwG3.debug.temp.o
LOAD /tmp/ccwkia04.debug.temp.o
LOAD /tmp/cckT2Vm5.debug.temp.o
LOAD /tmp/ccJcw232.debug.temp.o
LOAD /tmp/ccR98GZ5.debug.temp.o
LOAD /tmp/ccMObBR2.debug.temp.o
LOAD /tmp/ccL9fdl6.debug.temp.o
LOAD /tmp/cccOPOG6.debug.temp.o
LOAD /tmp/ccpphVA3.debug.temp.o
LOAD /home/osboxes/edk2sdm/edk2_LG_G7_THINQ/workspace/Build/LgG7ThinQPkg/DEBUG_GCC5/AARCH64/MdePkg/Library/DxePcdLib/DxePcdLib/OUTPUT/DxePcdLib.lib
LOAD /home/osboxes/edk2sdm/edk2_LG_G7_THINQ/workspace/Build/LgG7ThinQPkg/DEBUG_GCC5/AARCH64/MdePkg/Library/BaseLib/BaseLib/OUTPUT/BaseLib.lib
LOAD /home/osboxes/edk2sdm/edk2_LG_G7_THINQ/workspace/Build/LgG7ThinQPkg/DEBUG_GCC5/AARCH64/MdePkg/Library/BaseMemoryLibOptDxe/BaseMemoryLibOptDxe/OUTPUT/BaseMemoryLibOptDxe.lib
LOAD /home/osboxes/edk2sdm/edk2_LG_G7_THINQ/workspace/Build/LgG7ThinQPkg/DEBUG_GCC5/AARCH64/ArmPkg/Library/ArmLib/ArmBaseLib/OUTPUT/ArmBaseLib.lib
LOAD /home/osboxes/edk2sdm/edk2_LG_G7_THINQ/workspace/Build/LgG7ThinQPkg/DEBUG_GCC5/AARCH64/ArmPkg/Library/ArmCacheMaintenanceLib/ArmCacheMaintenanceLib/OUTPUT/ArmCacheMaintenanceLib.lib
LOAD /home/osboxes/edk2sdm/edk2_LG_G7_THINQ/workspace/Build/LgG7ThinQPkg/DEBUG_GCC5/AARCH64/MdePkg/Library/BaseIoLibIntrinsic/BaseIoLibIntrinsic/OUTPUT/BaseIoLibIntrinsic.lib
LOAD /home/osboxes/edk2sdm/edk2_LG_G7_THINQ/workspace/Build/LgG7ThinQPkg/DEBUG_GCC5/AARCH64/ArmPkg/Library/CompilerIntrinsicsLib/CompilerIntrinsicsLib/OUTPUT/CompilerIntrinsicsLib.lib
LOAD /home/osboxes/edk2sdm/edk2_LG_G7_THINQ/workspace/Build/LgG7ThinQPkg/DEBUG_GCC5/AARCH64/MdePkg/Library/BaseDebugPrintErrorLevelLib/BaseDebugPrintErrorLevelLib/OUTPUT/BaseDebugPrintErrorLevelLib.lib
LOAD /home/osboxes/edk2sdm/edk2_LG_G7_THINQ/workspace/Build/LgG7ThinQPkg/DEBUG_GCC5/AARCH64/MdePkg/Library/BasePrintLib/BasePrintLib/OUTPUT/BasePrintLib.lib
LOAD /home/osboxes/edk2sdm/edk2_LG_G7_THINQ/workspace/Build/LgG7ThinQPkg/DEBUG_GCC5/AARCH64/LgG7ThinQPkg/Library/FrameBufferSerialPortLib/FrameBufferSerialPortLib/OUTPUT/FrameBufferSerialPortLib.lib
LOAD /home/osboxes/edk2sdm/edk2_LG_G7_THINQ/workspace/Build/LgG7ThinQPkg/DEBUG_GCC5/AARCH64/MdePkg/Library/BaseDebugLibSerialPort/BaseDebugLibSerialPort/OUTPUT/BaseDebugLibSerialPort.lib
LOAD /home/osboxes/edk2sdm/edk2_LG_G7_THINQ/workspace/Build/LgG7ThinQPkg/DEBUG_GCC5/AARCH64/MdePkg/Library/UefiMemoryAllocationLib/UefiMemoryAllocationLib/OUTPUT/UefiMemoryAllocationLib.lib
LOAD /home/osboxes/edk2sdm/edk2_LG_G7_THINQ/workspace/Build/LgG7ThinQPkg/DEBUG_GCC5/AARCH64/MdePkg/Library/UefiRuntimeServicesTableLib/UefiRuntimeServicesTableLib/OUTPUT/UefiRuntimeServicesTableLib.lib
LOAD /home/osboxes/edk2sdm/edk2_LG_G7_THINQ/workspace/Build/LgG7ThinQPkg/DEBUG_GCC5/AARCH64/MdePkg/Library/UefiBootServicesTableLib/UefiBootServicesTableLib/OUTPUT/UefiBootServicesTableLib.lib
LOAD /home/osboxes/edk2sdm/edk2_LG_G7_THINQ/workspace/Build/LgG7ThinQPkg/DEBUG_GCC5/AARCH64/MdePkg/Library/UefiDevicePathLib/UefiDevicePathLib/OUTPUT/UefiDevicePathLib.lib
LOAD /home/osboxes/edk2sdm/edk2_LG_G7_THINQ/workspace/Build/LgG7ThinQPkg/DEBUG_GCC5/AARCH64/MdePkg/Library/UefiLib/UefiLib/OUTPUT/UefiLib.lib
LOAD /home/osboxes/edk2sdm/edk2_LG_G7_THINQ/workspace/Build/LgG7ThinQPkg/DEBUG_GCC5/AARCH64/MdePkg/Library/DxeHobLib/DxeHobLib/OUTPUT/DxeHobLib.lib
LOAD /home/osboxes/edk2sdm/edk2_LG_G7_THINQ/workspace/Build/LgG7ThinQPkg/DEBUG_GCC5/AARCH64/MdePkg/Library/UefiDriverEntryPoint/UefiDriverEntryPoint/OUTPUT/UefiDriverEntryPoint.lib
LOAD /home/osboxes/edk2sdm/edk2_LG_G7_THINQ/workspace/Build/LgG7ThinQPkg/DEBUG_GCC5/AARCH64/MdePkg/Library/BaseStackCheckLib/BaseStackCheckLib/OUTPUT/BaseStackCheckLib.lib
LOAD /home/osboxes/edk2sdm/edk2_LG_G7_THINQ/workspace/Build/LgG7ThinQPkg/DEBUG_GCC5/AARCH64/MdeModulePkg/Universal/Disk/PartitionDxe/PartitionDxe/OUTPUT/PartitionDxe.lib
END GROUP
                0x0000000000000228                . = PECOFF_HEADER_SIZE

.gnu.version_d  0x0000000000000228        0x0
 .gnu.version_d
                0x0000000000000228        0x0 /home/osboxes/edk2sdm/edk2/ArmPkg/Library/GccLto/liblto-aarch64.a

.gnu.version    0x0000000000000228        0x0
 .gnu.version   0x0000000000000228        0x0 /home/osboxes/edk2sdm/edk2/ArmPkg/Library/GccLto/liblto-aarch64.a

.gnu.version_r  0x0000000000000228        0x0
 .gnu.version_r
                0x0000000000000228        0x0 /home/osboxes/edk2sdm/edk2/ArmPkg/Library/GccLto/liblto-aarch64.a

.text           0x0000000000001000     0x6e40
 *(.text .text.* .stub .gnu.linkonce.t.*)
 .text.DebugAssertEnabled
                0x0000000000001000        0x8 /tmp/PartitionDxe.dll.7VX6V6.ltrans0.ltrans.o
 .text.InternalAllocatePool.constprop.0
                0x0000000000001008       0x68 /tmp/PartitionDxe.dll.7VX6V6.ltrans0.ltrans.o
 .text.BasePrintLibFillBuffer
                0x0000000000001070       0x34 /tmp/PartitionDxe.dll.7VX6V6.ltrans0.ltrans.o
 .text.AsciiStrnLenS
                0x00000000000010a4       0x3c /tmp/PartitionDxe.dll.7VX6V6.ltrans0.ltrans.o
 .text.AllocatePool
                0x00000000000010e0        0x4 /tmp/PartitionDxe.dll.7VX6V6.ltrans0.ltrans.o
 .text.DebugPrintLevelEnabled
                0x00000000000010e4        0x8 /tmp/PartitionDxe.dll.7VX6V6.ltrans0.ltrans.o
 .text.DebugCodeEnabled
                0x00000000000010ec        0x8 /tmp/PartitionDxe.dll.7VX6V6.ltrans0.ltrans.o
 .text.DebugPrintEnabled
                0x00000000000010f4        0x8 /tmp/PartitionDxe.dll.7VX6V6.ltrans0.ltrans.o
 .text.MultU64x32
                0x00000000000010fc        0xc /tmp/PartitionDxe.dll.7VX6V6.ltrans0.ltrans.o
 .text.ProbeMediaStatusEx
                0x0000000000001108       0x70 /tmp/PartitionDxe.dll.7VX6V6.ltrans0.ltrans.o
 .text.ProbeMediaStatus
                0x0000000000001178       0x6c /tmp/PartitionDxe.dll.7VX6V6.ltrans0.ltrans.o
 .text.BaseDebugLibSerialPortConstructor
                0x00000000000011e4       0x84 /tmp/PartitionDxe.dll.7VX6V6.ltrans0.ltrans.o
 .text.FbConFlush
                0x0000000000001268       0x54 /tmp/PartitionDxe.dll.7VX6V6.ltrans0.ltrans.o
 .text.SerialPortWrite
                0x00000000000012bc      0x400 /tmp/PartitionDxe.dll.7VX6V6.ltrans0.ltrans.o
 .text.DebugAssert
                0x00000000000016bc       0x7c /tmp/PartitionDxe.dll.7VX6V6.ltrans0.ltrans.o
 .text.WriteUnaligned16
                0x0000000000001738       0x18 /tmp/PartitionDxe.dll.7VX6V6.ltrans0.ltrans.o
 .text.SetDevicePathNodeLength.constprop.0
                0x0000000000001750        0x8 /tmp/PartitionDxe.dll.7VX6V6.ltrans0.ltrans.o
 .text.ReadUnaligned16
                0x0000000000001758       0x5c /tmp/PartitionDxe.dll.7VX6V6.ltrans0.ltrans.o
 .text.AsciiStrLen
                0x00000000000017b4       0x90 /tmp/PartitionDxe.dll.7VX6V6.ltrans0.ltrans.o
 .text.DevicePathNodeLength
                0x0000000000001844       0x50 /tmp/PartitionDxe.dll.7VX6V6.ltrans0.ltrans.o
 .text.NextDevicePathNode
                0x0000000000001894       0x50 /tmp/PartitionDxe.dll.7VX6V6.ltrans0.ltrans.o
 .text.DevicePathSubType
                0x00000000000018e4       0x48 /tmp/PartitionDxe.dll.7VX6V6.ltrans0.ltrans.o
 .text.DevicePathType
                0x000000000000192c       0x48 /tmp/PartitionDxe.dll.7VX6V6.ltrans0.ltrans.o
 .text.IsDevicePathEnd
                0x0000000000001974       0x94 /tmp/PartitionDxe.dll.7VX6V6.ltrans0.ltrans.o
 .text.IsDevicePathValid.part.0.constprop.0
                0x0000000000001a08       0xbc /tmp/PartitionDxe.dll.7VX6V6.ltrans0.ltrans.o
 .text.UefiDevicePathLibGetDevicePathSize
                0x0000000000001ac4       0x6c /tmp/PartitionDxe.dll.7VX6V6.ltrans0.ltrans.o
 .text.PartitionDriverBindingStart
                0x0000000000001b30      0x304 /tmp/PartitionDxe.dll.7VX6V6.ltrans0.ltrans.o
 .text.PartitionDriverBindingSupported
                0x0000000000001e34      0x188 /tmp/PartitionDxe.dll.7VX6V6.ltrans0.ltrans.o
 .text.DivU64x32
                0x0000000000001fbc       0x40 /tmp/PartitionDxe.dll.7VX6V6.ltrans0.ltrans.o
 .text.DivU64x32Remainder
                0x0000000000001ffc       0x54 /tmp/PartitionDxe.dll.7VX6V6.ltrans0.ltrans.o
 .text.BasePrintLibSPrintMarker.constprop.0
                0x0000000000002050      0xc30 /tmp/PartitionDxe.dll.7VX6V6.ltrans0.ltrans.o
 .text.BasePrintLibSPrint.constprop.0
                0x0000000000002c80       0x98 /tmp/PartitionDxe.dll.7VX6V6.ltrans0.ltrans.o
 .text.AsciiSPrint.constprop.0
                0x0000000000002d18       0xa4 /tmp/PartitionDxe.dll.7VX6V6.ltrans0.ltrans.o
 .text.PartitionReset
                0x0000000000002dbc       0x70 /tmp/PartitionDxe.dll.7VX6V6.ltrans0.ltrans.o
 .text.PartitionReadBlocks
                0x0000000000002e2c       0xf8 /tmp/PartitionDxe.dll.7VX6V6.ltrans0.ltrans.o
 .text.PartitionWriteBlocks
                0x0000000000002f24       0xf8 /tmp/PartitionDxe.dll.7VX6V6.ltrans0.ltrans.o
 .text.PartitionFlushBlocks
                0x000000000000301c       0x68 /tmp/PartitionDxe.dll.7VX6V6.ltrans0.ltrans.o
 .text.PartitionResetEx
                0x0000000000003084       0x70 /tmp/PartitionDxe.dll.7VX6V6.ltrans0.ltrans.o
 .text.DebugPrint
                0x00000000000030f4       0xc8 /tmp/PartitionDxe.dll.7VX6V6.ltrans0.ltrans.o
 .text.FreePool
                0x00000000000031bc       0x7c /tmp/PartitionDxe.dll.7VX6V6.ltrans0.ltrans.o
 .text.PartitionCreateAccessTask
                0x0000000000003238       0x70 /tmp/PartitionDxe.dll.7VX6V6.ltrans0.ltrans.o
 .text.PartitionReadBlocksEx
                0x00000000000032a8      0x184 /tmp/PartitionDxe.dll.7VX6V6.ltrans0.ltrans.o
 .text.PartitionWriteBlocksEx
                0x000000000000342c      0x184 /tmp/PartitionDxe.dll.7VX6V6.ltrans0.ltrans.o
 .text.PartitionFlushBlocksEx
                0x00000000000035b0       0xdc /tmp/PartitionDxe.dll.7VX6V6.ltrans0.ltrans.o
 .text.PartitionOnAccessComplete
                0x000000000000368c       0x4c /tmp/PartitionDxe.dll.7VX6V6.ltrans0.ltrans.o
 .text.CopyMem  0x00000000000036d8       0xa4 /tmp/PartitionDxe.dll.7VX6V6.ltrans0.ltrans.o
 .text.UefiDevicePathLibDuplicateDevicePath
                0x000000000000377c       0x98 /tmp/PartitionDxe.dll.7VX6V6.ltrans0.ltrans.o
 .text.CopyGuid
                0x0000000000003814       0x48 /tmp/PartitionDxe.dll.7VX6V6.ltrans0.ltrans.o
 .text.CompareMem
                0x000000000000385c       0x94 /tmp/PartitionDxe.dll.7VX6V6.ltrans0.ltrans.o
 .text.ZeroMem  0x00000000000038f0       0x74 /tmp/PartitionDxe.dll.7VX6V6.ltrans0.ltrans.o
 .text.AllocateZeroPool
                0x0000000000003964       0x34 /tmp/PartitionDxe.dll.7VX6V6.ltrans0.ltrans.o
 .text.PartitionRestoreGptTable
                0x0000000000003998      0x22c /tmp/PartitionDxe.dll.7VX6V6.ltrans0.ltrans.o
 .text.PartitionValidGptTable
                0x0000000000003bc4      0x388 /tmp/PartitionDxe.dll.7VX6V6.ltrans0.ltrans.o
 .text.PartitionInstallChildHandle
                0x0000000000003f4c      0x414 /tmp/PartitionDxe.dll.7VX6V6.ltrans0.ltrans.o
 .text.PartitionInstallUdfChildHandles
                0x0000000000004360      0xaf8 /tmp/PartitionDxe.dll.7VX6V6.ltrans0.ltrans.o
 .text.PartitionInstallMbrChildHandles
                0x0000000000004e58      0x5d0 /tmp/PartitionDxe.dll.7VX6V6.ltrans0.ltrans.o
 .text.IsZeroGuid
                0x0000000000005428        0x8 /tmp/PartitionDxe.dll.7VX6V6.ltrans0.ltrans.o
 .text.PartitionDriverBindingStop
                0x0000000000005430      0x438 /tmp/PartitionDxe.dll.7VX6V6.ltrans0.ltrans.o
 .text.CompareGuid
                0x0000000000005868       0x60 /tmp/PartitionDxe.dll.7VX6V6.ltrans0.ltrans.o
 .text.PartitionInstallGptChildHandles
                0x00000000000058c8      0x8b8 /tmp/PartitionDxe.dll.7VX6V6.ltrans0.ltrans.o
 .text.__stack_chk_fail
                0x0000000000006180       0x34 /tmp/PartitionDxe.dll.7VX6V6.ltrans0.ltrans.o
                0x0000000000006180                __stack_chk_fail
 .text._ModuleEntryPoint
                0x00000000000061b4      0x2cc /tmp/PartitionDxe.dll.7VX6V6.ltrans0.ltrans.o
                0x00000000000061b4                _ModuleEntryPoint
 .text.memcpy   0x0000000000006480       0x20 /tmp/PartitionDxe.dll.7VX6V6.ltrans0.ltrans.o
                0x0000000000006480                memcpy
 .text          0x00000000000064a0      0x200 /home/osboxes/edk2sdm/edk2_LG_G7_THINQ/workspace/Build/LgG7ThinQPkg/DEBUG_GCC5/AARCH64/MdePkg/Library/BaseMemoryLibOptDxe/BaseMemoryLibOptDxe/OUTPUT/BaseMemoryLibOptDxe.lib(SetMem.obj)
                0x00000000000064a0                InternalMemSetMem16
                0x00000000000064ac                InternalMemSetMem32
                0x00000000000064b8                InternalMemSetMem64
                0x00000000000064c4                InternalMemZeroMem
                0x00000000000064cc                InternalMemSetMem
 .text          0x00000000000066a0      0x218 /home/osboxes/edk2sdm/edk2_LG_G7_THINQ/workspace/Build/LgG7ThinQPkg/DEBUG_GCC5/AARCH64/MdePkg/Library/BaseMemoryLibOptDxe/BaseMemoryLibOptDxe/OUTPUT/BaseMemoryLibOptDxe.lib(CopyMem.obj)
                0x000000000000680c                InternalMemCopyMem
 *fill*         0x00000000000068b8        0x8 
 .text          0x00000000000068c0       0xe0 /home/osboxes/edk2sdm/edk2_LG_G7_THINQ/workspace/Build/LgG7ThinQPkg/DEBUG_GCC5/AARCH64/MdePkg/Library/BaseMemoryLibOptDxe/BaseMemoryLibOptDxe/OUTPUT/BaseMemoryLibOptDxe.lib(CompareMem.obj)
                0x00000000000068c0                InternalMemCompareMem
 .text          0x00000000000069a0       0x20 /home/osboxes/edk2sdm/edk2_LG_G7_THINQ/workspace/Build/LgG7ThinQPkg/DEBUG_GCC5/AARCH64/MdePkg/Library/BaseMemoryLibOptDxe/BaseMemoryLibOptDxe/OUTPUT/BaseMemoryLibOptDxe.lib(CompareGuid.obj)
                0x00000000000069a0                InternalMemCompareGuid
 .text.ArmCacheInfo
                0x00000000000069c0        0x8 /home/osboxes/edk2sdm/edk2_LG_G7_THINQ/workspace/Build/LgG7ThinQPkg/DEBUG_GCC5/AARCH64/ArmPkg/Library/ArmLib/ArmBaseLib/OUTPUT/ArmBaseLib.lib(ArmLibSupport.obj)
                0x00000000000069c0                ArmCacheInfo
 .text.ArmGetInterruptState
                0x00000000000069c8       0x10 /home/osboxes/edk2sdm/edk2_LG_G7_THINQ/workspace/Build/LgG7ThinQPkg/DEBUG_GCC5/AARCH64/ArmPkg/Library/ArmLib/ArmBaseLib/OUTPUT/ArmBaseLib.lib(ArmLibSupport.obj)
                0x00000000000069c8                ArmGetInterruptState
 .text.ArmEnableInterrupts
                0x00000000000069d8        0xc /home/osboxes/edk2sdm/edk2_LG_G7_THINQ/workspace/Build/LgG7ThinQPkg/DEBUG_GCC5/AARCH64/ArmPkg/Library/ArmLib/ArmBaseLib/OUTPUT/ArmBaseLib.lib(ArmLibSupportV8.obj)
                0x00000000000069d8                ArmEnableInterrupts
 .text.ArmDisableInterrupts
                0x00000000000069e4        0xc /home/osboxes/edk2sdm/edk2_LG_G7_THINQ/workspace/Build/LgG7ThinQPkg/DEBUG_GCC5/AARCH64/ArmPkg/Library/ArmLib/ArmBaseLib/OUTPUT/ArmBaseLib.lib(ArmLibSupportV8.obj)
                0x00000000000069e4                ArmDisableInterrupts
 .text.ArmCleanInvalidateDataCacheEntryByMVA
                0x00000000000069f0        0x8 /home/osboxes/edk2sdm/edk2_LG_G7_THINQ/workspace/Build/LgG7ThinQPkg/DEBUG_GCC5/AARCH64/ArmPkg/Library/ArmLib/ArmBaseLib/OUTPUT/ArmBaseLib.lib(AArch64Support.obj)
                0x00000000000069f0                ArmCleanInvalidateDataCacheEntryByMVA
 .text.ArmDataSynchronizationBarrier
                0x00000000000069f8        0x8 /home/osboxes/edk2sdm/edk2_LG_G7_THINQ/workspace/Build/LgG7ThinQPkg/DEBUG_GCC5/AARCH64/ArmPkg/Library/ArmLib/ArmBaseLib/OUTPUT/ArmBaseLib.lib(AArch64Support.obj)
                0x00000000000069f8                ArmDataSynchronizationBarrier
 *(.rodata .rodata.* .gnu.linkonce.r.*)
 .rodata.DebugAssert.str1.1
                0x0000000000006a00       0x25 /tmp/PartitionDxe.dll.7VX6V6.ltrans0.ltrans.o
 .rodata.ReadUnaligned16.str1.1
                0x0000000000006a25       0x59 /tmp/PartitionDxe.dll.7VX6V6.ltrans0.ltrans.o
 .rodata.AsciiStrLen.str1.1
                0x0000000000006a7e       0x8a /tmp/PartitionDxe.dll.7VX6V6.ltrans0.ltrans.o
 .rodata.DevicePathNodeLength.str1.1
                0x0000000000006b08       0x67 /tmp/PartitionDxe.dll.7VX6V6.ltrans0.ltrans.o
 .rodata.DivU64x32.str1.1
                0x0000000000006b6f       0x4b /tmp/PartitionDxe.dll.7VX6V6.ltrans0.ltrans.o
 .rodata.DivU64x32Remainder.str1.1
                0x0000000000006bba       0x47 /tmp/PartitionDxe.dll.7VX6V6.ltrans0.ltrans.o
 .rodata.BasePrintLibSPrintMarker.constprop.0.str1.1
                0x0000000000006c01      0x17a /tmp/PartitionDxe.dll.7VX6V6.ltrans0.ltrans.o
 *fill*         0x0000000000006d7b        0x1 
 .rodata.BasePrintLibSPrintMarker.constprop.0
                0x0000000000006d7c       0x5e /tmp/PartitionDxe.dll.7VX6V6.ltrans0.ltrans.o
 .rodata.PartitionReset.str1.1
                0x0000000000006dda       0x65 /tmp/PartitionDxe.dll.7VX6V6.ltrans0.ltrans.o
 .rodata.FreePool.str1.1
                0x0000000000006e3f       0x8d /tmp/PartitionDxe.dll.7VX6V6.ltrans0.ltrans.o
 .rodata.CopyMem.str1.1
                0x0000000000006ecc       0xd0 /tmp/PartitionDxe.dll.7VX6V6.ltrans0.ltrans.o
 .rodata.UefiDevicePathLibDuplicateDevicePath.str1.1
                0x0000000000006f9c       0x3f /tmp/PartitionDxe.dll.7VX6V6.ltrans0.ltrans.o
 .rodata.CopyGuid.str1.1
                0x0000000000006fdb       0x6a /tmp/PartitionDxe.dll.7VX6V6.ltrans0.ltrans.o
 .rodata.CompareMem.str1.1
                0x0000000000007045       0x52 /tmp/PartitionDxe.dll.7VX6V6.ltrans0.ltrans.o
 .rodata.ZeroMem.str1.1
                0x0000000000007097       0x85 /tmp/PartitionDxe.dll.7VX6V6.ltrans0.ltrans.o
 .rodata.PartitionRestoreGptTable.str1.1
                0x000000000000711c       0x16 /tmp/PartitionDxe.dll.7VX6V6.ltrans0.ltrans.o
                                         0x2b (size before relaxing)
 .rodata.PartitionValidGptTable.str1.1
                0x0000000000007132       0xd2 /tmp/PartitionDxe.dll.7VX6V6.ltrans0.ltrans.o
 .rodata.PartitionInstallChildHandle.str1.1
                0x0000000000007204       0x28 /tmp/PartitionDxe.dll.7VX6V6.ltrans0.ltrans.o
 .rodata.PartitionInstallUdfChildHandles.str1.1
                0x000000000000722c      0x1f1 /tmp/PartitionDxe.dll.7VX6V6.ltrans0.ltrans.o
 *fill*         0x000000000000741d        0x3 
 .rodata.PartitionInstallUdfChildHandles
                0x0000000000007420       0x10 /tmp/PartitionDxe.dll.7VX6V6.ltrans0.ltrans.o
 .rodata.PartitionInstallMbrChildHandles.str1.1
                0x0000000000007430       0x49 /tmp/PartitionDxe.dll.7VX6V6.ltrans0.ltrans.o
 .rodata.PartitionDriverBindingStop.str1.1
                0x0000000000007479       0x6a /tmp/PartitionDxe.dll.7VX6V6.ltrans0.ltrans.o
 .rodata.CompareGuid.str1.1
                0x00000000000074e3       0x2c /tmp/PartitionDxe.dll.7VX6V6.ltrans0.ltrans.o
 .rodata.PartitionInstallGptChildHandles.str1.1
                0x000000000000750f      0x2c3 /tmp/PartitionDxe.dll.7VX6V6.ltrans0.ltrans.o
                                        0x2e2 (size before relaxing)
 .rodata.__stack_chk_fail.str1.1
                0x00000000000077d2       0x2e /tmp/PartitionDxe.dll.7VX6V6.ltrans0.ltrans.o
 .rodata._ModuleEntryPoint.str1.1
                0x0000000000007800      0x279 /tmp/PartitionDxe.dll.7VX6V6.ltrans0.ltrans.o
 .rodata.str1.1
                0x0000000000007a79      0x22f /tmp/PartitionDxe.dll.7VX6V6.ltrans0.ltrans.o
                                        0x240 (size before relaxing)
 .rodata.__FUNCTION__.12887
                0x0000000000007ca8       0x22 /tmp/PartitionDxe.dll.7VX6V6.ltrans0.ltrans.o
 .rodata.mHexStr
                0x0000000000007cca       0x10 /tmp/PartitionDxe.dll.7VX6V6.ltrans0.ltrans.o
 *fill*         0x0000000000007cda        0x6 
 .rodata.mStatusString
                0x0000000000007ce0      0x138 /tmp/PartitionDxe.dll.7VX6V6.ltrans0.ltrans.o
 .rodata.mUefiDevicePathLibEndDevicePath
                0x0000000000007e18        0x4 /tmp/PartitionDxe.dll.7VX6V6.ltrans0.ltrans.o
 *(.got .got.*)
 *fill*         0x0000000000007e1c        0x4 
 .got           0x0000000000007e20        0x8 /home/osboxes/edk2sdm/edk2/ArmPkg/Library/GccLto/liblto-aarch64.a
                0x0000000000007e20                _GLOBAL_OFFSET_TABLE_
 .got.plt       0x0000000000007e28       0x18 /home/osboxes/edk2sdm/edk2/ArmPkg/Library/GccLto/liblto-aarch64.a
 *:AutoGen.obj(.data.g*Guid)

.plt            0x0000000000007e40        0x0
 .plt           0x0000000000007e40        0x0 /home/osboxes/edk2sdm/edk2/ArmPkg/Library/GccLto/liblto-aarch64.a

.data           0x0000000000008000      0x470
 *(.data .data.* .gnu.linkonce.d.*)
 .data.rel.ro   0x0000000000008000        0x0 /home/osboxes/edk2sdm/edk2/ArmPkg/Library/GccLto/liblto-aarch64.a
 .data.__stack_chk_guard
                0x0000000000008000        0x8 /tmp/PartitionDxe.dll.7VX6V6.ltrans0.ltrans.o
                0x0000000000008000                __stack_chk_guard
 .data.font5x12
                0x0000000000008008      0x300 /tmp/PartitionDxe.dll.7VX6V6.ltrans0.ltrans.o
 .data.gEfiBlockIo2ProtocolGuid
                0x0000000000008308       0x10 /tmp/PartitionDxe.dll.7VX6V6.ltrans0.ltrans.o
 .data.gEfiBlockIoProtocolGuid
                0x0000000000008318       0x10 /tmp/PartitionDxe.dll.7VX6V6.ltrans0.ltrans.o
 .data.gEfiDevicePathProtocolGuid
                0x0000000000008328       0x10 /tmp/PartitionDxe.dll.7VX6V6.ltrans0.ltrans.o
 .data.gEfiDiskIo2ProtocolGuid
                0x0000000000008338       0x10 /tmp/PartitionDxe.dll.7VX6V6.ltrans0.ltrans.o
 .data.gEfiDiskIoProtocolGuid
                0x0000000000008348       0x10 /tmp/PartitionDxe.dll.7VX6V6.ltrans0.ltrans.o
 .data.gEfiDriverBindingProtocolGuid
                0x0000000000008358       0x10 /tmp/PartitionDxe.dll.7VX6V6.ltrans0.ltrans.o
 .data.gEfiHobListGuid
                0x0000000000008368       0x10 /tmp/PartitionDxe.dll.7VX6V6.ltrans0.ltrans.o
 .data.gEfiPartTypeSystemPartGuid
                0x0000000000008378       0x10 /tmp/PartitionDxe.dll.7VX6V6.ltrans0.ltrans.o
 .data.gEfiPartitionInfoProtocolGuid
                0x0000000000008388       0x10 /tmp/PartitionDxe.dll.7VX6V6.ltrans0.ltrans.o
 .data.gPartitionDriverBinding
                0x0000000000008398       0x30 /tmp/PartitionDxe.dll.7VX6V6.ltrans0.ltrans.o
 .data.gUdfDevicePath
                0x00000000000083c8       0x18 /tmp/PartitionDxe.dll.7VX6V6.ltrans0.ltrans.o
 .data.mPartitionDetectRoutineTable
                0x00000000000083e0       0x20 /tmp/PartitionDxe.dll.7VX6V6.ltrans0.ltrans.o
 *(.bss .bss.*)
 .bss.gBS       0x0000000000008400        0x8 /tmp/PartitionDxe.dll.7VX6V6.ltrans0.ltrans.o
 .bss.gEfiPartTypeUnusedGuid
                0x0000000000008408       0x10 /tmp/PartitionDxe.dll.7VX6V6.ltrans0.ltrans.o
 .bss.gImageHandle
                0x0000000000008418        0x8 /tmp/PartitionDxe.dll.7VX6V6.ltrans0.ltrans.o
 .bss.gRT       0x0000000000008420        0x8 /tmp/PartitionDxe.dll.7VX6V6.ltrans0.ltrans.o
 .bss.gST       0x0000000000008428        0x8 /tmp/PartitionDxe.dll.7VX6V6.ltrans0.ltrans.o
 .bss.mHobList  0x0000000000008430        0x8 /tmp/PartitionDxe.dll.7VX6V6.ltrans0.ltrans.o
 .bss.m_Color   0x0000000000008438       0x10 /tmp/PartitionDxe.dll.7VX6V6.ltrans0.ltrans.o
 .bss.m_Initialized
                0x0000000000008448        0x1 /tmp/PartitionDxe.dll.7VX6V6.ltrans0.ltrans.o
 *fill*         0x0000000000008449        0x7 
 .bss.m_MaxPosition
                0x0000000000008450       0x10 /tmp/PartitionDxe.dll.7VX6V6.ltrans0.ltrans.o
 .bss.m_Position
                0x0000000000008460       0x10 /tmp/PartitionDxe.dll.7VX6V6.ltrans0.ltrans.o

.dynbss         0x0000000000008470        0x0
 .dynbss        0x0000000000008470        0x0 /home/osboxes/edk2sdm/edk2/ArmPkg/Library/GccLto/liblto-aarch64.a

.eh_frame
 *(.eh_frame)

.rela           0x0000000000008470      0x438
 *(.rela .rela.*)
 .rela.got      0x0000000000008470        0x0 /home/osboxes/edk2sdm/edk2/ArmPkg/Library/GccLto/liblto-aarch64.a
 .rela.plt      0x0000000000008470        0x0 /home/osboxes/edk2sdm/edk2/ArmPkg/Library/GccLto/liblto-aarch64.a
 .rela.bss      0x0000000000008470        0x0 /home/osboxes/edk2sdm/edk2/ArmPkg/Library/GccLto/liblto-aarch64.a
 .rela.data.rel.ro
                0x0000000000008470        0x0 /home/osboxes/edk2sdm/edk2/ArmPkg/Library/GccLto/liblto-aarch64.a
 .rela.ifunc    0x0000000000008470        0x0 /home/osboxes/edk2sdm/edk2/ArmPkg/Library/GccLto/liblto-aarch64.a
 .rela.data.gPartitionDriverBinding
                0x0000000000008470       0x48 /home/osboxes/edk2sdm/edk2/ArmPkg/Library/GccLto/liblto-aarch64.a
 .rela.data.mPartitionDetectRoutineTable
                0x00000000000084b8       0x48 /home/osboxes/edk2sdm/edk2/ArmPkg/Library/GccLto/liblto-aarch64.a
 .rela.rodata.mStatusString
                0x0000000000008500      0x3a8 /home/osboxes/edk2sdm/edk2/ArmPkg/Library/GccLto/liblto-aarch64.a

.hii
 *(.hii)

.build-id       0x00000000000088a8       0x24
 *(.note.gnu.build-id)
 .note.gnu.build-id
                0x00000000000088a8       0x24 /home/osboxes/edk2sdm/edk2/ArmPkg/Library/GccLto/liblto-aarch64.a

/DISCARD/
 *(.note.GNU-stack)
 *(.gnu_debuglink)
 *(.interp)
 *(.dynsym)
 *(.dynstr)
 *(.dynamic)
 *(.hash .gnu.hash)
 *(.comment)
 *(COMMON)
                0x0000000000000228                PECOFF_HEADER_SIZE = 0x228
OUTPUT(/home/osboxes/edk2sdm/edk2_LG_G7_THINQ/workspace/Build/LgG7ThinQPkg/DEBUG_GCC5/AARCH64/MdeModulePkg/Universal/Disk/PartitionDxe/PartitionDxe/DEBUG/PartitionDxe.dll elf64-littleaarch64)

.debug_info     0x0000000000000000    0x34765
 .debug_info    0x0000000000000000     0x6f96 /tmp/PartitionDxe.dll.7VX6V6.ltrans0.ltrans.o
 .debug_info    0x0000000000006f96      0x289 /tmp/ccupQzx4.debug.temp.o
                0x0000000000006f96                memcpy.c.ac51164e
 .debug_info    0x000000000000721f      0x23a /tmp/ccFOWTO2.debug.temp.o
                0x000000000000721f                memset.c.8ec109bf
 .debug_info    0x0000000000007459     0x1b08 /tmp/ccqqzpD4.debug.temp.o
                0x0000000000007459                DriverEntryPoint.c.3644824c
 .debug_info    0x0000000000008f61      0x239 /tmp/ccdqznV6.debug.temp.o
                0x0000000000008f61                BaseStackCheckGcc.c.4aa6e768
 .debug_info    0x000000000000919a     0x1e91 /tmp/ccUD9mF6.debug.temp.o
                0x000000000000919a                AutoGen.c.5bfc4fcb
 .debug_info    0x000000000000b02b     0x3e12 /tmp/ccEaxUx2.debug.temp.o
                0x000000000000b02b                Partition.c.e0ae3647
 .debug_info    0x000000000000ee3d     0x1e3d /tmp/cc1IAHB5.debug.temp.o
                0x000000000000ee3d                ComponentName.c.163cc788
 .debug_info    0x0000000000010c7a     0x2633 /tmp/cc40tM73.debug.temp.o
                0x0000000000010c7a                Mbr.c.b8755c3c
 .debug_info    0x00000000000132ad     0x299d /tmp/ccr6nDV4.debug.temp.o
                0x00000000000132ad                Gpt.c.fe2586b3
 .debug_info    0x0000000000015c4a     0x2df5 /tmp/cc9wsCO6.debug.temp.o
                0x0000000000015c4a                Udf.c.5e444ec7
 .debug_info    0x0000000000018a3f     0x285b /tmp/ccU3jT22.debug.temp.o
                0x0000000000018a3f                ElTorito.c.ac731577
 .debug_info    0x000000000001b29a      0x27c /tmp/ccxCrMR5.debug.temp.o
                0x000000000001b29a                MultU64x32.c.a60a70b0
 .debug_info    0x000000000001b516      0x286 /tmp/ccPHYE53.debug.temp.o
                0x000000000001b516                DivU64x32Remainder.c.beb2337e
 .debug_info    0x000000000001b79c      0x270 /tmp/ccDDnAm4.debug.temp.o
                0x000000000001b79c                DivU64x32.c.3c4a3aa9
 .debug_info    0x000000000001ba0c      0x271 /tmp/ccYtWKC2.debug.temp.o
                0x000000000001ba0c                CpuDeadLoop.c.3ad87459
 .debug_info    0x000000000001bc7d      0x4dd /tmp/ccIUiIY5.debug.temp.o
                0x000000000001bc7d                Math64.c.af0a6910
 .debug_info    0x000000000001c15a      0x2cf /tmp/cc7rjk23.debug.temp.o
                0x000000000001c15a                MemLibGuid.c.d7eaf245
 .debug_info    0x000000000001c429      0x22c /tmp/ccmrweL5.debug.temp.o
                0x000000000001c429                ZeroMemWrapper.c.6f42efc0
 .debug_info    0x000000000001c655      0x259 /tmp/ccHTFiS3.debug.temp.o
                0x000000000001c655                CompareMemWrapper.c.f79fdd95
 .debug_info    0x000000000001c8ae      0x243 /tmp/ccw9M8P6.debug.temp.o
                0x000000000001c8ae                CopyMemWrapper.c.cd65deea
 .debug_info    0x000000000001caf1      0x497 /tmp/cc7fJo06.debug.temp.o
                0x000000000001caf1                DebugLib.c.591ccce6
 .debug_info    0x000000000001cf88     0x1e91 /tmp/cc99iVX3.debug.temp.o
                0x000000000001cf88                MemoryAllocationLib.c.a2d00db7
 .debug_info    0x000000000001ee19     0x1963 /tmp/cc7IAlu5.debug.temp.o
                0x000000000001ee19                UefiRuntimeServicesTableLib.c.88072e97
 .debug_info    0x000000000002077c     0x1992 /tmp/ccuDzyx2.debug.temp.o
                0x000000000002077c                UefiBootServicesTableLib.c.92588772
 .debug_info    0x000000000002210e     0x1e7f /tmp/ccD1wCl6.debug.temp.o
                0x000000000002210e                DevicePathUtilities.c.fef08b13
 .debug_info    0x0000000000023f8d     0x1baf /tmp/cci6N7v4.debug.temp.o
                0x0000000000023f8d                UefiDevicePathLib.c.6322971b
 .debug_info    0x0000000000025b3c     0x3e07 /tmp/ccJA7912.debug.temp.o
                0x0000000000025b3c                DevicePathToText.c.c6515919
 .debug_info    0x0000000000029943     0x23b8 /tmp/ccTBFEv5.debug.temp.o
                0x0000000000029943                UefiDriverModel.c.46549fbd
 .debug_info    0x000000000002bcfb     0x2896 /tmp/cc7FeLK6.debug.temp.o
                0x000000000002bcfb                UefiLib.c.da6b9c27
 .debug_info    0x000000000002e591     0x23af /tmp/ccq3nfI5.debug.temp.o
                0x000000000002e591                HobLib.c.b8181337
 .debug_info    0x0000000000030940      0xe6f /tmp/ccpiAEI3.debug.temp.o
                0x0000000000030940                SafeString.c.d1dc06bd
 .debug_info    0x00000000000317af      0xafd /tmp/ccYpjSl3.debug.temp.o
                0x00000000000317af                String.c.eb1c6b13
 .debug_info    0x00000000000322ac      0x3de /tmp/ccTWSIa3.debug.temp.o
                0x00000000000322ac                Unaligned.c.38eb62ad
 .debug_info    0x000000000003268a      0x23f /tmp/ccJcw232.debug.temp.o
                0x000000000003268a                BaseDebugPrintErrorLevelLib.c.2b56c7ea
 .debug_info    0x00000000000328c9      0x7cd /tmp/ccR98GZ5.debug.temp.o
                0x00000000000328c9                PrintLib.c.15de9dce
 .debug_info    0x0000000000033096      0x824 /tmp/ccMObBR2.debug.temp.o
                0x0000000000033096                PrintLibInternal.c.b784bb0b
 .debug_info    0x00000000000338ba      0x89c /tmp/ccL9fdl6.debug.temp.o
                0x00000000000338ba                FrameBufferSerialPortLib.c.96e2c406
 .debug_info    0x0000000000034156      0x345 /tmp/cccOPOG6.debug.temp.o
                0x0000000000034156                ArmCacheMaintenanceLib.c.a5bfab8a
 .debug_info    0x000000000003449b      0x2ca /tmp/ccpphVA3.debug.temp.o
                0x000000000003449b                ArmLib.c.9f426467

.debug_abbrev   0x0000000000000000     0x3f90
 .debug_abbrev  0x0000000000000000      0x2d3 /tmp/PartitionDxe.dll.7VX6V6.ltrans0.ltrans.o
 .debug_abbrev  0x00000000000002d3       0xfd /tmp/ccupQzx4.debug.temp.o
 .debug_abbrev  0x00000000000003d0       0xcf /tmp/ccFOWTO2.debug.temp.o
 .debug_abbrev  0x000000000000049f      0x1e9 /tmp/ccqqzpD4.debug.temp.o
 .debug_abbrev  0x0000000000000688       0xd6 /tmp/ccdqznV6.debug.temp.o
 .debug_abbrev  0x000000000000075e      0x236 /tmp/ccUD9mF6.debug.temp.o
 .debug_abbrev  0x0000000000000994      0x2e8 /tmp/ccEaxUx2.debug.temp.o
 .debug_abbrev  0x0000000000000c7c      0x1f8 /tmp/cc1IAHB5.debug.temp.o
 .debug_abbrev  0x0000000000000e74      0x25b /tmp/cc40tM73.debug.temp.o
 .debug_abbrev  0x00000000000010cf      0x293 /tmp/ccr6nDV4.debug.temp.o
 .debug_abbrev  0x0000000000001362      0x291 /tmp/cc9wsCO6.debug.temp.o
 .debug_abbrev  0x00000000000015f3      0x21a /tmp/ccU3jT22.debug.temp.o
 .debug_abbrev  0x000000000000180d       0xcf /tmp/ccxCrMR5.debug.temp.o
 .debug_abbrev  0x00000000000018dc       0xc2 /tmp/ccPHYE53.debug.temp.o
 .debug_abbrev  0x000000000000199e       0xc0 /tmp/ccDDnAm4.debug.temp.o
 .debug_abbrev  0x0000000000001a5e       0xc5 /tmp/ccYtWKC2.debug.temp.o
 .debug_abbrev  0x0000000000001b23      0x108 /tmp/ccIUiIY5.debug.temp.o
 .debug_abbrev  0x0000000000001c2b       0xdd /tmp/cc7rjk23.debug.temp.o
 .debug_abbrev  0x0000000000001d08       0xc0 /tmp/ccmrweL5.debug.temp.o
 .debug_abbrev  0x0000000000001dc8       0xc0 /tmp/ccHTFiS3.debug.temp.o
 .debug_abbrev  0x0000000000001e88       0xc7 /tmp/ccw9M8P6.debug.temp.o
 .debug_abbrev  0x0000000000001f4f      0x165 /tmp/cc7fJo06.debug.temp.o
 .debug_abbrev  0x00000000000020b4      0x242 /tmp/cc99iVX3.debug.temp.o
 .debug_abbrev  0x00000000000022f6      0x1c3 /tmp/cc7IAlu5.debug.temp.o
 .debug_abbrev  0x00000000000024b9      0x1dd /tmp/ccuDzyx2.debug.temp.o
 .debug_abbrev  0x0000000000002696      0x240 /tmp/ccD1wCl6.debug.temp.o
 .debug_abbrev  0x00000000000028d6      0x1fe /tmp/cci6N7v4.debug.temp.o
 .debug_abbrev  0x0000000000002ad4      0x2ca /tmp/ccJA7912.debug.temp.o
 .debug_abbrev  0x0000000000002d9e      0x21c /tmp/ccTBFEv5.debug.temp.o
 .debug_abbrev  0x0000000000002fba      0x267 /tmp/cc7FeLK6.debug.temp.o
 .debug_abbrev  0x0000000000003221      0x25a /tmp/ccq3nfI5.debug.temp.o
 .debug_abbrev  0x000000000000347b      0x12d /tmp/ccpiAEI3.debug.temp.o
 .debug_abbrev  0x00000000000035a8      0x135 /tmp/ccYpjSl3.debug.temp.o
 .debug_abbrev  0x00000000000036dd       0xd8 /tmp/ccTWSIa3.debug.temp.o
 .debug_abbrev  0x00000000000037b5       0xd5 /tmp/ccJcw232.debug.temp.o
 .debug_abbrev  0x000000000000388a      0x150 /tmp/ccR98GZ5.debug.temp.o
 .debug_abbrev  0x00000000000039da      0x181 /tmp/ccMObBR2.debug.temp.o
 .debug_abbrev  0x0000000000003b5b      0x224 /tmp/ccL9fdl6.debug.temp.o
 .debug_abbrev  0x0000000000003d7f      0x101 /tmp/cccOPOG6.debug.temp.o
 .debug_abbrev  0x0000000000003e80      0x110 /tmp/ccpphVA3.debug.temp.o

.debug_loc      0x0000000000000000     0xd1d9
 .debug_loc     0x0000000000000000     0xd1d9 /tmp/PartitionDxe.dll.7VX6V6.ltrans0.ltrans.o

.debug_aranges  0x0000000000000000      0x480
 .debug_aranges
                0x0000000000000000      0x480 /tmp/PartitionDxe.dll.7VX6V6.ltrans0.ltrans.o

.debug_ranges   0x0000000000000000     0x14c0
 .debug_ranges  0x0000000000000000     0x14c0 /tmp/PartitionDxe.dll.7VX6V6.ltrans0.ltrans.o

.debug_line     0x0000000000000000     0xa8b1
 .debug_line    0x0000000000000000     0x4724 /tmp/PartitionDxe.dll.7VX6V6.ltrans0.ltrans.o
 .debug_line    0x0000000000004724      0x188 /tmp/ccupQzx4.debug.temp.o
 .debug_line    0x00000000000048ac      0x188 /tmp/ccFOWTO2.debug.temp.o
 .debug_line    0x0000000000004a34      0x352 /tmp/ccqqzpD4.debug.temp.o
 .debug_line    0x0000000000004d86      0x187 /tmp/ccdqznV6.debug.temp.o
 .debug_line    0x0000000000004f0d      0x2f6 /tmp/ccUD9mF6.debug.temp.o
 .debug_line    0x0000000000005203      0x435 /tmp/ccEaxUx2.debug.temp.o
 .debug_line    0x0000000000005638      0x39f /tmp/cc1IAHB5.debug.temp.o
 .debug_line    0x00000000000059d7      0x420 /tmp/cc40tM73.debug.temp.o
 .debug_line    0x0000000000005df7      0x420 /tmp/ccr6nDV4.debug.temp.o
 .debug_line    0x0000000000006217      0x437 /tmp/cc9wsCO6.debug.temp.o
 .debug_line    0x000000000000664e      0x433 /tmp/ccU3jT22.debug.temp.o
 .debug_line    0x0000000000006a81      0x162 /tmp/ccxCrMR5.debug.temp.o
 .debug_line    0x0000000000006be3      0x16a /tmp/ccPHYE53.debug.temp.o
 .debug_line    0x0000000000006d4d      0x161 /tmp/ccDDnAm4.debug.temp.o
 .debug_line    0x0000000000006eae      0x163 /tmp/ccYtWKC2.debug.temp.o
 .debug_line    0x0000000000007011      0x15e /tmp/ccIUiIY5.debug.temp.o
 .debug_line    0x000000000000716f      0x18a /tmp/cc7rjk23.debug.temp.o
 .debug_line    0x00000000000072f9      0x18a /tmp/ccmrweL5.debug.temp.o
 .debug_line    0x0000000000007483      0x18d /tmp/ccHTFiS3.debug.temp.o
 .debug_line    0x0000000000007610      0x18a /tmp/ccw9M8P6.debug.temp.o
 .debug_line    0x000000000000779a      0x21d /tmp/cc7fJo06.debug.temp.o
 .debug_line    0x00000000000079b7      0x333 /tmp/cc99iVX3.debug.temp.o
 .debug_line    0x0000000000007cea      0x2f7 /tmp/cc7IAlu5.debug.temp.o
 .debug_line    0x0000000000007fe1      0x33b /tmp/ccuDzyx2.debug.temp.o
 .debug_line    0x000000000000831c      0x377 /tmp/ccD1wCl6.debug.temp.o
 .debug_line    0x0000000000008693      0x375 /tmp/cci6N7v4.debug.temp.o
 .debug_line    0x0000000000008a08      0x3e3 /tmp/ccJA7912.debug.temp.o
 .debug_line    0x0000000000008deb      0x3eb /tmp/ccTBFEv5.debug.temp.o
 .debug_line    0x00000000000091d6      0x378 /tmp/cc7FeLK6.debug.temp.o
 .debug_line    0x000000000000954e      0x3cc /tmp/ccq3nfI5.debug.temp.o
 .debug_line    0x000000000000991a      0x162 /tmp/ccpiAEI3.debug.temp.o
 .debug_line    0x0000000000009a7c      0x15e /tmp/ccYpjSl3.debug.temp.o
 .debug_line    0x0000000000009bda      0x165 /tmp/ccTWSIa3.debug.temp.o
 .debug_line    0x0000000000009d3f      0x1af /tmp/ccJcw232.debug.temp.o
 .debug_line    0x0000000000009eee      0x17d /tmp/ccR98GZ5.debug.temp.o
 .debug_line    0x000000000000a06b      0x19b /tmp/ccMObBR2.debug.temp.o
 .debug_line    0x000000000000a206      0x373 /tmp/ccL9fdl6.debug.temp.o
 .debug_line    0x000000000000a579      0x1d9 /tmp/cccOPOG6.debug.temp.o
 .debug_line    0x000000000000a752      0x15f /tmp/ccpphVA3.debug.temp.o

.debug_str      0x0000000000000000     0x82a9
 .debug_str     0x0000000000000000      0x322 /tmp/PartitionDxe.dll.7VX6V6.ltrans0.ltrans.o
                                        0x329 (size before relaxing)
 .debug_str     0x0000000000000322      0x435 /tmp/ccupQzx4.debug.temp.o
                                        0x4a4 (size before relaxing)
 .debug_str     0x0000000000000757       0x52 /tmp/ccFOWTO2.debug.temp.o
                                        0x498 (size before relaxing)
 .debug_str     0x00000000000007a9     0x1487 /tmp/ccqqzpD4.debug.temp.o
                                       0x17e6 (size before relaxing)
 .debug_str     0x0000000000001c30      0x12d /tmp/ccdqznV6.debug.temp.o
                                        0x505 (size before relaxing)
 .debug_str     0x0000000000001d5d      0x811 /tmp/ccUD9mF6.debug.temp.o
                                       0x1ef2 (size before relaxing)
 .debug_str     0x000000000000256e     0x1055 /tmp/ccEaxUx2.debug.temp.o
                                       0x2da1 (size before relaxing)
 .debug_str     0x00000000000035c3       0xd3 /tmp/cc1IAHB5.debug.temp.o
                                       0x1d37 (size before relaxing)
 .debug_str     0x0000000000003696      0x120 /tmp/cc40tM73.debug.temp.o
                                       0x225c (size before relaxing)
 .debug_str     0x00000000000037b6      0x28c /tmp/ccr6nDV4.debug.temp.o
                                       0x241b (size before relaxing)
 .debug_str     0x0000000000003a42      0x79c /tmp/cc9wsCO6.debug.temp.o
                                       0x28d8 (size before relaxing)
 .debug_str     0x00000000000041de      0x147 /tmp/ccU3jT22.debug.temp.o
                                       0x22eb (size before relaxing)
 .debug_str     0x0000000000004325       0xd4 /tmp/ccxCrMR5.debug.temp.o
                                        0x59b (size before relaxing)
 .debug_str     0x00000000000043f9       0x6b /tmp/ccPHYE53.debug.temp.o
                                        0x5a7 (size before relaxing)
 .debug_str     0x0000000000004464       0x3e /tmp/ccDDnAm4.debug.temp.o
                                        0x58b (size before relaxing)
 .debug_str     0x00000000000044a2       0x4c /tmp/ccYtWKC2.debug.temp.o
                                        0x58a (size before relaxing)
 .debug_str     0x00000000000044ee      0x18c /tmp/ccIUiIY5.debug.temp.o
                                        0x708 (size before relaxing)
 .debug_str     0x000000000000467a      0x129 /tmp/cc7rjk23.debug.temp.o
                                        0x503 (size before relaxing)
 .debug_str     0x00000000000047a3       0x4f /tmp/ccmrweL5.debug.temp.o
                                        0x4ae (size before relaxing)
 .debug_str     0x00000000000047f2       0x71 /tmp/ccHTFiS3.debug.temp.o
                                        0x4d7 (size before relaxing)
 .debug_str     0x0000000000004863       0x4f /tmp/ccw9M8P6.debug.temp.o
                                        0x4c6 (size before relaxing)
 .debug_str     0x00000000000048b2      0x25a /tmp/cc7fJo06.debug.temp.o
                                        0x6f9 (size before relaxing)
 .debug_str     0x0000000000004b0c      0x319 /tmp/cc99iVX3.debug.temp.o
                                       0x192f (size before relaxing)
 .debug_str     0x0000000000004e25      0x129 /tmp/cc7IAlu5.debug.temp.o
                                       0x16c5 (size before relaxing)
 .debug_str     0x0000000000004f4e      0x11a /tmp/ccuDzyx2.debug.temp.o
                                       0x16c3 (size before relaxing)
 .debug_str     0x0000000000005068      0x439 /tmp/ccD1wCl6.debug.temp.o
                                       0x1af8 (size before relaxing)
 .debug_str     0x00000000000054a1       0xb9 /tmp/cci6N7v4.debug.temp.o
                                       0x192e (size before relaxing)
 .debug_str     0x000000000000555a      0x6ed /tmp/ccJA7912.debug.temp.o
                                       0x2742 (size before relaxing)
 .debug_str     0x0000000000005c47      0x66d /tmp/ccTBFEv5.debug.temp.o
                                       0x2200 (size before relaxing)
 .debug_str     0x00000000000062b4      0x5d4 /tmp/cc7FeLK6.debug.temp.o
                                       0x21f9 (size before relaxing)
 .debug_str     0x0000000000006888      0x5fb /tmp/ccq3nfI5.debug.temp.o
                                       0x1d69 (size before relaxing)
 .debug_str     0x0000000000006e83      0x2ba /tmp/ccpiAEI3.debug.temp.o
                                        0x949 (size before relaxing)
 .debug_str     0x000000000000713d      0x30c /tmp/ccYpjSl3.debug.temp.o
                                        0x96b (size before relaxing)
 .debug_str     0x0000000000007449       0xdb /tmp/ccTWSIa3.debug.temp.o
                                        0x631 (size before relaxing)
 .debug_str     0x0000000000007524      0x132 /tmp/ccJcw232.debug.temp.o
                                        0x536 (size before relaxing)
 .debug_str     0x0000000000007656      0x25c /tmp/ccR98GZ5.debug.temp.o
                                        0x720 (size before relaxing)
 .debug_str     0x00000000000078b2      0x211 /tmp/ccMObBR2.debug.temp.o
                                        0x854 (size before relaxing)
 .debug_str     0x0000000000007ac3      0x4a8 /tmp/ccL9fdl6.debug.temp.o
                                        0xbe8 (size before relaxing)
 .debug_str     0x0000000000007f6b      0x1f8 /tmp/cccOPOG6.debug.temp.o
                                        0x600 (size before relaxing)
 .debug_str     0x0000000000008163      0x146 /tmp/ccpphVA3.debug.temp.o
                                        0x51c (size before relaxing)

.debug_frame    0x0000000000000000      0xdc8
 .debug_frame   0x0000000000000000      0xdc8 /tmp/PartitionDxe.dll.7VX6V6.ltrans0.ltrans.o
