Archive member included to satisfy reference by file (symbol)

/home/osboxes/edk2sdm/edk2_LG_G7_THINQ/workspace/Build/LgG7ThinQPkg/DEBUG_GCC5/AARCH64/ArmPkg/Library/CompilerIntrinsicsLib/CompilerIntrinsicsLib/OUTPUT/CompilerIntrinsicsLib.lib(memcpy.obj)
                              /home/osboxes/edk2sdm/edk2/ArmPkg/Library/GccLto/liblto-aarch64.a (memcpy)
/home/osboxes/edk2sdm/edk2_LG_G7_THINQ/workspace/Build/LgG7ThinQPkg/DEBUG_GCC5/AARCH64/ArmPkg/Library/CompilerIntrinsicsLib/CompilerIntrinsicsLib/OUTPUT/CompilerIntrinsicsLib.lib(memset.obj)
                              /home/osboxes/edk2sdm/edk2/ArmPkg/Library/GccLto/liblto-aarch64.a (memset)
/home/osboxes/edk2sdm/edk2_LG_G7_THINQ/workspace/Build/LgG7ThinQPkg/DEBUG_GCC5/AARCH64/MdePkg/Library/UefiDriverEntryPoint/UefiDriverEntryPoint/OUTPUT/UefiDriverEntryPoint.lib(DriverEntryPoint.obj)
                              (_ModuleEntryPoint)
/home/osboxes/edk2sdm/edk2_LG_G7_THINQ/workspace/Build/LgG7ThinQPkg/DEBUG_GCC5/AARCH64/MdePkg/Library/BaseStackCheckLib/BaseStackCheckLib/OUTPUT/BaseStackCheckLib.lib(BaseStackCheckGcc.obj)
                              /home/osboxes/edk2sdm/edk2/ArmPkg/Library/GccLto/liblto-aarch64.a (__stack_chk_fail)
/home/osboxes/edk2sdm/edk2_LG_G7_THINQ/workspace/Build/LgG7ThinQPkg/DEBUG_GCC5/AARCH64/MdeModulePkg/Universal/SetupBrowserDxe/SetupBrowserDxe/OUTPUT/SetupBrowser.lib(AutoGen.obj)
                              DriverEntryPoint.obj (symbol from plugin) (ProcessLibraryConstructorList)
/home/osboxes/edk2sdm/edk2_LG_G7_THINQ/workspace/Build/LgG7ThinQPkg/DEBUG_GCC5/AARCH64/MdeModulePkg/Universal/SetupBrowserDxe/SetupBrowserDxe/OUTPUT/SetupBrowser.lib(Setup.obj)
                              AutoGen.obj (symbol from plugin) (InitializeSetup)
/home/osboxes/edk2sdm/edk2_LG_G7_THINQ/workspace/Build/LgG7ThinQPkg/DEBUG_GCC5/AARCH64/MdeModulePkg/Universal/SetupBrowserDxe/SetupBrowserDxe/OUTPUT/SetupBrowser.lib(IfrParse.obj)
                              Setup.obj (symbol from plugin) (GetFstStgFromVarId)
/home/osboxes/edk2sdm/edk2_LG_G7_THINQ/workspace/Build/LgG7ThinQPkg/DEBUG_GCC5/AARCH64/MdeModulePkg/Universal/SetupBrowserDxe/SetupBrowserDxe/OUTPUT/SetupBrowser.lib(Expression.obj)
                              IfrParse.obj (symbol from plugin) (ResetCurrentExpressionStack)
/home/osboxes/edk2sdm/edk2_LG_G7_THINQ/workspace/Build/LgG7ThinQPkg/DEBUG_GCC5/AARCH64/MdeModulePkg/Universal/SetupBrowserDxe/SetupBrowserDxe/OUTPUT/SetupBrowser.lib(Presentation.obj)
                              Setup.obj (symbol from plugin) (gCurrentSelection)
/home/osboxes/edk2sdm/edk2_LG_G7_THINQ/workspace/Build/LgG7ThinQPkg/DEBUG_GCC5/AARCH64/MdePkg/Library/BaseMemoryLibOptDxe/BaseMemoryLibOptDxe/OUTPUT/BaseMemoryLibOptDxe.lib(MemLibGuid.obj)
                              Setup.obj (symbol from plugin) (CopyGuid)
/home/osboxes/edk2sdm/edk2_LG_G7_THINQ/workspace/Build/LgG7ThinQPkg/DEBUG_GCC5/AARCH64/MdePkg/Library/BaseMemoryLibOptDxe/BaseMemoryLibOptDxe/OUTPUT/BaseMemoryLibOptDxe.lib(ZeroMemWrapper.obj)
                              Setup.obj (symbol from plugin) (ZeroMem)
/home/osboxes/edk2sdm/edk2_LG_G7_THINQ/workspace/Build/LgG7ThinQPkg/DEBUG_GCC5/AARCH64/MdePkg/Library/BaseMemoryLibOptDxe/BaseMemoryLibOptDxe/OUTPUT/BaseMemoryLibOptDxe.lib(CompareMemWrapper.obj)
                              Setup.obj (symbol from plugin) (CompareMem)
/home/osboxes/edk2sdm/edk2_LG_G7_THINQ/workspace/Build/LgG7ThinQPkg/DEBUG_GCC5/AARCH64/MdePkg/Library/BaseMemoryLibOptDxe/BaseMemoryLibOptDxe/OUTPUT/BaseMemoryLibOptDxe.lib(CopyMemWrapper.obj)
                              Setup.obj (symbol from plugin) (CopyMem)
/home/osboxes/edk2sdm/edk2_LG_G7_THINQ/workspace/Build/LgG7ThinQPkg/DEBUG_GCC5/AARCH64/MdePkg/Library/BaseMemoryLibOptDxe/BaseMemoryLibOptDxe/OUTPUT/BaseMemoryLibOptDxe.lib(SetMem.obj)
                              ZeroMemWrapper.obj (symbol from plugin) (InternalMemZeroMem)
/home/osboxes/edk2sdm/edk2_LG_G7_THINQ/workspace/Build/LgG7ThinQPkg/DEBUG_GCC5/AARCH64/MdePkg/Library/BaseMemoryLibOptDxe/BaseMemoryLibOptDxe/OUTPUT/BaseMemoryLibOptDxe.lib(CopyMem.obj)
                              MemLibGuid.obj (symbol from plugin) (InternalMemCopyMem)
/home/osboxes/edk2sdm/edk2_LG_G7_THINQ/workspace/Build/LgG7ThinQPkg/DEBUG_GCC5/AARCH64/MdePkg/Library/BaseMemoryLibOptDxe/BaseMemoryLibOptDxe/OUTPUT/BaseMemoryLibOptDxe.lib(CompareMem.obj)
                              CompareMemWrapper.obj (symbol from plugin) (InternalMemCompareMem)
/home/osboxes/edk2sdm/edk2_LG_G7_THINQ/workspace/Build/LgG7ThinQPkg/DEBUG_GCC5/AARCH64/MdePkg/Library/BaseMemoryLibOptDxe/BaseMemoryLibOptDxe/OUTPUT/BaseMemoryLibOptDxe.lib(CompareGuid.obj)
                              MemLibGuid.obj (symbol from plugin) (InternalMemCompareGuid)
/home/osboxes/edk2sdm/edk2_LG_G7_THINQ/workspace/Build/LgG7ThinQPkg/DEBUG_GCC5/AARCH64/MdePkg/Library/BaseLib/BaseLib/OUTPUT/BaseLib.lib(RShiftU64.obj)
                              Expression.obj (symbol from plugin) (RShiftU64)
[...]
Memory Configuration

Name             Origin             Length             Attributes
*default*        0x0000000000000000 0xffffffffffffffff

Linker script and memory map

LOAD /home/osboxes/edk2sdm/edk2/ArmPkg/Library/GccLto/liblto-aarch64.a
START GROUP
LOAD /tmp/SetupBrowser.dll.txqWWW.ltrans0.ltrans.o
LOAD /tmp/SetupBrowser.dll.txqWWW.ltrans1.ltrans.o
LOAD /tmp/ccj7EIF0.debug.temp.o
LOAD /tmp/ccnajwiZ.debug.temp.o
LOAD /tmp/ccIExzpZ.debug.temp.o
LOAD /tmp/cctJ5E30.debug.temp.o
LOAD /tmp/ccBtD3eY.debug.temp.o
LOAD /tmp/cc7fBfBX.debug.temp.o
LOAD /tmp/ccO7p4OX.debug.temp.o
LOAD /tmp/ccJCsVgX.debug.temp.o
LOAD /tmp/ccjc4f6X.debug.temp.o
LOAD /tmp/ccZdf3D0.debug.temp.o
LOAD /tmp/cc7oaHp1.debug.temp.o
LOAD /tmp/ccUEcukX.debug.temp.o
LOAD /tmp/cceANiGX.debug.temp.o
LOAD /tmp/cc9vbYjY.debug.temp.o
LOAD /tmp/ccYLQGyY.debug.temp.o
LOAD /tmp/ccnALmkZ.debug.temp.o
LOAD /tmp/ccVEyPTZ.debug.temp.o
LOAD /tmp/ccyWJ180.debug.temp.o
LOAD /tmp/ccM0fVA0.debug.temp.o
LOAD /tmp/cc5wt4XW.debug.temp.o
LOAD /tmp/ccqc6EAX.debug.temp.o
LOAD /tmp/ccB3nPj0.debug.temp.o
LOAD /tmp/cczuw6KX.debug.temp.o
LOAD /tmp/ccK7JsCY.debug.temp.o
LOAD /tmp/ccLokFx0.debug.temp.o
LOAD /tmp/ccwrEkoX.debug.temp.o
LOAD /tmp/ccLbgm6Z.debug.temp.o
LOAD /tmp/ccKXjvhZ.debug.temp.o
LOAD /tmp/ccELFMUY.debug.temp.o
LOAD /tmp/cceSQft0.debug.temp.o
LOAD /tmp/ccAgo0xY.debug.temp.o
LOAD /tmp/ccbVCmTX.debug.temp.o
LOAD /tmp/ccfeFyEX.debug.temp.o
LOAD /tmp/ccQLm4SZ.debug.temp.o
LOAD /tmp/ccbeAzXZ.debug.temp.o
LOAD /tmp/ccmdSsYW.debug.temp.o
LOAD /tmp/ccl2hLkY.debug.temp.o
LOAD /tmp/ccEkjg5Y.debug.temp.o
LOAD /tmp/ccJOxQ1Y.debug.temp.o
LOAD /tmp/ccCYzUw0.debug.temp.o
LOAD /tmp/ccUUDYAZ.debug.temp.o
LOAD /tmp/ccTykiv1.debug.temp.o
LOAD /tmp/ccKlL1k1.debug.temp.o
LOAD /tmp/ccJDos4W.debug.temp.o
LOAD /tmp/ccMeQoI0.debug.temp.o
LOAD /tmp/ccwDVts0.debug.temp.o
LOAD /tmp/cc0xVs60.debug.temp.o
LOAD /tmp/cctwaDZ0.debug.temp.o
LOAD /tmp/ccF4wx70.debug.temp.o
LOAD /tmp/ccYSDd8Z.debug.temp.o
LOAD /home/osboxes/edk2sdm/edk2_LG_G7_THINQ/workspace/Build/LgG7ThinQPkg/DEBUG_GCC5/AARCH64/MdePkg/Library/DxePcdLib/DxePcdLib/OUTPUT/DxePcdLib.lib
LOAD /home/osboxes/edk2sdm/edk2_LG_G7_THINQ/workspace/Build/LgG7ThinQPkg/DEBUG_GCC5/AARCH64/MdePkg/Library/BaseMemoryLibOptDxe/BaseMemoryLibOptDxe/OUTPUT/BaseMemoryLibOptDxe.lib
LOAD /home/osboxes/edk2sdm/edk2_LG_G7_THINQ/workspace/Build/LgG7ThinQPkg/DEBUG_GCC5/AARCH64/MdePkg/Library/BaseLib/BaseLib/OUTPUT/BaseLib.lib
LOAD /home/osboxes/edk2sdm/edk2_LG_G7_THINQ/workspace/Build/LgG7ThinQPkg/DEBUG_GCC5/AARCH64/ArmPkg/Library/ArmLib/ArmBaseLib/OUTPUT/ArmBaseLib.lib
LOAD /home/osboxes/edk2sdm/edk2_LG_G7_THINQ/workspace/Build/LgG7ThinQPkg/DEBUG_GCC5/AARCH64/ArmPkg/Library/ArmCacheMaintenanceLib/ArmCacheMaintenanceLib/OUTPUT/ArmCacheMaintenanceLib.lib
LOAD /home/osboxes/edk2sdm/edk2_LG_G7_THINQ/workspace/Build/LgG7ThinQPkg/DEBUG_GCC5/AARCH64/MdePkg/Library/BaseIoLibIntrinsic/BaseIoLibIntrinsic/OUTPUT/BaseIoLibIntrinsic.lib
LOAD /home/osboxes/edk2sdm/edk2_LG_G7_THINQ/workspace/Build/LgG7ThinQPkg/DEBUG_GCC5/AARCH64/ArmPkg/Library/CompilerIntrinsicsLib/CompilerIntrinsicsLib/OUTPUT/CompilerIntrinsicsLib.lib
LOAD /home/osboxes/edk2sdm/edk2_LG_G7_THINQ/workspace/Build/LgG7ThinQPkg/DEBUG_GCC5/AARCH64/MdePkg/Library/BaseDebugPrintErrorLevelLib/BaseDebugPrintErrorLevelLib/OUTPUT/BaseDebugPrintErrorLevelLib.lib
LOAD /home/osboxes/edk2sdm/edk2_LG_G7_THINQ/workspace/Build/LgG7ThinQPkg/DEBUG_GCC5/AARCH64/LgG7ThinQPkg/Library/FrameBufferSerialPortLib/FrameBufferSerialPortLib/OUTPUT/FrameBufferSerialPortLib.lib
LOAD /home/osboxes/edk2sdm/edk2_LG_G7_THINQ/workspace/Build/LgG7ThinQPkg/DEBUG_GCC5/AARCH64/MdePkg/Library/BasePrintLib/BasePrintLib/OUTPUT/BasePrintLib.lib
LOAD /home/osboxes/edk2sdm/edk2_LG_G7_THINQ/workspace/Build/LgG7ThinQPkg/DEBUG_GCC5/AARCH64/MdePkg/Library/BaseDebugLibSerialPort/BaseDebugLibSerialPort/OUTPUT/BaseDebugLibSerialPort.lib
LOAD /home/osboxes/edk2sdm/edk2_LG_G7_THINQ/workspace/Build/LgG7ThinQPkg/DEBUG_GCC5/AARCH64/MdePkg/Library/UefiBootServicesTableLib/UefiBootServicesTableLib/OUTPUT/UefiBootServicesTableLib.lib
LOAD /home/osboxes/edk2sdm/edk2_LG_G7_THINQ/workspace/Build/LgG7ThinQPkg/DEBUG_GCC5/AARCH64/MdePkg/Library/UefiMemoryAllocationLib/UefiMemoryAllocationLib/OUTPUT/UefiMemoryAllocationLib.lib
LOAD /home/osboxes/edk2sdm/edk2_LG_G7_THINQ/workspace/Build/LgG7ThinQPkg/DEBUG_GCC5/AARCH64/MdePkg/Library/UefiDevicePathLib/UefiDevicePathLib/OUTPUT/UefiDevicePathLib.lib
LOAD /home/osboxes/edk2sdm/edk2_LG_G7_THINQ/workspace/Build/LgG7ThinQPkg/DEBUG_GCC5/AARCH64/MdePkg/Library/UefiRuntimeServicesTableLib/UefiRuntimeServicesTableLib/OUTPUT/UefiRuntimeServicesTableLib.lib
LOAD /home/osboxes/edk2sdm/edk2_LG_G7_THINQ/workspace/Build/LgG7ThinQPkg/DEBUG_GCC5/AARCH64/MdePkg/Library/UefiLib/UefiLib/OUTPUT/UefiLib.lib
LOAD /home/osboxes/edk2sdm/edk2_LG_G7_THINQ/workspace/Build/LgG7ThinQPkg/DEBUG_GCC5/AARCH64/MdePkg/Library/DxeHobLib/DxeHobLib/OUTPUT/DxeHobLib.lib
LOAD /home/osboxes/edk2sdm/edk2_LG_G7_THINQ/workspace/Build/LgG7ThinQPkg/DEBUG_GCC5/AARCH64/MdeModulePkg/Library/UefiHiiServicesLib/UefiHiiServicesLib/OUTPUT/UefiHiiServicesLib.lib
LOAD /home/osboxes/edk2sdm/edk2_LG_G7_THINQ/workspace/Build/LgG7ThinQPkg/DEBUG_GCC5/AARCH64/MdePkg/Library/UefiDriverEntryPoint/UefiDriverEntryPoint/OUTPUT/UefiDriverEntryPoint.lib
LOAD /home/osboxes/edk2sdm/edk2_LG_G7_THINQ/workspace/Build/LgG7ThinQPkg/DEBUG_GCC5/AARCH64/MdeModulePkg/Library/UefiHiiLib/UefiHiiLib/OUTPUT/UefiHiiLib.lib
LOAD /home/osboxes/edk2sdm/edk2_LG_G7_THINQ/workspace/Build/LgG7ThinQPkg/DEBUG_GCC5/AARCH64/MdePkg/Library/BaseStackCheckLib/BaseStackCheckLib/OUTPUT/BaseStackCheckLib.lib
LOAD /home/osboxes/edk2sdm/edk2_LG_G7_THINQ/workspace/Build/LgG7ThinQPkg/DEBUG_GCC5/AARCH64/MdeModulePkg/Universal/SetupBrowserDxe/SetupBrowserDxe/OUTPUT/SetupBrowser.lib
END GROUP
                0x0000000000000228                . = PECOFF_HEADER_SIZE

.gnu.version_d  0x0000000000000228        0x0
 .gnu.version_d
                0x0000000000000228        0x0 /home/osboxes/edk2sdm/edk2/ArmPkg/Library/GccLto/liblto-aarch64.a

.gnu.version    0x0000000000000228        0x0
 .gnu.version   0x0000000000000228        0x0 /home/osboxes/edk2sdm/edk2/ArmPkg/Library/GccLto/liblto-aarch64.a

.gnu.version_r  0x0000000000000228        0x0
 .gnu.version_r
                0x0000000000000228        0x0 /home/osboxes/edk2sdm/edk2/ArmPkg/Library/GccLto/liblto-aarch64.a

.text           0x0000000000001000    0x187e8
 *(.text .text.* .stub .gnu.linkonce.t.*)
 .text.InternalAllocatePool.constprop.0
                0x0000000000001000       0x68 /tmp/SetupBrowser.dll.txqWWW.ltrans0.ltrans.o
 .text.BasePrintLibFillBuffer
                0x0000000000001068       0x34 /tmp/SetupBrowser.dll.txqWWW.ltrans0.ltrans.o
 .text.MultU64x32
                0x000000000000109c        0xc /tmp/SetupBrowser.dll.txqWWW.ltrans0.ltrans.o
 .text.AsciiStrnLenS
                0x00000000000010a8       0x3c /tmp/SetupBrowser.dll.txqWWW.ltrans0.ltrans.o
 .text.InternalSafeStringNoStrOverlap
                0x00000000000010e4       0x3c /tmp/SetupBrowser.dll.txqWWW.ltrans0.ltrans.o
 .text.FormUpdateNotify
                0x0000000000001120       0x14 /tmp/SetupBrowser.dll.txqWWW.ltrans0.ltrans.o
                0x0000000000001120                FormUpdateNotify
 .text.RefreshEventNotifyForForm
                0x0000000000001134       0x2c /tmp/SetupBrowser.dll.txqWWW.ltrans0.ltrans.o
                0x0000000000001134                RefreshEventNotifyForForm
 .text.HiiValueToUINT64
                0x0000000000001160       0x50 /tmp/SetupBrowser.dll.txqWWW.ltrans0.ltrans.o
 .text.GetLengthForValue
                0x00000000000011b0       0x50 /tmp/SetupBrowser.dll.txqWWW.ltrans0.ltrans.o
 .text.GetBufferForValue
                0x0000000000001200       0x40 /tmp/SetupBrowser.dll.txqWWW.ltrans0.ltrans.o
 .text.IsTypeInBuffer
                0x0000000000001240       0x2c /tmp/SetupBrowser.dll.txqWWW.ltrans0.ltrans.o
 .text.IfrStrToUpper
                0x000000000000126c       0x2c /tmp/SetupBrowser.dll.txqWWW.ltrans0.ltrans.o
 .text.InitializeUnicodeCollationProtocol
                0x0000000000001298       0x38 /tmp/SetupBrowser.dll.txqWWW.ltrans0.ltrans.o
 .text.IsResetRequired
                0x00000000000012d0        0xc /tmp/SetupBrowser.dll.txqWWW.ltrans0.ltrans.o
 .text.ProcessChangedData
                0x00000000000012dc       0x80 /tmp/SetupBrowser.dll.txqWWW.ltrans0.ltrans.o
 .text.FbConFlush
                0x000000000000135c       0x54 /tmp/SetupBrowser.dll.txqWWW.ltrans0.ltrans.o
 .text.SerialPortWrite
                0x00000000000013b0      0x400 /tmp/SetupBrowser.dll.txqWWW.ltrans0.ltrans.o
 .text.DebugAssertEnabled
                0x00000000000017b0        0x8 /tmp/SetupBrowser.dll.txqWWW.ltrans0.ltrans.o
                0x00000000000017b0                DebugAssertEnabled
 .text.DebugPrintLevelEnabled.constprop.0
                0x00000000000017b8        0x8 /tmp/SetupBrowser.dll.txqWWW.ltrans0.ltrans.o
                0x00000000000017b8                DebugPrintLevelEnabled.constprop.0
 .text.ProcessLibraryDestructorList
                0x00000000000017c0        0x4 /tmp/SetupBrowser.dll.txqWWW.ltrans0.ltrans.o
                0x00000000000017c0                EfiEventEmptyFunction
                0x00000000000017c0                ProcessLibraryDestructorList
 .text.AllocatePool
                0x00000000000017c4        0x4 /tmp/SetupBrowser.dll.txqWWW.ltrans0.ltrans.o
                0x00000000000017c4                AllocatePool
 .text.DebugPrintEnabled
                0x00000000000017c8        0x8 /tmp/SetupBrowser.dll.txqWWW.ltrans0.ltrans.o
                0x00000000000017c8                DebugPrintEnabled
 .text.BaseDebugLibSerialPortConstructor
                0x00000000000017d0       0x84 /tmp/SetupBrowser.dll.txqWWW.ltrans0.ltrans.o
                0x00000000000017d0                BaseDebugLibSerialPortConstructor
 .text.StrnLenS
                0x0000000000001854       0x70 /tmp/SetupBrowser.dll.txqWWW.ltrans0.ltrans.o
                0x0000000000001854                StrnLenS
 .text.BasePrintLibSPrintMarker.constprop.0
                0x00000000000018c4      0xe34 /tmp/SetupBrowser.dll.txqWWW.ltrans0.ltrans.o
 .text.BasePrintLibSPrint.constprop.0
                0x00000000000026f8       0x9c /tmp/SetupBrowser.dll.txqWWW.ltrans0.ltrans.o
 .text.AsciiSPrint.constprop.0
                0x0000000000002794       0xa8 /tmp/SetupBrowser.dll.txqWWW.ltrans0.ltrans.o
 .text.DebugAssert
                0x000000000000283c       0x7c /tmp/SetupBrowser.dll.txqWWW.ltrans0.ltrans.o
                0x000000000000283c                DebugAssert
 .text.ReadUnaligned16
                0x00000000000028b8       0x5c /tmp/SetupBrowser.dll.txqWWW.ltrans0.ltrans.o
 .text.DevicePathNodeLength
                0x0000000000002914       0x50 /tmp/SetupBrowser.dll.txqWWW.ltrans0.ltrans.o
 .text.NextDevicePathNode
                0x0000000000002964       0x50 /tmp/SetupBrowser.dll.txqWWW.ltrans0.ltrans.o
 .text.DevicePathSubType
                0x00000000000029b4       0x48 /tmp/SetupBrowser.dll.txqWWW.ltrans0.ltrans.o
 .text.DevicePathType
                0x00000000000029fc       0x48 /tmp/SetupBrowser.dll.txqWWW.ltrans0.ltrans.o
 .text.IsDevicePathEnd
                0x0000000000002a44       0x94 /tmp/SetupBrowser.dll.txqWWW.ltrans0.ltrans.o
 .text.AsciiStrLen
                0x0000000000002ad8       0x90 /tmp/SetupBrowser.dll.txqWWW.ltrans0.ltrans.o
 .text.DebugPrint.constprop.0
                0x0000000000002b68       0xb8 /tmp/SetupBrowser.dll.txqWWW.ltrans0.ltrans.o
                0x0000000000002b68                DebugPrint.constprop.0
 .text.FreePool
                0x0000000000002c20       0x78 /tmp/SetupBrowser.dll.txqWWW.ltrans0.ltrans.o
                0x0000000000002c20                FreePool
 .text.AsciiStrSize
                0x0000000000002c98       0x18 /tmp/SetupBrowser.dll.txqWWW.ltrans0.ltrans.o
 .text.AsciiStrnCmp
                0x0000000000002cb0       0xd4 /tmp/SetupBrowser.dll.txqWWW.ltrans0.ltrans.o
 .text.StrLen   0x0000000000002d84       0xa4 /tmp/SetupBrowser.dll.txqWWW.ltrans0.ltrans.o
                0x0000000000002d84                StrLen
 .text.StrSize  0x0000000000002e28       0x1c /tmp/SetupBrowser.dll.txqWWW.ltrans0.ltrans.o
                0x0000000000002e28                StrSize
 .text.StrStr   0x0000000000002e44       0xac /tmp/SetupBrowser.dll.txqWWW.ltrans0.ltrans.o
                0x0000000000002e44                StrStr
 .text.StrCmp   0x0000000000002ef0       0x88 /tmp/SetupBrowser.dll.txqWWW.ltrans0.ltrans.o
                0x0000000000002ef0                StrCmp
 .text.InternalBaseLibIsListValid
                0x0000000000002f78       0xac /tmp/SetupBrowser.dll.txqWWW.ltrans0.ltrans.o
 .text.DivU64x32
                0x0000000000003024       0x40 /tmp/SetupBrowser.dll.txqWWW.ltrans0.ltrans.o
 .text.DivU64x32Remainder
                0x0000000000003064       0x54 /tmp/SetupBrowser.dll.txqWWW.ltrans0.ltrans.o
 .text.BasePrintLibValueToString
                0x00000000000030b8       0x80 /tmp/SetupBrowser.dll.txqWWW.ltrans0.ltrans.o
 .text.UnicodeValueToStringS
                0x0000000000003138      0x1c8 /tmp/SetupBrowser.dll.txqWWW.ltrans0.ltrans.o
                0x0000000000003138                UnicodeValueToStringS
 .text.LShiftU64
                0x0000000000003300       0x44 /tmp/SetupBrowser.dll.txqWWW.ltrans0.ltrans.o
 .text.RShiftU64
                0x0000000000003344       0x44 /tmp/SetupBrowser.dll.txqWWW.ltrans0.ltrans.o
 .text.UnicodeSPrint
                0x0000000000003388       0xec /tmp/SetupBrowser.dll.txqWWW.ltrans0.ltrans.o
                0x0000000000003388                UnicodeSPrint
 .text.StrHexToUint64
                0x0000000000003474      0x1d8 /tmp/SetupBrowser.dll.txqWWW.ltrans0.ltrans.o
                0x0000000000003474                StrHexToUint64
 .text.StrDecimalToUint64
                0x000000000000364c      0x134 /tmp/SetupBrowser.dll.txqWWW.ltrans0.ltrans.o
 .text.StrCatS  0x0000000000003780      0x1ac /tmp/SetupBrowser.dll.txqWWW.ltrans0.ltrans.o
                0x0000000000003780                StrCatS
 .text.StrnCpyS
                0x000000000000392c      0x1a4 /tmp/SetupBrowser.dll.txqWWW.ltrans0.ltrans.o
                0x000000000000392c                StrnCpyS
 .text.StrCpyS  0x0000000000003ad0      0x168 /tmp/SetupBrowser.dll.txqWWW.ltrans0.ltrans.o
                0x0000000000003ad0                StrCpyS
 .text.IsNull   0x0000000000003c38       0x4c /tmp/SetupBrowser.dll.txqWWW.ltrans0.ltrans.o
                0x0000000000003c38                IsNull
 .text.IsListEmpty
                0x0000000000003c84       0x4c /tmp/SetupBrowser.dll.txqWWW.ltrans0.ltrans.o
                0x0000000000003c84                IsListEmpty
 .text.RemoveEntryList
                0x0000000000003cd0       0x50 /tmp/SetupBrowser.dll.txqWWW.ltrans0.ltrans.o
                0x0000000000003cd0                RemoveEntryList
 .text.GetNextNode
                0x0000000000003d20       0x44 /tmp/SetupBrowser.dll.txqWWW.ltrans0.ltrans.o
                0x0000000000003d20                GetNextNode
 .text.GetFirstNode
                0x0000000000003d64       0x44 /tmp/SetupBrowser.dll.txqWWW.ltrans0.ltrans.o
                0x0000000000003d64                GetFirstNode
 .text.UpdateStatementStatusForForm
                0x0000000000003da8       0xd8 /tmp/SetupBrowser.dll.txqWWW.ltrans0.ltrans.o
 .text.FreeStatementData
                0x0000000000003e80      0x138 /tmp/SetupBrowser.dll.txqWWW.ltrans0.ltrans.o
 .text.IdToQuestion2
                0x0000000000003fb8       0xc4 /tmp/SetupBrowser.dll.txqWWW.ltrans0.ltrans.o
 .text.IdToQuestion
                0x000000000000407c      0x114 /tmp/SetupBrowser.dll.txqWWW.ltrans0.ltrans.o
 .text.InsertTailList
                0x0000000000004190       0x5c /tmp/SetupBrowser.dll.txqWWW.ltrans0.ltrans.o
                0x0000000000004190                InsertTailList
 .text.InsertHeadList
                0x00000000000041ec       0x58 /tmp/SetupBrowser.dll.txqWWW.ltrans0.ltrans.o
                0x00000000000041ec                InsertHeadList
 .text.InitializeListHead
                0x0000000000004244       0x40 /tmp/SetupBrowser.dll.txqWWW.ltrans0.ltrans.o
                0x0000000000004244                InitializeListHead
 .text.BitFieldWrite32
                0x0000000000004284      0x154 /tmp/SetupBrowser.dll.txqWWW.ltrans0.ltrans.o
                0x0000000000004284                BitFieldWrite32
 .text.BitFieldRead32
                0x00000000000043d8       0x74 /tmp/SetupBrowser.dll.txqWWW.ltrans0.ltrans.o
                0x00000000000043d8                BitFieldRead32
 .text.CopyMem  0x000000000000444c       0xa4 /tmp/SetupBrowser.dll.txqWWW.ltrans0.ltrans.o
                0x000000000000444c                CopyMem
 .text.AllocateCopyPool
                0x00000000000044f0       0x8c /tmp/SetupBrowser.dll.txqWWW.ltrans0.ltrans.o
                0x00000000000044f0                AllocateCopyPool
 .text.FindParentFormSet
                0x000000000000457c       0x78 /tmp/SetupBrowser.dll.txqWWW.ltrans0.ltrans.o
 .text.PopExpression
                0x00000000000045f4       0x50 /tmp/SetupBrowser.dll.txqWWW.ltrans0.ltrans.o
 .text.PushConditionalStack
                0x0000000000004644       0xe4 /tmp/SetupBrowser.dll.txqWWW.ltrans0.ltrans.o
 .text.CompareMem
                0x0000000000004728       0xd0 /tmp/SetupBrowser.dll.txqWWW.ltrans0.ltrans.o
                0x0000000000004728                CompareMem
 .text.ZeroMem  0x00000000000047f8       0x70 /tmp/SetupBrowser.dll.txqWWW.ltrans0.ltrans.o
                0x00000000000047f8                ZeroMem
 .text.AllocateZeroPool
                0x0000000000004868       0x34 /tmp/SetupBrowser.dll.txqWWW.ltrans0.ltrans.o
                0x0000000000004868                AllocateZeroPool
 .text.HiiGetHiiHandles.constprop.0
                0x000000000000489c       0xc4 /tmp/SetupBrowser.dll.txqWWW.ltrans0.ltrans.o
 .text.GetBestLanguage.constprop.0
                0x0000000000004960      0x1bc /tmp/SetupBrowser.dll.txqWWW.ltrans0.ltrans.o
 .text.CreateExpression.constprop.0
                0x0000000000004b1c       0x6c /tmp/SetupBrowser.dll.txqWWW.ltrans0.ltrans.o
                0x0000000000004b1c                CreateExpression.constprop.0
 .text.HiiGetSupportedLanguages
                0x0000000000004b88       0xe4 /tmp/SetupBrowser.dll.txqWWW.ltrans0.ltrans.o
 .text.HiiGetString.constprop.0
                0x0000000000004c6c      0x250 /tmp/SetupBrowser.dll.txqWWW.ltrans0.ltrans.o
                0x0000000000004c6c                HiiGetString.constprop.0
 .text.HiiSetString.constprop.0
                0x0000000000004ebc      0x160 /tmp/SetupBrowser.dll.txqWWW.ltrans0.ltrans.o
                0x0000000000004ebc                HiiSetString.constprop.0
 .text.IsZeroGuid
                0x000000000000501c       0x40 /tmp/SetupBrowser.dll.txqWWW.ltrans0.ltrans.o
                0x000000000000501c                IsZeroGuid
 .text.CompareGuid
                0x000000000000505c       0x60 /tmp/SetupBrowser.dll.txqWWW.ltrans0.ltrans.o
                0x000000000000505c                CompareGuid
 .text.GetFormsetGuidFromHiiHandle
                0x00000000000050bc      0x1a0 /tmp/SetupBrowser.dll.txqWWW.ltrans0.ltrans.o
 .text.DevicePathToHiiHandle
                0x000000000000525c      0x12c /tmp/SetupBrowser.dll.txqWWW.ltrans0.ltrans.o
 .text.CopyGuid
                0x0000000000005388       0x64 /tmp/SetupBrowser.dll.txqWWW.ltrans0.ltrans.o
                0x0000000000005388                CopyGuid
 .text.IsNvUpdateRequiredForForm
                0x00000000000053ec       0xbc /tmp/SetupBrowser.dll.txqWWW.ltrans0.ltrans.o
                0x00000000000053ec                IsNvUpdateRequiredForForm
 .text.IsNvUpdateRequiredForFormSet
                0x00000000000054a8       0xc8 /tmp/SetupBrowser.dll.txqWWW.ltrans0.ltrans.o
                0x00000000000054a8                IsNvUpdateRequiredForFormSet
 .text.SaveReminder
                0x0000000000005570      0x120 /tmp/SetupBrowser.dll.txqWWW.ltrans0.ltrans.o
 .text.UpdateStatementStatusForFormSet
                0x0000000000005690       0xc0 /tmp/SetupBrowser.dll.txqWWW.ltrans0.ltrans.o
                0x0000000000005690                UpdateStatementStatusForFormSet
 .text.UpdateStatementStatus
                0x0000000000005750       0xe4 /tmp/SetupBrowser.dll.txqWWW.ltrans0.ltrans.o
                0x0000000000005750                UpdateStatementStatus
 .text.GetBrowserStatement
                0x0000000000005834       0xd8 /tmp/SetupBrowser.dll.txqWWW.ltrans0.ltrans.o
                0x0000000000005834                GetBrowserStatement
 .text.FreeDisplayFormData
                0x000000000000590c      0x118 /tmp/SetupBrowser.dll.txqWWW.ltrans0.ltrans.o
                0x000000000000590c                FreeDisplayFormData
 .text.IsTrue   0x0000000000005a24       0x60 /tmp/SetupBrowser.dll.txqWWW.ltrans0.ltrans.o
                0x0000000000005a24                IsTrue
 .text.CompareHiiValue
                0x0000000000005a84      0x1a0 /tmp/SetupBrowser.dll.txqWWW.ltrans0.ltrans.o
                0x0000000000005a84                CompareHiiValue
 .text.ExtendValueToU64
                0x0000000000005c24       0x4c /tmp/SetupBrowser.dll.txqWWW.ltrans0.ltrans.o
                0x0000000000005c24                ExtendValueToU64
 .text.IdToForm
                0x0000000000005c70       0xbc /tmp/SetupBrowser.dll.txqWWW.ltrans0.ltrans.o
                0x0000000000005c70                IdToForm
 .text.PopScope
                0x0000000000005d2c       0x84 /tmp/SetupBrowser.dll.txqWWW.ltrans0.ltrans.o
                0x0000000000005d2c                PopScope
 .text.PopConditionalExpression
                0x0000000000005db0       0xd0 /tmp/SetupBrowser.dll.txqWWW.ltrans0.ltrans.o
                0x0000000000005db0                PopConditionalExpression
 .text.PushConditionalExpression
                0x0000000000005e80       0x7c /tmp/SetupBrowser.dll.txqWWW.ltrans0.ltrans.o
                0x0000000000005e80                PushConditionalExpression
 .text.GetConditionalExpressionList
                0x0000000000005efc       0x30 /tmp/SetupBrowser.dll.txqWWW.ltrans0.ltrans.o
                0x0000000000005efc                GetConditionalExpressionList
 .text.GetConditionalExpressionCount
                0x0000000000005f2c       0x54 /tmp/SetupBrowser.dll.txqWWW.ltrans0.ltrans.o
                0x0000000000005f2c                GetConditionalExpressionCount
 .text.PushStack
                0x0000000000005f80      0x144 /tmp/SetupBrowser.dll.txqWWW.ltrans0.ltrans.o
                0x0000000000005f80                PushStack
 .text.PushScope
                0x00000000000060c4       0x68 /tmp/SetupBrowser.dll.txqWWW.ltrans0.ltrans.o
                0x00000000000060c4                PushScope
 .text.IsStatementOpCode
                0x000000000000612c       0x68 /tmp/SetupBrowser.dll.txqWWW.ltrans0.ltrans.o
                0x000000000000612c                IsStatementOpCode
 .text.IsExpressionOpCode
                0x0000000000006194       0x74 /tmp/SetupBrowser.dll.txqWWW.ltrans0.ltrans.o
                0x0000000000006194                IsExpressionOpCode
 .text.DestroyExpression
                0x0000000000006208      0x13c /tmp/SetupBrowser.dll.txqWWW.ltrans0.ltrans.o
                0x0000000000006208                DestroyExpression
 .text.DestroyFormSet
                0x0000000000006344      0x6c0 /tmp/SetupBrowser.dll.txqWWW.ltrans0.ltrans.o
                0x0000000000006344                DestroyFormSet
 .text.GetQuestionValueFromForm
                0x0000000000006a04      0x21c /tmp/SetupBrowser.dll.txqWWW.ltrans0.ltrans.o
 .text.GetFstStgFromBrsStg
                0x0000000000006c20      0x144 /tmp/SetupBrowser.dll.txqWWW.ltrans0.ltrans.o
                0x0000000000006c20                GetFstStgFromBrsStg
 .text.StorageToConfigResp.constprop.0
                0x0000000000006d64      0x1bc /tmp/SetupBrowser.dll.txqWWW.ltrans0.ltrans.o
                0x0000000000006d64                StorageToConfigResp.constprop.0
 .text.GetFstStgFromVarId
                0x0000000000006f20       0xbc /tmp/SetupBrowser.dll.txqWWW.ltrans0.ltrans.o
                0x0000000000006f20                GetFstStgFromVarId
 .text.InitializeRequestElement
                0x0000000000006fdc      0x3b4 /tmp/SetupBrowser.dll.txqWWW.ltrans0.ltrans.o
                0x0000000000006fdc                InitializeRequestElement
 .text.CreateStorage
                0x0000000000007390      0x664 /tmp/SetupBrowser.dll.txqWWW.ltrans0.ltrans.o
                0x0000000000007390                CreateStorage
 .text.CreateStatement
                0x00000000000079f4      0x194 /tmp/SetupBrowser.dll.txqWWW.ltrans0.ltrans.o
                0x00000000000079f4                CreateStatement
 .text.CreateQuestion
                0x0000000000007b88      0x314 /tmp/SetupBrowser.dll.txqWWW.ltrans0.ltrans.o
                0x0000000000007b88                CreateQuestion
 .text.IsHiiHandleInBrowserContext.part.0
                0x0000000000007e9c       0xc8 /tmp/SetupBrowser.dll.txqWWW.ltrans0.ltrans.o
                0x0000000000007e9c                IsHiiHandleInBrowserContext.part.0
 .text.ValueChangeResetFlagUpdate.part.0
                0x0000000000007f64       0xc8 /tmp/SetupBrowser.dll.txqWWW.ltrans0.ltrans.o
                0x0000000000007f64                ValueChangeResetFlagUpdate.part.0
 .text.ValidateHiiHandle.part.0
                0x000000000000802c       0x7c /tmp/SetupBrowser.dll.txqWWW.ltrans0.ltrans.o
                0x000000000000802c                ValidateHiiHandle.part.0
 .text.FindNextMenu
                0x00000000000080a8      0x138 /tmp/SetupBrowser.dll.txqWWW.ltrans0.ltrans.o
                0x00000000000080a8                FindNextMenu
 .text.SubmitCallbackForForm.part.0
                0x00000000000081e0      0x138 /tmp/SetupBrowser.dll.txqWWW.ltrans0.ltrans.o
                0x00000000000081e0                SubmitCallbackForForm.part.0
 .text.SubmitCallback.part.0
                0x0000000000008318       0xc8 /tmp/SetupBrowser.dll.txqWWW.ltrans0.ltrans.o
                0x0000000000008318                SubmitCallback.part.0
 .text.SubmitForFormSet.part.0
                0x00000000000083e0      0x814 /tmp/SetupBrowser.dll.txqWWW.ltrans0.ltrans.o
                0x00000000000083e0                SubmitForFormSet.part.0
 .text.SetValueByName.part.0
                0x0000000000008bf4      0x150 /tmp/SetupBrowser.dll.txqWWW.ltrans0.ltrans.o
                0x0000000000008bf4                SetValueByName.part.0
 .text.GetValueByName.part.0
                0x0000000000008d44      0x100 /tmp/SetupBrowser.dll.txqWWW.ltrans0.ltrans.o
                0x0000000000008d44                GetValueByName.part.0
 .text.EvaluateExpression
                0x0000000000008e44     0x2488 /tmp/SetupBrowser.dll.txqWWW.ltrans0.ltrans.o
                0x0000000000008e44                EvaluateExpression
 .text.EvaluateExpressionList
                0x000000000000b2cc      0x10c /tmp/SetupBrowser.dll.txqWWW.ltrans0.ltrans.o
                0x000000000000b2cc                EvaluateExpressionList
 .text.ProcessCallBackFunction.constprop.0
                0x000000000000b3d8      0x5ac /tmp/SetupBrowser.dll.txqWWW.ltrans0.ltrans.o
                0x000000000000b3d8                ProcessCallBackFunction.constprop.0
 .text.UpdateStatement
                0x000000000000b984       0x74 /tmp/SetupBrowser.dll.txqWWW.ltrans0.ltrans.o
 .text.RefreshIntervalProcess
                0x000000000000b9f8       0xe8 /tmp/SetupBrowser.dll.txqWWW.ltrans0.ltrans.o
                0x000000000000b9f8                RefreshIntervalProcess
 .text.RefreshEventNotifyForStatement
                0x000000000000bae0       0x30 /tmp/SetupBrowser.dll.txqWWW.ltrans0.ltrans.o
                0x000000000000bae0                RefreshEventNotifyForStatement
 .text.ProcessGotoOpCode
                0x000000000000bb10      0x2e8 /tmp/SetupBrowser.dll.txqWWW.ltrans0.ltrans.o
                0x000000000000bb10                ProcessGotoOpCode
 .text.ExtractDefault.part.0
                0x000000000000bdf8      0x994 /tmp/SetupBrowser.dll.txqWWW.ltrans0.ltrans.o
                0x000000000000bdf8                ExtractDefault.part.0
 .text.RegiserExitHandler
                0x000000000000c78c        0xc /tmp/SetupBrowser.dll.txqWWW.ltrans1.ltrans.o
                0x000000000000c78c                RegiserExitHandler
 .text.FormDisplayCallback
                0x000000000000c798       0x34 /tmp/SetupBrowser.dll.txqWWW.ltrans1.ltrans.o
 .text.RegisterHotKey
                0x000000000000c7cc      0x1cc /tmp/SetupBrowser.dll.txqWWW.ltrans1.ltrans.o
                0x000000000000c7cc                RegisterHotKey
 .text.SetScope
                0x000000000000c998       0x80 /tmp/SetupBrowser.dll.txqWWW.ltrans1.ltrans.o
                0x000000000000c998                SetScope
 .text.ConfigRequestAdjust
                0x000000000000ca18      0x2d4 /tmp/SetupBrowser.dll.txqWWW.ltrans1.ltrans.o
 .text.CleanBrowserStorage
                0x000000000000ccec      0x1f0 /tmp/SetupBrowser.dll.txqWWW.ltrans1.ltrans.o
 .text.ConfigRespToStorage
                0x000000000000cedc      0x13c /tmp/SetupBrowser.dll.txqWWW.ltrans1.ltrans.o
 .text.SetBitsQuestionValue
                0x000000000000d018       0xa4 /tmp/SetupBrowser.dll.txqWWW.ltrans1.ltrans.o
 .text.GetBitsQuestionValue
                0x000000000000d0bc       0x90 /tmp/SetupBrowser.dll.txqWWW.ltrans1.ltrans.o
 .text.BufferToValue
                0x000000000000d14c      0x1ec /tmp/SetupBrowser.dll.txqWWW.ltrans1.ltrans.o
 .text.ProcessStorage
                0x000000000000d338      0x1e0 /tmp/SetupBrowser.dll.txqWWW.ltrans1.ltrans.o
 .text.BrowserCallback
                0x000000000000d518      0x290 /tmp/SetupBrowser.dll.txqWWW.ltrans1.ltrans.o
                0x000000000000d518                BrowserCallback
 .text.ExtractDefault
                0x000000000000d7a8       0x30 /tmp/SetupBrowser.dll.txqWWW.ltrans1.ltrans.o
                0x000000000000d7a8                ExtractDefault
 .text.HiiToLower
                0x000000000000d7d8       0x94 /tmp/SetupBrowser.dll.txqWWW.ltrans1.ltrans.o
                0x000000000000d7d8                HiiToLower
 .text.GetSyncRestoreConfigRequest
                0x000000000000d86c      0x2bc /tmp/SetupBrowser.dll.txqWWW.ltrans1.ltrans.o
                0x000000000000d86c                GetSyncRestoreConfigRequest
 .text.ValidateFormSet
                0x000000000000db28       0x90 /tmp/SetupBrowser.dll.txqWWW.ltrans1.ltrans.o
                0x000000000000db28                ValidateFormSet
 .text.IsBrowserDataModified
                0x000000000000dbb8      0x128 /tmp/SetupBrowser.dll.txqWWW.ltrans1.ltrans.o
                0x000000000000dbb8                IsBrowserDataModified
 .text.GetFormSetFromHiiHandle
                0x000000000000dce0       0xdc /tmp/SetupBrowser.dll.txqWWW.ltrans1.ltrans.o
                0x000000000000dce0                GetFormSetFromHiiHandle
 .text.SetQuestionValue
                0x000000000000ddbc      0x5d8 /tmp/SetupBrowser.dll.txqWWW.ltrans1.ltrans.o
                0x000000000000ddbc                SetQuestionValue
 .text.GetQuestionValue
                0x000000000000e394      0x5b4 /tmp/SetupBrowser.dll.txqWWW.ltrans1.ltrans.o
                0x000000000000e394                GetQuestionValue
 .text.LoadFormSetConfig
                0x000000000000e948      0x198 /tmp/SetupBrowser.dll.txqWWW.ltrans1.ltrans.o
                0x000000000000e948                LoadFormSetConfig
 .text.IsQuestionValueChanged
                0x000000000000eae0      0x3c8 /tmp/SetupBrowser.dll.txqWWW.ltrans1.ltrans.o
                0x000000000000eae0                IsQuestionValueChanged
 .text.UpdateFlagForForm
                0x000000000000eea8      0x11c /tmp/SetupBrowser.dll.txqWWW.ltrans1.ltrans.o
                0x000000000000eea8                UpdateFlagForForm
 .text.SendDiscardInfoToDriver
                0x000000000000efc4      0x184 /tmp/SetupBrowser.dll.txqWWW.ltrans1.ltrans.o
                0x000000000000efc4                SendDiscardInfoToDriver
 .text.NewStringCpy
                0x000000000000f148       0x74 /tmp/SetupBrowser.dll.txqWWW.ltrans1.ltrans.o
                0x000000000000f148                NewStringCpy
 .text.SynchronizeStorage
                0x000000000000f1bc      0x1c4 /tmp/SetupBrowser.dll.txqWWW.ltrans1.ltrans.o
                0x000000000000f1bc                SynchronizeStorage
 .text.InitializeCurrentSetting
                0x000000000000f380      0x4c8 /tmp/SetupBrowser.dll.txqWWW.ltrans1.ltrans.o
                0x000000000000f380                InitializeCurrentSetting
 .text.DiscardForm
                0x000000000000f848      0x368 /tmp/SetupBrowser.dll.txqWWW.ltrans1.ltrans.o
                0x000000000000f848                DiscardForm
 .text.NewStringCat
                0x000000000000fbb0       0xb4 /tmp/SetupBrowser.dll.txqWWW.ltrans1.ltrans.o
                0x000000000000fbb0                NewStringCat
 .text.GetToken
                0x000000000000fc64       0x80 /tmp/SetupBrowser.dll.txqWWW.ltrans1.ltrans.o
                0x000000000000fc64                GetToken
 .text.GetQuestionDefault
                0x000000000000fce4      0xbec /tmp/SetupBrowser.dll.txqWWW.ltrans1.ltrans.o
                0x000000000000fce4                GetQuestionDefault
 .text.DeleteString
                0x00000000000108d0       0x5c /tmp/SetupBrowser.dll.txqWWW.ltrans1.ltrans.o
                0x00000000000108d0                DeleteString
 .text.NewString
                0x000000000001092c       0x5c /tmp/SetupBrowser.dll.txqWWW.ltrans1.ltrans.o
                0x000000000001092c                NewString
 .text.PasswordCheck
                0x0000000000010988      0x110 /tmp/SetupBrowser.dll.txqWWW.ltrans1.ltrans.o
 .text.InitializeFormSet
                0x0000000000010a98     0x236c /tmp/SetupBrowser.dll.txqWWW.ltrans1.ltrans.o
                0x0000000000010a98                InitializeFormSet
 .text.PopupErrorMessage
                0x0000000000012e04       0xf8 /tmp/SetupBrowser.dll.txqWWW.ltrans1.ltrans.o
                0x0000000000012e04                PopupErrorMessage
 .text.ConfirmSaveFail
                0x0000000000012efc       0xa8 /tmp/SetupBrowser.dll.txqWWW.ltrans1.ltrans.o
                0x0000000000012efc                ConfirmSaveFail
 .text.ValidateQuestion
                0x0000000000012fa4      0x1f4 /tmp/SetupBrowser.dll.txqWWW.ltrans1.ltrans.o
 .text.NoSubmitCheck
                0x0000000000013198      0x17c /tmp/SetupBrowser.dll.txqWWW.ltrans1.ltrans.o
                0x0000000000013198                NoSubmitCheck
 .text.ValueChangedValidation
                0x0000000000013314       0x90 /tmp/SetupBrowser.dll.txqWWW.ltrans1.ltrans.o
                0x0000000000013314                ValueChangedValidation
 .text.UiFreeMenuList
                0x00000000000133a4       0x9c /tmp/SetupBrowser.dll.txqWWW.ltrans1.ltrans.o
                0x00000000000133a4                UiFreeMenuList
 .text.UiCopyMenuList
                0x0000000000013440      0x120 /tmp/SetupBrowser.dll.txqWWW.ltrans1.ltrans.o
                0x0000000000013440                UiCopyMenuList
 .text.SubmitForSystem
                0x0000000000013560      0x638 /tmp/SetupBrowser.dll.txqWWW.ltrans1.ltrans.o
                0x0000000000013560                SubmitForSystem
 .text.SubmitForm
                0x0000000000013b98      0x3c0 /tmp/SetupBrowser.dll.txqWWW.ltrans1.ltrans.o
                0x0000000000013b98                SubmitForm
 .text.ExecuteAction
                0x0000000000013f58      0x13c /tmp/SetupBrowser.dll.txqWWW.ltrans1.ltrans.o
                0x0000000000013f58                ExecuteAction
 .text.SendForm
                0x0000000000014094     0x2008 /tmp/SetupBrowser.dll.txqWWW.ltrans1.ltrans.o
                0x0000000000014094                SendForm
 .text.UiFindParentMenu
                0x000000000001609c       0xf4 /tmp/SetupBrowser.dll.txqWWW.ltrans1.ltrans.o
                0x000000000001609c                UiFindParentMenu
 .text.__stack_chk_fail
                0x0000000000016190       0x44 /tmp/SetupBrowser.dll.txqWWW.ltrans1.ltrans.o
                0x0000000000016190                __stack_chk_fail
 .text._ModuleEntryPoint
                0x00000000000161d4      0x830 /tmp/SetupBrowser.dll.txqWWW.ltrans1.ltrans.o
                0x00000000000161d4                _ModuleEntryPoint
 .text.memcpy   0x0000000000016a04       0x20 /tmp/SetupBrowser.dll.txqWWW.ltrans1.ltrans.o
                0x0000000000016a04                memcpy
 *fill*         0x0000000000016a24        0xc 
 .text          0x0000000000016a30      0x200 /home/osboxes/edk2sdm/edk2_LG_G7_THINQ/workspace/Build/LgG7ThinQPkg/DEBUG_GCC5/AARCH64/MdePkg/Library/BaseMemoryLibOptDxe/BaseMemoryLibOptDxe/OUTPUT/BaseMemoryLibOptDxe.lib(SetMem.obj)
                0x0000000000016a30                InternalMemSetMem16
                0x0000000000016a3c                InternalMemSetMem32
                0x0000000000016a48                InternalMemSetMem64
                0x0000000000016a54                InternalMemZeroMem
                0x0000000000016a5c                InternalMemSetMem
 .text          0x0000000000016c30      0x218 /home/osboxes/edk2sdm/edk2_LG_G7_THINQ/workspace/Build/LgG7ThinQPkg/DEBUG_GCC5/AARCH64/MdePkg/Library/BaseMemoryLibOptDxe/BaseMemoryLibOptDxe/OUTPUT/BaseMemoryLibOptDxe.lib(CopyMem.obj)
                0x0000000000016d9c                InternalMemCopyMem
 *fill*         0x0000000000016e48       0x38 
 .text          0x0000000000016e80       0xe0 /home/osboxes/edk2sdm/edk2_LG_G7_THINQ/workspace/Build/LgG7ThinQPkg/DEBUG_GCC5/AARCH64/MdePkg/Library/BaseMemoryLibOptDxe/BaseMemoryLibOptDxe/OUTPUT/BaseMemoryLibOptDxe.lib(CompareMem.obj)
                0x0000000000016e80                InternalMemCompareMem
 .text          0x0000000000016f60       0x20 /home/osboxes/edk2sdm/edk2_LG_G7_THINQ/workspace/Build/LgG7ThinQPkg/DEBUG_GCC5/AARCH64/MdePkg/Library/BaseMemoryLibOptDxe/BaseMemoryLibOptDxe/OUTPUT/BaseMemoryLibOptDxe.lib(CompareGuid.obj)
                0x0000000000016f60                InternalMemCompareGuid
 .text.ArmCacheInfo
                0x0000000000016f80        0x8 /home/osboxes/edk2sdm/edk2_LG_G7_THINQ/workspace/Build/LgG7ThinQPkg/DEBUG_GCC5/AARCH64/ArmPkg/Library/ArmLib/ArmBaseLib/OUTPUT/ArmBaseLib.lib(ArmLibSupport.obj)
                0x0000000000016f80                ArmCacheInfo
 .text.ArmGetInterruptState
                0x0000000000016f88       0x10 /home/osboxes/edk2sdm/edk2_LG_G7_THINQ/workspace/Build/LgG7ThinQPkg/DEBUG_GCC5/AARCH64/ArmPkg/Library/ArmLib/ArmBaseLib/OUTPUT/ArmBaseLib.lib(ArmLibSupport.obj)
                0x0000000000016f88                ArmGetInterruptState
 .text.ArmEnableInterrupts
                0x0000000000016f98        0xc /home/osboxes/edk2sdm/edk2_LG_G7_THINQ/workspace/Build/LgG7ThinQPkg/DEBUG_GCC5/AARCH64/ArmPkg/Library/ArmLib/ArmBaseLib/OUTPUT/ArmBaseLib.lib(ArmLibSupportV8.obj)
                0x0000000000016f98                ArmEnableInterrupts
 .text.ArmDisableInterrupts
                0x0000000000016fa4        0xc /home/osboxes/edk2sdm/edk2_LG_G7_THINQ/workspace/Build/LgG7ThinQPkg/DEBUG_GCC5/AARCH64/ArmPkg/Library/ArmLib/ArmBaseLib/OUTPUT/ArmBaseLib.lib(ArmLibSupportV8.obj)
                0x0000000000016fa4                ArmDisableInterrupts
 .text.ArmCleanInvalidateDataCacheEntryByMVA
                0x0000000000016fb0        0x8 /home/osboxes/edk2sdm/edk2_LG_G7_THINQ/workspace/Build/LgG7ThinQPkg/DEBUG_GCC5/AARCH64/ArmPkg/Library/ArmLib/ArmBaseLib/OUTPUT/ArmBaseLib.lib(AArch64Support.obj)
                0x0000000000016fb0                ArmCleanInvalidateDataCacheEntryByMVA
 .text.ArmDataSynchronizationBarrier
                0x0000000000016fb8        0x8 /home/osboxes/edk2sdm/edk2_LG_G7_THINQ/workspace/Build/LgG7ThinQPkg/DEBUG_GCC5/AARCH64/ArmPkg/Library/ArmLib/ArmBaseLib/OUTPUT/ArmBaseLib.lib(AArch64Support.obj)
                0x0000000000016fb8                ArmDataSynchronizationBarrier
 *(.rodata .rodata.* .gnu.linkonce.r.*)
 .rodata.HiiValueToUINT64
                0x0000000000016fc0        0x7 /tmp/SetupBrowser.dll.txqWWW.ltrans0.ltrans.o
 *fill*         0x0000000000016fc7        0x1 
 .rodata.GetLengthForValue
                0x0000000000016fc8        0x8 /tmp/SetupBrowser.dll.txqWWW.ltrans0.ltrans.o
 .rodata.StrnLenS.str1.1
                0x0000000000016fd0       0x62 /tmp/SetupBrowser.dll.txqWWW.ltrans0.ltrans.o
 .rodata.BasePrintLibSPrintMarker.constprop.0.str1.1
                0x0000000000017032      0x28a /tmp/SetupBrowser.dll.txqWWW.ltrans0.ltrans.o
                                        0x2a1 (size before relaxing)
 .rodata.BasePrintLibSPrintMarker.constprop.0
                0x00000000000172bc       0x5e /tmp/SetupBrowser.dll.txqWWW.ltrans0.ltrans.o
 .rodata.AsciiSPrint.constprop.0.str1.1
                0x000000000001731a       0x18 /tmp/SetupBrowser.dll.txqWWW.ltrans0.ltrans.o
 .rodata.DebugAssert.str1.1
                0x0000000000017332        0xd /tmp/SetupBrowser.dll.txqWWW.ltrans0.ltrans.o
 .rodata.ReadUnaligned16.str1.1
                0x000000000001733f       0x42 /tmp/SetupBrowser.dll.txqWWW.ltrans0.ltrans.o
 .rodata.DevicePathNodeLength.str1.1
                0x0000000000017381       0x52 /tmp/SetupBrowser.dll.txqWWW.ltrans0.ltrans.o
                                         0x67 (size before relaxing)
 .rodata.AsciiStrLen.str1.1
                0x00000000000173d3       0x73 /tmp/SetupBrowser.dll.txqWWW.ltrans0.ltrans.o
                                         0x8a (size before relaxing)
 .rodata.FreePool.str1.1
                0x0000000000017446       0x8d /tmp/SetupBrowser.dll.txqWWW.ltrans0.ltrans.o
 .rodata.AsciiStrnCmp.str1.1
                0x00000000000174d3       0x70 /tmp/SetupBrowser.dll.txqWWW.ltrans0.ltrans.o
 .rodata.StrLen.str1.1
                0x0000000000017543       0x3a /tmp/SetupBrowser.dll.txqWWW.ltrans0.ltrans.o
 .rodata.StrStr.str1.1
                0x000000000001757d       0x32 /tmp/SetupBrowser.dll.txqWWW.ltrans0.ltrans.o
 .rodata.StrCmp.str1.1
                0x00000000000175af       0x37 /tmp/SetupBrowser.dll.txqWWW.ltrans0.ltrans.o
 .rodata.InternalBaseLibIsListValid.str1.1
                0x00000000000175e6       0x80 /tmp/SetupBrowser.dll.txqWWW.ltrans0.ltrans.o
                                         0x95 (size before relaxing)
 .rodata.DivU64x32.str1.1
                0x0000000000017666       0x4b /tmp/SetupBrowser.dll.txqWWW.ltrans0.ltrans.o
 .rodata.DivU64x32Remainder.str1.1
                0x00000000000176b1       0x47 /tmp/SetupBrowser.dll.txqWWW.ltrans0.ltrans.o
 .rodata.UnicodeValueToStringS.str1.1
                0x00000000000176f8       0xe4 /tmp/SetupBrowser.dll.txqWWW.ltrans0.ltrans.o
 .rodata.LShiftU64.str1.1
                0x00000000000177dc       0x49 /tmp/SetupBrowser.dll.txqWWW.ltrans0.ltrans.o
 .rodata.RShiftU64.str1.1
                0x0000000000017825       0x3e /tmp/SetupBrowser.dll.txqWWW.ltrans0.ltrans.o
 .rodata.UnicodeSPrint.str1.1
                0x0000000000017863       0x4f /tmp/SetupBrowser.dll.txqWWW.ltrans0.ltrans.o
 .rodata.StrHexToUint64.str1.1
                0x00000000000178b2       0x9b /tmp/SetupBrowser.dll.txqWWW.ltrans0.ltrans.o
 .rodata.StrCatS.str1.1
                0x000000000001794d      0x14d /tmp/SetupBrowser.dll.txqWWW.ltrans0.ltrans.o
 .rodata.StrnCpyS.str1.1
                0x0000000000017a9a       0x55 /tmp/SetupBrowser.dll.txqWWW.ltrans0.ltrans.o
 .rodata.IsNull.str1.1
                0x0000000000017aef       0x22 /tmp/SetupBrowser.dll.txqWWW.ltrans0.ltrans.o
 .rodata.IsListEmpty.str1.1
                0x0000000000017b11       0x26 /tmp/SetupBrowser.dll.txqWWW.ltrans0.ltrans.o
 .rodata.RemoveEntryList.str1.1
                0x0000000000017b37       0x15 /tmp/SetupBrowser.dll.txqWWW.ltrans0.ltrans.o
 .rodata.UpdateStatementStatusForForm.str1.1
                0x0000000000017b4c       0x66 /tmp/SetupBrowser.dll.txqWWW.ltrans0.ltrans.o
 .rodata.IdToQuestion2.str1.1
                0x0000000000017bb2       0x4f /tmp/SetupBrowser.dll.txqWWW.ltrans0.ltrans.o
 .rodata.InitializeListHead.str1.1
                0x0000000000017c01       0x19 /tmp/SetupBrowser.dll.txqWWW.ltrans0.ltrans.o
 .rodata.BitFieldWrite32.str1.1
                0x0000000000017c1a       0xa5 /tmp/SetupBrowser.dll.txqWWW.ltrans0.ltrans.o
 .rodata.CopyMem.str1.1
                0x0000000000017cbf       0xd0 /tmp/SetupBrowser.dll.txqWWW.ltrans0.ltrans.o
 .rodata.AllocateCopyPool.str1.1
                0x0000000000017d8f       0x3f /tmp/SetupBrowser.dll.txqWWW.ltrans0.ltrans.o
 .rodata.CompareMem.str1.1
                0x0000000000017dce       0x91 /tmp/SetupBrowser.dll.txqWWW.ltrans0.ltrans.o
 .rodata.ZeroMem.str1.1
                0x0000000000017e5f       0x85 /tmp/SetupBrowser.dll.txqWWW.ltrans0.ltrans.o
 .rodata.GetBestLanguage.constprop.0.str1.1
                0x0000000000017ee4       0x5f /tmp/SetupBrowser.dll.txqWWW.ltrans0.ltrans.o
 .rodata.CreateExpression.constprop.0.str1.1
                0x0000000000017f43       0x4d /tmp/SetupBrowser.dll.txqWWW.ltrans0.ltrans.o
                                         0x68 (size before relaxing)
 .rodata.HiiGetSupportedLanguages.str1.1
                0x0000000000017f90       0x63 /tmp/SetupBrowser.dll.txqWWW.ltrans0.ltrans.o
 .rodata.HiiGetString.constprop.0.str1.1
                0x0000000000017ff3       0x6c /tmp/SetupBrowser.dll.txqWWW.ltrans0.ltrans.o
                                         0x6d (size before relaxing)
 *fill*         0x000000000001805f        0x1 
 .rodata.HiiGetString.constprop.0.str2.2
                0x0000000000018060       0x1a /tmp/SetupBrowser.dll.txqWWW.ltrans0.ltrans.o
 .rodata.HiiSetString.constprop.0.str1.1
                0x000000000001807a        0x7 /tmp/SetupBrowser.dll.txqWWW.ltrans0.ltrans.o
 .rodata.IsZeroGuid.str1.1
                0x0000000000018081       0x4f /tmp/SetupBrowser.dll.txqWWW.ltrans0.ltrans.o
                                         0x64 (size before relaxing)
 .rodata.CompareGuid.str1.1
                0x00000000000180d0       0x2c /tmp/SetupBrowser.dll.txqWWW.ltrans0.ltrans.o
 .rodata.GetFormsetGuidFromHiiHandle.str1.1
                0x00000000000180fc       0x1f /tmp/SetupBrowser.dll.txqWWW.ltrans0.ltrans.o
 .rodata.DevicePathToHiiHandle.str1.1
                0x000000000001811b       0x1b /tmp/SetupBrowser.dll.txqWWW.ltrans0.ltrans.o
 .rodata.CopyGuid.str1.1
                0x0000000000018136       0x3b /tmp/SetupBrowser.dll.txqWWW.ltrans0.ltrans.o
 .rodata.SaveReminder.str1.1
                0x0000000000018171       0x4a /tmp/SetupBrowser.dll.txqWWW.ltrans0.ltrans.o
 *fill*         0x00000000000181bb        0x1 
 .rodata.IsTrue
                0x00000000000181bc        0x5 /tmp/SetupBrowser.dll.txqWWW.ltrans0.ltrans.o
 *fill*         0x00000000000181c1        0x3 
 .rodata.ExtendValueToU64
                0x00000000000181c4        0x7 /tmp/SetupBrowser.dll.txqWWW.ltrans0.ltrans.o
 .rodata.PushStack.str1.1
                0x00000000000181cb       0x24 /tmp/SetupBrowser.dll.txqWWW.ltrans0.ltrans.o
 .rodata.GetQuestionValueFromForm.str1.1
                0x00000000000181ef       0x81 /tmp/SetupBrowser.dll.txqWWW.ltrans0.ltrans.o
                                         0xae (size before relaxing)
 .rodata.StorageToConfigResp.constprop.0.str1.1
                0x0000000000018270       0x1f /tmp/SetupBrowser.dll.txqWWW.ltrans0.ltrans.o
 *fill*         0x000000000001828f        0x1 
 .rodata.StorageToConfigResp.constprop.0.str2.2
                0x0000000000018290        0x4 /tmp/SetupBrowser.dll.txqWWW.ltrans0.ltrans.o
                                          0x8 (size before relaxing)
 .rodata.InitializeRequestElement.str2.2
                0x0000000000018294       0x38 /tmp/SetupBrowser.dll.txqWWW.ltrans0.ltrans.o
 .rodata.InitializeRequestElement.str1.1
                0x00000000000182cc       0x5c /tmp/SetupBrowser.dll.txqWWW.ltrans0.ltrans.o
 .rodata.CreateStorage.str1.1
                0x0000000000018328       0x59 /tmp/SetupBrowser.dll.txqWWW.ltrans0.ltrans.o
                                         0x71 (size before relaxing)
 *fill*         0x0000000000018381        0x1 
 .rodata.CreateStorage.str2.2
                0x0000000000018382       0x1c /tmp/SetupBrowser.dll.txqWWW.ltrans0.ltrans.o
                                         0x28 (size before relaxing)
 .rodata.CreateStatement.str1.1
                0x000000000001839e       0x59 /tmp/SetupBrowser.dll.txqWWW.ltrans0.ltrans.o
 .rodata.CreateQuestion.str1.1
                0x00000000000183f7       0xdb /tmp/SetupBrowser.dll.txqWWW.ltrans0.ltrans.o
 .rodata.ValidateHiiHandle.part.0.str1.1
                0x00000000000184d2       0x1b /tmp/SetupBrowser.dll.txqWWW.ltrans0.ltrans.o
 .rodata.SubmitForFormSet.part.0.str1.1
                0x00000000000184ed       0x5a /tmp/SetupBrowser.dll.txqWWW.ltrans0.ltrans.o
                                         0x71 (size before relaxing)
 *fill*         0x0000000000018547        0x1 
 .rodata.SubmitForFormSet.part.0.str2.2
                0x0000000000018548       0x22 /tmp/SetupBrowser.dll.txqWWW.ltrans0.ltrans.o
                                         0x2e (size before relaxing)
 .rodata.EvaluateExpression.str2.2
                0x000000000001856a       0x38 /tmp/SetupBrowser.dll.txqWWW.ltrans0.ltrans.o
                                         0x3e (size before relaxing)
 .rodata.EvaluateExpression.str1.1
                0x00000000000185a2       0x9e /tmp/SetupBrowser.dll.txqWWW.ltrans0.ltrans.o
 .rodata.EvaluateExpression
                0x0000000000018640       0xda /tmp/SetupBrowser.dll.txqWWW.ltrans0.ltrans.o
 .rodata.EvaluateExpressionList.str1.1
                0x000000000001871a       0x4c /tmp/SetupBrowser.dll.txqWWW.ltrans0.ltrans.o
 .rodata.ProcessCallBackFunction.constprop.0.str1.1
                0x0000000000018766       0x77 /tmp/SetupBrowser.dll.txqWWW.ltrans0.ltrans.o
 *fill*         0x00000000000187dd        0x3 
 .rodata.ProcessCallBackFunction.constprop.0
                0x00000000000187e0        0x8 /tmp/SetupBrowser.dll.txqWWW.ltrans0.ltrans.o
 .rodata.ExtractDefault.part.0.str1.1
                0x00000000000187e8       0x1d /tmp/SetupBrowser.dll.txqWWW.ltrans0.ltrans.o
 *fill*         0x0000000000018805        0x1 
 .rodata.str2.2
                0x0000000000018806       0x18 /tmp/SetupBrowser.dll.txqWWW.ltrans0.ltrans.o
 .rodata.str1.1
                0x000000000001881e      0x224 /tmp/SetupBrowser.dll.txqWWW.ltrans0.ltrans.o
                                        0x235 (size before relaxing)
 *fill*         0x0000000000018a42        0x6 
 .rodata.CSWTCH.244
                0x0000000000018a48       0x20 /tmp/SetupBrowser.dll.txqWWW.ltrans0.ltrans.o
 .rodata.mHexStr
                0x0000000000018a68       0x10 /tmp/SetupBrowser.dll.txqWWW.ltrans0.ltrans.o
 .rodata.mStatusString
                0x0000000000018a78      0x138 /tmp/SetupBrowser.dll.txqWWW.ltrans0.ltrans.o
 .rodata.RegisterHotKey.str1.1
                0x0000000000018bb0       0x17 /tmp/SetupBrowser.dll.txqWWW.ltrans1.ltrans.o
                                         0x76 (size before relaxing)
 *fill*         0x0000000000018bc7        0x1 
 .rodata.ConfigRequestAdjust.str2.2
                0x0000000000018bc8       0x28 /tmp/SetupBrowser.dll.txqWWW.ltrans1.ltrans.o
                                         0x2c (size before relaxing)
 .rodata.ConfigRequestAdjust.str1.1
                0x0000000000018bf0       0x23 /tmp/SetupBrowser.dll.txqWWW.ltrans1.ltrans.o
                                         0x59 (size before relaxing)
 .rodata.CleanBrowserStorage.str1.1
                0x0000000000018c13       0x49 /tmp/SetupBrowser.dll.txqWWW.ltrans1.ltrans.o
 .rodata.ConfigRespToStorage.str2.2
                0x0000000000018c5c        0x4 /tmp/SetupBrowser.dll.txqWWW.ltrans1.ltrans.o
 .rodata.ProcessStorage.str1.1
                0x0000000000018c5c       0x1b /tmp/SetupBrowser.dll.txqWWW.ltrans1.ltrans.o
                                         0x51 (size before relaxing)
 .rodata.HiiToLower.str1.1
                0x0000000000018c77       0x1d /tmp/SetupBrowser.dll.txqWWW.ltrans1.ltrans.o
 .rodata.GetSyncRestoreConfigRequest.str1.1
                0x0000000000018c94       0xaf /tmp/SetupBrowser.dll.txqWWW.ltrans1.ltrans.o
                                         0xc6 (size before relaxing)
 .rodata.GetSyncRestoreConfigRequest.str2.2
                0x0000000000018d43       0x2e /tmp/SetupBrowser.dll.txqWWW.ltrans1.ltrans.o
 .rodata.ValidateFormSet.str1.1
                0x0000000000018d43       0x18 /tmp/SetupBrowser.dll.txqWWW.ltrans1.ltrans.o
 .rodata.SetQuestionValue.str1.1
                0x0000000000018d43       0xaf /tmp/SetupBrowser.dll.txqWWW.ltrans1.ltrans.o
                                         0x35 (size before relaxing)
 .rodata.GetQuestionValue.str1.1
                0x0000000000018d43       0x4d /tmp/SetupBrowser.dll.txqWWW.ltrans1.ltrans.o
                                         0x6b (size before relaxing)
 .rodata.IsQuestionValueChanged.str1.1
                0x0000000000018d90       0x1e /tmp/SetupBrowser.dll.txqWWW.ltrans1.ltrans.o
                                         0x70 (size before relaxing)
 .rodata.NewStringCpy.str1.1
                0x0000000000018dae       0x16 /tmp/SetupBrowser.dll.txqWWW.ltrans1.ltrans.o
 .rodata.InitializeCurrentSetting.str2.2
                0x0000000000018dc4       0x3c /tmp/SetupBrowser.dll.txqWWW.ltrans1.ltrans.o
 .rodata.NewStringCat.str1.1
                0x0000000000018e00       0x1a /tmp/SetupBrowser.dll.txqWWW.ltrans1.ltrans.o
 .rodata.GetToken.str2.2
                0x0000000000018e00        0x4 /tmp/SetupBrowser.dll.txqWWW.ltrans1.ltrans.o
 .rodata.GetToken.str1.1
                0x0000000000018e04       0x17 /tmp/SetupBrowser.dll.txqWWW.ltrans1.ltrans.o
 .rodata.GetQuestionDefault.str1.1
                0x0000000000018e04       0xd0 /tmp/SetupBrowser.dll.txqWWW.ltrans1.ltrans.o
 .rodata.GetQuestionDefault
                0x0000000000018ed4        0x8 /tmp/SetupBrowser.dll.txqWWW.ltrans1.ltrans.o
 .rodata.NewString.str1.1
                0x0000000000018edc        0xe /tmp/SetupBrowser.dll.txqWWW.ltrans1.ltrans.o
 .rodata.PasswordCheck.str1.1
                0x0000000000018edc       0xd0 /tmp/SetupBrowser.dll.txqWWW.ltrans1.ltrans.o
                                         0x19 (size before relaxing)
 .rodata.InitializeFormSet.str1.1
                0x0000000000018edc      0x19c /tmp/SetupBrowser.dll.txqWWW.ltrans1.ltrans.o
                                        0x208 (size before relaxing)
 .rodata.InitializeFormSet
                0x0000000000019078      0x185 /tmp/SetupBrowser.dll.txqWWW.ltrans1.ltrans.o
 .rodata.PopupErrorMessage.str1.1
                0x00000000000191fd      0x19c /tmp/SetupBrowser.dll.txqWWW.ltrans1.ltrans.o
                                         0x1a (size before relaxing)
 .rodata.ConfirmSaveFail.str1.1
                0x00000000000191fd       0x1d /tmp/SetupBrowser.dll.txqWWW.ltrans1.ltrans.o
 .rodata.ConfirmSaveFail.str2.2
                0x000000000001921a       0x34 /tmp/SetupBrowser.dll.txqWWW.ltrans1.ltrans.o
 .rodata.ValidateQuestion.str1.1
                0x000000000001924e       0x12 /tmp/SetupBrowser.dll.txqWWW.ltrans1.ltrans.o
 .rodata.UiCopyMenuList.str1.1
                0x0000000000019260       0x1d /tmp/SetupBrowser.dll.txqWWW.ltrans1.ltrans.o
 *fill*         0x000000000001927d        0x1 
 .rodata.SubmitForSystem.str2.2
                0x000000000001927e       0x42 /tmp/SetupBrowser.dll.txqWWW.ltrans1.ltrans.o
 .rodata.SendForm.str1.1
                0x00000000000192c0      0x1ea /tmp/SetupBrowser.dll.txqWWW.ltrans1.ltrans.o
                                        0x23b (size before relaxing)
 .rodata.SendForm.str2.2
                0x00000000000194aa       0x42 /tmp/SetupBrowser.dll.txqWWW.ltrans1.ltrans.o
                                          0x2 (size before relaxing)
 *fill*         0x00000000000194aa        0x2 
 .rodata.SendForm
                0x00000000000194ac        0x8 /tmp/SetupBrowser.dll.txqWWW.ltrans1.ltrans.o
 .rodata.UiFindParentMenu.str1.1
                0x00000000000194b4       0x3a /tmp/SetupBrowser.dll.txqWWW.ltrans1.ltrans.o
 .rodata.__stack_chk_fail.str1.1
                0x00000000000194ee       0x2e /tmp/SetupBrowser.dll.txqWWW.ltrans1.ltrans.o
 .rodata._ModuleEntryPoint.str1.1
                0x000000000001951c      0x2a2 /tmp/SetupBrowser.dll.txqWWW.ltrans1.ltrans.o
                                        0x2de (size before relaxing)
 .rodata.CSWTCH.163
                0x00000000000197be        0x3 /tmp/SetupBrowser.dll.txqWWW.ltrans1.ltrans.o
 *(.got .got.*)
 *fill*         0x00000000000197c1        0x7 
 .got           0x00000000000197c8        0x8 /home/osboxes/edk2sdm/edk2/ArmPkg/Library/GccLto/liblto-aarch64.a
                0x00000000000197c8                _GLOBAL_OFFSET_TABLE_
 .got.plt       0x00000000000197d0       0x18 /home/osboxes/edk2sdm/edk2/ArmPkg/Library/GccLto/liblto-aarch64.a
 *:AutoGen.obj(.data.g*Guid)

.plt            0x00000000000197e8        0x0
 .plt           0x00000000000197e8        0x0 /home/osboxes/edk2sdm/edk2/ArmPkg/Library/GccLto/liblto-aarch64.a

.data           0x000000000001a000      0x7e4
 *(.data .data.* .gnu.linkonce.d.*)
 .data.rel.ro   0x000000000001a000        0x0 /home/osboxes/edk2sdm/edk2/ArmPkg/Library/GccLto/liblto-aarch64.a
 .data.font5x12
                0x000000000001a000      0x300 /tmp/SetupBrowser.dll.txqWWW.ltrans0.ltrans.o
 .data.gBrowserContextList
                0x000000000001a300       0x10 /tmp/SetupBrowser.dll.txqWWW.ltrans0.ltrans.o
                0x000000000001a300                gBrowserContextList
 .data.gBrowserFormSetList
                0x000000000001a310       0x10 /tmp/SetupBrowser.dll.txqWWW.ltrans0.ltrans.o
                0x000000000001a310                gBrowserFormSetList
 .data.gBrowserSaveFailFormSetList
                0x000000000001a320       0x10 /tmp/SetupBrowser.dll.txqWWW.ltrans0.ltrans.o
                0x000000000001a320                gBrowserSaveFailFormSetList
 .data.gBrowserSettingScope
                0x000000000001a330        0x4 /tmp/SetupBrowser.dll.txqWWW.ltrans0.ltrans.o
                0x000000000001a330                gBrowserSettingScope
 *fill*         0x000000000001a334        0x4 
 .data.gBrowserStorageList
                0x000000000001a338       0x10 /tmp/SetupBrowser.dll.txqWWW.ltrans0.ltrans.o
                0x000000000001a338                gBrowserStorageList
 .data.gEfiDevicePathProtocolGuid
                0x000000000001a348       0x10 /tmp/SetupBrowser.dll.txqWWW.ltrans0.ltrans.o
 .data.gEfiGlobalVariableGuid
                0x000000000001a358       0x10 /tmp/SetupBrowser.dll.txqWWW.ltrans0.ltrans.o
 .data.gEfiRegularExpressionProtocolGuid
                0x000000000001a368       0x10 /tmp/SetupBrowser.dll.txqWWW.ltrans0.ltrans.o
 .data.gEfiUnicodeCollation2ProtocolGuid
                0x000000000001a378       0x10 /tmp/SetupBrowser.dll.txqWWW.ltrans0.ltrans.o
 .data.gEfiUserManagerProtocolGuid
                0x000000000001a388       0x10 /tmp/SetupBrowser.dll.txqWWW.ltrans0.ltrans.o
 .data.mPrivateData
                0x000000000001a398       0x98 /tmp/SetupBrowser.dll.txqWWW.ltrans0.ltrans.o
                0x000000000001a398                mPrivateData
 .data.mRefreshEventList
                0x000000000001a430       0x10 /tmp/SetupBrowser.dll.txqWWW.ltrans0.ltrans.o
                0x000000000001a430                mRefreshEventList
 .data.__stack_chk_guard
                0x000000000001a440        0x8 /tmp/SetupBrowser.dll.txqWWW.ltrans1.ltrans.o
                0x000000000001a440                __stack_chk_guard
 .data.gBrowserHotKeyList
                0x000000000001a448       0x10 /tmp/SetupBrowser.dll.txqWWW.ltrans1.ltrans.o
 .data.gEdkiiFormBrowserEx2ProtocolGuid
                0x000000000001a458       0x10 /tmp/SetupBrowser.dll.txqWWW.ltrans1.ltrans.o
 .data.gEdkiiFormBrowserExProtocolGuid
                0x000000000001a468       0x10 /tmp/SetupBrowser.dll.txqWWW.ltrans1.ltrans.o
 .data.gEdkiiFormDisplayEngineProtocolGuid
                0x000000000001a478       0x10 /tmp/SetupBrowser.dll.txqWWW.ltrans1.ltrans.o
 .data.gEdkiiIfrBitVarstoreGuid
                0x000000000001a488       0x10 /tmp/SetupBrowser.dll.txqWWW.ltrans1.ltrans.o
 .data.gEfiDevicePathFromTextProtocolGuid
                0x000000000001a498       0x10 /tmp/SetupBrowser.dll.txqWWW.ltrans1.ltrans.o
 .data.gEfiFormBrowser2ProtocolGuid
                0x000000000001a4a8       0x10 /tmp/SetupBrowser.dll.txqWWW.ltrans1.ltrans.o
 .data.gEfiHiiConfigAccessProtocolGuid
                0x000000000001a4b8       0x10 /tmp/SetupBrowser.dll.txqWWW.ltrans1.ltrans.o
 .data.gEfiHiiConfigRoutingProtocolGuid
                0x000000000001a4c8       0x10 /tmp/SetupBrowser.dll.txqWWW.ltrans1.ltrans.o
 .data.gEfiHiiDatabaseProtocolGuid
                0x000000000001a4d8       0x10 /tmp/SetupBrowser.dll.txqWWW.ltrans1.ltrans.o
 .data.gEfiHiiFontProtocolGuid
                0x000000000001a4e8       0x10 /tmp/SetupBrowser.dll.txqWWW.ltrans1.ltrans.o
 .data.gEfiHiiImageProtocolGuid
                0x000000000001a4f8       0x10 /tmp/SetupBrowser.dll.txqWWW.ltrans1.ltrans.o
 .data.gEfiHiiPlatformSetupFormsetGuid
                0x000000000001a508       0x10 /tmp/SetupBrowser.dll.txqWWW.ltrans1.ltrans.o
 .data.gEfiHiiStandardFormGuid
                0x000000000001a518       0x10 /tmp/SetupBrowser.dll.txqWWW.ltrans1.ltrans.o
 .data.gEfiHiiStringProtocolGuid
                0x000000000001a528       0x10 /tmp/SetupBrowser.dll.txqWWW.ltrans1.ltrans.o
 .data.gEfiHobListGuid
                0x000000000001a538       0x10 /tmp/SetupBrowser.dll.txqWWW.ltrans1.ltrans.o
 .data.mBrowserScopeFirstSet
                0x000000000001a548        0x1 /tmp/SetupBrowser.dll.txqWWW.ltrans1.ltrans.o
 *(.bss .bss.*)
 *fill*         0x000000000001a549        0x7 
 .bss.gBS       0x000000000001a550        0x8 /tmp/SetupBrowser.dll.txqWWW.ltrans0.ltrans.o
                0x000000000001a550                gBS
 .bss.gCallbackReconnect
                0x000000000001a558        0x1 /tmp/SetupBrowser.dll.txqWWW.ltrans0.ltrans.o
                0x000000000001a558                gCallbackReconnect
 *fill*         0x000000000001a559        0x7 
 .bss.gCurrentSelection
                0x000000000001a560        0x8 /tmp/SetupBrowser.dll.txqWWW.ltrans0.ltrans.o
                0x000000000001a560                gCurrentSelection
 .bss.gDisplayFormData
                0x000000000001a568       0x90 /tmp/SetupBrowser.dll.txqWWW.ltrans0.ltrans.o
                0x000000000001a568                gDisplayFormData
 .bss.gEmptyString
                0x000000000001a5f8        0x8 /tmp/SetupBrowser.dll.txqWWW.ltrans0.ltrans.o
                0x000000000001a5f8                gEmptyString
 .bss.gHiiDatabase
                0x000000000001a600        0x8 /tmp/SetupBrowser.dll.txqWWW.ltrans0.ltrans.o
                0x000000000001a600                gHiiDatabase
 .bss.gHiiString
                0x000000000001a608        0x8 /tmp/SetupBrowser.dll.txqWWW.ltrans0.ltrans.o
                0x000000000001a608                gHiiString
 .bss.gRT       0x000000000001a610        0x8 /tmp/SetupBrowser.dll.txqWWW.ltrans0.ltrans.o
                0x000000000001a610                gRT
 .bss.gResetRequiredFormLevel
                0x000000000001a618        0x1 /tmp/SetupBrowser.dll.txqWWW.ltrans0.ltrans.o
                0x000000000001a618                gResetRequiredFormLevel
 .bss.gResetRequiredSystemLevel
                0x000000000001a619        0x1 /tmp/SetupBrowser.dll.txqWWW.ltrans0.ltrans.o
                0x000000000001a619                gResetRequiredSystemLevel
 *fill*         0x000000000001a61a        0x6 
 .bss.mExpressionEvaluationStack
                0x000000000001a620        0x8 /tmp/SetupBrowser.dll.txqWWW.ltrans0.ltrans.o
 .bss.mExpressionEvaluationStackEnd
                0x000000000001a628        0x8 /tmp/SetupBrowser.dll.txqWWW.ltrans0.ltrans.o
 .bss.mExpressionEvaluationStackOffset
                0x000000000001a630        0x8 /tmp/SetupBrowser.dll.txqWWW.ltrans0.ltrans.o
 .bss.mExpressionEvaluationStackPointer
                0x000000000001a638        0x8 /tmp/SetupBrowser.dll.txqWWW.ltrans0.ltrans.o
 .bss.mFormDisplay
                0x000000000001a640        0x8 /tmp/SetupBrowser.dll.txqWWW.ltrans0.ltrans.o
                0x000000000001a640                mFormDisplay
 .bss.mFormExpressionEnd
                0x000000000001a648        0x8 /tmp/SetupBrowser.dll.txqWWW.ltrans0.ltrans.o
 .bss.mFormExpressionPointer
                0x000000000001a650        0x8 /tmp/SetupBrowser.dll.txqWWW.ltrans0.ltrans.o
                0x000000000001a650                mFormExpressionPointer
 .bss.mFormExpressionStack
                0x000000000001a658        0x8 /tmp/SetupBrowser.dll.txqWWW.ltrans0.ltrans.o
                0x000000000001a658                mFormExpressionStack
 .bss.mHiiConfigRouting
                0x000000000001a660        0x8 /tmp/SetupBrowser.dll.txqWWW.ltrans0.ltrans.o
                0x000000000001a660                mHiiConfigRouting
 .bss.mHiiDatabase
                0x000000000001a668        0x8 /tmp/SetupBrowser.dll.txqWWW.ltrans0.ltrans.o
                0x000000000001a668                mHiiDatabase
 .bss.mHiiPackageListUpdated
                0x000000000001a670        0x1 /tmp/SetupBrowser.dll.txqWWW.ltrans0.ltrans.o
                0x000000000001a670                mHiiPackageListUpdated
 *fill*         0x000000000001a671        0x7 
 .bss.mOpCodeScopeStack
                0x000000000001a678        0x8 /tmp/SetupBrowser.dll.txqWWW.ltrans0.ltrans.o
                0x000000000001a678                mOpCodeScopeStack
 .bss.mOpCodeScopeStackEnd
                0x000000000001a680        0x8 /tmp/SetupBrowser.dll.txqWWW.ltrans0.ltrans.o
 .bss.mOpCodeScopeStackPointer
                0x000000000001a688        0x8 /tmp/SetupBrowser.dll.txqWWW.ltrans0.ltrans.o
                0x000000000001a688                mOpCodeScopeStackPointer
 .bss.mOptionExpressionEnd
                0x000000000001a690        0x8 /tmp/SetupBrowser.dll.txqWWW.ltrans0.ltrans.o
 .bss.mOptionExpressionPointer
                0x000000000001a698        0x8 /tmp/SetupBrowser.dll.txqWWW.ltrans0.ltrans.o
                0x000000000001a698                mOptionExpressionPointer
 .bss.mOptionExpressionStack
                0x000000000001a6a0        0x8 /tmp/SetupBrowser.dll.txqWWW.ltrans0.ltrans.o
                0x000000000001a6a0                mOptionExpressionStack
 .bss.mPathFromText
                0x000000000001a6a8        0x8 /tmp/SetupBrowser.dll.txqWWW.ltrans0.ltrans.o
                0x000000000001a6a8                mPathFromText
 .bss.mStatementExpressionEnd
                0x000000000001a6b0        0x8 /tmp/SetupBrowser.dll.txqWWW.ltrans0.ltrans.o
 .bss.mStatementExpressionPointer
                0x000000000001a6b8        0x8 /tmp/SetupBrowser.dll.txqWWW.ltrans0.ltrans.o
                0x000000000001a6b8                mStatementExpressionPointer
 .bss.mStatementExpressionStack
                0x000000000001a6c0        0x8 /tmp/SetupBrowser.dll.txqWWW.ltrans0.ltrans.o
                0x000000000001a6c0                mStatementExpressionStack
 .bss.mStatementIndex
                0x000000000001a6c8        0x2 /tmp/SetupBrowser.dll.txqWWW.ltrans0.ltrans.o
                0x000000000001a6c8                mStatementIndex
 *fill*         0x000000000001a6ca        0x6 
 .bss.mSystemLevelFormSet
                0x000000000001a6d0        0x8 /tmp/SetupBrowser.dll.txqWWW.ltrans0.ltrans.o
                0x000000000001a6d0                mSystemLevelFormSet
 .bss.mUnicodeCollation
                0x000000000001a6d8        0x8 /tmp/SetupBrowser.dll.txqWWW.ltrans0.ltrans.o
 .bss.mUserManager
                0x000000000001a6e0        0x8 /tmp/SetupBrowser.dll.txqWWW.ltrans0.ltrans.o
 .bss.mValueChangedEvent
                0x000000000001a6e8        0x8 /tmp/SetupBrowser.dll.txqWWW.ltrans0.ltrans.o
                0x000000000001a6e8                mValueChangedEvent
 .bss.m_Color   0x000000000001a6f0       0x10 /tmp/SetupBrowser.dll.txqWWW.ltrans0.ltrans.o
 .bss.m_Initialized
                0x000000000001a700        0x1 /tmp/SetupBrowser.dll.txqWWW.ltrans0.ltrans.o
 *fill*         0x000000000001a701        0x7 
 .bss.m_MaxPosition
                0x000000000001a708       0x10 /tmp/SetupBrowser.dll.txqWWW.ltrans0.ltrans.o
 .bss.m_Position
                0x000000000001a718       0x10 /tmp/SetupBrowser.dll.txqWWW.ltrans0.ltrans.o
 .bss.ExitHandlerFunction
                0x000000000001a728        0x8 /tmp/SetupBrowser.dll.txqWWW.ltrans1.ltrans.o
 .bss.gBrowserContextCount
                0x000000000001a730        0x8 /tmp/SetupBrowser.dll.txqWWW.ltrans1.ltrans.o
 .bss.gExitRequired
                0x000000000001a738        0x1 /tmp/SetupBrowser.dll.txqWWW.ltrans1.ltrans.o
 .bss.gFlagReconnect
                0x000000000001a739        0x1 /tmp/SetupBrowser.dll.txqWWW.ltrans1.ltrans.o
 *fill*         0x000000000001a73a        0x6 
 .bss.gHiiConfigRouting
                0x000000000001a740        0x8 /tmp/SetupBrowser.dll.txqWWW.ltrans1.ltrans.o
 .bss.gHiiFont  0x000000000001a748        0x8 /tmp/SetupBrowser.dll.txqWWW.ltrans1.ltrans.o
 .bss.gHiiImage
                0x000000000001a750        0x8 /tmp/SetupBrowser.dll.txqWWW.ltrans1.ltrans.o
 .bss.gImageHandle
                0x000000000001a758        0x8 /tmp/SetupBrowser.dll.txqWWW.ltrans1.ltrans.o
 .bss.gST       0x000000000001a760        0x8 /tmp/SetupBrowser.dll.txqWWW.ltrans1.ltrans.o
 .bss.gZeroGuid
                0x000000000001a768       0x10 /tmp/SetupBrowser.dll.txqWWW.ltrans1.ltrans.o
 .bss.mCurFakeQestId
                0x000000000001a778        0x2 /tmp/SetupBrowser.dll.txqWWW.ltrans1.ltrans.o
 *fill*         0x000000000001a77a        0x6 
 .bss.mCurrentExpressionEnd
                0x000000000001a780        0x8 /tmp/SetupBrowser.dll.txqWWW.ltrans1.ltrans.o
 .bss.mCurrentExpressionPointer
                0x000000000001a788        0x8 /tmp/SetupBrowser.dll.txqWWW.ltrans1.ltrans.o
 .bss.mCurrentExpressionStack
                0x000000000001a790        0x8 /tmp/SetupBrowser.dll.txqWWW.ltrans1.ltrans.o
 .bss.mCurrentFormId
                0x000000000001a798        0x2 /tmp/SetupBrowser.dll.txqWWW.ltrans1.ltrans.o
 *fill*         0x000000000001a79a        0x2 
 .bss.mCurrentFormSetGuid
                0x000000000001a79c       0x10 /tmp/SetupBrowser.dll.txqWWW.ltrans1.ltrans.o
 *fill*         0x000000000001a7ac        0x4 
 .bss.mCurrentHiiHandle
                0x000000000001a7b0        0x8 /tmp/SetupBrowser.dll.txqWWW.ltrans1.ltrans.o
 .bss.mExpressionOpCodeIndex
                0x000000000001a7b8        0x2 /tmp/SetupBrowser.dll.txqWWW.ltrans1.ltrans.o
 .bss.mFinishRetrieveCall
                0x000000000001a7ba        0x1 /tmp/SetupBrowser.dll.txqWWW.ltrans1.ltrans.o
 *fill*         0x000000000001a7bb        0x5 
 .bss.mHobList  0x000000000001a7c0        0x8 /tmp/SetupBrowser.dll.txqWWW.ltrans1.ltrans.o
 .bss.mMapExpressionListEnd
                0x000000000001a7c8        0x8 /tmp/SetupBrowser.dll.txqWWW.ltrans1.ltrans.o
 .bss.mMapExpressionListPointer
                0x000000000001a7d0        0x8 /tmp/SetupBrowser.dll.txqWWW.ltrans1.ltrans.o
 .bss.mMapExpressionListStack
                0x000000000001a7d8        0x8 /tmp/SetupBrowser.dll.txqWWW.ltrans1.ltrans.o
 .bss.mSystemSubmit
                0x000000000001a7e0        0x1 /tmp/SetupBrowser.dll.txqWWW.ltrans1.ltrans.o
 *fill*         0x000000000001a7e1        0x1 
 .bss.mUsedQuestionId
                0x000000000001a7e2        0x2 /tmp/SetupBrowser.dll.txqWWW.ltrans1.ltrans.o

.dynbss         0x000000000001a7e4        0x0
 .dynbss        0x000000000001a7e4        0x0 /home/osboxes/edk2sdm/edk2/ArmPkg/Library/GccLto/liblto-aarch64.a

.eh_frame
 *(.eh_frame)

.rela           0x000000000001a7e8      0x648
 *(.rela .rela.*)
 .rela.got      0x000000000001a7e8        0x0 /home/osboxes/edk2sdm/edk2/ArmPkg/Library/GccLto/liblto-aarch64.a
 .rela.plt      0x000000000001a7e8        0x0 /home/osboxes/edk2sdm/edk2/ArmPkg/Library/GccLto/liblto-aarch64.a
 .rela.bss      0x000000000001a7e8        0x0 /home/osboxes/edk2sdm/edk2/ArmPkg/Library/GccLto/liblto-aarch64.a
 .rela.data.rel.ro
                0x000000000001a7e8        0x0 /home/osboxes/edk2sdm/edk2/ArmPkg/Library/GccLto/liblto-aarch64.a
 .rela.ifunc    0x000000000001a7e8        0x0 /home/osboxes/edk2sdm/edk2/ArmPkg/Library/GccLto/liblto-aarch64.a
 .rela.data.gBrowserContextList
                0x000000000001a7e8       0x30 /home/osboxes/edk2sdm/edk2/ArmPkg/Library/GccLto/liblto-aarch64.a
 .rela.data.gBrowserFormSetList
                0x000000000001a818       0x30 /home/osboxes/edk2sdm/edk2/ArmPkg/Library/GccLto/liblto-aarch64.a
 .rela.data.gBrowserSaveFailFormSetList
                0x000000000001a848       0x30 /home/osboxes/edk2sdm/edk2/ArmPkg/Library/GccLto/liblto-aarch64.a
 .rela.data.gBrowserStorageList
                0x000000000001a878       0x30 /home/osboxes/edk2sdm/edk2/ArmPkg/Library/GccLto/liblto-aarch64.a
 .rela.data.mPrivateData
                0x000000000001a8a8      0x120 /home/osboxes/edk2sdm/edk2/ArmPkg/Library/GccLto/liblto-aarch64.a
 .rela.data.mRefreshEventList
                0x000000000001a9c8       0x30 /home/osboxes/edk2sdm/edk2/ArmPkg/Library/GccLto/liblto-aarch64.a
 .rela.rodata.CSWTCH.244
                0x000000000001a9f8       0x60 /home/osboxes/edk2sdm/edk2/ArmPkg/Library/GccLto/liblto-aarch64.a
 .rela.rodata.mStatusString
                0x000000000001aa58      0x3a8 /home/osboxes/edk2sdm/edk2/ArmPkg/Library/GccLto/liblto-aarch64.a
 .rela.data.gBrowserHotKeyList
                0x000000000001ae00       0x30 /home/osboxes/edk2sdm/edk2/ArmPkg/Library/GccLto/liblto-aarch64.a

.hii
 *(.hii)

.build-id       0x000000000001ae30       0x24
 *(.note.gnu.build-id)
 .note.gnu.build-id
                0x000000000001ae30       0x24 /home/osboxes/edk2sdm/edk2/ArmPkg/Library/GccLto/liblto-aarch64.a

/DISCARD/
 *(.note.GNU-stack)
 *(.gnu_debuglink)
 *(.interp)
 *(.dynsym)
 *(.dynstr)
 *(.dynamic)
 *(.hash .gnu.hash)
 *(.comment)
 *(COMMON)
                0x0000000000000228                PECOFF_HEADER_SIZE = 0x228
OUTPUT(/home/osboxes/edk2sdm/edk2_LG_G7_THINQ/workspace/Build/LgG7ThinQPkg/DEBUG_GCC5/AARCH64/MdeModulePkg/Universal/SetupBrowserDxe/SetupBrowserDxe/DEBUG/SetupBrowser.dll elf64-littleaarch64)

.debug_info     0x0000000000000000    0x54a05
 .debug_info    0x0000000000000000     0xdc71 /tmp/SetupBrowser.dll.txqWWW.ltrans0.ltrans.o
 .debug_info    0x000000000000dc71     0xc7c9 /tmp/SetupBrowser.dll.txqWWW.ltrans1.ltrans.o
 .debug_info    0x000000000001a43a      0x289 /tmp/ccj7EIF0.debug.temp.o
                0x000000000001a43a                memcpy.c.ac51164e
 .debug_info    0x000000000001a6c3      0x23a /tmp/ccnajwiZ.debug.temp.o
                0x000000000001a6c3                memset.c.8ec109bf
 .debug_info    0x000000000001a8fd     0x1b08 /tmp/ccIExzpZ.debug.temp.o
                0x000000000001a8fd                DriverEntryPoint.c.3644824c
 .debug_info    0x000000000001c405      0x239 /tmp/cctJ5E30.debug.temp.o
                0x000000000001c405                BaseStackCheckGcc.c.4aa6e768
 .debug_info    0x000000000001c63e     0x1f97 /tmp/ccBtD3eY.debug.temp.o
                0x000000000001c63e                AutoGen.c.29fcac0c
 .debug_info    0x000000000001e5d5     0x6203 /tmp/cc7fBfBX.debug.temp.o
                0x000000000001e5d5                Setup.c.8f189a3c
 .debug_info    0x00000000000247d8     0x542a /tmp/ccO7p4OX.debug.temp.o
                0x00000000000247d8                IfrParse.c.420a564b
 .debug_info    0x0000000000029c02     0x4f54 /tmp/ccJCsVgX.debug.temp.o
                0x0000000000029c02                Expression.c.c3dc601a
 .debug_info    0x000000000002eb56     0x46e4 /tmp/ccjc4f6X.debug.temp.o
                0x000000000002eb56                Presentation.c.fbbf6ed4
 .debug_info    0x000000000003323a      0x2cf /tmp/ccZdf3D0.debug.temp.o
                0x000000000003323a                MemLibGuid.c.d7eaf245
 .debug_info    0x0000000000033509      0x22c /tmp/cc7oaHp1.debug.temp.o
                0x0000000000033509                ZeroMemWrapper.c.6f42efc0
 .debug_info    0x0000000000033735      0x259 /tmp/ccUEcukX.debug.temp.o
                0x0000000000033735                CompareMemWrapper.c.f79fdd95
 .debug_info    0x000000000003398e      0x243 /tmp/cceANiGX.debug.temp.o
                0x000000000003398e                CopyMemWrapper.c.cd65deea
 .debug_info    0x0000000000033bd1      0x27c /tmp/cc9vbYjY.debug.temp.o
                0x0000000000033bd1                RShiftU64.c.238bf113
 .debug_info    0x0000000000033e4d      0x27c /tmp/ccYLQGyY.debug.temp.o
                0x0000000000033e4d                MultU64x32.c.a60a70b0
 .debug_info    0x00000000000340c9      0x27c /tmp/ccnALmkZ.debug.temp.o
                0x00000000000340c9                LShiftU64.c.98016edb
 .debug_info    0x0000000000034345      0x286 /tmp/ccVEyPTZ.debug.temp.o
                0x0000000000034345                DivU64x32Remainder.c.beb2337e
 .debug_info    0x00000000000345cb      0x270 /tmp/ccyWJ180.debug.temp.o
                0x00000000000345cb                DivU64x32.c.3c4a3aa9
 .debug_info    0x000000000003483b      0x940 /tmp/ccM0fVA0.debug.temp.o
                0x000000000003483b                BitField.c.349c29f7
 .debug_info    0x000000000003517b      0x271 /tmp/cc5wt4XW.debug.temp.o
                0x000000000003517b                CpuDeadLoop.c.3ad87459
 .debug_info    0x00000000000353ec      0x4ca /tmp/ccqc6EAX.debug.temp.o
                0x00000000000353ec                LinkedList.c.e7e68b86
 .debug_info    0x00000000000358b6      0xe6f /tmp/ccB3nPj0.debug.temp.o
                0x00000000000358b6                SafeString.c.d1dc06bd
 .debug_info    0x0000000000036725      0xafd /tmp/cczuw6KX.debug.temp.o
                0x0000000000036725                String.c.eb1c6b13
 .debug_info    0x0000000000037222      0x4dd /tmp/ccK7JsCY.debug.temp.o
                0x0000000000037222                Math64.c.af0a6910
 .debug_info    0x00000000000376ff      0x7cd /tmp/ccLbgm6Z.debug.temp.o
                0x00000000000376ff                PrintLib.c.15de9dce
 .debug_info    0x0000000000037ecc      0x824 /tmp/ccKXjvhZ.debug.temp.o
                0x0000000000037ecc                PrintLibInternal.c.b784bb0b
 .debug_info    0x00000000000386f0      0x497 /tmp/ccELFMUY.debug.temp.o
                0x00000000000386f0                DebugLib.c.591ccce6
 .debug_info    0x0000000000038b87     0x1992 /tmp/cceSQft0.debug.temp.o
                0x0000000000038b87                UefiBootServicesTableLib.c.92588772
 .debug_info    0x000000000003a519     0x1e91 /tmp/ccAgo0xY.debug.temp.o
                0x000000000003a519                MemoryAllocationLib.c.a2d00db7
 .debug_info    0x000000000003c3aa     0x1e7f /tmp/ccbVCmTX.debug.temp.o
                0x000000000003c3aa                DevicePathUtilities.c.fef08b13
 .debug_info    0x000000000003e229     0x1baf /tmp/ccfeFyEX.debug.temp.o
                0x000000000003e229                UefiDevicePathLib.c.6322971b
 .debug_info    0x000000000003fdd8     0x1963 /tmp/ccmdSsYW.debug.temp.o
                0x000000000003fdd8                UefiRuntimeServicesTableLib.c.88072e97
 .debug_info    0x000000000004173b     0x2896 /tmp/ccl2hLkY.debug.temp.o
                0x000000000004173b                UefiLib.c.da6b9c27
 .debug_info    0x0000000000043fd1     0x23af /tmp/ccEkjg5Y.debug.temp.o
                0x0000000000043fd1                HobLib.c.b8181337
 .debug_info    0x0000000000046380     0x2a0a /tmp/ccJOxQ1Y.debug.temp.o
                0x0000000000046380                UefiHiiServicesLib.c.d2e735ae
 .debug_info    0x0000000000048d8a     0x514a /tmp/ccCYzUw0.debug.temp.o
                0x0000000000048d8a                HiiLib.c.f963ab62
 .debug_info    0x000000000004ded4     0x2bb6 /tmp/ccUUDYAZ.debug.temp.o
                0x000000000004ded4                HiiString.c.2e05f09e
 .debug_info    0x0000000000050a8a     0x2ab3 /tmp/ccTykiv1.debug.temp.o
                0x0000000000050a8a                HiiLanguage.c.e2dbc737
 .debug_info    0x000000000005353d      0x3de /tmp/ccwDVts0.debug.temp.o
                0x000000000005353d                Unaligned.c.38eb62ad
 .debug_info    0x000000000005391b      0x23f /tmp/cc0xVs60.debug.temp.o
                0x000000000005391b                BaseDebugPrintErrorLevelLib.c.2b56c7ea
 .debug_info    0x0000000000053b5a      0x89c /tmp/cctwaDZ0.debug.temp.o
                0x0000000000053b5a                FrameBufferSerialPortLib.c.96e2c406
 .debug_info    0x00000000000543f6      0x345 /tmp/ccF4wx70.debug.temp.o
                0x00000000000543f6                ArmCacheMaintenanceLib.c.a5bfab8a
 .debug_info    0x000000000005473b      0x2ca /tmp/ccYSDd8Z.debug.temp.o
                0x000000000005473b                ArmLib.c.9f426467

.debug_abbrev   0x0000000000000000     0x47a7
 .debug_abbrev  0x0000000000000000      0x2d8 /tmp/SetupBrowser.dll.txqWWW.ltrans0.ltrans.o
 .debug_abbrev  0x00000000000002d8      0x228 /tmp/SetupBrowser.dll.txqWWW.ltrans1.ltrans.o
 .debug_abbrev  0x0000000000000500       0xfd /tmp/ccj7EIF0.debug.temp.o
 .debug_abbrev  0x00000000000005fd       0xcf /tmp/ccnajwiZ.debug.temp.o
 .debug_abbrev  0x00000000000006cc      0x1e9 /tmp/ccIExzpZ.debug.temp.o
 .debug_abbrev  0x00000000000008b5       0xd6 /tmp/cctJ5E30.debug.temp.o
 .debug_abbrev  0x000000000000098b      0x236 /tmp/ccBtD3eY.debug.temp.o
 .debug_abbrev  0x0000000000000bc1      0x325 /tmp/cc7fBfBX.debug.temp.o
 .debug_abbrev  0x0000000000000ee6      0x2d6 /tmp/ccO7p4OX.debug.temp.o
 .debug_abbrev  0x00000000000011bc      0x318 /tmp/ccJCsVgX.debug.temp.o
 .debug_abbrev  0x00000000000014d4      0x318 /tmp/ccjc4f6X.debug.temp.o
 .debug_abbrev  0x00000000000017ec       0xdd /tmp/ccZdf3D0.debug.temp.o
 .debug_abbrev  0x00000000000018c9       0xc0 /tmp/cc7oaHp1.debug.temp.o
 .debug_abbrev  0x0000000000001989       0xc0 /tmp/ccUEcukX.debug.temp.o
 .debug_abbrev  0x0000000000001a49       0xc7 /tmp/cceANiGX.debug.temp.o
 .debug_abbrev  0x0000000000001b10       0xc0 /tmp/cc9vbYjY.debug.temp.o
 .debug_abbrev  0x0000000000001bd0       0xcf /tmp/ccYLQGyY.debug.temp.o
 .debug_abbrev  0x0000000000001c9f       0xc0 /tmp/ccnALmkZ.debug.temp.o
 .debug_abbrev  0x0000000000001d5f       0xc2 /tmp/ccVEyPTZ.debug.temp.o
 .debug_abbrev  0x0000000000001e21       0xc0 /tmp/ccyWJ180.debug.temp.o
 .debug_abbrev  0x0000000000001ee1      0x108 /tmp/ccM0fVA0.debug.temp.o
 .debug_abbrev  0x0000000000001fe9       0xc5 /tmp/cc5wt4XW.debug.temp.o
 .debug_abbrev  0x00000000000020ae      0x137 /tmp/ccqc6EAX.debug.temp.o
 .debug_abbrev  0x00000000000021e5      0x12d /tmp/ccB3nPj0.debug.temp.o
 .debug_abbrev  0x0000000000002312      0x135 /tmp/cczuw6KX.debug.temp.o
 .debug_abbrev  0x0000000000002447      0x108 /tmp/ccK7JsCY.debug.temp.o
 .debug_abbrev  0x000000000000254f      0x150 /tmp/ccLbgm6Z.debug.temp.o
 .debug_abbrev  0x000000000000269f      0x181 /tmp/ccKXjvhZ.debug.temp.o
 .debug_abbrev  0x0000000000002820      0x165 /tmp/ccELFMUY.debug.temp.o
 .debug_abbrev  0x0000000000002985      0x1dd /tmp/cceSQft0.debug.temp.o
 .debug_abbrev  0x0000000000002b62      0x242 /tmp/ccAgo0xY.debug.temp.o
 .debug_abbrev  0x0000000000002da4      0x240 /tmp/ccbVCmTX.debug.temp.o
 .debug_abbrev  0x0000000000002fe4      0x1fe /tmp/ccfeFyEX.debug.temp.o
 .debug_abbrev  0x00000000000031e2      0x1c3 /tmp/ccmdSsYW.debug.temp.o
 .debug_abbrev  0x00000000000033a5      0x267 /tmp/ccl2hLkY.debug.temp.o
 .debug_abbrev  0x000000000000360c      0x25a /tmp/ccEkjg5Y.debug.temp.o
 .debug_abbrev  0x0000000000003866      0x216 /tmp/ccJOxQ1Y.debug.temp.o
 .debug_abbrev  0x0000000000003a7c      0x315 /tmp/ccCYzUw0.debug.temp.o
 .debug_abbrev  0x0000000000003d91      0x22b /tmp/ccUUDYAZ.debug.temp.o
 .debug_abbrev  0x0000000000003fbc      0x209 /tmp/ccTykiv1.debug.temp.o
 .debug_abbrev  0x00000000000041c5       0xd8 /tmp/ccwDVts0.debug.temp.o
 .debug_abbrev  0x000000000000429d       0xd5 /tmp/cc0xVs60.debug.temp.o
 .debug_abbrev  0x0000000000004372      0x224 /tmp/cctwaDZ0.debug.temp.o
 .debug_abbrev  0x0000000000004596      0x101 /tmp/ccF4wx70.debug.temp.o
 .debug_abbrev  0x0000000000004697      0x110 /tmp/ccYSDd8Z.debug.temp.o

.debug_loc      0x0000000000000000    0x28481
 .debug_loc     0x0000000000000000    0x174d7 /tmp/SetupBrowser.dll.txqWWW.ltrans0.ltrans.o
 .debug_loc     0x00000000000174d7    0x10faa /tmp/SetupBrowser.dll.txqWWW.ltrans1.ltrans.o

.debug_aranges  0x0000000000000000      0xc10
 .debug_aranges
                0x0000000000000000      0x8b0 /tmp/SetupBrowser.dll.txqWWW.ltrans0.ltrans.o
 .debug_aranges
                0x00000000000008b0      0x360 /tmp/SetupBrowser.dll.txqWWW.ltrans1.ltrans.o

.debug_ranges   0x0000000000000000     0x3c40
 .debug_ranges  0x0000000000000000     0x2140 /tmp/SetupBrowser.dll.txqWWW.ltrans0.ltrans.o
 .debug_ranges  0x0000000000002140     0x1b00 /tmp/SetupBrowser.dll.txqWWW.ltrans1.ltrans.o

.debug_line     0x0000000000000000    0x175a1
 .debug_line    0x0000000000000000     0x91ed /tmp/SetupBrowser.dll.txqWWW.ltrans0.ltrans.o
 .debug_line    0x00000000000091ed     0x7537 /tmp/SetupBrowser.dll.txqWWW.ltrans1.ltrans.o
 .debug_line    0x0000000000010724      0x188 /tmp/ccj7EIF0.debug.temp.o
 .debug_line    0x00000000000108ac      0x188 /tmp/ccnajwiZ.debug.temp.o
 .debug_line    0x0000000000010a34      0x352 /tmp/ccIExzpZ.debug.temp.o
 .debug_line    0x0000000000010d86      0x187 /tmp/cctJ5E30.debug.temp.o
 .debug_line    0x0000000000010f0d      0x309 /tmp/ccBtD3eY.debug.temp.o
 .debug_line    0x0000000000011216      0x51e /tmp/cc7fBfBX.debug.temp.o
 .debug_line    0x0000000000011734      0x521 /tmp/ccO7p4OX.debug.temp.o
 .debug_line    0x0000000000011c55      0x523 /tmp/ccJCsVgX.debug.temp.o
 .debug_line    0x0000000000012178      0x525 /tmp/ccjc4f6X.debug.temp.o
 .debug_line    0x000000000001269d      0x18a /tmp/ccZdf3D0.debug.temp.o
 .debug_line    0x0000000000012827      0x18a /tmp/cc7oaHp1.debug.temp.o
 .debug_line    0x00000000000129b1      0x18d /tmp/ccUEcukX.debug.temp.o
 .debug_line    0x0000000000012b3e      0x18a /tmp/cceANiGX.debug.temp.o
 .debug_line    0x0000000000012cc8      0x161 /tmp/cc9vbYjY.debug.temp.o
 .debug_line    0x0000000000012e29      0x162 /tmp/ccYLQGyY.debug.temp.o
 .debug_line    0x0000000000012f8b      0x161 /tmp/ccnALmkZ.debug.temp.o
 .debug_line    0x00000000000130ec      0x16a /tmp/ccVEyPTZ.debug.temp.o
 .debug_line    0x0000000000013256      0x161 /tmp/ccyWJ180.debug.temp.o
 .debug_line    0x00000000000133b7      0x160 /tmp/ccM0fVA0.debug.temp.o
 .debug_line    0x0000000000013517      0x163 /tmp/cc5wt4XW.debug.temp.o
 .debug_line    0x000000000001367a      0x162 /tmp/ccqc6EAX.debug.temp.o
 .debug_line    0x00000000000137dc      0x162 /tmp/ccB3nPj0.debug.temp.o
 .debug_line    0x000000000001393e      0x15e /tmp/cczuw6KX.debug.temp.o
 .debug_line    0x0000000000013a9c      0x15e /tmp/ccK7JsCY.debug.temp.o
 .debug_line    0x0000000000013bfa      0x17d /tmp/ccLbgm6Z.debug.temp.o
 .debug_line    0x0000000000013d77      0x19b /tmp/ccKXjvhZ.debug.temp.o
 .debug_line    0x0000000000013f12      0x21d /tmp/ccELFMUY.debug.temp.o
 .debug_line    0x000000000001412f      0x33b /tmp/cceSQft0.debug.temp.o
 .debug_line    0x000000000001446a      0x333 /tmp/ccAgo0xY.debug.temp.o
 .debug_line    0x000000000001479d      0x377 /tmp/ccbVCmTX.debug.temp.o
 .debug_line    0x0000000000014b14      0x375 /tmp/ccfeFyEX.debug.temp.o
 .debug_line    0x0000000000014e89      0x2f7 /tmp/ccmdSsYW.debug.temp.o
 .debug_line    0x0000000000015180      0x378 /tmp/ccl2hLkY.debug.temp.o
 .debug_line    0x00000000000154f8      0x3cc /tmp/ccEkjg5Y.debug.temp.o
 .debug_line    0x00000000000158c4      0x408 /tmp/ccJOxQ1Y.debug.temp.o
 .debug_line    0x0000000000015ccc      0x51a /tmp/ccCYzUw0.debug.temp.o
 .debug_line    0x00000000000161e6      0x4fd /tmp/ccUUDYAZ.debug.temp.o
 .debug_line    0x00000000000166e3      0x4ff /tmp/ccTykiv1.debug.temp.o
 .debug_line    0x0000000000016be2      0x165 /tmp/ccwDVts0.debug.temp.o
 .debug_line    0x0000000000016d47      0x1af /tmp/cc0xVs60.debug.temp.o
 .debug_line    0x0000000000016ef6      0x373 /tmp/cctwaDZ0.debug.temp.o
 .debug_line    0x0000000000017269      0x1d9 /tmp/ccF4wx70.debug.temp.o
 .debug_line    0x0000000000017442      0x15f /tmp/ccYSDd8Z.debug.temp.o

.debug_str      0x0000000000000000     0xac54
 .debug_str     0x0000000000000000      0x3f0 /tmp/SetupBrowser.dll.txqWWW.ltrans0.ltrans.o
                                        0x3f7 (size before relaxing)
 .debug_str     0x00000000000003f0       0x80 /tmp/SetupBrowser.dll.txqWWW.ltrans1.ltrans.o
                                        0x33a (size before relaxing)
 .debug_str     0x0000000000000470      0x435 /tmp/ccj7EIF0.debug.temp.o
                                        0x4a4 (size before relaxing)
 .debug_str     0x00000000000008a5       0x52 /tmp/ccnajwiZ.debug.temp.o
                                        0x498 (size before relaxing)
 .debug_str     0x00000000000008f7     0x148a /tmp/ccIExzpZ.debug.temp.o
                                       0x17e6 (size before relaxing)
 .debug_str     0x0000000000001d81      0x12d /tmp/cctJ5E30.debug.temp.o
                                        0x505 (size before relaxing)
 .debug_str     0x0000000000001eae      0x9bf /tmp/ccBtD3eY.debug.temp.o
                                       0x20a1 (size before relaxing)
 .debug_str     0x000000000000286d     0x2010 /tmp/cc7fBfBX.debug.temp.o
                                       0x41ad (size before relaxing)
 .debug_str     0x000000000000487d      0x88a /tmp/ccO7p4OX.debug.temp.o
                                       0x3f51 (size before relaxing)
 .debug_str     0x0000000000005107      0xbee /tmp/ccJCsVgX.debug.temp.o
                                       0x3f5c (size before relaxing)
 .debug_str     0x0000000000005cf5      0x55b /tmp/ccjc4f6X.debug.temp.o
                                       0x39bc (size before relaxing)
 .debug_str     0x0000000000006250      0x129 /tmp/ccZdf3D0.debug.temp.o
                                        0x503 (size before relaxing)
 .debug_str     0x0000000000006379       0x4f /tmp/cc7oaHp1.debug.temp.o
                                        0x4ae (size before relaxing)
 .debug_str     0x00000000000063c8       0x71 /tmp/ccUEcukX.debug.temp.o
                                        0x4d7 (size before relaxing)
 .debug_str     0x0000000000006439       0x4f /tmp/cceANiGX.debug.temp.o
                                        0x4c6 (size before relaxing)
 .debug_str     0x0000000000006488       0xb4 /tmp/cc9vbYjY.debug.temp.o
                                        0x58e (size before relaxing)
 .debug_str     0x000000000000653c       0x57 /tmp/ccYLQGyY.debug.temp.o
                                        0x59b (size before relaxing)
 .debug_str     0x0000000000006593       0x3e /tmp/ccnALmkZ.debug.temp.o
                                        0x58e (size before relaxing)
 .debug_str     0x00000000000065d1       0x6b /tmp/ccVEyPTZ.debug.temp.o
                                        0x5a7 (size before relaxing)
 .debug_str     0x000000000000663c       0x3e /tmp/ccyWJ180.debug.temp.o
                                        0x58b (size before relaxing)
 .debug_str     0x000000000000667a      0x204 /tmp/ccM0fVA0.debug.temp.o
                                        0x777 (size before relaxing)
 .debug_str     0x000000000000687e       0x4c /tmp/cc5wt4XW.debug.temp.o
                                        0x58a (size before relaxing)
 .debug_str     0x00000000000068ca      0x117 /tmp/ccqc6EAX.debug.temp.o
                                        0x69a (size before relaxing)
 .debug_str     0x00000000000069e1      0x2db /tmp/ccB3nPj0.debug.temp.o
                                        0x949 (size before relaxing)
 .debug_str     0x0000000000006cbc      0x30b /tmp/cczuw6KX.debug.temp.o
                                        0x96b (size before relaxing)
 .debug_str     0x0000000000006fc7      0x184 /tmp/ccK7JsCY.debug.temp.o
                                        0x708 (size before relaxing)
 .debug_str     0x000000000000714b      0x2a6 /tmp/ccLbgm6Z.debug.temp.o
                                        0x720 (size before relaxing)
 .debug_str     0x00000000000073f1      0x22d /tmp/ccKXjvhZ.debug.temp.o
                                        0x854 (size before relaxing)
 .debug_str     0x000000000000761e      0x1f2 /tmp/ccELFMUY.debug.temp.o
                                        0x6f9 (size before relaxing)
 .debug_str     0x0000000000007810      0x11a /tmp/cceSQft0.debug.temp.o
                                       0x16c3 (size before relaxing)
 .debug_str     0x000000000000792a      0x319 /tmp/ccAgo0xY.debug.temp.o
                                       0x192f (size before relaxing)
 .debug_str     0x0000000000007c43      0x40d /tmp/ccbVCmTX.debug.temp.o
                                       0x1af8 (size before relaxing)
 .debug_str     0x0000000000008050       0xb9 /tmp/ccfeFyEX.debug.temp.o
                                       0x192e (size before relaxing)
 .debug_str     0x0000000000008109      0x129 /tmp/ccmdSsYW.debug.temp.o
                                       0x16c5 (size before relaxing)
 .debug_str     0x0000000000008232      0x721 /tmp/ccl2hLkY.debug.temp.o
                                       0x21f9 (size before relaxing)
 .debug_str     0x0000000000008953      0x5ff /tmp/ccEkjg5Y.debug.temp.o
                                       0x1d69 (size before relaxing)
 .debug_str     0x0000000000008f52      0x74d /tmp/ccJOxQ1Y.debug.temp.o
                                       0x2320 (size before relaxing)
 .debug_str     0x000000000000969f      0xa8b /tmp/ccCYzUw0.debug.temp.o
                                       0x3712 (size before relaxing)
 .debug_str     0x000000000000a12a       0xa4 /tmp/ccUUDYAZ.debug.temp.o
                                       0x255a (size before relaxing)
 .debug_str     0x000000000000a1ce       0x86 /tmp/ccTykiv1.debug.temp.o
                                       0x24eb (size before relaxing)
 .debug_str     0x000000000000a254       0xdb /tmp/ccwDVts0.debug.temp.o
                                        0x631 (size before relaxing)
 .debug_str     0x000000000000a32f      0x132 /tmp/cc0xVs60.debug.temp.o
                                        0x536 (size before relaxing)
 .debug_str     0x000000000000a461      0x4b5 /tmp/cctwaDZ0.debug.temp.o
                                        0xbe8 (size before relaxing)
 .debug_str     0x000000000000a916      0x1f8 /tmp/ccF4wx70.debug.temp.o
                                        0x600 (size before relaxing)