Archive member included to satisfy reference by file (symbol)

/home/osboxes/edk2sdm/edk2_LG_G7_THINQ/workspace/Build/LgG7ThinQPkg/DEBUG_GCC5/AARCH64/ArmPkg/Library/CompilerIntrinsicsLib/CompilerIntrinsicsLib/OUTPUT/CompilerIntrinsicsLib.lib(memcpy.obj)
                              /home/osboxes/edk2sdm/edk2/ArmPkg/Library/GccLto/liblto-aarch64.a (memcpy)
/home/osboxes/edk2sdm/edk2_LG_G7_THINQ/workspace/Build/LgG7ThinQPkg/DEBUG_GCC5/AARCH64/ArmPkg/Library/CompilerIntrinsicsLib/CompilerIntrinsicsLib/OUTPUT/CompilerIntrinsicsLib.lib(memset.obj)
                              /home/osboxes/edk2sdm/edk2/ArmPkg/Library/GccLto/liblto-aarch64.a (memset)
/home/osboxes/edk2sdm/edk2_LG_G7_THINQ/workspace/Build/LgG7ThinQPkg/DEBUG_GCC5/AARCH64/MdePkg/Library/UefiDriverEntryPoint/UefiDriverEntryPoint/OUTPUT/UefiDriverEntryPoint.lib(DriverEntryPoint.obj)
                              (_ModuleEntryPoint)
/home/osboxes/edk2sdm/edk2_LG_G7_THINQ/workspace/Build/LgG7ThinQPkg/DEBUG_GCC5/AARCH64/MdePkg/Library/BaseStackCheckLib/BaseStackCheckLib/OUTPUT/BaseStackCheckLib.lib(BaseStackCheckGcc.obj)
                              /home/osboxes/edk2sdm/edk2/ArmPkg/Library/GccLto/liblto-aarch64.a (__stack_chk_fail)
/home/osboxes/edk2sdm/edk2_LG_G7_THINQ/workspace/Build/LgG7ThinQPkg/DEBUG_GCC5/AARCH64/LgG7ThinQPkg/Drivers/LogoDxe/LogoDxe/OUTPUT/LogoDxe.lib(AutoGen.obj)
                              DriverEntryPoint.obj (symbol from plugin) (ProcessLibraryConstructorList)
/home/osboxes/edk2sdm/edk2_LG_G7_THINQ/workspace/Build/LgG7ThinQPkg/DEBUG_GCC5/AARCH64/LgG7ThinQPkg/Drivers/LogoDxe/LogoDxe/OUTPUT/LogoDxe.lib(Logo.obj)
                              AutoGen.obj (symbol from plugin) (InitializeLogo)
/home/osboxes/edk2sdm/edk2_LG_G7_THINQ/workspace/Build/LgG7ThinQPkg/DEBUG_GCC5/AARCH64/MdePkg/Library/BaseLib/BaseLib/OUTPUT/BaseLib.lib(CpuDeadLoop.obj)
                              BaseStackCheckGcc.obj (symbol from plugin) (CpuDeadLoop)
/home/osboxes/edk2sdm/edk2_LG_G7_THINQ/workspace/Build/LgG7ThinQPkg/DEBUG_GCC5/AARCH64/MdePkg/Library/BaseLib/BaseLib/OUTPUT/BaseLib.lib(CpuBreakpoint.obj)
                              BaseStackCheckGcc.obj (symbol from plugin) (CpuBreakpoint)
/home/osboxes/edk2sdm/edk2_LG_G7_THINQ/workspace/Build/LgG7ThinQPkg/DEBUG_GCC5/AARCH64/MdePkg/Library/BaseDebugLibSerialPort/BaseDebugLibSerialPort/OUTPUT/BaseDebugLibSerialPort.lib(DebugLib.obj)
                              AutoGen.obj (symbol from plugin) (BaseDebugLibSerialPortConstructor)
/home/osboxes/edk2sdm/edk2_LG_G7_THINQ/workspace/Build/LgG7ThinQPkg/DEBUG_GCC5/AARCH64/MdePkg/Library/UefiRuntimeServicesTableLib/UefiRuntimeServicesTableLib/OUTPUT/UefiRuntimeServicesTableLib.lib(UefiRuntimeServicesTableLib.obj)
                              AutoGen.obj (symbol from plugin) (UefiRuntimeServicesTableLibConstructor)
/home/osboxes/edk2sdm/edk2_LG_G7_THINQ/workspace/Build/LgG7ThinQPkg/DEBUG_GCC5/AARCH64/MdePkg/Library/UefiBootServicesTableLib/UefiBootServicesTableLib/OUTPUT/UefiBootServicesTableLib.lib(UefiBootServicesTableLib.obj)
                              AutoGen.obj (symbol from plugin) (UefiBootServicesTableLibConstructor)
/home/osboxes/edk2sdm/edk2_LG_G7_THINQ/workspace/Build/LgG7ThinQPkg/DEBUG_GCC5/AARCH64/MdePkg/Library/UefiLib/UefiLib/OUTPUT/UefiLib.lib(UefiLib.obj)
                              AutoGen.obj (symbol from plugin) (UefiLibConstructor)
/home/osboxes/edk2sdm/edk2_LG_G7_THINQ/workspace/Build/LgG7ThinQPkg/DEBUG_GCC5/AARCH64/MdePkg/Library/DxeHobLib/DxeHobLib/OUTPUT/DxeHobLib.lib(HobLib.obj)
                              AutoGen.obj (symbol from plugin) (HobLibConstructor)
/home/osboxes/edk2sdm/edk2_LG_G7_THINQ/workspace/Build/LgG7ThinQPkg/DEBUG_GCC5/AARCH64/MdePkg/Library/BaseMemoryLibOptDxe/BaseMemoryLibOptDxe/OUTPUT/BaseMemoryLibOptDxe.lib(MemLibGuid.obj)
                              UefiLib.obj (symbol from plugin) (CompareGuid)
/home/osboxes/edk2sdm/edk2_LG_G7_THINQ/workspace/Build/LgG7ThinQPkg/DEBUG_GCC5/AARCH64/MdePkg/Library/BaseMemoryLibOptDxe/BaseMemoryLibOptDxe/OUTPUT/BaseMemoryLibOptDxe.lib(ZeroMemWrapper.obj)
                              UefiLib.obj (symbol from plugin) (ZeroMem)
/home/osboxes/edk2sdm/edk2_LG_G7_THINQ/workspace/Build/LgG7ThinQPkg/DEBUG_GCC5/AARCH64/MdePkg/Library/BaseMemoryLibOptDxe/BaseMemoryLibOptDxe/OUTPUT/BaseMemoryLibOptDxe.lib(SetMemWrapper.obj)
                              DebugLib.obj (symbol from plugin) (SetMem)
/home/osboxes/edk2sdm/edk2_LG_G7_THINQ/workspace/Build/LgG7ThinQPkg/DEBUG_GCC5/AARCH64/MdePkg/Library/BaseMemoryLibOptDxe/BaseMemoryLibOptDxe/OUTPUT/BaseMemoryLibOptDxe.lib(CopyMemWrapper.obj)
                              UefiLib.obj (symbol from plugin) (CopyMem)
/home/osboxes/edk2sdm/edk2_LG_G7_THINQ/workspace/Build/LgG7ThinQPkg/DEBUG_GCC5/AARCH64/MdePkg/Library/BaseMemoryLibOptDxe/BaseMemoryLibOptDxe/OUTPUT/BaseMemoryLibOptDxe.lib(SetMem.obj)
                              ZeroMemWrapper.obj (symbol from plugin) (InternalMemZeroMem)
/home/osboxes/edk2sdm/edk2_LG_G7_THINQ/workspace/Build/LgG7ThinQPkg/DEBUG_GCC5/AARCH64/MdePkg/Library/BaseMemoryLibOptDxe/BaseMemoryLibOptDxe/OUTPUT/BaseMemoryLibOptDxe.lib(CopyMem.obj)
                              MemLibGuid.obj (symbol from plugin) (InternalMemCopyMem)
/home/osboxes/edk2sdm/edk2_LG_G7_THINQ/workspace/Build/LgG7ThinQPkg/DEBUG_GCC5/AARCH64/MdePkg/Library/BaseMemoryLibOptDxe/BaseMemoryLibOptDxe/OUTPUT/BaseMemoryLibOptDxe.lib(CompareGuid.obj)
                              MemLibGuid.obj (symbol from plugin) (InternalMemCompareGuid)
/home/osboxes/edk2sdm/edk2_LG_G7_THINQ/workspace/Build/LgG7ThinQPkg/DEBUG_GCC5/AARCH64/MdePkg/Library/BaseMemoryLibOptDxe/BaseMemoryLibOptDxe/OUTPUT/BaseMemoryLibOptDxe.lib(SetMem64Wrapper.obj)
                              SetMemWrapper.obj (symbol from plugin) (SetMem64)
/home/osboxes/edk2sdm/edk2_LG_G7_THINQ/workspace/Build/LgG7ThinQPkg/DEBUG_GCC5/AARCH64/MdePkg/Library/BaseLib/BaseLib/OUTPUT/BaseLib.lib(String.obj)
                              UefiLib.obj (symbol from plugin) (StrSize)
/home/osboxes/edk2sdm/edk2_LG_G7_THINQ/workspace/Build/LgG7ThinQPkg/DEBUG_GCC5/AARCH64/MdePkg/Library/BaseLib/BaseLib/OUTPUT/BaseLib.lib(Unaligned.obj)
                              UefiLib.obj (symbol from plugin) (ReadUnaligned24)
/home/osboxes/edk2sdm/edk2_LG_G7_THINQ/workspace/Build/LgG7ThinQPkg/DEBUG_GCC5/AARCH64/MdePkg/Library/BaseLib/BaseLib/OUTPUT/BaseLib.lib(RShiftU64.obj)
                              Unaligned.obj (symbol from plugin) (RShiftU64)
/home/osboxes/edk2sdm/edk2_LG_G7_THINQ/workspace/Build/LgG7ThinQPkg/DEBUG_GCC5/AARCH64/MdePkg/Library/BaseLib/BaseLib/OUTPUT/BaseLib.lib(LShiftU64.obj)
                              Unaligned.obj (symbol from plugin) (LShiftU64)
/home/osboxes/edk2sdm/edk2_LG_G7_THINQ/workspace/Build/LgG7ThinQPkg/DEBUG_GCC5/AARCH64/MdePkg/Library/BaseLib/BaseLib/OUTPUT/BaseLib.lib(SafeString.obj)
                              String.obj (symbol from plugin) (StrDecimalToUintnS)
/home/osboxes/edk2sdm/edk2_LG_G7_THINQ/workspace/Build/LgG7ThinQPkg/DEBUG_GCC5/AARCH64/MdePkg/Library/BaseLib/BaseLib/OUTPUT/BaseLib.lib(Math64.obj)
                              LShiftU64.obj (symbol from plugin) (InternalMathLShiftU64)
/home/osboxes/edk2sdm/edk2_LG_G7_THINQ/workspace/Build/LgG7ThinQPkg/DEBUG_GCC5/AARCH64/MdePkg/Library/BaseLib/BaseLib/OUTPUT/BaseLib.lib(SwapBytes32.obj)
                              SafeString.obj (symbol from plugin) (SwapBytes32)
/home/osboxes/edk2sdm/edk2_LG_G7_THINQ/workspace/Build/LgG7ThinQPkg/DEBUG_GCC5/AARCH64/MdePkg/Library/BaseLib/BaseLib/OUTPUT/BaseLib.lib(SwapBytes16.obj)
                              SafeString.obj (symbol from plugin) (SwapBytes16)
/home/osboxes/edk2sdm/edk2_LG_G7_THINQ/workspace/Build/LgG7ThinQPkg/DEBUG_GCC5/AARCH64/MdePkg/Library/BaseLib/BaseLib/OUTPUT/BaseLib.lib(MultU64x32.obj)
                              SafeString.obj (symbol from plugin) (MultU64x32)
/home/osboxes/edk2sdm/edk2_LG_G7_THINQ/workspace/Build/LgG7ThinQPkg/DEBUG_GCC5/AARCH64/MdePkg/Library/BaseLib/BaseLib/OUTPUT/BaseLib.lib(DivU64x32.obj)
                              SafeString.obj (symbol from plugin) (DivU64x32)
/home/osboxes/edk2sdm/edk2_LG_G7_THINQ/workspace/Build/LgG7ThinQPkg/DEBUG_GCC5/AARCH64/MdePkg/Library/BaseDebugPrintErrorLevelLib/BaseDebugPrintErrorLevelLib/OUTPUT/BaseDebugPrintErrorLevelLib.lib(BaseDebugPrintErrorLevelLib.obj)
                              DebugLib.obj (symbol from plugin) (GetDebugPrintErrorLevel)
/home/osboxes/edk2sdm/edk2_LG_G7_THINQ/workspace/Build/LgG7ThinQPkg/DEBUG_GCC5/AARCH64/MdePkg/Library/BasePrintLib/BasePrintLib/OUTPUT/BasePrintLib.lib(PrintLib.obj)
                              DebugLib.obj (symbol from plugin) (AsciiVSPrint)
/home/osboxes/edk2sdm/edk2_LG_G7_THINQ/workspace/Build/LgG7ThinQPkg/DEBUG_GCC5/AARCH64/MdePkg/Library/BasePrintLib/BasePrintLib/OUTPUT/BasePrintLib.lib(PrintLibInternal.obj)
                              PrintLib.obj (symbol from plugin) (BasePrintLibConvertValueToString)
/home/osboxes/edk2sdm/edk2_LG_G7_THINQ/workspace/Build/LgG7ThinQPkg/DEBUG_GCC5/AARCH64/LgG7ThinQPkg/Library/FrameBufferSerialPortLib/FrameBufferSerialPortLib/OUTPUT/FrameBufferSerialPortLib.lib(FrameBufferSerialPortLib.obj)
                              DebugLib.obj (symbol from plugin) (SerialPortInitialize)
/home/osboxes/edk2sdm/edk2_LG_G7_THINQ/workspace/Build/LgG7ThinQPkg/DEBUG_GCC5/AARCH64/MdePkg/Library/UefiMemoryAllocationLib/UefiMemoryAllocationLib/OUTPUT/UefiMemoryAllocationLib.lib(MemoryAllocationLib.obj)
                              UefiLib.obj (symbol from plugin) (AllocatePool)
/home/osboxes/edk2sdm/edk2_LG_G7_THINQ/workspace/Build/LgG7ThinQPkg/DEBUG_GCC5/AARCH64/MdePkg/Library/UefiDevicePathLib/UefiDevicePathLib/OUTPUT/UefiDevicePathLib.lib(DevicePathUtilities.obj)
                              UefiLib.obj (symbol from plugin) (DevicePathType)
/home/osboxes/edk2sdm/edk2_LG_G7_THINQ/workspace/Build/LgG7ThinQPkg/DEBUG_GCC5/AARCH64/MdePkg/Library/UefiDevicePathLib/UefiDevicePathLib/OUTPUT/UefiDevicePathLib.lib(UefiDevicePathLib.obj)
                              DevicePathUtilities.obj (symbol from plugin) (GetDevicePathSize)
/home/osboxes/edk2sdm/edk2_LG_G7_THINQ/workspace/Build/LgG7ThinQPkg/DEBUG_GCC5/AARCH64/MdePkg/Library/UefiDevicePathLib/UefiDevicePathLib/OUTPUT/UefiDevicePathLib.lib(DevicePathToText.obj)
                              UefiDevicePathLib.obj (symbol from plugin) (UefiDevicePathLibConvertDeviceNodeToText)
/home/osboxes/edk2sdm/edk2_LG_G7_THINQ/workspace/Build/LgG7ThinQPkg/DEBUG_GCC5/AARCH64/MdePkg/Library/UefiDevicePathLib/UefiDevicePathLib/OUTPUT/UefiDevicePathLib.lib(DevicePathFromText.obj)
                              UefiDevicePathLib.obj (symbol from plugin) (UefiDevicePathLibConvertTextToDeviceNode)
/home/osboxes/edk2sdm/edk2_LG_G7_THINQ/workspace/Build/LgG7ThinQPkg/DEBUG_GCC5/AARCH64/MdePkg/Library/BaseLib/BaseLib/OUTPUT/BaseLib.lib(SwapBytes64.obj)
                              DevicePathFromText.obj (symbol from plugin) (SwapBytes64)
/home/osboxes/edk2sdm/edk2_LG_G7_THINQ/workspace/Build/LgG7ThinQPkg/DEBUG_GCC5/AARCH64/MdePkg/Library/BaseLib/BaseLib/OUTPUT/BaseLib.lib(DivU64x32Remainder.obj)
                              PrintLibInternal.obj (symbol from plugin) (DivU64x32Remainder)
/home/osboxes/edk2sdm/edk2_LG_G7_THINQ/workspace/Build/LgG7ThinQPkg/DEBUG_GCC5/AARCH64/ArmPkg/Library/ArmLib/ArmBaseLib/OUTPUT/ArmBaseLib.lib(ArmLibSupport.obj)
                              FrameBufferSerialPortLib.obj (symbol from plugin) (ArmGetInterruptState)
/home/osboxes/edk2sdm/edk2_LG_G7_THINQ/workspace/Build/LgG7ThinQPkg/DEBUG_GCC5/AARCH64/ArmPkg/Library/ArmLib/ArmBaseLib/OUTPUT/ArmBaseLib.lib(ArmLibSupportV8.obj)
                              FrameBufferSerialPortLib.obj (symbol from plugin) (ArmEnableInterrupts)
/home/osboxes/edk2sdm/edk2_LG_G7_THINQ/workspace/Build/LgG7ThinQPkg/DEBUG_GCC5/AARCH64/ArmPkg/Library/ArmCacheMaintenanceLib/ArmCacheMaintenanceLib/OUTPUT/ArmCacheMaintenanceLib.lib(ArmCacheMaintenanceLib.obj)
                              FrameBufferSerialPortLib.obj (symbol from plugin) (WriteBackInvalidateDataCacheRange)
/home/osboxes/edk2sdm/edk2_LG_G7_THINQ/workspace/Build/LgG7ThinQPkg/DEBUG_GCC5/AARCH64/ArmPkg/Library/ArmLib/ArmBaseLib/OUTPUT/ArmBaseLib.lib(ArmLib.obj)
                              ArmCacheMaintenanceLib.obj (symbol from plugin) (ArmDataCacheLineLength)
/home/osboxes/edk2sdm/edk2_LG_G7_THINQ/workspace/Build/LgG7ThinQPkg/DEBUG_GCC5/AARCH64/ArmPkg/Library/ArmLib/ArmBaseLib/OUTPUT/ArmBaseLib.lib(AArch64Support.obj)
                              ArmCacheMaintenanceLib.obj (symbol from plugin) (ArmInvalidateDataCacheEntryByMVA)

Discarded input sections

 .text          0x0000000000000000       0x10 /home/osboxes/edk2sdm/edk2/ArmPkg/Library/GccLto/liblto-aarch64.a
 .data          0x0000000000000000        0x0 /home/osboxes/edk2sdm/edk2/ArmPkg/Library/GccLto/liblto-aarch64.a
 .bss           0x0000000000000000        0x0 /home/osboxes/edk2sdm/edk2/ArmPkg/Library/GccLto/liblto-aarch64.a
 .text          0x0000000000000000        0x0 /tmp/LogoDxe.dll.zvY8fM.ltrans0.ltrans.o
 .data          0x0000000000000000        0x0 /tmp/LogoDxe.dll.zvY8fM.ltrans0.ltrans.o
 .bss           0x0000000000000000        0x0 /tmp/LogoDxe.dll.zvY8fM.ltrans0.ltrans.o
 .text._DriverUnloadHandler
                0x0000000000000000        0x8 /tmp/LogoDxe.dll.zvY8fM.ltrans0.ltrans.o
 .rodata.StrnLenS.str1.1
                0x0000000000000000       0x62 /tmp/LogoDxe.dll.zvY8fM.ltrans0.ltrans.o
 .text.StrnLenS
                0x0000000000000000       0x70 /tmp/LogoDxe.dll.zvY8fM.ltrans0.ltrans.o
 .text.__memset
                0x0000000000000000       0x1c /tmp/LogoDxe.dll.zvY8fM.ltrans0.ltrans.o
 .comment       0x0000000000000000       0x2d /tmp/LogoDxe.dll.zvY8fM.ltrans0.ltrans.o
 .note.GNU-stack
                0x0000000000000000        0x0 /tmp/LogoDxe.dll.zvY8fM.ltrans0.ltrans.o
 .comment       0x0000000000000000       0x2d /tmp/cclJLXjM.debug.temp.o
 .note.GNU-stack
                0x0000000000000000        0x0 /tmp/cclJLXjM.debug.temp.o
 .comment       0x0000000000000000       0x2d /tmp/ccVPpk9K.debug.temp.o
 .note.GNU-stack
                0x0000000000000000        0x0 /tmp/ccVPpk9K.debug.temp.o
 .comment       0x0000000000000000       0x2d /tmp/cc6I84qK.debug.temp.o
 .note.GNU-stack
                0x0000000000000000        0x0 /tmp/cc6I84qK.debug.temp.o
 .comment       0x0000000000000000       0x2d /tmp/ccSavLTI.debug.temp.o
 .note.GNU-stack
                0x0000000000000000        0x0 /tmp/ccSavLTI.debug.temp.o
 .comment       0x0000000000000000       0x2d /tmp/ccVYB5cJ.debug.temp.o
 .note.GNU-stack
                0x0000000000000000        0x0 /tmp/ccVYB5cJ.debug.temp.o
 .comment       0x0000000000000000       0x2d /tmp/cc5StnEJ.debug.temp.o
 .note.GNU-stack
                0x0000000000000000        0x0 /tmp/cc5StnEJ.debug.temp.o
 .comment       0x0000000000000000       0x2d /tmp/cc2EvNxM.debug.temp.o
 .note.GNU-stack
                0x0000000000000000        0x0 /tmp/cc2EvNxM.debug.temp.o
 .comment       0x0000000000000000       0x2d /tmp/cc6ksxII.debug.temp.o
 .note.GNU-stack
                0x0000000000000000        0x0 /tmp/cc6ksxII.debug.temp.o
 .comment       0x0000000000000000       0x2d /tmp/ccr4rnAK.debug.temp.o
 .note.GNU-stack
                0x0000000000000000        0x0 /tmp/ccr4rnAK.debug.temp.o
 .comment       0x0000000000000000       0x2d /tmp/ccVPN6WK.debug.temp.o
 .note.GNU-stack
                0x0000000000000000        0x0 /tmp/ccVPN6WK.debug.temp.o
 .comment       0x0000000000000000       0x2d /tmp/ccSsax5L.debug.temp.o
 .note.GNU-stack
                0x0000000000000000        0x0 /tmp/ccSsax5L.debug.temp.o
 .comment       0x0000000000000000       0x2d /tmp/cc06oA0K.debug.temp.o
 .note.GNU-stack
                0x0000000000000000        0x0 /tmp/cc06oA0K.debug.temp.o
 .comment       0x0000000000000000       0x2d /tmp/ccdfnjsM.debug.temp.o
 .note.GNU-stack
                0x0000000000000000        0x0 /tmp/ccdfnjsM.debug.temp.o
 .debug_info    0x0000000000000000      0x22c /tmp/cc09hwFL.debug.temp.o
 .debug_abbrev  0x0000000000000000       0xc0 /tmp/cc09hwFL.debug.temp.o
 .debug_line    0x0000000000000000      0x18a /tmp/cc09hwFL.debug.temp.o
 .debug_str     0x0000000000000000      0x4ae /tmp/cc09hwFL.debug.temp.o
 .comment       0x0000000000000000       0x2d /tmp/cc09hwFL.debug.temp.o
 .note.GNU-stack
                0x0000000000000000        0x0 /tmp/cc09hwFL.debug.temp.o
 .debug_info    0x0000000000000000      0x26d /tmp/ccUSgv7K.debug.temp.o
 .debug_abbrev  0x0000000000000000       0xd5 /tmp/ccUSgv7K.debug.temp.o
 .debug_line    0x0000000000000000      0x189 /tmp/ccUSgv7K.debug.temp.o
 .debug_str     0x0000000000000000      0x4ba /tmp/ccUSgv7K.debug.temp.o
 .comment       0x0000000000000000       0x2d /tmp/ccUSgv7K.debug.temp.o
 .note.GNU-stack
                0x0000000000000000        0x0 /tmp/ccUSgv7K.debug.temp.o
 .debug_info    0x0000000000000000      0x243 /tmp/ccmGqjyK.debug.temp.o
 .debug_abbrev  0x0000000000000000       0xc7 /tmp/ccmGqjyK.debug.temp.o
 .debug_line    0x0000000000000000      0x18a /tmp/ccmGqjyK.debug.temp.o
 .debug_str     0x0000000000000000      0x4c6 /tmp/ccmGqjyK.debug.temp.o
 .comment       0x0000000000000000       0x2d /tmp/ccmGqjyK.debug.temp.o
 .note.GNU-stack
                0x0000000000000000        0x0 /tmp/ccmGqjyK.debug.temp.o
 .debug_info    0x0000000000000000      0x238 /tmp/cc2vzaUI.debug.temp.o
 .debug_abbrev  0x0000000000000000       0xc0 /tmp/cc2vzaUI.debug.temp.o
 .debug_line    0x0000000000000000      0x18b /tmp/cc2vzaUI.debug.temp.o
 .debug_str     0x0000000000000000      0x4b6 /tmp/cc2vzaUI.debug.temp.o
 .comment       0x0000000000000000       0x2d /tmp/cc2vzaUI.debug.temp.o
 .note.GNU-stack
                0x0000000000000000        0x0 /tmp/cc2vzaUI.debug.temp.o
 .comment       0x0000000000000000       0x2d /tmp/ccTP1JJK.debug.temp.o
 .note.GNU-stack
                0x0000000000000000        0x0 /tmp/ccTP1JJK.debug.temp.o
 .comment       0x0000000000000000       0x2d /tmp/ccHNaHlM.debug.temp.o
 .note.GNU-stack
                0x0000000000000000        0x0 /tmp/ccHNaHlM.debug.temp.o
 .debug_info    0x0000000000000000      0x27c /tmp/cc2tW8oM.debug.temp.o
 .debug_abbrev  0x0000000000000000       0xc0 /tmp/cc2tW8oM.debug.temp.o
 .debug_line    0x0000000000000000      0x161 /tmp/cc2tW8oM.debug.temp.o
 .debug_str     0x0000000000000000      0x58e /tmp/cc2tW8oM.debug.temp.o
 .comment       0x0000000000000000       0x2d /tmp/cc2tW8oM.debug.temp.o
 .note.GNU-stack
                0x0000000000000000        0x0 /tmp/cc2tW8oM.debug.temp.o
 .debug_info    0x0000000000000000      0x27c /tmp/cckZMMMJ.debug.temp.o
 .debug_abbrev  0x0000000000000000       0xc0 /tmp/cckZMMMJ.debug.temp.o
 .debug_line    0x0000000000000000      0x161 /tmp/cckZMMMJ.debug.temp.o
 .debug_str     0x0000000000000000      0x58e /tmp/cckZMMMJ.debug.temp.o
 .comment       0x0000000000000000       0x2d /tmp/cckZMMMJ.debug.temp.o
 .note.GNU-stack
                0x0000000000000000        0x0 /tmp/cckZMMMJ.debug.temp.o
 .comment       0x0000000000000000       0x2d /tmp/ccto3dwK.debug.temp.o
 .note.GNU-stack
                0x0000000000000000        0x0 /tmp/ccto3dwK.debug.temp.o
 .comment       0x0000000000000000       0x2d /tmp/ccLD4WrI.debug.temp.o
 .note.GNU-stack
                0x0000000000000000        0x0 /tmp/ccLD4WrI.debug.temp.o
 .debug_info    0x0000000000000000      0x27c /tmp/ccMtpuaM.debug.temp.o
 .debug_abbrev  0x0000000000000000       0xcf /tmp/ccMtpuaM.debug.temp.o
 .debug_line    0x0000000000000000      0x163 /tmp/ccMtpuaM.debug.temp.o
 .debug_str     0x0000000000000000      0x59b /tmp/ccMtpuaM.debug.temp.o
 .comment       0x0000000000000000       0x2d /tmp/ccMtpuaM.debug.temp.o
 .note.GNU-stack
                0x0000000000000000        0x0 /tmp/ccMtpuaM.debug.temp.o
 .debug_info    0x0000000000000000      0x264 /tmp/ccoqsODJ.debug.temp.o
 .debug_abbrev  0x0000000000000000       0xc0 /tmp/ccoqsODJ.debug.temp.o
 .debug_line    0x0000000000000000      0x163 /tmp/ccoqsODJ.debug.temp.o
 .debug_str     0x0000000000000000      0x584 /tmp/ccoqsODJ.debug.temp.o
 .comment       0x0000000000000000       0x2d /tmp/ccoqsODJ.debug.temp.o
 .note.GNU-stack
                0x0000000000000000        0x0 /tmp/ccoqsODJ.debug.temp.o
 .debug_info    0x0000000000000000      0x27c /tmp/cc3OLsvI.debug.temp.o
 .debug_abbrev  0x0000000000000000       0xcf /tmp/cc3OLsvI.debug.temp.o
 .debug_line    0x0000000000000000      0x162 /tmp/cc3OLsvI.debug.temp.o
 .debug_str     0x0000000000000000      0x59b /tmp/cc3OLsvI.debug.temp.o
 .comment       0x0000000000000000       0x2d /tmp/cc3OLsvI.debug.temp.o
 .note.GNU-stack
                0x0000000000000000        0x0 /tmp/cc3OLsvI.debug.temp.o
 .debug_info    0x0000000000000000      0x270 /tmp/ccF3pGUL.debug.temp.o
 .debug_abbrev  0x0000000000000000       0xc0 /tmp/ccF3pGUL.debug.temp.o
 .debug_line    0x0000000000000000      0x161 /tmp/ccF3pGUL.debug.temp.o
 .debug_str     0x0000000000000000      0x58b /tmp/ccF3pGUL.debug.temp.o
 .comment       0x0000000000000000       0x2d /tmp/ccF3pGUL.debug.temp.o
 .note.GNU-stack
                0x0000000000000000        0x0 /tmp/ccF3pGUL.debug.temp.o
 .comment       0x0000000000000000       0x2d /tmp/cc5BZCBJ.debug.temp.o
 .note.GNU-stack
                0x0000000000000000        0x0 /tmp/cc5BZCBJ.debug.temp.o
 .comment       0x0000000000000000       0x2d /tmp/ccejdm8L.debug.temp.o
 .note.GNU-stack
                0x0000000000000000        0x0 /tmp/ccejdm8L.debug.temp.o
 .comment       0x0000000000000000       0x2d /tmp/ccSusTpI.debug.temp.o
 .note.GNU-stack
                0x0000000000000000        0x0 /tmp/ccSusTpI.debug.temp.o
 .comment       0x0000000000000000       0x2d /tmp/ccWVGLyK.debug.temp.o
 .note.GNU-stack
                0x0000000000000000        0x0 /tmp/ccWVGLyK.debug.temp.o
 .debug_info    0x0000000000000000     0x1e91 /tmp/ccCLrbRI.debug.temp.o
 .debug_abbrev  0x0000000000000000      0x242 /tmp/ccCLrbRI.debug.temp.o
 .debug_line    0x0000000000000000      0x333 /tmp/ccCLrbRI.debug.temp.o
 .debug_str     0x0000000000000000     0x192f /tmp/ccCLrbRI.debug.temp.o
 .comment       0x0000000000000000       0x2d /tmp/ccCLrbRI.debug.temp.o
 .note.GNU-stack
                0x0000000000000000        0x0 /tmp/ccCLrbRI.debug.temp.o
 .debug_info    0x0000000000000000     0x1e7f /tmp/ccamdmSI.debug.temp.o
 .debug_abbrev  0x0000000000000000      0x240 /tmp/ccamdmSI.debug.temp.o
 .debug_line    0x0000000000000000      0x377 /tmp/ccamdmSI.debug.temp.o
 .debug_str     0x0000000000000000     0x1af8 /tmp/ccamdmSI.debug.temp.o
 .comment       0x0000000000000000       0x2d /tmp/ccamdmSI.debug.temp.o
 .note.GNU-stack
                0x0000000000000000        0x0 /tmp/ccamdmSI.debug.temp.o
 .debug_info    0x0000000000000000     0x1baf /tmp/cc7zkGAJ.debug.temp.o
 .debug_abbrev  0x0000000000000000      0x1fe /tmp/cc7zkGAJ.debug.temp.o
 .debug_line    0x0000000000000000      0x375 /tmp/cc7zkGAJ.debug.temp.o
 .debug_str     0x0000000000000000     0x192e /tmp/cc7zkGAJ.debug.temp.o
 .comment       0x0000000000000000       0x2d /tmp/cc7zkGAJ.debug.temp.o
 .note.GNU-stack
                0x0000000000000000        0x0 /tmp/cc7zkGAJ.debug.temp.o
 .debug_info    0x0000000000000000     0x3e07 /tmp/ccTTbEDI.debug.temp.o
 .debug_abbrev  0x0000000000000000      0x2ca /tmp/ccTTbEDI.debug.temp.o
 .debug_line    0x0000000000000000      0x3e3 /tmp/ccTTbEDI.debug.temp.o
 .debug_str     0x0000000000000000     0x2742 /tmp/ccTTbEDI.debug.temp.o
 .comment       0x0000000000000000       0x2d /tmp/ccTTbEDI.debug.temp.o
 .note.GNU-stack
                0x0000000000000000        0x0 /tmp/ccTTbEDI.debug.temp.o
 .debug_info    0x0000000000000000     0x468b /tmp/ccQxK3VL.debug.temp.o
 .debug_abbrev  0x0000000000000000      0x2b0 /tmp/ccQxK3VL.debug.temp.o
 .debug_line    0x0000000000000000      0x3d7 /tmp/ccQxK3VL.debug.temp.o
 .debug_str     0x0000000000000000     0x3067 /tmp/ccQxK3VL.debug.temp.o
 .comment       0x0000000000000000       0x2d /tmp/ccQxK3VL.debug.temp.o
 .note.GNU-stack
                0x0000000000000000        0x0 /tmp/ccQxK3VL.debug.temp.o
 .debug_info    0x0000000000000000      0x264 /tmp/cczNVNWK.debug.temp.o
 .debug_abbrev  0x0000000000000000       0xc0 /tmp/cczNVNWK.debug.temp.o
 .debug_line    0x0000000000000000      0x163 /tmp/cczNVNWK.debug.temp.o
 .debug_str     0x0000000000000000      0x584 /tmp/cczNVNWK.debug.temp.o
 .comment       0x0000000000000000       0x2d /tmp/cczNVNWK.debug.temp.o
 .note.GNU-stack
                0x0000000000000000        0x0 /tmp/cczNVNWK.debug.temp.o
 .comment       0x0000000000000000       0x2d /tmp/cccXkrfM.debug.temp.o
 .note.GNU-stack
                0x0000000000000000        0x0 /tmp/cccXkrfM.debug.temp.o
 .comment       0x0000000000000000       0x2d /tmp/ccLCbuGJ.debug.temp.o
 .note.GNU-stack
                0x0000000000000000        0x0 /tmp/ccLCbuGJ.debug.temp.o
 .comment       0x0000000000000000       0x2d /tmp/ccD60ZwI.debug.temp.o
 .note.GNU-stack
                0x0000000000000000        0x0 /tmp/ccD60ZwI.debug.temp.o
 .text          0x0000000000000000        0x8 /home/osboxes/edk2sdm/edk2_LG_G7_THINQ/workspace/Build/LgG7ThinQPkg/DEBUG_GCC5/AARCH64/MdePkg/Library/BaseLib/BaseLib/OUTPUT/BaseLib.lib(CpuBreakpoint.obj)
 .data          0x0000000000000000        0x0 /home/osboxes/edk2sdm/edk2_LG_G7_THINQ/workspace/Build/LgG7ThinQPkg/DEBUG_GCC5/AARCH64/MdePkg/Library/BaseLib/BaseLib/OUTPUT/BaseLib.lib(CpuBreakpoint.obj)
 .bss           0x0000000000000000        0x0 /home/osboxes/edk2sdm/edk2_LG_G7_THINQ/workspace/Build/LgG7ThinQPkg/DEBUG_GCC5/AARCH64/MdePkg/Library/BaseLib/BaseLib/OUTPUT/BaseLib.lib(CpuBreakpoint.obj)
 .text          0x0000000000000000      0x200 /home/osboxes/edk2sdm/edk2_LG_G7_THINQ/workspace/Build/LgG7ThinQPkg/DEBUG_GCC5/AARCH64/MdePkg/Library/BaseMemoryLibOptDxe/BaseMemoryLibOptDxe/OUTPUT/BaseMemoryLibOptDxe.lib(SetMem.obj)
 .data          0x0000000000000000        0x0 /home/osboxes/edk2sdm/edk2_LG_G7_THINQ/workspace/Build/LgG7ThinQPkg/DEBUG_GCC5/AARCH64/MdePkg/Library/BaseMemoryLibOptDxe/BaseMemoryLibOptDxe/OUTPUT/BaseMemoryLibOptDxe.lib(SetMem.obj)
 .bss           0x0000000000000000        0x0 /home/osboxes/edk2sdm/edk2_LG_G7_THINQ/workspace/Build/LgG7ThinQPkg/DEBUG_GCC5/AARCH64/MdePkg/Library/BaseMemoryLibOptDxe/BaseMemoryLibOptDxe/OUTPUT/BaseMemoryLibOptDxe.lib(SetMem.obj)
 .text          0x0000000000000000      0x218 /home/osboxes/edk2sdm/edk2_LG_G7_THINQ/workspace/Build/LgG7ThinQPkg/DEBUG_GCC5/AARCH64/MdePkg/Library/BaseMemoryLibOptDxe/BaseMemoryLibOptDxe/OUTPUT/BaseMemoryLibOptDxe.lib(CopyMem.obj)
 .data          0x0000000000000000        0x0 /home/osboxes/edk2sdm/edk2_LG_G7_THINQ/workspace/Build/LgG7ThinQPkg/DEBUG_GCC5/AARCH64/MdePkg/Library/BaseMemoryLibOptDxe/BaseMemoryLibOptDxe/OUTPUT/BaseMemoryLibOptDxe.lib(CopyMem.obj)
 .bss           0x0000000000000000        0x0 /home/osboxes/edk2sdm/edk2_LG_G7_THINQ/workspace/Build/LgG7ThinQPkg/DEBUG_GCC5/AARCH64/MdePkg/Library/BaseMemoryLibOptDxe/BaseMemoryLibOptDxe/OUTPUT/BaseMemoryLibOptDxe.lib(CopyMem.obj)
 .data          0x0000000000000000        0x0 /home/osboxes/edk2sdm/edk2_LG_G7_THINQ/workspace/Build/LgG7ThinQPkg/DEBUG_GCC5/AARCH64/MdePkg/Library/BaseMemoryLibOptDxe/BaseMemoryLibOptDxe/OUTPUT/BaseMemoryLibOptDxe.lib(CompareGuid.obj)
 .bss           0x0000000000000000        0x0 /home/osboxes/edk2sdm/edk2_LG_G7_THINQ/workspace/Build/LgG7ThinQPkg/DEBUG_GCC5/AARCH64/MdePkg/Library/BaseMemoryLibOptDxe/BaseMemoryLibOptDxe/OUTPUT/BaseMemoryLibOptDxe.lib(CompareGuid.obj)
 .text          0x0000000000000000        0x0 /home/osboxes/edk2sdm/edk2_LG_G7_THINQ/workspace/Build/LgG7ThinQPkg/DEBUG_GCC5/AARCH64/ArmPkg/Library/ArmLib/ArmBaseLib/OUTPUT/ArmBaseLib.lib(ArmLibSupport.obj)
 .data          0x0000000000000000        0x0 /home/osboxes/edk2sdm/edk2_LG_G7_THINQ/workspace/Build/LgG7ThinQPkg/DEBUG_GCC5/AARCH64/ArmPkg/Library/ArmLib/ArmBaseLib/OUTPUT/ArmBaseLib.lib(ArmLibSupport.obj)
 .bss           0x0000000000000000        0x0 /home/osboxes/edk2sdm/edk2_LG_G7_THINQ/workspace/Build/LgG7ThinQPkg/DEBUG_GCC5/AARCH64/ArmPkg/Library/ArmLib/ArmBaseLib/OUTPUT/ArmBaseLib.lib(ArmLibSupport.obj)
 .text.ArmReadMidr
                0x0000000000000000        0x8 /home/osboxes/edk2sdm/edk2_LG_G7_THINQ/workspace/Build/LgG7ThinQPkg/DEBUG_GCC5/AARCH64/ArmPkg/Library/ArmLib/ArmBaseLib/OUTPUT/ArmBaseLib.lib(ArmLibSupport.obj)
 .text.ArmGetFiqState
                0x0000000000000000       0x10 /home/osboxes/edk2sdm/edk2_LG_G7_THINQ/workspace/Build/LgG7ThinQPkg/DEBUG_GCC5/AARCH64/ArmPkg/Library/ArmLib/ArmBaseLib/OUTPUT/ArmBaseLib.lib(ArmLibSupport.obj)
 .text.ArmWriteCpacr
                0x0000000000000000        0x8 /home/osboxes/edk2sdm/edk2_LG_G7_THINQ/workspace/Build/LgG7ThinQPkg/DEBUG_GCC5/AARCH64/ArmPkg/Library/ArmLib/ArmBaseLib/OUTPUT/ArmBaseLib.lib(ArmLibSupport.obj)
 .text.ArmWriteAuxCr
                0x0000000000000000       0x28 /home/osboxes/edk2sdm/edk2_LG_G7_THINQ/workspace/Build/LgG7ThinQPkg/DEBUG_GCC5/AARCH64/ArmPkg/Library/ArmLib/ArmBaseLib/OUTPUT/ArmBaseLib.lib(ArmLibSupport.obj)
 .text.ArmReadAuxCr
                0x0000000000000000       0x28 /home/osboxes/edk2sdm/edk2_LG_G7_THINQ/workspace/Build/LgG7ThinQPkg/DEBUG_GCC5/AARCH64/ArmPkg/Library/ArmLib/ArmBaseLib/OUTPUT/ArmBaseLib.lib(ArmLibSupport.obj)
 .text.ArmSetTTBR0
                0x0000000000000000       0x34 /home/osboxes/edk2sdm/edk2_LG_G7_THINQ/workspace/Build/LgG7ThinQPkg/DEBUG_GCC5/AARCH64/ArmPkg/Library/ArmLib/ArmBaseLib/OUTPUT/ArmBaseLib.lib(ArmLibSupport.obj)
 .text.ArmGetTTBR0BaseAddress
                0x0000000000000000       0x30 /home/osboxes/edk2sdm/edk2_LG_G7_THINQ/workspace/Build/LgG7ThinQPkg/DEBUG_GCC5/AARCH64/ArmPkg/Library/ArmLib/ArmBaseLib/OUTPUT/ArmBaseLib.lib(ArmLibSupport.obj)
 .text.ArmGetTCR
                0x0000000000000000       0x34 /home/osboxes/edk2sdm/edk2_LG_G7_THINQ/workspace/Build/LgG7ThinQPkg/DEBUG_GCC5/AARCH64/ArmPkg/Library/ArmLib/ArmBaseLib/OUTPUT/ArmBaseLib.lib(ArmLibSupport.obj)
 .text.ArmSetTCR
                0x0000000000000000       0x34 /home/osboxes/edk2sdm/edk2_LG_G7_THINQ/workspace/Build/LgG7ThinQPkg/DEBUG_GCC5/AARCH64/ArmPkg/Library/ArmLib/ArmBaseLib/OUTPUT/ArmBaseLib.lib(ArmLibSupport.obj)
 .text.ArmGetMAIR
                0x0000000000000000       0x34 /home/osboxes/edk2sdm/edk2_LG_G7_THINQ/workspace/Build/LgG7ThinQPkg/DEBUG_GCC5/AARCH64/ArmPkg/Library/ArmLib/ArmBaseLib/OUTPUT/ArmBaseLib.lib(ArmLibSupport.obj)
 .text.ArmSetMAIR
                0x0000000000000000       0x34 /home/osboxes/edk2sdm/edk2_LG_G7_THINQ/workspace/Build/LgG7ThinQPkg/DEBUG_GCC5/AARCH64/ArmPkg/Library/ArmLib/ArmBaseLib/OUTPUT/ArmBaseLib.lib(ArmLibSupport.obj)
 .text.ArmUpdateTranslationTableEntry
                0x0000000000000000       0x40 /home/osboxes/edk2sdm/edk2_LG_G7_THINQ/workspace/Build/LgG7ThinQPkg/DEBUG_GCC5/AARCH64/ArmPkg/Library/ArmLib/ArmBaseLib/OUTPUT/ArmBaseLib.lib(ArmLibSupport.obj)
 .text.ArmInvalidateTlb
                0x0000000000000000       0x38 /home/osboxes/edk2sdm/edk2_LG_G7_THINQ/workspace/Build/LgG7ThinQPkg/DEBUG_GCC5/AARCH64/ArmPkg/Library/ArmLib/ArmBaseLib/OUTPUT/ArmBaseLib.lib(ArmLibSupport.obj)
 .text.ArmWriteCptr
                0x0000000000000000        0x8 /home/osboxes/edk2sdm/edk2_LG_G7_THINQ/workspace/Build/LgG7ThinQPkg/DEBUG_GCC5/AARCH64/ArmPkg/Library/ArmLib/ArmBaseLib/OUTPUT/ArmBaseLib.lib(ArmLibSupport.obj)
 .text.ArmWriteScr
                0x0000000000000000        0xc /home/osboxes/edk2sdm/edk2_LG_G7_THINQ/workspace/Build/LgG7ThinQPkg/DEBUG_GCC5/AARCH64/ArmPkg/Library/ArmLib/ArmBaseLib/OUTPUT/ArmBaseLib.lib(ArmLibSupport.obj)
 .text.ArmWriteMVBar
                0x0000000000000000        0x8 /home/osboxes/edk2sdm/edk2_LG_G7_THINQ/workspace/Build/LgG7ThinQPkg/DEBUG_GCC5/AARCH64/ArmPkg/Library/ArmLib/ArmBaseLib/OUTPUT/ArmBaseLib.lib(ArmLibSupport.obj)
 .text.ArmCallWFE
                0x0000000000000000        0x8 /home/osboxes/edk2sdm/edk2_LG_G7_THINQ/workspace/Build/LgG7ThinQPkg/DEBUG_GCC5/AARCH64/ArmPkg/Library/ArmLib/ArmBaseLib/OUTPUT/ArmBaseLib.lib(ArmLibSupport.obj)
 .text.ArmCallSEV
                0x0000000000000000        0x8 /home/osboxes/edk2sdm/edk2_LG_G7_THINQ/workspace/Build/LgG7ThinQPkg/DEBUG_GCC5/AARCH64/ArmPkg/Library/ArmLib/ArmBaseLib/OUTPUT/ArmBaseLib.lib(ArmLibSupport.obj)
 .text.ArmReadCpuActlr
                0x0000000000000000        0x8 /home/osboxes/edk2sdm/edk2_LG_G7_THINQ/workspace/Build/LgG7ThinQPkg/DEBUG_GCC5/AARCH64/ArmPkg/Library/ArmLib/ArmBaseLib/OUTPUT/ArmBaseLib.lib(ArmLibSupport.obj)
 .text.ArmWriteCpuActlr
                0x0000000000000000       0x10 /home/osboxes/edk2sdm/edk2_LG_G7_THINQ/workspace/Build/LgG7ThinQPkg/DEBUG_GCC5/AARCH64/ArmPkg/Library/ArmLib/ArmBaseLib/OUTPUT/ArmBaseLib.lib(ArmLibSupport.obj)
 .text.ArmReadSctlr
                0x0000000000000000       0x30 /home/osboxes/edk2sdm/edk2_LG_G7_THINQ/workspace/Build/LgG7ThinQPkg/DEBUG_GCC5/AARCH64/ArmPkg/Library/ArmLib/ArmBaseLib/OUTPUT/ArmBaseLib.lib(ArmLibSupport.obj)
 .text.ArmWriteSctlr
                0x0000000000000000       0x30 /home/osboxes/edk2sdm/edk2_LG_G7_THINQ/workspace/Build/LgG7ThinQPkg/DEBUG_GCC5/AARCH64/ArmPkg/Library/ArmLib/ArmBaseLib/OUTPUT/ArmBaseLib.lib(ArmLibSupport.obj)
 .text.ArmGetPhysicalAddressBits
                0x0000000000000000       0x24 /home/osboxes/edk2sdm/edk2_LG_G7_THINQ/workspace/Build/LgG7ThinQPkg/DEBUG_GCC5/AARCH64/ArmPkg/Library/ArmLib/ArmBaseLib/OUTPUT/ArmBaseLib.lib(ArmLibSupport.obj)
 .text          0x0000000000000000        0x0 /home/osboxes/edk2sdm/edk2_LG_G7_THINQ/workspace/Build/LgG7ThinQPkg/DEBUG_GCC5/AARCH64/ArmPkg/Library/ArmLib/ArmBaseLib/OUTPUT/ArmBaseLib.lib(ArmLibSupportV8.obj)
 .data          0x0000000000000000        0x0 /home/osboxes/edk2sdm/edk2_LG_G7_THINQ/workspace/Build/LgG7ThinQPkg/DEBUG_GCC5/AARCH64/ArmPkg/Library/ArmLib/ArmBaseLib/OUTPUT/ArmBaseLib.lib(ArmLibSupportV8.obj)
 .bss           0x0000000000000000        0x0 /home/osboxes/edk2sdm/edk2_LG_G7_THINQ/workspace/Build/LgG7ThinQPkg/DEBUG_GCC5/AARCH64/ArmPkg/Library/ArmLib/ArmBaseLib/OUTPUT/ArmBaseLib.lib(ArmLibSupportV8.obj)
 .text.ArmIsMpCore
                0x0000000000000000       0x14 /home/osboxes/edk2sdm/edk2_LG_G7_THINQ/workspace/Build/LgG7ThinQPkg/DEBUG_GCC5/AARCH64/ArmPkg/Library/ArmLib/ArmBaseLib/OUTPUT/ArmBaseLib.lib(ArmLibSupportV8.obj)
 .text.ArmEnableAsynchronousAbort
                0x0000000000000000        0xc /home/osboxes/edk2sdm/edk2_LG_G7_THINQ/workspace/Build/LgG7ThinQPkg/DEBUG_GCC5/AARCH64/ArmPkg/Library/ArmLib/ArmBaseLib/OUTPUT/ArmBaseLib.lib(ArmLibSupportV8.obj)
 .text.ArmDisableAsynchronousAbort
                0x0000000000000000        0xc /home/osboxes/edk2sdm/edk2_LG_G7_THINQ/workspace/Build/LgG7ThinQPkg/DEBUG_GCC5/AARCH64/ArmPkg/Library/ArmLib/ArmBaseLib/OUTPUT/ArmBaseLib.lib(ArmLibSupportV8.obj)
 .text.ArmEnableIrq
                0x0000000000000000        0xc /home/osboxes/edk2sdm/edk2_LG_G7_THINQ/workspace/Build/LgG7ThinQPkg/DEBUG_GCC5/AARCH64/ArmPkg/Library/ArmLib/ArmBaseLib/OUTPUT/ArmBaseLib.lib(ArmLibSupportV8.obj)
 .text.ArmDisableIrq
                0x0000000000000000        0xc /home/osboxes/edk2sdm/edk2_LG_G7_THINQ/workspace/Build/LgG7ThinQPkg/DEBUG_GCC5/AARCH64/ArmPkg/Library/ArmLib/ArmBaseLib/OUTPUT/ArmBaseLib.lib(ArmLibSupportV8.obj)
 .text.ArmEnableFiq
                0x0000000000000000        0xc /home/osboxes/edk2sdm/edk2_LG_G7_THINQ/workspace/Build/LgG7ThinQPkg/DEBUG_GCC5/AARCH64/ArmPkg/Library/ArmLib/ArmBaseLib/OUTPUT/ArmBaseLib.lib(ArmLibSupportV8.obj)
 .text.ArmDisableFiq
                0x0000000000000000        0xc /home/osboxes/edk2sdm/edk2_LG_G7_THINQ/workspace/Build/LgG7ThinQPkg/DEBUG_GCC5/AARCH64/ArmPkg/Library/ArmLib/ArmBaseLib/OUTPUT/ArmBaseLib.lib(ArmLibSupportV8.obj)
 .text.ArmDisableAllExceptions
                0x0000000000000000        0xc /home/osboxes/edk2sdm/edk2_LG_G7_THINQ/workspace/Build/LgG7ThinQPkg/DEBUG_GCC5/AARCH64/ArmPkg/Library/ArmLib/ArmBaseLib/OUTPUT/ArmBaseLib.lib(ArmLibSupportV8.obj)
 .text.ReadCCSIDR
                0x0000000000000000       0x10 /home/osboxes/edk2sdm/edk2_LG_G7_THINQ/workspace/Build/LgG7ThinQPkg/DEBUG_GCC5/AARCH64/ArmPkg/Library/ArmLib/ArmBaseLib/OUTPUT/ArmBaseLib.lib(ArmLibSupportV8.obj)
 .text.ReadCLIDR
                0x0000000000000000        0x8 /home/osboxes/edk2sdm/edk2_LG_G7_THINQ/workspace/Build/LgG7ThinQPkg/DEBUG_GCC5/AARCH64/ArmPkg/Library/ArmLib/ArmBaseLib/OUTPUT/ArmBaseLib.lib(ArmLibSupportV8.obj)
 .text          0x0000000000000000        0x0 /home/osboxes/edk2sdm/edk2_LG_G7_THINQ/workspace/Build/LgG7ThinQPkg/DEBUG_GCC5/AARCH64/ArmPkg/Library/ArmLib/ArmBaseLib/OUTPUT/ArmBaseLib.lib(AArch64Support.obj)
 .data          0x0000000000000000        0x0 /home/osboxes/edk2sdm/edk2_LG_G7_THINQ/workspace/Build/LgG7ThinQPkg/DEBUG_GCC5/AARCH64/ArmPkg/Library/ArmLib/ArmBaseLib/OUTPUT/ArmBaseLib.lib(AArch64Support.obj)
 .bss           0x0000000000000000        0x0 /home/osboxes/edk2sdm/edk2_LG_G7_THINQ/workspace/Build/LgG7ThinQPkg/DEBUG_GCC5/AARCH64/ArmPkg/Library/ArmLib/ArmBaseLib/OUTPUT/ArmBaseLib.lib(AArch64Support.obj)
 .text.ArmInvalidateDataCacheEntryByMVA
                0x0000000000000000        0x8 /home/osboxes/edk2sdm/edk2_LG_G7_THINQ/workspace/Build/LgG7ThinQPkg/DEBUG_GCC5/AARCH64/ArmPkg/Library/ArmLib/ArmBaseLib/OUTPUT/ArmBaseLib.lib(AArch64Support.obj)
 .text.ArmCleanDataCacheEntryByMVA
                0x0000000000000000        0x8 /home/osboxes/edk2sdm/edk2_LG_G7_THINQ/workspace/Build/LgG7ThinQPkg/DEBUG_GCC5/AARCH64/ArmPkg/Library/ArmLib/ArmBaseLib/OUTPUT/ArmBaseLib.lib(AArch64Support.obj)
 .text.ArmCleanDataCacheEntryToPoUByMVA
                0x0000000000000000        0x8 /home/osboxes/edk2sdm/edk2_LG_G7_THINQ/workspace/Build/LgG7ThinQPkg/DEBUG_GCC5/AARCH64/ArmPkg/Library/ArmLib/ArmBaseLib/OUTPUT/ArmBaseLib.lib(AArch64Support.obj)
 .text.ArmInvalidateInstructionCacheEntryToPoUByMVA
                0x0000000000000000        0x8 /home/osboxes/edk2sdm/edk2_LG_G7_THINQ/workspace/Build/LgG7ThinQPkg/DEBUG_GCC5/AARCH64/ArmPkg/Library/ArmLib/ArmBaseLib/OUTPUT/ArmBaseLib.lib(AArch64Support.obj)
 .text.ArmInvalidateDataCacheEntryBySetWay
                0x0000000000000000        0x8 /home/osboxes/edk2sdm/edk2_LG_G7_THINQ/workspace/Build/LgG7ThinQPkg/DEBUG_GCC5/AARCH64/ArmPkg/Library/ArmLib/ArmBaseLib/OUTPUT/ArmBaseLib.lib(AArch64Support.obj)
 .text.ArmCleanInvalidateDataCacheEntryBySetWay
                0x0000000000000000        0x8 /home/osboxes/edk2sdm/edk2_LG_G7_THINQ/workspace/Build/LgG7ThinQPkg/DEBUG_GCC5/AARCH64/ArmPkg/Library/ArmLib/ArmBaseLib/OUTPUT/ArmBaseLib.lib(AArch64Support.obj)
 .text.ArmCleanDataCacheEntryBySetWay
                0x0000000000000000        0x8 /home/osboxes/edk2sdm/edk2_LG_G7_THINQ/workspace/Build/LgG7ThinQPkg/DEBUG_GCC5/AARCH64/ArmPkg/Library/ArmLib/ArmBaseLib/OUTPUT/ArmBaseLib.lib(AArch64Support.obj)
 .text.ArmInvalidateInstructionCache
                0x0000000000000000       0x10 /home/osboxes/edk2sdm/edk2_LG_G7_THINQ/workspace/Build/LgG7ThinQPkg/DEBUG_GCC5/AARCH64/ArmPkg/Library/ArmLib/ArmBaseLib/OUTPUT/ArmBaseLib.lib(AArch64Support.obj)
 .text.ArmEnableMmu
                0x0000000000000000       0x88 /home/osboxes/edk2sdm/edk2_LG_G7_THINQ/workspace/Build/LgG7ThinQPkg/DEBUG_GCC5/AARCH64/ArmPkg/Library/ArmLib/ArmBaseLib/OUTPUT/ArmBaseLib.lib(AArch64Support.obj)
 .text.ArmDisableMmu
                0x0000000000000000       0x74 /home/osboxes/edk2sdm/edk2_LG_G7_THINQ/workspace/Build/LgG7ThinQPkg/DEBUG_GCC5/AARCH64/ArmPkg/Library/ArmLib/ArmBaseLib/OUTPUT/ArmBaseLib.lib(AArch64Support.obj)
 .text.ArmDisableCachesAndMmu
                0x0000000000000000       0x6c /home/osboxes/edk2sdm/edk2_LG_G7_THINQ/workspace/Build/LgG7ThinQPkg/DEBUG_GCC5/AARCH64/ArmPkg/Library/ArmLib/ArmBaseLib/OUTPUT/ArmBaseLib.lib(AArch64Support.obj)
 .text.ArmMmuEnabled
                0x0000000000000000       0x34 /home/osboxes/edk2sdm/edk2_LG_G7_THINQ/workspace/Build/LgG7ThinQPkg/DEBUG_GCC5/AARCH64/ArmPkg/Library/ArmLib/ArmBaseLib/OUTPUT/ArmBaseLib.lib(AArch64Support.obj)
 .text.ArmEnableDataCache
                0x0000000000000000       0x68 /home/osboxes/edk2sdm/edk2_LG_G7_THINQ/workspace/Build/LgG7ThinQPkg/DEBUG_GCC5/AARCH64/ArmPkg/Library/ArmLib/ArmBaseLib/OUTPUT/ArmBaseLib.lib(AArch64Support.obj)
 .text.ArmDisableDataCache
                0x0000000000000000       0x68 /home/osboxes/edk2sdm/edk2_LG_G7_THINQ/workspace/Build/LgG7ThinQPkg/DEBUG_GCC5/AARCH64/ArmPkg/Library/ArmLib/ArmBaseLib/OUTPUT/ArmBaseLib.lib(AArch64Support.obj)
 .text.ArmEnableInstructionCache
                0x0000000000000000       0x68 /home/osboxes/edk2sdm/edk2_LG_G7_THINQ/workspace/Build/LgG7ThinQPkg/DEBUG_GCC5/AARCH64/ArmPkg/Library/ArmLib/ArmBaseLib/OUTPUT/ArmBaseLib.lib(AArch64Support.obj)
 .text.ArmDisableInstructionCache
                0x0000000000000000       0x68 /home/osboxes/edk2sdm/edk2_LG_G7_THINQ/workspace/Build/LgG7ThinQPkg/DEBUG_GCC5/AARCH64/ArmPkg/Library/ArmLib/ArmBaseLib/OUTPUT/ArmBaseLib.lib(AArch64Support.obj)
 .text.ArmEnableAlignmentCheck
                0x0000000000000000       0x58 /home/osboxes/edk2sdm/edk2_LG_G7_THINQ/workspace/Build/LgG7ThinQPkg/DEBUG_GCC5/AARCH64/ArmPkg/Library/ArmLib/ArmBaseLib/OUTPUT/ArmBaseLib.lib(AArch64Support.obj)
 .text.ArmDisableAlignmentCheck
                0x0000000000000000       0x68 /home/osboxes/edk2sdm/edk2_LG_G7_THINQ/workspace/Build/LgG7ThinQPkg/DEBUG_GCC5/AARCH64/ArmPkg/Library/ArmLib/ArmBaseLib/OUTPUT/ArmBaseLib.lib(AArch64Support.obj)
 .text.ArmEnableStackAlignmentCheck
                0x0000000000000000       0x58 /home/osboxes/edk2sdm/edk2_LG_G7_THINQ/workspace/Build/LgG7ThinQPkg/DEBUG_GCC5/AARCH64/ArmPkg/Library/ArmLib/ArmBaseLib/OUTPUT/ArmBaseLib.lib(AArch64Support.obj)
 .text.ArmDisableStackAlignmentCheck
                0x0000000000000000       0x68 /home/osboxes/edk2sdm/edk2_LG_G7_THINQ/workspace/Build/LgG7ThinQPkg/DEBUG_GCC5/AARCH64/ArmPkg/Library/ArmLib/ArmBaseLib/OUTPUT/ArmBaseLib.lib(AArch64Support.obj)
 .text.ArmEnableBranchPrediction
                0x0000000000000000        0x4 /home/osboxes/edk2sdm/edk2_LG_G7_THINQ/workspace/Build/LgG7ThinQPkg/DEBUG_GCC5/AARCH64/ArmPkg/Library/ArmLib/ArmBaseLib/OUTPUT/ArmBaseLib.lib(AArch64Support.obj)
 .text.ArmDisableBranchPrediction
                0x0000000000000000        0x4 /home/osboxes/edk2sdm/edk2_LG_G7_THINQ/workspace/Build/LgG7ThinQPkg/DEBUG_GCC5/AARCH64/ArmPkg/Library/ArmLib/ArmBaseLib/OUTPUT/ArmBaseLib.lib(AArch64Support.obj)
 .text.AArch64AllDataCachesOperation
                0x0000000000000000       0xa8 /home/osboxes/edk2sdm/edk2_LG_G7_THINQ/workspace/Build/LgG7ThinQPkg/DEBUG_GCC5/AARCH64/ArmPkg/Library/ArmLib/ArmBaseLib/OUTPUT/ArmBaseLib.lib(AArch64Support.obj)
 .text.ArmDataMemoryBarrier
                0x0000000000000000        0x8 /home/osboxes/edk2sdm/edk2_LG_G7_THINQ/workspace/Build/LgG7ThinQPkg/DEBUG_GCC5/AARCH64/ArmPkg/Library/ArmLib/ArmBaseLib/OUTPUT/ArmBaseLib.lib(AArch64Support.obj)
 .text.ArmInstructionSynchronizationBarrier
                0x0000000000000000        0x8 /home/osboxes/edk2sdm/edk2_LG_G7_THINQ/workspace/Build/LgG7ThinQPkg/DEBUG_GCC5/AARCH64/ArmPkg/Library/ArmLib/ArmBaseLib/OUTPUT/ArmBaseLib.lib(AArch64Support.obj)
 .text.ArmWriteVBar
                0x0000000000000000       0x34 /home/osboxes/edk2sdm/edk2_LG_G7_THINQ/workspace/Build/LgG7ThinQPkg/DEBUG_GCC5/AARCH64/ArmPkg/Library/ArmLib/ArmBaseLib/OUTPUT/ArmBaseLib.lib(AArch64Support.obj)
 .text.ArmReadVBar
                0x0000000000000000       0x30 /home/osboxes/edk2sdm/edk2_LG_G7_THINQ/workspace/Build/LgG7ThinQPkg/DEBUG_GCC5/AARCH64/ArmPkg/Library/ArmLib/ArmBaseLib/OUTPUT/ArmBaseLib.lib(AArch64Support.obj)
 .text.ArmEnableVFP
                0x0000000000000000       0x64 /home/osboxes/edk2sdm/edk2_LG_G7_THINQ/workspace/Build/LgG7ThinQPkg/DEBUG_GCC5/AARCH64/ArmPkg/Library/ArmLib/ArmBaseLib/OUTPUT/ArmBaseLib.lib(AArch64Support.obj)
 .text.ArmCallWFI
                0x0000000000000000        0x8 /home/osboxes/edk2sdm/edk2_LG_G7_THINQ/workspace/Build/LgG7ThinQPkg/DEBUG_GCC5/AARCH64/ArmPkg/Library/ArmLib/ArmBaseLib/OUTPUT/ArmBaseLib.lib(AArch64Support.obj)
 .text.ArmReadMpidr
                0x0000000000000000        0x8 /home/osboxes/edk2sdm/edk2_LG_G7_THINQ/workspace/Build/LgG7ThinQPkg/DEBUG_GCC5/AARCH64/ArmPkg/Library/ArmLib/ArmBaseLib/OUTPUT/ArmBaseLib.lib(AArch64Support.obj)
 .text.ArmReadTpidrurw
                0x0000000000000000        0x8 /home/osboxes/edk2sdm/edk2_LG_G7_THINQ/workspace/Build/LgG7ThinQPkg/DEBUG_GCC5/AARCH64/ArmPkg/Library/ArmLib/ArmBaseLib/OUTPUT/ArmBaseLib.lib(AArch64Support.obj)
 .text.ArmWriteTpidrurw
                0x0000000000000000        0x8 /home/osboxes/edk2sdm/edk2_LG_G7_THINQ/workspace/Build/LgG7ThinQPkg/DEBUG_GCC5/AARCH64/ArmPkg/Library/ArmLib/ArmBaseLib/OUTPUT/ArmBaseLib.lib(AArch64Support.obj)
 .text.ArmIsArchTimerImplemented
                0x0000000000000000        0x8 /home/osboxes/edk2sdm/edk2_LG_G7_THINQ/workspace/Build/LgG7ThinQPkg/DEBUG_GCC5/AARCH64/ArmPkg/Library/ArmLib/ArmBaseLib/OUTPUT/ArmBaseLib.lib(AArch64Support.obj)
 .text.ArmReadIdPfr0
                0x0000000000000000        0x8 /home/osboxes/edk2sdm/edk2_LG_G7_THINQ/workspace/Build/LgG7ThinQPkg/DEBUG_GCC5/AARCH64/ArmPkg/Library/ArmLib/ArmBaseLib/OUTPUT/ArmBaseLib.lib(AArch64Support.obj)
 .text.ArmReadIdPfr1
                0x0000000000000000        0x8 /home/osboxes/edk2sdm/edk2_LG_G7_THINQ/workspace/Build/LgG7ThinQPkg/DEBUG_GCC5/AARCH64/ArmPkg/Library/ArmLib/ArmBaseLib/OUTPUT/ArmBaseLib.lib(AArch64Support.obj)
 .text.ArmWriteHcr
                0x0000000000000000        0x8 /home/osboxes/edk2sdm/edk2_LG_G7_THINQ/workspace/Build/LgG7ThinQPkg/DEBUG_GCC5/AARCH64/ArmPkg/Library/ArmLib/ArmBaseLib/OUTPUT/ArmBaseLib.lib(AArch64Support.obj)
 .text.ArmReadHcr
                0x0000000000000000        0x8 /home/osboxes/edk2sdm/edk2_LG_G7_THINQ/workspace/Build/LgG7ThinQPkg/DEBUG_GCC5/AARCH64/ArmPkg/Library/ArmLib/ArmBaseLib/OUTPUT/ArmBaseLib.lib(AArch64Support.obj)
 .text.ArmReadCurrentEL
                0x0000000000000000        0x8 /home/osboxes/edk2sdm/edk2_LG_G7_THINQ/workspace/Build/LgG7ThinQPkg/DEBUG_GCC5/AARCH64/ArmPkg/Library/ArmLib/ArmBaseLib/OUTPUT/ArmBaseLib.lib(AArch64Support.obj)
 .text.ArmReadCntHctl
                0x0000000000000000        0x8 /home/osboxes/edk2sdm/edk2_LG_G7_THINQ/workspace/Build/LgG7ThinQPkg/DEBUG_GCC5/AARCH64/ArmPkg/Library/ArmLib/ArmBaseLib/OUTPUT/ArmBaseLib.lib(AArch64Support.obj)
 .text.ArmWriteCntHctl
                0x0000000000000000        0x8 /home/osboxes/edk2sdm/edk2_LG_G7_THINQ/workspace/Build/LgG7ThinQPkg/DEBUG_GCC5/AARCH64/ArmPkg/Library/ArmLib/ArmBaseLib/OUTPUT/ArmBaseLib.lib(AArch64Support.obj)

Memory Configuration

Name             Origin             Length             Attributes
*default*        0x0000000000000000 0xffffffffffffffff

Linker script and memory map

LOAD /home/osboxes/edk2sdm/edk2/ArmPkg/Library/GccLto/liblto-aarch64.a
START GROUP
LOAD /tmp/LogoDxe.dll.zvY8fM.ltrans0.ltrans.o
LOAD /tmp/cclJLXjM.debug.temp.o
LOAD /tmp/ccVPpk9K.debug.temp.o
LOAD /tmp/cc6I84qK.debug.temp.o
LOAD /tmp/ccSavLTI.debug.temp.o
LOAD /tmp/ccVYB5cJ.debug.temp.o
LOAD /tmp/cc5StnEJ.debug.temp.o
LOAD /tmp/cc2EvNxM.debug.temp.o
LOAD /tmp/cc6ksxII.debug.temp.o
LOAD /tmp/ccr4rnAK.debug.temp.o
LOAD /tmp/ccVPN6WK.debug.temp.o
LOAD /tmp/ccSsax5L.debug.temp.o
LOAD /tmp/cc06oA0K.debug.temp.o
LOAD /tmp/ccdfnjsM.debug.temp.o
LOAD /tmp/cc09hwFL.debug.temp.o
LOAD /tmp/ccUSgv7K.debug.temp.o
LOAD /tmp/ccmGqjyK.debug.temp.o
LOAD /tmp/cc2vzaUI.debug.temp.o
LOAD /tmp/ccTP1JJK.debug.temp.o
LOAD /tmp/ccHNaHlM.debug.temp.o
LOAD /tmp/cc2tW8oM.debug.temp.o
LOAD /tmp/cckZMMMJ.debug.temp.o
LOAD /tmp/ccto3dwK.debug.temp.o
LOAD /tmp/ccLD4WrI.debug.temp.o
LOAD /tmp/ccMtpuaM.debug.temp.o
LOAD /tmp/ccoqsODJ.debug.temp.o
LOAD /tmp/cc3OLsvI.debug.temp.o
LOAD /tmp/ccF3pGUL.debug.temp.o
LOAD /tmp/cc5BZCBJ.debug.temp.o
LOAD /tmp/ccejdm8L.debug.temp.o
LOAD /tmp/ccSusTpI.debug.temp.o
LOAD /tmp/ccWVGLyK.debug.temp.o
LOAD /tmp/ccCLrbRI.debug.temp.o
LOAD /tmp/ccamdmSI.debug.temp.o
LOAD /tmp/cc7zkGAJ.debug.temp.o
LOAD /tmp/ccTTbEDI.debug.temp.o
LOAD /tmp/ccQxK3VL.debug.temp.o
LOAD /tmp/cczNVNWK.debug.temp.o
LOAD /tmp/cccXkrfM.debug.temp.o
LOAD /tmp/ccLCbuGJ.debug.temp.o
LOAD /tmp/ccD60ZwI.debug.temp.o
LOAD /home/osboxes/edk2sdm/edk2_LG_G7_THINQ/workspace/Build/LgG7ThinQPkg/DEBUG_GCC5/AARCH64/MdePkg/Library/BaseMemoryLibOptDxe/BaseMemoryLibOptDxe/OUTPUT/BaseMemoryLibOptDxe.lib
LOAD /home/osboxes/edk2sdm/edk2_LG_G7_THINQ/workspace/Build/LgG7ThinQPkg/DEBUG_GCC5/AARCH64/MdePkg/Library/DxePcdLib/DxePcdLib/OUTPUT/DxePcdLib.lib
LOAD /home/osboxes/edk2sdm/edk2_LG_G7_THINQ/workspace/Build/LgG7ThinQPkg/DEBUG_GCC5/AARCH64/MdePkg/Library/BaseLib/BaseLib/OUTPUT/BaseLib.lib
LOAD /home/osboxes/edk2sdm/edk2_LG_G7_THINQ/workspace/Build/LgG7ThinQPkg/DEBUG_GCC5/AARCH64/ArmPkg/Library/ArmLib/ArmBaseLib/OUTPUT/ArmBaseLib.lib
LOAD /home/osboxes/edk2sdm/edk2_LG_G7_THINQ/workspace/Build/LgG7ThinQPkg/DEBUG_GCC5/AARCH64/ArmPkg/Library/ArmCacheMaintenanceLib/ArmCacheMaintenanceLib/OUTPUT/ArmCacheMaintenanceLib.lib
LOAD /home/osboxes/edk2sdm/edk2_LG_G7_THINQ/workspace/Build/LgG7ThinQPkg/DEBUG_GCC5/AARCH64/MdePkg/Library/BaseIoLibIntrinsic/BaseIoLibIntrinsic/OUTPUT/BaseIoLibIntrinsic.lib
LOAD /home/osboxes/edk2sdm/edk2_LG_G7_THINQ/workspace/Build/LgG7ThinQPkg/DEBUG_GCC5/AARCH64/ArmPkg/Library/CompilerIntrinsicsLib/CompilerIntrinsicsLib/OUTPUT/CompilerIntrinsicsLib.lib
LOAD /home/osboxes/edk2sdm/edk2_LG_G7_THINQ/workspace/Build/LgG7ThinQPkg/DEBUG_GCC5/AARCH64/MdePkg/Library/BaseDebugPrintErrorLevelLib/BaseDebugPrintErrorLevelLib/OUTPUT/BaseDebugPrintErrorLevelLib.lib
LOAD /home/osboxes/edk2sdm/edk2_LG_G7_THINQ/workspace/Build/LgG7ThinQPkg/DEBUG_GCC5/AARCH64/MdePkg/Library/BasePrintLib/BasePrintLib/OUTPUT/BasePrintLib.lib
LOAD /home/osboxes/edk2sdm/edk2_LG_G7_THINQ/workspace/Build/LgG7ThinQPkg/DEBUG_GCC5/AARCH64/LgG7ThinQPkg/Library/FrameBufferSerialPortLib/FrameBufferSerialPortLib/OUTPUT/FrameBufferSerialPortLib.lib
LOAD /home/osboxes/edk2sdm/edk2_LG_G7_THINQ/workspace/Build/LgG7ThinQPkg/DEBUG_GCC5/AARCH64/MdePkg/Library/BaseDebugLibSerialPort/BaseDebugLibSerialPort/OUTPUT/BaseDebugLibSerialPort.lib
LOAD /home/osboxes/edk2sdm/edk2_LG_G7_THINQ/workspace/Build/LgG7ThinQPkg/DEBUG_GCC5/AARCH64/MdePkg/Library/UefiMemoryAllocationLib/UefiMemoryAllocationLib/OUTPUT/UefiMemoryAllocationLib.lib
LOAD /home/osboxes/edk2sdm/edk2_LG_G7_THINQ/workspace/Build/LgG7ThinQPkg/DEBUG_GCC5/AARCH64/MdePkg/Library/UefiRuntimeServicesTableLib/UefiRuntimeServicesTableLib/OUTPUT/UefiRuntimeServicesTableLib.lib
LOAD /home/osboxes/edk2sdm/edk2_LG_G7_THINQ/workspace/Build/LgG7ThinQPkg/DEBUG_GCC5/AARCH64/MdePkg/Library/UefiDevicePathLib/UefiDevicePathLib/OUTPUT/UefiDevicePathLib.lib
LOAD /home/osboxes/edk2sdm/edk2_LG_G7_THINQ/workspace/Build/LgG7ThinQPkg/DEBUG_GCC5/AARCH64/MdePkg/Library/UefiBootServicesTableLib/UefiBootServicesTableLib/OUTPUT/UefiBootServicesTableLib.lib
LOAD /home/osboxes/edk2sdm/edk2_LG_G7_THINQ/workspace/Build/LgG7ThinQPkg/DEBUG_GCC5/AARCH64/MdePkg/Library/UefiLib/UefiLib/OUTPUT/UefiLib.lib
LOAD /home/osboxes/edk2sdm/edk2_LG_G7_THINQ/workspace/Build/LgG7ThinQPkg/DEBUG_GCC5/AARCH64/MdePkg/Library/DxeHobLib/DxeHobLib/OUTPUT/DxeHobLib.lib
LOAD /home/osboxes/edk2sdm/edk2_LG_G7_THINQ/workspace/Build/LgG7ThinQPkg/DEBUG_GCC5/AARCH64/MdePkg/Library/UefiDriverEntryPoint/UefiDriverEntryPoint/OUTPUT/UefiDriverEntryPoint.lib
LOAD /home/osboxes/edk2sdm/edk2_LG_G7_THINQ/workspace/Build/LgG7ThinQPkg/DEBUG_GCC5/AARCH64/MdePkg/Library/BaseStackCheckLib/BaseStackCheckLib/OUTPUT/BaseStackCheckLib.lib
LOAD /home/osboxes/edk2sdm/edk2_LG_G7_THINQ/workspace/Build/LgG7ThinQPkg/DEBUG_GCC5/AARCH64/LgG7ThinQPkg/Drivers/LogoDxe/LogoDxe/OUTPUT/LogoDxe.lib
LOAD /home/osboxes/edk2sdm/edk2_LG_G7_THINQ/workspace/Build/LgG7ThinQPkg/DEBUG_GCC5/AARCH64/LgG7ThinQPkg/Drivers/LogoDxe/LogoDxe/OUTPUT/LogoDxehii.lib
END GROUP
                0x0000000000000228                . = PECOFF_HEADER_SIZE

.gnu.version_d  0x0000000000000228        0x0
 .gnu.version_d
                0x0000000000000228        0x0 /home/osboxes/edk2sdm/edk2/ArmPkg/Library/GccLto/liblto-aarch64.a

.gnu.version    0x0000000000000228        0x0
 .gnu.version   0x0000000000000228        0x0 /home/osboxes/edk2sdm/edk2/ArmPkg/Library/GccLto/liblto-aarch64.a

.gnu.version_r  0x0000000000000228        0x0
 .gnu.version_r
                0x0000000000000228        0x0 /home/osboxes/edk2sdm/edk2/ArmPkg/Library/GccLto/liblto-aarch64.a

.text           0x0000000000001000     0x2390
 *(.text .text.* .stub .gnu.linkonce.t.*)
 .text.DebugAssertEnabled
                0x0000000000001000        0x8 /tmp/LogoDxe.dll.zvY8fM.ltrans0.ltrans.o
 .text.DebugPrintLevelEnabled.constprop.0
                0x0000000000001008        0x8 /tmp/LogoDxe.dll.zvY8fM.ltrans0.ltrans.o
 .text.BasePrintLibFillBuffer
                0x0000000000001010       0x34 /tmp/LogoDxe.dll.zvY8fM.ltrans0.ltrans.o
 .text.AsciiStrnLenS
                0x0000000000001044       0x3c /tmp/LogoDxe.dll.zvY8fM.ltrans0.ltrans.o
 .text.DebugPrintEnabled
                0x0000000000001080        0x8 /tmp/LogoDxe.dll.zvY8fM.ltrans0.ltrans.o
 .text.GetImage
                0x0000000000001088       0x74 /tmp/LogoDxe.dll.zvY8fM.ltrans0.ltrans.o
 .text.BaseDebugLibSerialPortConstructor
                0x00000000000010fc       0x84 /tmp/LogoDxe.dll.zvY8fM.ltrans0.ltrans.o
 .text.FbConFlush
                0x0000000000001180       0x54 /tmp/LogoDxe.dll.zvY8fM.ltrans0.ltrans.o
 .text.SerialPortWrite
                0x00000000000011d4      0x400 /tmp/LogoDxe.dll.zvY8fM.ltrans0.ltrans.o
 .text.DebugAssert
                0x00000000000015d4       0x7c /tmp/LogoDxe.dll.zvY8fM.ltrans0.ltrans.o
 .text.CompareGuid.constprop.0
                0x0000000000001650       0x44 /tmp/LogoDxe.dll.zvY8fM.ltrans0.ltrans.o
 .text.ReadUnaligned16
                0x0000000000001694       0x5c /tmp/LogoDxe.dll.zvY8fM.ltrans0.ltrans.o
 .text.BasePrintLibSPrintMarker.constprop.0
                0x00000000000016f0      0xc1c /tmp/LogoDxe.dll.zvY8fM.ltrans0.ltrans.o
 .text.BasePrintLibSPrint.constprop.0
                0x000000000000230c       0x98 /tmp/LogoDxe.dll.zvY8fM.ltrans0.ltrans.o
 .text.AsciiSPrint.constprop.0
                0x00000000000023a4       0xa4 /tmp/LogoDxe.dll.zvY8fM.ltrans0.ltrans.o
 .text.AsciiStrLen
                0x0000000000002448       0x74 /tmp/LogoDxe.dll.zvY8fM.ltrans0.ltrans.o
 .text.DebugPrint.constprop.0
                0x00000000000024bc       0xb4 /tmp/LogoDxe.dll.zvY8fM.ltrans0.ltrans.o
 .text.__stack_chk_fail
                0x0000000000002570       0x34 /tmp/LogoDxe.dll.zvY8fM.ltrans0.ltrans.o
                0x0000000000002570                __stack_chk_fail
 .text._ModuleEntryPoint
                0x00000000000025a4      0x394 /tmp/LogoDxe.dll.zvY8fM.ltrans0.ltrans.o
                0x00000000000025a4                _ModuleEntryPoint
 .text.memcpy   0x0000000000002938       0x20 /tmp/LogoDxe.dll.zvY8fM.ltrans0.ltrans.o
                0x0000000000002938                memcpy
 *fill*         0x0000000000002958        0x8 
 .text          0x0000000000002960       0x20 /home/osboxes/edk2sdm/edk2_LG_G7_THINQ/workspace/Build/LgG7ThinQPkg/DEBUG_GCC5/AARCH64/MdePkg/Library/BaseMemoryLibOptDxe/BaseMemoryLibOptDxe/OUTPUT/BaseMemoryLibOptDxe.lib(CompareGuid.obj)
                0x0000000000002960                InternalMemCompareGuid
 .text.ArmCacheInfo
                0x0000000000002980        0x8 /home/osboxes/edk2sdm/edk2_LG_G7_THINQ/workspace/Build/LgG7ThinQPkg/DEBUG_GCC5/AARCH64/ArmPkg/Library/ArmLib/ArmBaseLib/OUTPUT/ArmBaseLib.lib(ArmLibSupport.obj)
                0x0000000000002980                ArmCacheInfo
 .text.ArmGetInterruptState
                0x0000000000002988       0x10 /home/osboxes/edk2sdm/edk2_LG_G7_THINQ/workspace/Build/LgG7ThinQPkg/DEBUG_GCC5/AARCH64/ArmPkg/Library/ArmLib/ArmBaseLib/OUTPUT/ArmBaseLib.lib(ArmLibSupport.obj)
                0x0000000000002988                ArmGetInterruptState
 .text.ArmEnableInterrupts
                0x0000000000002998        0xc /home/osboxes/edk2sdm/edk2_LG_G7_THINQ/workspace/Build/LgG7ThinQPkg/DEBUG_GCC5/AARCH64/ArmPkg/Library/ArmLib/ArmBaseLib/OUTPUT/ArmBaseLib.lib(ArmLibSupportV8.obj)
                0x0000000000002998                ArmEnableInterrupts
 .text.ArmDisableInterrupts
                0x00000000000029a4        0xc /home/osboxes/edk2sdm/edk2_LG_G7_THINQ/workspace/Build/LgG7ThinQPkg/DEBUG_GCC5/AARCH64/ArmPkg/Library/ArmLib/ArmBaseLib/OUTPUT/ArmBaseLib.lib(ArmLibSupportV8.obj)
                0x00000000000029a4                ArmDisableInterrupts
 .text.ArmCleanInvalidateDataCacheEntryByMVA
                0x00000000000029b0        0x8 /home/osboxes/edk2sdm/edk2_LG_G7_THINQ/workspace/Build/LgG7ThinQPkg/DEBUG_GCC5/AARCH64/ArmPkg/Library/ArmLib/ArmBaseLib/OUTPUT/ArmBaseLib.lib(AArch64Support.obj)
                0x00000000000029b0                ArmCleanInvalidateDataCacheEntryByMVA
 .text.ArmDataSynchronizationBarrier
                0x00000000000029b8        0x8 /home/osboxes/edk2sdm/edk2_LG_G7_THINQ/workspace/Build/LgG7ThinQPkg/DEBUG_GCC5/AARCH64/ArmPkg/Library/ArmLib/ArmBaseLib/OUTPUT/ArmBaseLib.lib(AArch64Support.obj)
                0x00000000000029b8                ArmDataSynchronizationBarrier
 *(.rodata .rodata.* .gnu.linkonce.r.*)
 .rodata.DebugAssert.str1.1
                0x00000000000029c0       0x20 /tmp/LogoDxe.dll.zvY8fM.ltrans0.ltrans.o
 .rodata.CompareGuid.constprop.0.str1.1
                0x00000000000029e0       0x65 /tmp/LogoDxe.dll.zvY8fM.ltrans0.ltrans.o
 .rodata.ReadUnaligned16.str1.1
                0x0000000000002a45       0x59 /tmp/LogoDxe.dll.zvY8fM.ltrans0.ltrans.o
 .rodata.BasePrintLibSPrintMarker.constprop.0.str1.1
                0x0000000000002a9e      0x17a /tmp/LogoDxe.dll.zvY8fM.ltrans0.ltrans.o
 .rodata.BasePrintLibSPrintMarker.constprop.0
                0x0000000000002c18       0x5e /tmp/LogoDxe.dll.zvY8fM.ltrans0.ltrans.o
 .rodata.AsciiStrLen.str1.1
                0x0000000000002c76       0x73 /tmp/LogoDxe.dll.zvY8fM.ltrans0.ltrans.o
 .rodata.__stack_chk_fail.str1.1
                0x0000000000002ce9       0x2e /tmp/LogoDxe.dll.zvY8fM.ltrans0.ltrans.o
 .rodata._ModuleEntryPoint.str1.1
                0x0000000000002d17      0x2e7 /tmp/LogoDxe.dll.zvY8fM.ltrans0.ltrans.o
 .rodata.str1.1
                0x0000000000002ffe      0x224 /tmp/LogoDxe.dll.zvY8fM.ltrans0.ltrans.o
                                        0x235 (size before relaxing)
 .rodata.mHexStr
                0x0000000000003222       0x10 /tmp/LogoDxe.dll.zvY8fM.ltrans0.ltrans.o
 *fill*         0x0000000000003232        0x6 
 .rodata.mStatusString
                0x0000000000003238      0x138 /tmp/LogoDxe.dll.zvY8fM.ltrans0.ltrans.o
 *(.got .got.*)
 .got           0x0000000000003370        0x8 /home/osboxes/edk2sdm/edk2/ArmPkg/Library/GccLto/liblto-aarch64.a
                0x0000000000003370                _GLOBAL_OFFSET_TABLE_
 .got.plt       0x0000000000003378       0x18 /home/osboxes/edk2sdm/edk2/ArmPkg/Library/GccLto/liblto-aarch64.a
 *:AutoGen.obj(.data.g*Guid)

.plt            0x0000000000003390        0x0
 .plt           0x0000000000003390        0x0 /home/osboxes/edk2sdm/edk2/ArmPkg/Library/GccLto/liblto-aarch64.a

.data           0x0000000000004000      0x3d0
 *(.data .data.* .gnu.linkonce.d.*)
 .data.rel.ro   0x0000000000004000        0x0 /home/osboxes/edk2sdm/edk2/ArmPkg/Library/GccLto/liblto-aarch64.a
 .data.__stack_chk_guard
                0x0000000000004000        0x8 /tmp/LogoDxe.dll.zvY8fM.ltrans0.ltrans.o
                0x0000000000004000                __stack_chk_guard
 .data.font5x12
                0x0000000000004008      0x300 /tmp/LogoDxe.dll.zvY8fM.ltrans0.ltrans.o
 .data.gEdkiiPlatformLogoProtocolGuid
                0x0000000000004308       0x10 /tmp/LogoDxe.dll.zvY8fM.ltrans0.ltrans.o
 .data.gEfiHiiDatabaseProtocolGuid
                0x0000000000004318       0x10 /tmp/LogoDxe.dll.zvY8fM.ltrans0.ltrans.o
 .data.gEfiHiiImageExProtocolGuid
                0x0000000000004328       0x10 /tmp/LogoDxe.dll.zvY8fM.ltrans0.ltrans.o
 .data.gEfiHiiPackageListProtocolGuid
                0x0000000000004338       0x10 /tmp/LogoDxe.dll.zvY8fM.ltrans0.ltrans.o
 .data.gEfiHobListGuid
                0x0000000000004348       0x10 /tmp/LogoDxe.dll.zvY8fM.ltrans0.ltrans.o
 .data.mPlatformLogo
                0x0000000000004358        0x8 /tmp/LogoDxe.dll.zvY8fM.ltrans0.ltrans.o
 *(.bss .bss.*)
 .bss.gBS       0x0000000000004360        0x8 /tmp/LogoDxe.dll.zvY8fM.ltrans0.ltrans.o
 .bss.gImageHandle
                0x0000000000004368        0x8 /tmp/LogoDxe.dll.zvY8fM.ltrans0.ltrans.o
 .bss.gRT       0x0000000000004370        0x8 /tmp/LogoDxe.dll.zvY8fM.ltrans0.ltrans.o
 .bss.gST       0x0000000000004378        0x8 /tmp/LogoDxe.dll.zvY8fM.ltrans0.ltrans.o
 .bss.mHiiHandle
                0x0000000000004380        0x8 /tmp/LogoDxe.dll.zvY8fM.ltrans0.ltrans.o
 .bss.mHiiImageEx
                0x0000000000004388        0x8 /tmp/LogoDxe.dll.zvY8fM.ltrans0.ltrans.o
 .bss.mHobList  0x0000000000004390        0x8 /tmp/LogoDxe.dll.zvY8fM.ltrans0.ltrans.o
 .bss.m_Color   0x0000000000004398       0x10 /tmp/LogoDxe.dll.zvY8fM.ltrans0.ltrans.o
 .bss.m_Initialized
                0x00000000000043a8        0x1 /tmp/LogoDxe.dll.zvY8fM.ltrans0.ltrans.o
 *fill*         0x00000000000043a9        0x7 
 .bss.m_MaxPosition
                0x00000000000043b0       0x10 /tmp/LogoDxe.dll.zvY8fM.ltrans0.ltrans.o
 .bss.m_Position
                0x00000000000043c0       0x10 /tmp/LogoDxe.dll.zvY8fM.ltrans0.ltrans.o

.eh_frame
 *(.eh_frame)

.rela           0x00000000000043d0      0x3c0
 *(.rela .rela.*)
 .rela.got      0x00000000000043d0        0x0 /home/osboxes/edk2sdm/edk2/ArmPkg/Library/GccLto/liblto-aarch64.a
 .rela.plt      0x00000000000043d0        0x0 /home/osboxes/edk2sdm/edk2/ArmPkg/Library/GccLto/liblto-aarch64.a
 .rela.bss      0x00000000000043d0        0x0 /home/osboxes/edk2sdm/edk2/ArmPkg/Library/GccLto/liblto-aarch64.a
 .rela.data.rel.ro
                0x00000000000043d0        0x0 /home/osboxes/edk2sdm/edk2/ArmPkg/Library/GccLto/liblto-aarch64.a
 .rela.ifunc    0x00000000000043d0        0x0 /home/osboxes/edk2sdm/edk2/ArmPkg/Library/GccLto/liblto-aarch64.a
 .rela.data.mPlatformLogo
                0x00000000000043d0       0x18 /home/osboxes/edk2sdm/edk2/ArmPkg/Library/GccLto/liblto-aarch64.a
 .rela.rodata.mStatusString
                0x00000000000043e8      0x3a8 /home/osboxes/edk2sdm/edk2/ArmPkg/Library/GccLto/liblto-aarch64.a

.hii            0x0000000000005000    0x1c3c3
 *(.hii)
 .hii           0x0000000000005000    0x1c3c3 /home/osboxes/edk2sdm/edk2_LG_G7_THINQ/workspace/Build/LgG7ThinQPkg/DEBUG_GCC5/AARCH64/LgG7ThinQPkg/Drivers/LogoDxe/LogoDxe/OUTPUT/LogoDxehii.lib
                0x0000000000005000                _binary__home_osboxes_edk2sdm_edk2_LG_G7_THINQ_workspace_Build_LgG7ThinQPkg_DEBUG_GCC5_AARCH64_LgG7ThinQPkg_Drivers_LogoDxe_LogoDxe_OUTPUT_LogoDxehii_rc_start
                0x00000000000213c3                _binary__home_osboxes_edk2sdm_edk2_LG_G7_THINQ_workspace_Build_LgG7ThinQPkg_DEBUG_GCC5_AARCH64_LgG7ThinQPkg_Drivers_LogoDxe_LogoDxe_OUTPUT_LogoDxehii_rc_end

.dynbss         0x00000000000213c3        0x0
 .dynbss        0x00000000000213c3        0x0 /home/osboxes/edk2sdm/edk2/ArmPkg/Library/GccLto/liblto-aarch64.a

.build-id       0x00000000000213c4       0x24
 *(.note.gnu.build-id)
 .note.gnu.build-id
                0x00000000000213c4       0x24 /home/osboxes/edk2sdm/edk2/ArmPkg/Library/GccLto/liblto-aarch64.a

/DISCARD/
 *(.note.GNU-stack)
 *(.gnu_debuglink)
 *(.interp)
 *(.dynsym)
 *(.dynstr)
 *(.dynamic)
 *(.hash .gnu.hash)
 *(.comment)
 *(COMMON)
                0x0000000000000228                PECOFF_HEADER_SIZE = 0x228
OUTPUT(/home/osboxes/edk2sdm/edk2_LG_G7_THINQ/workspace/Build/LgG7ThinQPkg/DEBUG_GCC5/AARCH64/LgG7ThinQPkg/Drivers/LogoDxe/LogoDxe/DEBUG/LogoDxe.dll elf64-littleaarch64)

.debug_info     0x0000000000000000    0x1521e
 .debug_info    0x0000000000000000     0x1cb7 /tmp/LogoDxe.dll.zvY8fM.ltrans0.ltrans.o
 .debug_info    0x0000000000001cb7      0x289 /tmp/cclJLXjM.debug.temp.o
                0x0000000000001cb7                memcpy.c.ac51164e
 .debug_info    0x0000000000001f40      0x23a /tmp/ccVPpk9K.debug.temp.o
                0x0000000000001f40                memset.c.8ec109bf
 .debug_info    0x000000000000217a     0x1b08 /tmp/cc6I84qK.debug.temp.o
                0x000000000000217a                DriverEntryPoint.c.3644824c
 .debug_info    0x0000000000003c82      0x239 /tmp/ccSavLTI.debug.temp.o
                0x0000000000003c82                BaseStackCheckGcc.c.4aa6e768
 .debug_info    0x0000000000003ebb     0x1e61 /tmp/ccVYB5cJ.debug.temp.o
                0x0000000000003ebb                AutoGen.c.d6b42894
 .debug_info    0x0000000000005d1c     0x2669 /tmp/cc5StnEJ.debug.temp.o
                0x0000000000005d1c                Logo.c.068edede
 .debug_info    0x0000000000008385      0x271 /tmp/cc2EvNxM.debug.temp.o
                0x0000000000008385                CpuDeadLoop.c.3ad87459
 .debug_info    0x00000000000085f6      0x497 /tmp/cc6ksxII.debug.temp.o
                0x00000000000085f6                DebugLib.c.591ccce6
 .debug_info    0x0000000000008a8d     0x1963 /tmp/ccr4rnAK.debug.temp.o
                0x0000000000008a8d                UefiRuntimeServicesTableLib.c.88072e97
 .debug_info    0x000000000000a3f0     0x1992 /tmp/ccVPN6WK.debug.temp.o
                0x000000000000a3f0                UefiBootServicesTableLib.c.92588772
 .debug_info    0x000000000000bd82     0x2896 /tmp/ccSsax5L.debug.temp.o
                0x000000000000bd82                UefiLib.c.da6b9c27
 .debug_info    0x000000000000e618     0x23af /tmp/cc06oA0K.debug.temp.o
                0x000000000000e618                HobLib.c.b8181337
 .debug_info    0x00000000000109c7      0x2cf /tmp/ccdfnjsM.debug.temp.o
                0x00000000000109c7                MemLibGuid.c.d7eaf245
 .debug_info    0x0000000000010c96      0xafd /tmp/ccTP1JJK.debug.temp.o
                0x0000000000010c96                String.c.eb1c6b13
 .debug_info    0x0000000000011793      0x3de /tmp/ccHNaHlM.debug.temp.o
                0x0000000000011793                Unaligned.c.38eb62ad
 .debug_info    0x0000000000011b71      0xe6f /tmp/ccto3dwK.debug.temp.o
                0x0000000000011b71                SafeString.c.d1dc06bd
 .debug_info    0x00000000000129e0      0x4dd /tmp/ccLD4WrI.debug.temp.o
                0x00000000000129e0                Math64.c.af0a6910
 .debug_info    0x0000000000012ebd      0x23f /tmp/cc5BZCBJ.debug.temp.o
                0x0000000000012ebd                BaseDebugPrintErrorLevelLib.c.2b56c7ea
 .debug_info    0x00000000000130fc      0x7cd /tmp/ccejdm8L.debug.temp.o
                0x00000000000130fc                PrintLib.c.15de9dce
 .debug_info    0x00000000000138c9      0x824 /tmp/ccSusTpI.debug.temp.o
                0x00000000000138c9                PrintLibInternal.c.b784bb0b
 .debug_info    0x00000000000140ed      0x89c /tmp/ccWVGLyK.debug.temp.o
                0x00000000000140ed                FrameBufferSerialPortLib.c.96e2c406
 .debug_info    0x0000000000014989      0x286 /tmp/cccXkrfM.debug.temp.o
                0x0000000000014989                DivU64x32Remainder.c.beb2337e
 .debug_info    0x0000000000014c0f      0x345 /tmp/ccLCbuGJ.debug.temp.o
                0x0000000000014c0f                ArmCacheMaintenanceLib.c.a5bfab8a
 .debug_info    0x0000000000014f54      0x2ca /tmp/ccD60ZwI.debug.temp.o
                0x0000000000014f54                ArmLib.c.9f426467

.debug_abbrev   0x0000000000000000     0x23c0
 .debug_abbrev  0x0000000000000000      0x289 /tmp/LogoDxe.dll.zvY8fM.ltrans0.ltrans.o
 .debug_abbrev  0x0000000000000289       0xfd /tmp/cclJLXjM.debug.temp.o
 .debug_abbrev  0x0000000000000386       0xcf /tmp/ccVPpk9K.debug.temp.o
 .debug_abbrev  0x0000000000000455      0x1e9 /tmp/cc6I84qK.debug.temp.o
 .debug_abbrev  0x000000000000063e       0xd6 /tmp/ccSavLTI.debug.temp.o
 .debug_abbrev  0x0000000000000714      0x236 /tmp/ccVYB5cJ.debug.temp.o
 .debug_abbrev  0x000000000000094a      0x22f /tmp/cc5StnEJ.debug.temp.o
 .debug_abbrev  0x0000000000000b79       0xc5 /tmp/cc2EvNxM.debug.temp.o
 .debug_abbrev  0x0000000000000c3e      0x165 /tmp/cc6ksxII.debug.temp.o
 .debug_abbrev  0x0000000000000da3      0x1c3 /tmp/ccr4rnAK.debug.temp.o
 .debug_abbrev  0x0000000000000f66      0x1dd /tmp/ccVPN6WK.debug.temp.o
 .debug_abbrev  0x0000000000001143      0x267 /tmp/ccSsax5L.debug.temp.o
 .debug_abbrev  0x00000000000013aa      0x25a /tmp/cc06oA0K.debug.temp.o
 .debug_abbrev  0x0000000000001604       0xdd /tmp/ccdfnjsM.debug.temp.o
 .debug_abbrev  0x00000000000016e1      0x135 /tmp/ccTP1JJK.debug.temp.o
 .debug_abbrev  0x0000000000001816       0xd8 /tmp/ccHNaHlM.debug.temp.o
 .debug_abbrev  0x00000000000018ee      0x12d /tmp/ccto3dwK.debug.temp.o
 .debug_abbrev  0x0000000000001a1b      0x108 /tmp/ccLD4WrI.debug.temp.o
 .debug_abbrev  0x0000000000001b23       0xd5 /tmp/cc5BZCBJ.debug.temp.o
 .debug_abbrev  0x0000000000001bf8      0x150 /tmp/ccejdm8L.debug.temp.o
 .debug_abbrev  0x0000000000001d48      0x181 /tmp/ccSusTpI.debug.temp.o
 .debug_abbrev  0x0000000000001ec9      0x224 /tmp/ccWVGLyK.debug.temp.o
 .debug_abbrev  0x00000000000020ed       0xc2 /tmp/cccXkrfM.debug.temp.o
 .debug_abbrev  0x00000000000021af      0x101 /tmp/ccLCbuGJ.debug.temp.o
 .debug_abbrev  0x00000000000022b0      0x110 /tmp/ccD60ZwI.debug.temp.o

.debug_loc      0x0000000000000000     0x46d3
 .debug_loc     0x0000000000000000     0x46d3 /tmp/LogoDxe.dll.zvY8fM.ltrans0.ltrans.o

.debug_aranges  0x0000000000000000      0x190
 .debug_aranges
                0x0000000000000000      0x190 /tmp/LogoDxe.dll.zvY8fM.ltrans0.ltrans.o

.debug_ranges   0x0000000000000000      0x790
 .debug_ranges  0x0000000000000000      0x790 /tmp/LogoDxe.dll.zvY8fM.ltrans0.ltrans.o

.debug_line     0x0000000000000000     0x4a7e
 .debug_line    0x0000000000000000     0x16ef /tmp/LogoDxe.dll.zvY8fM.ltrans0.ltrans.o
 .debug_line    0x00000000000016ef      0x188 /tmp/cclJLXjM.debug.temp.o
 .debug_line    0x0000000000001877      0x188 /tmp/ccVPpk9K.debug.temp.o
 .debug_line    0x00000000000019ff      0x352 /tmp/cc6I84qK.debug.temp.o
 .debug_line    0x0000000000001d51      0x187 /tmp/ccSavLTI.debug.temp.o
 .debug_line    0x0000000000001ed8      0x2f7 /tmp/ccVYB5cJ.debug.temp.o
 .debug_line    0x00000000000021cf      0x3d0 /tmp/cc5StnEJ.debug.temp.o
 .debug_line    0x000000000000259f      0x163 /tmp/cc2EvNxM.debug.temp.o
 .debug_line    0x0000000000002702      0x21d /tmp/cc6ksxII.debug.temp.o
 .debug_line    0x000000000000291f      0x2f7 /tmp/ccr4rnAK.debug.temp.o
 .debug_line    0x0000000000002c16      0x33b /tmp/ccVPN6WK.debug.temp.o
 .debug_line    0x0000000000002f51      0x378 /tmp/ccSsax5L.debug.temp.o
 .debug_line    0x00000000000032c9      0x3cc /tmp/cc06oA0K.debug.temp.o
 .debug_line    0x0000000000003695      0x18a /tmp/ccdfnjsM.debug.temp.o
 .debug_line    0x000000000000381f      0x15e /tmp/ccTP1JJK.debug.temp.o
 .debug_line    0x000000000000397d      0x165 /tmp/ccHNaHlM.debug.temp.o
 .debug_line    0x0000000000003ae2      0x162 /tmp/ccto3dwK.debug.temp.o
 .debug_line    0x0000000000003c44      0x15e /tmp/ccLD4WrI.debug.temp.o
 .debug_line    0x0000000000003da2      0x1af /tmp/cc5BZCBJ.debug.temp.o
 .debug_line    0x0000000000003f51      0x17d /tmp/ccejdm8L.debug.temp.o
 .debug_line    0x00000000000040ce      0x19b /tmp/ccSusTpI.debug.temp.o
 .debug_line    0x0000000000004269      0x373 /tmp/ccWVGLyK.debug.temp.o
 .debug_line    0x00000000000045dc      0x16a /tmp/cccXkrfM.debug.temp.o
 .debug_line    0x0000000000004746      0x1d9 /tmp/ccLCbuGJ.debug.temp.o
 .debug_line    0x000000000000491f      0x15f /tmp/ccD60ZwI.debug.temp.o

.debug_str      0x0000000000000000     0x59c5
 .debug_str     0x0000000000000000      0x2d5 /tmp/LogoDxe.dll.zvY8fM.ltrans0.ltrans.o
                                        0x2ee (size before relaxing)
 .debug_str     0x00000000000002d5      0x435 /tmp/cclJLXjM.debug.temp.o
                                        0x4a4 (size before relaxing)
 .debug_str     0x000000000000070a       0x52 /tmp/ccVPpk9K.debug.temp.o
                                        0x498 (size before relaxing)
 .debug_str     0x000000000000075c     0x14c0 /tmp/cc6I84qK.debug.temp.o
                                       0x17e6 (size before relaxing)
 .debug_str     0x0000000000001c1c      0x12d /tmp/ccSavLTI.debug.temp.o
                                        0x505 (size before relaxing)
 .debug_str     0x0000000000001d49      0x7e2 /tmp/ccVYB5cJ.debug.temp.o
                                       0x1eb2 (size before relaxing)
 .debug_str     0x000000000000252b      0xa05 /tmp/cc5StnEJ.debug.temp.o
                                       0x2448 (size before relaxing)
 .debug_str     0x0000000000002f30       0xc2 /tmp/cc2EvNxM.debug.temp.o
                                        0x58a (size before relaxing)
 .debug_str     0x0000000000002ff2      0x263 /tmp/cc6ksxII.debug.temp.o
                                        0x6f9 (size before relaxing)
 .debug_str     0x0000000000003255      0x129 /tmp/ccr4rnAK.debug.temp.o
                                       0x16c5 (size before relaxing)
 .debug_str     0x000000000000337e      0x11a /tmp/ccVPN6WK.debug.temp.o
                                       0x16c3 (size before relaxing)
 .debug_str     0x0000000000003498      0x778 /tmp/ccSsax5L.debug.temp.o
                                       0x21f9 (size before relaxing)
 .debug_str     0x0000000000003c10      0x5ff /tmp/cc06oA0K.debug.temp.o
                                       0x1d69 (size before relaxing)
 .debug_str     0x000000000000420f      0x129 /tmp/ccdfnjsM.debug.temp.o
                                        0x503 (size before relaxing)
 .debug_str     0x0000000000004338      0x32d /tmp/ccTP1JJK.debug.temp.o
                                        0x96b (size before relaxing)
 .debug_str     0x0000000000004665       0xf2 /tmp/ccHNaHlM.debug.temp.o
                                        0x631 (size before relaxing)
 .debug_str     0x0000000000004757      0x2da /tmp/ccto3dwK.debug.temp.o
                                        0x949 (size before relaxing)
 .debug_str     0x0000000000004a31      0x19e /tmp/ccLD4WrI.debug.temp.o
                                        0x708 (size before relaxing)
 .debug_str     0x0000000000004bcf      0x132 /tmp/cc5BZCBJ.debug.temp.o
                                        0x536 (size before relaxing)
 .debug_str     0x0000000000004d01      0x25c /tmp/ccejdm8L.debug.temp.o
                                        0x720 (size before relaxing)
 .debug_str     0x0000000000004f5d      0x216 /tmp/ccSusTpI.debug.temp.o
                                        0x854 (size before relaxing)
 .debug_str     0x0000000000005173      0x4ba /tmp/ccWVGLyK.debug.temp.o
                                        0xbe8 (size before relaxing)
 .debug_str     0x000000000000562d       0x5a /tmp/cccXkrfM.debug.temp.o
                                        0x5a7 (size before relaxing)
 .debug_str     0x0000000000005687      0x1f8 /tmp/ccLCbuGJ.debug.temp.o
                                        0x600 (size before relaxing)
 .debug_str     0x000000000000587f      0x146 /tmp/ccD60ZwI.debug.temp.o
                                        0x51c (size before relaxing)

.debug_frame    0x0000000000000000      0x3e0
 .debug_frame   0x0000000000000000      0x3e0 /tmp/LogoDxe.dll.zvY8fM.ltrans0.ltrans.o
