Archive member included to satisfy reference by file (symbol)

/home/osboxes/edk2sdm/edk2_LG_G7_THINQ/workspace/Build/LgG7ThinQPkg/DEBUG_GCC5/AARCH64/ArmPkg/Library/CompilerIntrinsicsLib/CompilerIntrinsicsLib/OUTPUT/CompilerIntrinsicsLib.lib(memcpy.obj)
                              /home/osboxes/edk2sdm/edk2/ArmPkg/Library/GccLto/liblto-aarch64.a (memcpy)
/home/osboxes/edk2sdm/edk2_LG_G7_THINQ/workspace/Build/LgG7ThinQPkg/DEBUG_GCC5/AARCH64/ArmPkg/Library/CompilerIntrinsicsLib/CompilerIntrinsicsLib/OUTPUT/CompilerIntrinsicsLib.lib(memset.obj)
                              /home/osboxes/edk2sdm/edk2/ArmPkg/Library/GccLto/liblto-aarch64.a (memset)
/home/osboxes/edk2sdm/edk2_LG_G7_THINQ/workspace/Build/LgG7ThinQPkg/DEBUG_GCC5/AARCH64/MdePkg/Library/UefiDriverEntryPoint/UefiDriverEntryPoint/OUTPUT/UefiDriverEntryPoint.lib(DriverEntryPoint.obj)
                              (_ModuleEntryPoint)
/home/osboxes/edk2sdm/edk2_LG_G7_THINQ/workspace/Build/LgG7ThinQPkg/DEBUG_GCC5/AARCH64/MdePkg/Library/BaseStackCheckLib/BaseStackCheckLib/OUTPUT/BaseStackCheckLib.lib(BaseStackCheckGcc.obj)
                              /home/osboxes/edk2sdm/edk2/ArmPkg/Library/GccLto/liblto-aarch64.a (__stack_chk_fail)
/home/osboxes/edk2sdm/edk2_LG_G7_THINQ/workspace/Build/LgG7ThinQPkg/DEBUG_GCC5/AARCH64/MdeModulePkg/Universal/PCD/Dxe/Pcd/OUTPUT/PcdDxe.lib(AutoGen.obj)
                              DriverEntryPoint.obj (symbol from plugin) (ProcessLibraryConstructorList)
/home/osboxes/edk2sdm/edk2_LG_G7_THINQ/workspace/Build/LgG7ThinQPkg/DEBUG_GCC5/AARCH64/MdeModulePkg/Universal/PCD/Dxe/Pcd/OUTPUT/PcdDxe.lib(Pcd.obj)
                              AutoGen.obj (symbol from plugin) (PcdDxeInit)
/home/osboxes/edk2sdm/edk2_LG_G7_THINQ/workspace/Build/LgG7ThinQPkg/DEBUG_GCC5/AARCH64/MdeModulePkg/Universal/PCD/Dxe/Pcd/OUTPUT/PcdDxe.lib(Service.obj)
                              Pcd.obj (symbol from plugin) (mPcdDatabase)
/home/osboxes/edk2sdm/edk2_LG_G7_THINQ/workspace/Build/LgG7ThinQPkg/DEBUG_GCC5/AARCH64/MdePkg/Library/BaseLib/BaseLib/OUTPUT/BaseLib.lib(CpuDeadLoop.obj)
                              BaseStackCheckGcc.obj (symbol from plugin) (CpuDeadLoop)
/home/osboxes/edk2sdm/edk2_LG_G7_THINQ/workspace/Build/LgG7ThinQPkg/DEBUG_GCC5/AARCH64/MdePkg/Library/BaseLib/BaseLib/OUTPUT/BaseLib.lib(LinkedList.obj)
                              Service.obj (symbol from plugin) (InitializeListHead)
/home/osboxes/edk2sdm/edk2_LG_G7_THINQ/workspace/Build/LgG7ThinQPkg/DEBUG_GCC5/AARCH64/MdePkg/Library/BaseLib/BaseLib/OUTPUT/BaseLib.lib(SafeString.obj)
                              Service.obj (symbol from plugin) (AsciiStrCatS)
/home/osboxes/edk2sdm/edk2_LG_G7_THINQ/workspace/Build/LgG7ThinQPkg/DEBUG_GCC5/AARCH64/MdePkg/Library/BaseLib/BaseLib/OUTPUT/BaseLib.lib(String.obj)
                              Service.obj (symbol from plugin) (StrCmp)
/home/osboxes/edk2sdm/edk2_LG_G7_THINQ/workspace/Build/LgG7ThinQPkg/DEBUG_GCC5/AARCH64/MdePkg/Library/BaseLib/BaseLib/OUTPUT/BaseLib.lib(Unaligned.obj)
                              Pcd.obj (symbol from plugin) (ReadUnaligned16)
/home/osboxes/edk2sdm/edk2_LG_G7_THINQ/workspace/Build/LgG7ThinQPkg/DEBUG_GCC5/AARCH64/MdePkg/Library/BaseLib/BaseLib/OUTPUT/BaseLib.lib(CpuBreakpoint.obj)
                              BaseStackCheckGcc.obj (symbol from plugin) (CpuBreakpoint)
/home/osboxes/edk2sdm/edk2_LG_G7_THINQ/workspace/Build/LgG7ThinQPkg/DEBUG_GCC5/AARCH64/MdePkg/Library/BaseLib/BaseLib/OUTPUT/BaseLib.lib(SwapBytes32.obj)
                              SafeString.obj (symbol from plugin) (SwapBytes32)
/home/osboxes/edk2sdm/edk2_LG_G7_THINQ/workspace/Build/LgG7ThinQPkg/DEBUG_GCC5/AARCH64/MdePkg/Library/BaseLib/BaseLib/OUTPUT/BaseLib.lib(SwapBytes16.obj)
                              SafeString.obj (symbol from plugin) (SwapBytes16)
/home/osboxes/edk2sdm/edk2_LG_G7_THINQ/workspace/Build/LgG7ThinQPkg/DEBUG_GCC5/AARCH64/MdePkg/Library/BaseLib/BaseLib/OUTPUT/BaseLib.lib(RShiftU64.obj)
                              SafeString.obj (symbol from plugin) (RShiftU64)
/home/osboxes/edk2sdm/edk2_LG_G7_THINQ/workspace/Build/LgG7ThinQPkg/DEBUG_GCC5/AARCH64/MdePkg/Library/BaseLib/BaseLib/OUTPUT/BaseLib.lib(MultU64x32.obj)
                              SafeString.obj (symbol from plugin) (MultU64x32)
/home/osboxes/edk2sdm/edk2_LG_G7_THINQ/workspace/Build/LgG7ThinQPkg/DEBUG_GCC5/AARCH64/MdePkg/Library/BaseLib/BaseLib/OUTPUT/BaseLib.lib(LShiftU64.obj)
                              SafeString.obj (symbol from plugin) (LShiftU64)
/home/osboxes/edk2sdm/edk2_LG_G7_THINQ/workspace/Build/LgG7ThinQPkg/DEBUG_GCC5/AARCH64/MdePkg/Library/BaseLib/BaseLib/OUTPUT/BaseLib.lib(DivU64x32.obj)
                              SafeString.obj (symbol from plugin) (DivU64x32)
/home/osboxes/edk2sdm/edk2_LG_G7_THINQ/workspace/Build/LgG7ThinQPkg/DEBUG_GCC5/AARCH64/MdePkg/Library/BaseLib/BaseLib/OUTPUT/BaseLib.lib(Math64.obj)
                              LShiftU64.obj (symbol from plugin) (InternalMathLShiftU64)
/home/osboxes/edk2sdm/edk2_LG_G7_THINQ/workspace/Build/LgG7ThinQPkg/DEBUG_GCC5/AARCH64/MdePkg/Library/BaseMemoryLibOptDxe/BaseMemoryLibOptDxe/OUTPUT/BaseMemoryLibOptDxe.lib(MemLibGuid.obj)
                              SafeString.obj (symbol from plugin) (CopyGuid)
/home/osboxes/edk2sdm/edk2_LG_G7_THINQ/workspace/Build/LgG7ThinQPkg/DEBUG_GCC5/AARCH64/MdePkg/Library/BaseMemoryLibOptDxe/BaseMemoryLibOptDxe/OUTPUT/BaseMemoryLibOptDxe.lib(ZeroMemWrapper.obj)
                              SafeString.obj (symbol from plugin) (ZeroMem)
/home/osboxes/edk2sdm/edk2_LG_G7_THINQ/workspace/Build/LgG7ThinQPkg/DEBUG_GCC5/AARCH64/MdePkg/Library/BaseMemoryLibOptDxe/BaseMemoryLibOptDxe/OUTPUT/BaseMemoryLibOptDxe.lib(CopyMemWrapper.obj)
                              Pcd.obj (symbol from plugin) (CopyMem)
/home/osboxes/edk2sdm/edk2_LG_G7_THINQ/workspace/Build/LgG7ThinQPkg/DEBUG_GCC5/AARCH64/MdePkg/Library/BaseMemoryLibOptDxe/BaseMemoryLibOptDxe/OUTPUT/BaseMemoryLibOptDxe.lib(SetMem.obj)
                              ZeroMemWrapper.obj (symbol from plugin) (InternalMemZeroMem)
/home/osboxes/edk2sdm/edk2_LG_G7_THINQ/workspace/Build/LgG7ThinQPkg/DEBUG_GCC5/AARCH64/MdePkg/Library/BaseMemoryLibOptDxe/BaseMemoryLibOptDxe/OUTPUT/BaseMemoryLibOptDxe.lib(CopyMem.obj)
                              MemLibGuid.obj (symbol from plugin) (InternalMemCopyMem)
/home/osboxes/edk2sdm/edk2_LG_G7_THINQ/workspace/Build/LgG7ThinQPkg/DEBUG_GCC5/AARCH64/MdePkg/Library/BaseMemoryLibOptDxe/BaseMemoryLibOptDxe/OUTPUT/BaseMemoryLibOptDxe.lib(CompareGuid.obj)
                              MemLibGuid.obj (symbol from plugin) (InternalMemCompareGuid)
/home/osboxes/edk2sdm/edk2_LG_G7_THINQ/workspace/Build/LgG7ThinQPkg/DEBUG_GCC5/AARCH64/MdePkg/Library/BaseDebugLibSerialPort/BaseDebugLibSerialPort/OUTPUT/BaseDebugLibSerialPort.lib(DebugLib.obj)
                              AutoGen.obj (symbol from plugin) (BaseDebugLibSerialPortConstructor)
/home/osboxes/edk2sdm/edk2_LG_G7_THINQ/workspace/Build/LgG7ThinQPkg/DEBUG_GCC5/AARCH64/MdePkg/Library/UefiMemoryAllocationLib/UefiMemoryAllocationLib/OUTPUT/UefiMemoryAllocationLib.lib(MemoryAllocationLib.obj)
                              Service.obj (symbol from plugin) (AllocatePool)
/home/osboxes/edk2sdm/edk2_LG_G7_THINQ/workspace/Build/LgG7ThinQPkg/DEBUG_GCC5/AARCH64/MdePkg/Library/UefiBootServicesTableLib/UefiBootServicesTableLib/OUTPUT/UefiBootServicesTableLib.lib(UefiBootServicesTableLib.obj)
                              AutoGen.obj (symbol from plugin) (UefiBootServicesTableLibConstructor)
/home/osboxes/edk2sdm/edk2_LG_G7_THINQ/workspace/Build/LgG7ThinQPkg/DEBUG_GCC5/AARCH64/MdePkg/Library/UefiRuntimeServicesTableLib/UefiRuntimeServicesTableLib/OUTPUT/UefiRuntimeServicesTableLib.lib(UefiRuntimeServicesTableLib.obj)
                              AutoGen.obj (symbol from plugin) (UefiRuntimeServicesTableLibConstructor)
/home/osboxes/edk2sdm/edk2_LG_G7_THINQ/workspace/Build/LgG7ThinQPkg/DEBUG_GCC5/AARCH64/MdePkg/Library/UefiLib/UefiLib/OUTPUT/UefiLib.lib(UefiLib.obj)
                              AutoGen.obj (symbol from plugin) (UefiLibConstructor)
/home/osboxes/edk2sdm/edk2_LG_G7_THINQ/workspace/Build/LgG7ThinQPkg/DEBUG_GCC5/AARCH64/MdePkg/Library/DxeHobLib/DxeHobLib/OUTPUT/DxeHobLib.lib(HobLib.obj)
                              AutoGen.obj (symbol from plugin) (HobLibConstructor)
/home/osboxes/edk2sdm/edk2_LG_G7_THINQ/workspace/Build/LgG7ThinQPkg/DEBUG_GCC5/AARCH64/MdePkg/Library/DxeServicesLib/DxeServicesLib/OUTPUT/DxeServicesLib.lib(DxeServicesLib.obj)
                              Service.obj (symbol from plugin) (GetSectionFromFfs)
/home/osboxes/edk2sdm/edk2_LG_G7_THINQ/workspace/Build/LgG7ThinQPkg/DEBUG_GCC5/AARCH64/MdePkg/Library/BaseMemoryLibOptDxe/BaseMemoryLibOptDxe/OUTPUT/BaseMemoryLibOptDxe.lib(SetMemWrapper.obj)
                              DebugLib.obj (symbol from plugin) (SetMem)
/home/osboxes/edk2sdm/edk2_LG_G7_THINQ/workspace/Build/LgG7ThinQPkg/DEBUG_GCC5/AARCH64/MdePkg/Library/BaseMemoryLibOptDxe/BaseMemoryLibOptDxe/OUTPUT/BaseMemoryLibOptDxe.lib(SetMem64Wrapper.obj)
                              SetMemWrapper.obj (symbol from plugin) (SetMem64)
/home/osboxes/edk2sdm/edk2_LG_G7_THINQ/workspace/Build/LgG7ThinQPkg/DEBUG_GCC5/AARCH64/MdePkg/Library/BaseDebugPrintErrorLevelLib/BaseDebugPrintErrorLevelLib/OUTPUT/BaseDebugPrintErrorLevelLib.lib(BaseDebugPrintErrorLevelLib.obj)
                              DebugLib.obj (symbol from plugin) (GetDebugPrintErrorLevel)
/home/osboxes/edk2sdm/edk2_LG_G7_THINQ/workspace/Build/LgG7ThinQPkg/DEBUG_GCC5/AARCH64/LgG7ThinQPkg/Library/FrameBufferSerialPortLib/FrameBufferSerialPortLib/OUTPUT/FrameBufferSerialPortLib.lib(FrameBufferSerialPortLib.obj)
                              DebugLib.obj (symbol from plugin) (SerialPortInitialize)
/home/osboxes/edk2sdm/edk2_LG_G7_THINQ/workspace/Build/LgG7ThinQPkg/DEBUG_GCC5/AARCH64/MdePkg/Library/BasePrintLib/BasePrintLib/OUTPUT/BasePrintLib.lib(PrintLib.obj)
                              DebugLib.obj (symbol from plugin) (AsciiVSPrint)
/home/osboxes/edk2sdm/edk2_LG_G7_THINQ/workspace/Build/LgG7ThinQPkg/DEBUG_GCC5/AARCH64/MdePkg/Library/BasePrintLib/BasePrintLib/OUTPUT/BasePrintLib.lib(PrintLibInternal.obj)
                              PrintLib.obj (symbol from plugin) (BasePrintLibConvertValueToString)
/home/osboxes/edk2sdm/edk2_LG_G7_THINQ/workspace/Build/LgG7ThinQPkg/DEBUG_GCC5/AARCH64/MdePkg/Library/UefiDevicePathLib/UefiDevicePathLib/OUTPUT/UefiDevicePathLib.lib(DevicePathUtilities.obj)
                              UefiLib.obj (symbol from plugin) (DevicePathType)
/home/osboxes/edk2sdm/edk2_LG_G7_THINQ/workspace/Build/LgG7ThinQPkg/DEBUG_GCC5/AARCH64/MdePkg/Library/UefiDevicePathLib/UefiDevicePathLib/OUTPUT/UefiDevicePathLib.lib(UefiDevicePathLib.obj)
                              DevicePathUtilities.obj (symbol from plugin) (GetDevicePathSize)
/home/osboxes/edk2sdm/edk2_LG_G7_THINQ/workspace/Build/LgG7ThinQPkg/DEBUG_GCC5/AARCH64/MdePkg/Library/UefiDevicePathLib/UefiDevicePathLib/OUTPUT/UefiDevicePathLib.lib(DevicePathToText.obj)
                              UefiDevicePathLib.obj (symbol from plugin) (UefiDevicePathLibConvertDeviceNodeToText)
/home/osboxes/edk2sdm/edk2_LG_G7_THINQ/workspace/Build/LgG7ThinQPkg/DEBUG_GCC5/AARCH64/MdePkg/Library/UefiDevicePathLib/UefiDevicePathLib/OUTPUT/UefiDevicePathLib.lib(DevicePathFromText.obj)
                              UefiDevicePathLib.obj (symbol from plugin) (UefiDevicePathLibConvertTextToDeviceNode)
/home/osboxes/edk2sdm/edk2_LG_G7_THINQ/workspace/Build/LgG7ThinQPkg/DEBUG_GCC5/AARCH64/MdePkg/Library/UefiLib/UefiLib/OUTPUT/UefiLib.lib(UefiNotTiano.obj)
                              DxeServicesLib.obj (symbol from plugin) (EfiGetNameGuidFromFwVolDevicePathNode)
/home/osboxes/edk2sdm/edk2_LG_G7_THINQ/workspace/Build/LgG7ThinQPkg/DEBUG_GCC5/AARCH64/MdePkg/Library/BaseLib/BaseLib/OUTPUT/BaseLib.lib(SwapBytes64.obj)
                              DevicePathFromText.obj (symbol from plugin) (SwapBytes64)
/home/osboxes/edk2sdm/edk2_LG_G7_THINQ/workspace/Build/LgG7ThinQPkg/DEBUG_GCC5/AARCH64/MdePkg/Library/BaseLib/BaseLib/OUTPUT/BaseLib.lib(DivU64x32Remainder.obj)
                              PrintLibInternal.obj (symbol from plugin) (DivU64x32Remainder)
/home/osboxes/edk2sdm/edk2_LG_G7_THINQ/workspace/Build/LgG7ThinQPkg/DEBUG_GCC5/AARCH64/ArmPkg/Library/ArmLib/ArmBaseLib/OUTPUT/ArmBaseLib.lib(ArmLibSupport.obj)
                              FrameBufferSerialPortLib.obj (symbol from plugin) (ArmGetInterruptState)
/home/osboxes/edk2sdm/edk2_LG_G7_THINQ/workspace/Build/LgG7ThinQPkg/DEBUG_GCC5/AARCH64/ArmPkg/Library/ArmLib/ArmBaseLib/OUTPUT/ArmBaseLib.lib(ArmLibSupportV8.obj)
                              FrameBufferSerialPortLib.obj (symbol from plugin) (ArmEnableInterrupts)
/home/osboxes/edk2sdm/edk2_LG_G7_THINQ/workspace/Build/LgG7ThinQPkg/DEBUG_GCC5/AARCH64/ArmPkg/Library/ArmCacheMaintenanceLib/ArmCacheMaintenanceLib/OUTPUT/ArmCacheMaintenanceLib.lib(ArmCacheMaintenanceLib.obj)
                              FrameBufferSerialPortLib.obj (symbol from plugin) (WriteBackInvalidateDataCacheRange)
/home/osboxes/edk2sdm/edk2_LG_G7_THINQ/workspace/Build/LgG7ThinQPkg/DEBUG_GCC5/AARCH64/ArmPkg/Library/ArmLib/ArmBaseLib/OUTPUT/ArmBaseLib.lib(ArmLib.obj)
                              ArmCacheMaintenanceLib.obj (symbol from plugin) (ArmDataCacheLineLength)
/home/osboxes/edk2sdm/edk2_LG_G7_THINQ/workspace/Build/LgG7ThinQPkg/DEBUG_GCC5/AARCH64/ArmPkg/Library/ArmLib/ArmBaseLib/OUTPUT/ArmBaseLib.lib(AArch64Support.obj)
                              ArmCacheMaintenanceLib.obj (symbol from plugin) (ArmInvalidateDataCacheEntryByMVA)

Discarded input sections

 .text          0x0000000000000000       0x10 /home/osboxes/edk2sdm/edk2/ArmPkg/Library/GccLto/liblto-aarch64.a
 .data          0x0000000000000000        0x0 /home/osboxes/edk2sdm/edk2/ArmPkg/Library/GccLto/liblto-aarch64.a
 .bss           0x0000000000000000        0x0 /home/osboxes/edk2sdm/edk2/ArmPkg/Library/GccLto/liblto-aarch64.a
 .text          0x0000000000000000        0x0 /tmp/PcdDxe.dll.lZGIee.ltrans0.ltrans.o
 .data          0x0000000000000000        0x0 /tmp/PcdDxe.dll.lZGIee.ltrans0.ltrans.o
 .bss           0x0000000000000000        0x0 /tmp/PcdDxe.dll.lZGIee.ltrans0.ltrans.o
 .text._DriverUnloadHandler
                0x0000000000000000        0x8 /tmp/PcdDxe.dll.lZGIee.ltrans0.ltrans.o
 .text.StrnLenS
                0x0000000000000000       0x70 /tmp/PcdDxe.dll.lZGIee.ltrans0.ltrans.o
 .rodata.IsNodeInList.str1.1
                0x0000000000000000       0x44 /tmp/PcdDxe.dll.lZGIee.ltrans0.ltrans.o
 .text.IsNodeInList
                0x0000000000000000       0xa0 /tmp/PcdDxe.dll.lZGIee.ltrans0.ltrans.o
 .text.__memset
                0x0000000000000000       0x1c /tmp/PcdDxe.dll.lZGIee.ltrans0.ltrans.o
 .comment       0x0000000000000000       0x2d /tmp/PcdDxe.dll.lZGIee.ltrans0.ltrans.o
 .note.GNU-stack
                0x0000000000000000        0x0 /tmp/PcdDxe.dll.lZGIee.ltrans0.ltrans.o
 .comment       0x0000000000000000       0x2d /tmp/ccRvGJSf.debug.temp.o
 .note.GNU-stack
                0x0000000000000000        0x0 /tmp/ccRvGJSf.debug.temp.o
 .comment       0x0000000000000000       0x2d /tmp/cciQaLog.debug.temp.o
 .note.GNU-stack
                0x0000000000000000        0x0 /tmp/cciQaLog.debug.temp.o
 .comment       0x0000000000000000       0x2d /tmp/ccf5cYge.debug.temp.o
 .note.GNU-stack
                0x0000000000000000        0x0 /tmp/ccf5cYge.debug.temp.o
 .comment       0x0000000000000000       0x2d /tmp/ccgsr8qe.debug.temp.o
 .note.GNU-stack
                0x0000000000000000        0x0 /tmp/ccgsr8qe.debug.temp.o
 .comment       0x0000000000000000       0x2d /tmp/ccPnog6e.debug.temp.o
 .note.GNU-stack
                0x0000000000000000        0x0 /tmp/ccPnog6e.debug.temp.o
 .comment       0x0000000000000000       0x2d /tmp/ccu7tqPc.debug.temp.o
 .note.GNU-stack
                0x0000000000000000        0x0 /tmp/ccu7tqPc.debug.temp.o
 .comment       0x0000000000000000       0x2d /tmp/cckqILDe.debug.temp.o
 .note.GNU-stack
                0x0000000000000000        0x0 /tmp/cckqILDe.debug.temp.o
 .comment       0x0000000000000000       0x2d /tmp/cc9CEVQf.debug.temp.o
 .note.GNU-stack
                0x0000000000000000        0x0 /tmp/cc9CEVQf.debug.temp.o
 .comment       0x0000000000000000       0x2d /tmp/cc7X6uDd.debug.temp.o
 .note.GNU-stack
                0x0000000000000000        0x0 /tmp/cc7X6uDd.debug.temp.o
 .comment       0x0000000000000000       0x2d /tmp/ccPMwPJc.debug.temp.o
 .note.GNU-stack
                0x0000000000000000        0x0 /tmp/ccPMwPJc.debug.temp.o
 .comment       0x0000000000000000       0x2d /tmp/ccjHGmzg.debug.temp.o
 .note.GNU-stack
                0x0000000000000000        0x0 /tmp/ccjHGmzg.debug.temp.o
 .comment       0x0000000000000000       0x2d /tmp/ccVTXW1e.debug.temp.o
 .note.GNU-stack
                0x0000000000000000        0x0 /tmp/ccVTXW1e.debug.temp.o
 .debug_info    0x0000000000000000      0x27c /tmp/ccXjG3Xd.debug.temp.o
 .debug_abbrev  0x0000000000000000       0xcf /tmp/ccXjG3Xd.debug.temp.o
 .debug_line    0x0000000000000000      0x163 /tmp/ccXjG3Xd.debug.temp.o
 .debug_str     0x0000000000000000      0x59b /tmp/ccXjG3Xd.debug.temp.o
 .comment       0x0000000000000000       0x2d /tmp/ccXjG3Xd.debug.temp.o
 .note.GNU-stack
                0x0000000000000000        0x0 /tmp/ccXjG3Xd.debug.temp.o
 .debug_info    0x0000000000000000      0x264 /tmp/ccaFGy9d.debug.temp.o
 .debug_abbrev  0x0000000000000000       0xc0 /tmp/ccaFGy9d.debug.temp.o
 .debug_line    0x0000000000000000      0x163 /tmp/ccaFGy9d.debug.temp.o
 .debug_str     0x0000000000000000      0x584 /tmp/ccaFGy9d.debug.temp.o
 .comment       0x0000000000000000       0x2d /tmp/ccaFGy9d.debug.temp.o
 .note.GNU-stack
                0x0000000000000000        0x0 /tmp/ccaFGy9d.debug.temp.o
 .debug_info    0x0000000000000000      0x27c /tmp/ccMrLsuc.debug.temp.o
 .debug_abbrev  0x0000000000000000       0xc0 /tmp/ccMrLsuc.debug.temp.o
 .debug_line    0x0000000000000000      0x161 /tmp/ccMrLsuc.debug.temp.o
 .debug_str     0x0000000000000000      0x58e /tmp/ccMrLsuc.debug.temp.o
 .comment       0x0000000000000000       0x2d /tmp/ccMrLsuc.debug.temp.o
 .note.GNU-stack
                0x0000000000000000        0x0 /tmp/ccMrLsuc.debug.temp.o
 .debug_info    0x0000000000000000      0x27c /tmp/ccwcCAxe.debug.temp.o
 .debug_abbrev  0x0000000000000000       0xcf /tmp/ccwcCAxe.debug.temp.o
 .debug_line    0x0000000000000000      0x162 /tmp/ccwcCAxe.debug.temp.o
 .debug_str     0x0000000000000000      0x59b /tmp/ccwcCAxe.debug.temp.o
 .comment       0x0000000000000000       0x2d /tmp/ccwcCAxe.debug.temp.o
 .note.GNU-stack
                0x0000000000000000        0x0 /tmp/ccwcCAxe.debug.temp.o
 .comment       0x0000000000000000       0x2d /tmp/ccwd61Of.debug.temp.o
 .note.GNU-stack
                0x0000000000000000        0x0 /tmp/ccwd61Of.debug.temp.o
 .debug_info    0x0000000000000000      0x270 /tmp/cc7gAq0c.debug.temp.o
 .debug_abbrev  0x0000000000000000       0xc0 /tmp/cc7gAq0c.debug.temp.o
 .debug_line    0x0000000000000000      0x161 /tmp/cc7gAq0c.debug.temp.o
 .debug_str     0x0000000000000000      0x58b /tmp/cc7gAq0c.debug.temp.o
 .comment       0x0000000000000000       0x2d /tmp/cc7gAq0c.debug.temp.o
 .note.GNU-stack
                0x0000000000000000        0x0 /tmp/cc7gAq0c.debug.temp.o
 .comment       0x0000000000000000       0x2d /tmp/cc21Kaac.debug.temp.o
 .note.GNU-stack
                0x0000000000000000        0x0 /tmp/cc21Kaac.debug.temp.o
 .comment       0x0000000000000000       0x2d /tmp/ccubiDyg.debug.temp.o
 .note.GNU-stack
                0x0000000000000000        0x0 /tmp/ccubiDyg.debug.temp.o
 .comment       0x0000000000000000       0x2d /tmp/cchDkGbd.debug.temp.o
 .note.GNU-stack
                0x0000000000000000        0x0 /tmp/cchDkGbd.debug.temp.o
 .comment       0x0000000000000000       0x2d /tmp/ccopETsg.debug.temp.o
 .note.GNU-stack
                0x0000000000000000        0x0 /tmp/ccopETsg.debug.temp.o
 .comment       0x0000000000000000       0x2d /tmp/ccRfo00d.debug.temp.o
 .note.GNU-stack
                0x0000000000000000        0x0 /tmp/ccRfo00d.debug.temp.o
 .comment       0x0000000000000000       0x2d /tmp/ccObAADe.debug.temp.o
 .note.GNU-stack
                0x0000000000000000        0x0 /tmp/ccObAADe.debug.temp.o
 .comment       0x0000000000000000       0x2d /tmp/ccmMZirc.debug.temp.o
 .note.GNU-stack
                0x0000000000000000        0x0 /tmp/ccmMZirc.debug.temp.o
 .comment       0x0000000000000000       0x2d /tmp/ccoQeuGd.debug.temp.o
 .note.GNU-stack
                0x0000000000000000        0x0 /tmp/ccoQeuGd.debug.temp.o
 .comment       0x0000000000000000       0x2d /tmp/ccTuHehf.debug.temp.o
 .note.GNU-stack
                0x0000000000000000        0x0 /tmp/ccTuHehf.debug.temp.o
 .comment       0x0000000000000000       0x2d /tmp/ccTJ8Yoe.debug.temp.o
 .note.GNU-stack
                0x0000000000000000        0x0 /tmp/ccTJ8Yoe.debug.temp.o
 .comment       0x0000000000000000       0x2d /tmp/cckiEbhc.debug.temp.o
 .note.GNU-stack
                0x0000000000000000        0x0 /tmp/cckiEbhc.debug.temp.o
 .debug_info    0x0000000000000000      0x26d /tmp/cc7Fwxke.debug.temp.o
 .debug_abbrev  0x0000000000000000       0xd5 /tmp/cc7Fwxke.debug.temp.o
 .debug_line    0x0000000000000000      0x189 /tmp/cc7Fwxke.debug.temp.o
 .debug_str     0x0000000000000000      0x4ba /tmp/cc7Fwxke.debug.temp.o
 .comment       0x0000000000000000       0x2d /tmp/cc7Fwxke.debug.temp.o
 .note.GNU-stack
                0x0000000000000000        0x0 /tmp/cc7Fwxke.debug.temp.o
 .debug_info    0x0000000000000000      0x238 /tmp/cc6XZbld.debug.temp.o
 .debug_abbrev  0x0000000000000000       0xc0 /tmp/cc6XZbld.debug.temp.o
 .debug_line    0x0000000000000000      0x18b /tmp/cc6XZbld.debug.temp.o
 .debug_str     0x0000000000000000      0x4b6 /tmp/cc6XZbld.debug.temp.o
 .comment       0x0000000000000000       0x2d /tmp/cc6XZbld.debug.temp.o
 .note.GNU-stack
                0x0000000000000000        0x0 /tmp/cc6XZbld.debug.temp.o
 .comment       0x0000000000000000       0x2d /tmp/ccqztS8f.debug.temp.o
 .note.GNU-stack
                0x0000000000000000        0x0 /tmp/ccqztS8f.debug.temp.o
 .comment       0x0000000000000000       0x2d /tmp/cc3Qfw5c.debug.temp.o
 .note.GNU-stack
                0x0000000000000000        0x0 /tmp/cc3Qfw5c.debug.temp.o
 .comment       0x0000000000000000       0x2d /tmp/ccKXL9Gg.debug.temp.o
 .note.GNU-stack
                0x0000000000000000        0x0 /tmp/ccKXL9Gg.debug.temp.o
 .comment       0x0000000000000000       0x2d /tmp/cchdOxPc.debug.temp.o
 .note.GNU-stack
                0x0000000000000000        0x0 /tmp/cchdOxPc.debug.temp.o
 .debug_info    0x0000000000000000     0x1e7f /tmp/ccwfl4zd.debug.temp.o
 .debug_abbrev  0x0000000000000000      0x240 /tmp/ccwfl4zd.debug.temp.o
 .debug_line    0x0000000000000000      0x377 /tmp/ccwfl4zd.debug.temp.o
 .debug_str     0x0000000000000000     0x1af8 /tmp/ccwfl4zd.debug.temp.o
 .comment       0x0000000000000000       0x2d /tmp/ccwfl4zd.debug.temp.o
 .note.GNU-stack
                0x0000000000000000        0x0 /tmp/ccwfl4zd.debug.temp.o
 .debug_info    0x0000000000000000     0x1baf /tmp/ccBbK6af.debug.temp.o
 .debug_abbrev  0x0000000000000000      0x1fe /tmp/ccBbK6af.debug.temp.o
 .debug_line    0x0000000000000000      0x375 /tmp/ccBbK6af.debug.temp.o
 .debug_str     0x0000000000000000     0x192e /tmp/ccBbK6af.debug.temp.o
 .comment       0x0000000000000000       0x2d /tmp/ccBbK6af.debug.temp.o
 .note.GNU-stack
                0x0000000000000000        0x0 /tmp/ccBbK6af.debug.temp.o
 .debug_info    0x0000000000000000     0x3e07 /tmp/ccjYrprg.debug.temp.o
 .debug_abbrev  0x0000000000000000      0x2ca /tmp/ccjYrprg.debug.temp.o
 .debug_line    0x0000000000000000      0x3e3 /tmp/ccjYrprg.debug.temp.o
 .debug_str     0x0000000000000000     0x2742 /tmp/ccjYrprg.debug.temp.o
 .comment       0x0000000000000000       0x2d /tmp/ccjYrprg.debug.temp.o
 .note.GNU-stack
                0x0000000000000000        0x0 /tmp/ccjYrprg.debug.temp.o
 .debug_info    0x0000000000000000     0x468b /tmp/ccpDIWHf.debug.temp.o
 .debug_abbrev  0x0000000000000000      0x2b0 /tmp/ccpDIWHf.debug.temp.o
 .debug_line    0x0000000000000000      0x3d7 /tmp/ccpDIWHf.debug.temp.o
 .debug_str     0x0000000000000000     0x3067 /tmp/ccpDIWHf.debug.temp.o
 .comment       0x0000000000000000       0x2d /tmp/ccpDIWHf.debug.temp.o
 .note.GNU-stack
                0x0000000000000000        0x0 /tmp/ccpDIWHf.debug.temp.o
 .debug_info    0x0000000000000000     0x1cb7 /tmp/ccSzHrDc.debug.temp.o
 .debug_abbrev  0x0000000000000000      0x233 /tmp/ccSzHrDc.debug.temp.o
 .debug_line    0x0000000000000000      0x34c /tmp/ccSzHrDc.debug.temp.o
 .debug_str     0x0000000000000000     0x1bc5 /tmp/ccSzHrDc.debug.temp.o
 .comment       0x0000000000000000       0x2d /tmp/ccSzHrDc.debug.temp.o
 .note.GNU-stack
                0x0000000000000000        0x0 /tmp/ccSzHrDc.debug.temp.o
 .debug_info    0x0000000000000000      0x264 /tmp/cckXlang.debug.temp.o
 .debug_abbrev  0x0000000000000000       0xc0 /tmp/cckXlang.debug.temp.o
 .debug_line    0x0000000000000000      0x163 /tmp/cckXlang.debug.temp.o
 .debug_str     0x0000000000000000      0x584 /tmp/cckXlang.debug.temp.o
 .comment       0x0000000000000000       0x2d /tmp/cckXlang.debug.temp.o
 .note.GNU-stack
                0x0000000000000000        0x0 /tmp/cckXlang.debug.temp.o
 .comment       0x0000000000000000       0x2d /tmp/cc6f2dfe.debug.temp.o
 .note.GNU-stack
                0x0000000000000000        0x0 /tmp/cc6f2dfe.debug.temp.o
 .comment       0x0000000000000000       0x2d /tmp/cchfzQAe.debug.temp.o
 .note.GNU-stack
                0x0000000000000000        0x0 /tmp/cchfzQAe.debug.temp.o
 .comment       0x0000000000000000       0x2d /tmp/cc6wyJtf.debug.temp.o
 .note.GNU-stack
                0x0000000000000000        0x0 /tmp/cc6wyJtf.debug.temp.o
 .text          0x0000000000000000        0x8 /home/osboxes/edk2sdm/edk2_LG_G7_THINQ/workspace/Build/LgG7ThinQPkg/DEBUG_GCC5/AARCH64/MdePkg/Library/BaseLib/BaseLib/OUTPUT/BaseLib.lib(CpuBreakpoint.obj)
 .data          0x0000000000000000        0x0 /home/osboxes/edk2sdm/edk2_LG_G7_THINQ/workspace/Build/LgG7ThinQPkg/DEBUG_GCC5/AARCH64/MdePkg/Library/BaseLib/BaseLib/OUTPUT/BaseLib.lib(CpuBreakpoint.obj)
 .bss           0x0000000000000000        0x0 /home/osboxes/edk2sdm/edk2_LG_G7_THINQ/workspace/Build/LgG7ThinQPkg/DEBUG_GCC5/AARCH64/MdePkg/Library/BaseLib/BaseLib/OUTPUT/BaseLib.lib(CpuBreakpoint.obj)
 .data          0x0000000000000000        0x0 /home/osboxes/edk2sdm/edk2_LG_G7_THINQ/workspace/Build/LgG7ThinQPkg/DEBUG_GCC5/AARCH64/MdePkg/Library/BaseMemoryLibOptDxe/BaseMemoryLibOptDxe/OUTPUT/BaseMemoryLibOptDxe.lib(SetMem.obj)
 .bss           0x0000000000000000        0x0 /home/osboxes/edk2sdm/edk2_LG_G7_THINQ/workspace/Build/LgG7ThinQPkg/DEBUG_GCC5/AARCH64/MdePkg/Library/BaseMemoryLibOptDxe/BaseMemoryLibOptDxe/OUTPUT/BaseMemoryLibOptDxe.lib(SetMem.obj)
 .data          0x0000000000000000        0x0 /home/osboxes/edk2sdm/edk2_LG_G7_THINQ/workspace/Build/LgG7ThinQPkg/DEBUG_GCC5/AARCH64/MdePkg/Library/BaseMemoryLibOptDxe/BaseMemoryLibOptDxe/OUTPUT/BaseMemoryLibOptDxe.lib(CopyMem.obj)
 .bss           0x0000000000000000        0x0 /home/osboxes/edk2sdm/edk2_LG_G7_THINQ/workspace/Build/LgG7ThinQPkg/DEBUG_GCC5/AARCH64/MdePkg/Library/BaseMemoryLibOptDxe/BaseMemoryLibOptDxe/OUTPUT/BaseMemoryLibOptDxe.lib(CopyMem.obj)
 .data          0x0000000000000000        0x0 /home/osboxes/edk2sdm/edk2_LG_G7_THINQ/workspace/Build/LgG7ThinQPkg/DEBUG_GCC5/AARCH64/MdePkg/Library/BaseMemoryLibOptDxe/BaseMemoryLibOptDxe/OUTPUT/BaseMemoryLibOptDxe.lib(CompareGuid.obj)
 .bss           0x0000000000000000        0x0 /home/osboxes/edk2sdm/edk2_LG_G7_THINQ/workspace/Build/LgG7ThinQPkg/DEBUG_GCC5/AARCH64/MdePkg/Library/BaseMemoryLibOptDxe/BaseMemoryLibOptDxe/OUTPUT/BaseMemoryLibOptDxe.lib(CompareGuid.obj)
 .text          0x0000000000000000        0x0 /home/osboxes/edk2sdm/edk2_LG_G7_THINQ/workspace/Build/LgG7ThinQPkg/DEBUG_GCC5/AARCH64/ArmPkg/Library/ArmLib/ArmBaseLib/OUTPUT/ArmBaseLib.lib(ArmLibSupport.obj)
 .data          0x0000000000000000        0x0 /home/osboxes/edk2sdm/edk2_LG_G7_THINQ/workspace/Build/LgG7ThinQPkg/DEBUG_GCC5/AARCH64/ArmPkg/Library/ArmLib/ArmBaseLib/OUTPUT/ArmBaseLib.lib(ArmLibSupport.obj)
 .bss           0x0000000000000000        0x0 /home/osboxes/edk2sdm/edk2_LG_G7_THINQ/workspace/Build/LgG7ThinQPkg/DEBUG_GCC5/AARCH64/ArmPkg/Library/ArmLib/ArmBaseLib/OUTPUT/ArmBaseLib.lib(ArmLibSupport.obj)
 .text.ArmReadMidr
                0x0000000000000000        0x8 /home/osboxes/edk2sdm/edk2_LG_G7_THINQ/workspace/Build/LgG7ThinQPkg/DEBUG_GCC5/AARCH64/ArmPkg/Library/ArmLib/ArmBaseLib/OUTPUT/ArmBaseLib.lib(ArmLibSupport.obj)
 .text.ArmGetFiqState
                0x0000000000000000       0x10 /home/osboxes/edk2sdm/edk2_LG_G7_THINQ/workspace/Build/LgG7ThinQPkg/DEBUG_GCC5/AARCH64/ArmPkg/Library/ArmLib/ArmBaseLib/OUTPUT/ArmBaseLib.lib(ArmLibSupport.obj)
 .text.ArmWriteCpacr
                0x0000000000000000        0x8 /home/osboxes/edk2sdm/edk2_LG_G7_THINQ/workspace/Build/LgG7ThinQPkg/DEBUG_GCC5/AARCH64/ArmPkg/Library/ArmLib/ArmBaseLib/OUTPUT/ArmBaseLib.lib(ArmLibSupport.obj)
 .text.ArmWriteAuxCr
                0x0000000000000000       0x28 /home/osboxes/edk2sdm/edk2_LG_G7_THINQ/workspace/Build/LgG7ThinQPkg/DEBUG_GCC5/AARCH64/ArmPkg/Library/ArmLib/ArmBaseLib/OUTPUT/ArmBaseLib.lib(ArmLibSupport.obj)
 .text.ArmReadAuxCr
                0x0000000000000000       0x28 /home/osboxes/edk2sdm/edk2_LG_G7_THINQ/workspace/Build/LgG7ThinQPkg/DEBUG_GCC5/AARCH64/ArmPkg/Library/ArmLib/ArmBaseLib/OUTPUT/ArmBaseLib.lib(ArmLibSupport.obj)
 .text.ArmSetTTBR0
                0x0000000000000000       0x34 /home/osboxes/edk2sdm/edk2_LG_G7_THINQ/workspace/Build/LgG7ThinQPkg/DEBUG_GCC5/AARCH64/ArmPkg/Library/ArmLib/ArmBaseLib/OUTPUT/ArmBaseLib.lib(ArmLibSupport.obj)
 .text.ArmGetTTBR0BaseAddress
                0x0000000000000000       0x30 /home/osboxes/edk2sdm/edk2_LG_G7_THINQ/workspace/Build/LgG7ThinQPkg/DEBUG_GCC5/AARCH64/ArmPkg/Library/ArmLib/ArmBaseLib/OUTPUT/ArmBaseLib.lib(ArmLibSupport.obj)
 .text.ArmGetTCR
                0x0000000000000000       0x34 /home/osboxes/edk2sdm/edk2_LG_G7_THINQ/workspace/Build/LgG7ThinQPkg/DEBUG_GCC5/AARCH64/ArmPkg/Library/ArmLib/ArmBaseLib/OUTPUT/ArmBaseLib.lib(ArmLibSupport.obj)
 .text.ArmSetTCR
                0x0000000000000000       0x34 /home/osboxes/edk2sdm/edk2_LG_G7_THINQ/workspace/Build/LgG7ThinQPkg/DEBUG_GCC5/AARCH64/ArmPkg/Library/ArmLib/ArmBaseLib/OUTPUT/ArmBaseLib.lib(ArmLibSupport.obj)
 .text.ArmGetMAIR
                0x0000000000000000       0x34 /home/osboxes/edk2sdm/edk2_LG_G7_THINQ/workspace/Build/LgG7ThinQPkg/DEBUG_GCC5/AARCH64/ArmPkg/Library/ArmLib/ArmBaseLib/OUTPUT/ArmBaseLib.lib(ArmLibSupport.obj)
 .text.ArmSetMAIR
                0x0000000000000000       0x34 /home/osboxes/edk2sdm/edk2_LG_G7_THINQ/workspace/Build/LgG7ThinQPkg/DEBUG_GCC5/AARCH64/ArmPkg/Library/ArmLib/ArmBaseLib/OUTPUT/ArmBaseLib.lib(ArmLibSupport.obj)
 .text.ArmUpdateTranslationTableEntry
                0x0000000000000000       0x40 /home/osboxes/edk2sdm/edk2_LG_G7_THINQ/workspace/Build/LgG7ThinQPkg/DEBUG_GCC5/AARCH64/ArmPkg/Library/ArmLib/ArmBaseLib/OUTPUT/ArmBaseLib.lib(ArmLibSupport.obj)
 .text.ArmInvalidateTlb
                0x0000000000000000       0x38 /home/osboxes/edk2sdm/edk2_LG_G7_THINQ/workspace/Build/LgG7ThinQPkg/DEBUG_GCC5/AARCH64/ArmPkg/Library/ArmLib/ArmBaseLib/OUTPUT/ArmBaseLib.lib(ArmLibSupport.obj)
 .text.ArmWriteCptr
                0x0000000000000000        0x8 /home/osboxes/edk2sdm/edk2_LG_G7_THINQ/workspace/Build/LgG7ThinQPkg/DEBUG_GCC5/AARCH64/ArmPkg/Library/ArmLib/ArmBaseLib/OUTPUT/ArmBaseLib.lib(ArmLibSupport.obj)
 .text.ArmWriteScr
                0x0000000000000000        0xc /home/osboxes/edk2sdm/edk2_LG_G7_THINQ/workspace/Build/LgG7ThinQPkg/DEBUG_GCC5/AARCH64/ArmPkg/Library/ArmLib/ArmBaseLib/OUTPUT/ArmBaseLib.lib(ArmLibSupport.obj)
 .text.ArmWriteMVBar
                0x0000000000000000        0x8 /home/osboxes/edk2sdm/edk2_LG_G7_THINQ/workspace/Build/LgG7ThinQPkg/DEBUG_GCC5/AARCH64/ArmPkg/Library/ArmLib/ArmBaseLib/OUTPUT/ArmBaseLib.lib(ArmLibSupport.obj)
 .text.ArmCallWFE
                0x0000000000000000        0x8 /home/osboxes/edk2sdm/edk2_LG_G7_THINQ/workspace/Build/LgG7ThinQPkg/DEBUG_GCC5/AARCH64/ArmPkg/Library/ArmLib/ArmBaseLib/OUTPUT/ArmBaseLib.lib(ArmLibSupport.obj)
 .text.ArmCallSEV
                0x0000000000000000        0x8 /home/osboxes/edk2sdm/edk2_LG_G7_THINQ/workspace/Build/LgG7ThinQPkg/DEBUG_GCC5/AARCH64/ArmPkg/Library/ArmLib/ArmBaseLib/OUTPUT/ArmBaseLib.lib(ArmLibSupport.obj)
 .text.ArmReadCpuActlr
                0x0000000000000000        0x8 /home/osboxes/edk2sdm/edk2_LG_G7_THINQ/workspace/Build/LgG7ThinQPkg/DEBUG_GCC5/AARCH64/ArmPkg/Library/ArmLib/ArmBaseLib/OUTPUT/ArmBaseLib.lib(ArmLibSupport.obj)
 .text.ArmWriteCpuActlr
                0x0000000000000000       0x10 /home/osboxes/edk2sdm/edk2_LG_G7_THINQ/workspace/Build/LgG7ThinQPkg/DEBUG_GCC5/AARCH64/ArmPkg/Library/ArmLib/ArmBaseLib/OUTPUT/ArmBaseLib.lib(ArmLibSupport.obj)
 .text.ArmReadSctlr
                0x0000000000000000       0x30 /home/osboxes/edk2sdm/edk2_LG_G7_THINQ/workspace/Build/LgG7ThinQPkg/DEBUG_GCC5/AARCH64/ArmPkg/Library/ArmLib/ArmBaseLib/OUTPUT/ArmBaseLib.lib(ArmLibSupport.obj)
 .text.ArmWriteSctlr
                0x0000000000000000       0x30 /home/osboxes/edk2sdm/edk2_LG_G7_THINQ/workspace/Build/LgG7ThinQPkg/DEBUG_GCC5/AARCH64/ArmPkg/Library/ArmLib/ArmBaseLib/OUTPUT/ArmBaseLib.lib(ArmLibSupport.obj)
 .text.ArmGetPhysicalAddressBits
                0x0000000000000000       0x24 /home/osboxes/edk2sdm/edk2_LG_G7_THINQ/workspace/Build/LgG7ThinQPkg/DEBUG_GCC5/AARCH64/ArmPkg/Library/ArmLib/ArmBaseLib/OUTPUT/ArmBaseLib.lib(ArmLibSupport.obj)
 .text          0x0000000000000000        0x0 /home/osboxes/edk2sdm/edk2_LG_G7_THINQ/workspace/Build/LgG7ThinQPkg/DEBUG_GCC5/AARCH64/ArmPkg/Library/ArmLib/ArmBaseLib/OUTPUT/ArmBaseLib.lib(ArmLibSupportV8.obj)
 .data          0x0000000000000000        0x0 /home/osboxes/edk2sdm/edk2_LG_G7_THINQ/workspace/Build/LgG7ThinQPkg/DEBUG_GCC5/AARCH64/ArmPkg/Library/ArmLib/ArmBaseLib/OUTPUT/ArmBaseLib.lib(ArmLibSupportV8.obj)
 .bss           0x0000000000000000        0x0 /home/osboxes/edk2sdm/edk2_LG_G7_THINQ/workspace/Build/LgG7ThinQPkg/DEBUG_GCC5/AARCH64/ArmPkg/Library/ArmLib/ArmBaseLib/OUTPUT/ArmBaseLib.lib(ArmLibSupportV8.obj)
 .text.ArmIsMpCore
                0x0000000000000000       0x14 /home/osboxes/edk2sdm/edk2_LG_G7_THINQ/workspace/Build/LgG7ThinQPkg/DEBUG_GCC5/AARCH64/ArmPkg/Library/ArmLib/ArmBaseLib/OUTPUT/ArmBaseLib.lib(ArmLibSupportV8.obj)
 .text.ArmEnableAsynchronousAbort
                0x0000000000000000        0xc /home/osboxes/edk2sdm/edk2_LG_G7_THINQ/workspace/Build/LgG7ThinQPkg/DEBUG_GCC5/AARCH64/ArmPkg/Library/ArmLib/ArmBaseLib/OUTPUT/ArmBaseLib.lib(ArmLibSupportV8.obj)
 .text.ArmDisableAsynchronousAbort
                0x0000000000000000        0xc /home/osboxes/edk2sdm/edk2_LG_G7_THINQ/workspace/Build/LgG7ThinQPkg/DEBUG_GCC5/AARCH64/ArmPkg/Library/ArmLib/ArmBaseLib/OUTPUT/ArmBaseLib.lib(ArmLibSupportV8.obj)
 .text.ArmEnableIrq
                0x0000000000000000        0xc /home/osboxes/edk2sdm/edk2_LG_G7_THINQ/workspace/Build/LgG7ThinQPkg/DEBUG_GCC5/AARCH64/ArmPkg/Library/ArmLib/ArmBaseLib/OUTPUT/ArmBaseLib.lib(ArmLibSupportV8.obj)
 .text.ArmDisableIrq
                0x0000000000000000        0xc /home/osboxes/edk2sdm/edk2_LG_G7_THINQ/workspace/Build/LgG7ThinQPkg/DEBUG_GCC5/AARCH64/ArmPkg/Library/ArmLib/ArmBaseLib/OUTPUT/ArmBaseLib.lib(ArmLibSupportV8.obj)
 .text.ArmEnableFiq
                0x0000000000000000        0xc /home/osboxes/edk2sdm/edk2_LG_G7_THINQ/workspace/Build/LgG7ThinQPkg/DEBUG_GCC5/AARCH64/ArmPkg/Library/ArmLib/ArmBaseLib/OUTPUT/ArmBaseLib.lib(ArmLibSupportV8.obj)
 .text.ArmDisableFiq
                0x0000000000000000        0xc /home/osboxes/edk2sdm/edk2_LG_G7_THINQ/workspace/Build/LgG7ThinQPkg/DEBUG_GCC5/AARCH64/ArmPkg/Library/ArmLib/ArmBaseLib/OUTPUT/ArmBaseLib.lib(ArmLibSupportV8.obj)
 .text.ArmDisableAllExceptions
                0x0000000000000000        0xc /home/osboxes/edk2sdm/edk2_LG_G7_THINQ/workspace/Build/LgG7ThinQPkg/DEBUG_GCC5/AARCH64/ArmPkg/Library/ArmLib/ArmBaseLib/OUTPUT/ArmBaseLib.lib(ArmLibSupportV8.obj)
 .text.ReadCCSIDR
                0x0000000000000000       0x10 /home/osboxes/edk2sdm/edk2_LG_G7_THINQ/workspace/Build/LgG7ThinQPkg/DEBUG_GCC5/AARCH64/ArmPkg/Library/ArmLib/ArmBaseLib/OUTPUT/ArmBaseLib.lib(ArmLibSupportV8.obj)
 .text.ReadCLIDR
                0x0000000000000000        0x8 /home/osboxes/edk2sdm/edk2_LG_G7_THINQ/workspace/Build/LgG7ThinQPkg/DEBUG_GCC5/AARCH64/ArmPkg/Library/ArmLib/ArmBaseLib/OUTPUT/ArmBaseLib.lib(ArmLibSupportV8.obj)
 .text          0x0000000000000000        0x0 /home/osboxes/edk2sdm/edk2_LG_G7_THINQ/workspace/Build/LgG7ThinQPkg/DEBUG_GCC5/AARCH64/ArmPkg/Library/ArmLib/ArmBaseLib/OUTPUT/ArmBaseLib.lib(AArch64Support.obj)
 .data          0x0000000000000000        0x0 /home/osboxes/edk2sdm/edk2_LG_G7_THINQ/workspace/Build/LgG7ThinQPkg/DEBUG_GCC5/AARCH64/ArmPkg/Library/ArmLib/ArmBaseLib/OUTPUT/ArmBaseLib.lib(AArch64Support.obj)
 .bss           0x0000000000000000        0x0 /home/osboxes/edk2sdm/edk2_LG_G7_THINQ/workspace/Build/LgG7ThinQPkg/DEBUG_GCC5/AARCH64/ArmPkg/Library/ArmLib/ArmBaseLib/OUTPUT/ArmBaseLib.lib(AArch64Support.obj)
 .text.ArmInvalidateDataCacheEntryByMVA
                0x0000000000000000        0x8 /home/osboxes/edk2sdm/edk2_LG_G7_THINQ/workspace/Build/LgG7ThinQPkg/DEBUG_GCC5/AARCH64/ArmPkg/Library/ArmLib/ArmBaseLib/OUTPUT/ArmBaseLib.lib(AArch64Support.obj)
 .text.ArmCleanDataCacheEntryByMVA
                0x0000000000000000        0x8 /home/osboxes/edk2sdm/edk2_LG_G7_THINQ/workspace/Build/LgG7ThinQPkg/DEBUG_GCC5/AARCH64/ArmPkg/Library/ArmLib/ArmBaseLib/OUTPUT/ArmBaseLib.lib(AArch64Support.obj)
 .text.ArmCleanDataCacheEntryToPoUByMVA
                0x0000000000000000        0x8 /home/osboxes/edk2sdm/edk2_LG_G7_THINQ/workspace/Build/LgG7ThinQPkg/DEBUG_GCC5/AARCH64/ArmPkg/Library/ArmLib/ArmBaseLib/OUTPUT/ArmBaseLib.lib(AArch64Support.obj)
 .text.ArmInvalidateInstructionCacheEntryToPoUByMVA
                0x0000000000000000        0x8 /home/osboxes/edk2sdm/edk2_LG_G7_THINQ/workspace/Build/LgG7ThinQPkg/DEBUG_GCC5/AARCH64/ArmPkg/Library/ArmLib/ArmBaseLib/OUTPUT/ArmBaseLib.lib(AArch64Support.obj)
 .text.ArmInvalidateDataCacheEntryBySetWay
                0x0000000000000000        0x8 /home/osboxes/edk2sdm/edk2_LG_G7_THINQ/workspace/Build/LgG7ThinQPkg/DEBUG_GCC5/AARCH64/ArmPkg/Library/ArmLib/ArmBaseLib/OUTPUT/ArmBaseLib.lib(AArch64Support.obj)
 .text.ArmCleanInvalidateDataCacheEntryBySetWay
                0x0000000000000000        0x8 /home/osboxes/edk2sdm/edk2_LG_G7_THINQ/workspace/Build/LgG7ThinQPkg/DEBUG_GCC5/AARCH64/ArmPkg/Library/ArmLib/ArmBaseLib/OUTPUT/ArmBaseLib.lib(AArch64Support.obj)
 .text.ArmCleanDataCacheEntryBySetWay
                0x0000000000000000        0x8 /home/osboxes/edk2sdm/edk2_LG_G7_THINQ/workspace/Build/LgG7ThinQPkg/DEBUG_GCC5/AARCH64/ArmPkg/Library/ArmLib/ArmBaseLib/OUTPUT/ArmBaseLib.lib(AArch64Support.obj)
 .text.ArmInvalidateInstructionCache
                0x0000000000000000       0x10 /home/osboxes/edk2sdm/edk2_LG_G7_THINQ/workspace/Build/LgG7ThinQPkg/DEBUG_GCC5/AARCH64/ArmPkg/Library/ArmLib/ArmBaseLib/OUTPUT/ArmBaseLib.lib(AArch64Support.obj)
 .text.ArmEnableMmu
                0x0000000000000000       0x88 /home/osboxes/edk2sdm/edk2_LG_G7_THINQ/workspace/Build/LgG7ThinQPkg/DEBUG_GCC5/AARCH64/ArmPkg/Library/ArmLib/ArmBaseLib/OUTPUT/ArmBaseLib.lib(AArch64Support.obj)
 .text.ArmDisableMmu
                0x0000000000000000       0x74 /home/osboxes/edk2sdm/edk2_LG_G7_THINQ/workspace/Build/LgG7ThinQPkg/DEBUG_GCC5/AARCH64/ArmPkg/Library/ArmLib/ArmBaseLib/OUTPUT/ArmBaseLib.lib(AArch64Support.obj)
 .text.ArmDisableCachesAndMmu
                0x0000000000000000       0x6c /home/osboxes/edk2sdm/edk2_LG_G7_THINQ/workspace/Build/LgG7ThinQPkg/DEBUG_GCC5/AARCH64/ArmPkg/Library/ArmLib/ArmBaseLib/OUTPUT/ArmBaseLib.lib(AArch64Support.obj)
 .text.ArmMmuEnabled
                0x0000000000000000       0x34 /home/osboxes/edk2sdm/edk2_LG_G7_THINQ/workspace/Build/LgG7ThinQPkg/DEBUG_GCC5/AARCH64/ArmPkg/Library/ArmLib/ArmBaseLib/OUTPUT/ArmBaseLib.lib(AArch64Support.obj)
 .text.ArmEnableDataCache
                0x0000000000000000       0x68 /home/osboxes/edk2sdm/edk2_LG_G7_THINQ/workspace/Build/LgG7ThinQPkg/DEBUG_GCC5/AARCH64/ArmPkg/Library/ArmLib/ArmBaseLib/OUTPUT/ArmBaseLib.lib(AArch64Support.obj)
 .text.ArmDisableDataCache
                0x0000000000000000       0x68 /home/osboxes/edk2sdm/edk2_LG_G7_THINQ/workspace/Build/LgG7ThinQPkg/DEBUG_GCC5/AARCH64/ArmPkg/Library/ArmLib/ArmBaseLib/OUTPUT/ArmBaseLib.lib(AArch64Support.obj)
 .text.ArmEnableInstructionCache
                0x0000000000000000       0x68 /home/osboxes/edk2sdm/edk2_LG_G7_THINQ/workspace/Build/LgG7ThinQPkg/DEBUG_GCC5/AARCH64/ArmPkg/Library/ArmLib/ArmBaseLib/OUTPUT/ArmBaseLib.lib(AArch64Support.obj)
 .text.ArmDisableInstructionCache
                0x0000000000000000       0x68 /home/osboxes/edk2sdm/edk2_LG_G7_THINQ/workspace/Build/LgG7ThinQPkg/DEBUG_GCC5/AARCH64/ArmPkg/Library/ArmLib/ArmBaseLib/OUTPUT/ArmBaseLib.lib(AArch64Support.obj)
 .text.ArmEnableAlignmentCheck
                0x0000000000000000       0x58 /home/osboxes/edk2sdm/edk2_LG_G7_THINQ/workspace/Build/LgG7ThinQPkg/DEBUG_GCC5/AARCH64/ArmPkg/Library/ArmLib/ArmBaseLib/OUTPUT/ArmBaseLib.lib(AArch64Support.obj)
 .text.ArmDisableAlignmentCheck
                0x0000000000000000       0x68 /home/osboxes/edk2sdm/edk2_LG_G7_THINQ/workspace/Build/LgG7ThinQPkg/DEBUG_GCC5/AARCH64/ArmPkg/Library/ArmLib/ArmBaseLib/OUTPUT/ArmBaseLib.lib(AArch64Support.obj)
 .text.ArmEnableStackAlignmentCheck
                0x0000000000000000       0x58 /home/osboxes/edk2sdm/edk2_LG_G7_THINQ/workspace/Build/LgG7ThinQPkg/DEBUG_GCC5/AARCH64/ArmPkg/Library/ArmLib/ArmBaseLib/OUTPUT/ArmBaseLib.lib(AArch64Support.obj)
 .text.ArmDisableStackAlignmentCheck
                0x0000000000000000       0x68 /home/osboxes/edk2sdm/edk2_LG_G7_THINQ/workspace/Build/LgG7ThinQPkg/DEBUG_GCC5/AARCH64/ArmPkg/Library/ArmLib/ArmBaseLib/OUTPUT/ArmBaseLib.lib(AArch64Support.obj)
 .text.ArmEnableBranchPrediction
                0x0000000000000000        0x4 /home/osboxes/edk2sdm/edk2_LG_G7_THINQ/workspace/Build/LgG7ThinQPkg/DEBUG_GCC5/AARCH64/ArmPkg/Library/ArmLib/ArmBaseLib/OUTPUT/ArmBaseLib.lib(AArch64Support.obj)
 .text.ArmDisableBranchPrediction
                0x0000000000000000        0x4 /home/osboxes/edk2sdm/edk2_LG_G7_THINQ/workspace/Build/LgG7ThinQPkg/DEBUG_GCC5/AARCH64/ArmPkg/Library/ArmLib/ArmBaseLib/OUTPUT/ArmBaseLib.lib(AArch64Support.obj)
 .text.AArch64AllDataCachesOperation
                0x0000000000000000       0xa8 /home/osboxes/edk2sdm/edk2_LG_G7_THINQ/workspace/Build/LgG7ThinQPkg/DEBUG_GCC5/AARCH64/ArmPkg/Library/ArmLib/ArmBaseLib/OUTPUT/ArmBaseLib.lib(AArch64Support.obj)
 .text.ArmDataMemoryBarrier
                0x0000000000000000        0x8 /home/osboxes/edk2sdm/edk2_LG_G7_THINQ/workspace/Build/LgG7ThinQPkg/DEBUG_GCC5/AARCH64/ArmPkg/Library/ArmLib/ArmBaseLib/OUTPUT/ArmBaseLib.lib(AArch64Support.obj)
 .text.ArmInstructionSynchronizationBarrier
                0x0000000000000000        0x8 /home/osboxes/edk2sdm/edk2_LG_G7_THINQ/workspace/Build/LgG7ThinQPkg/DEBUG_GCC5/AARCH64/ArmPkg/Library/ArmLib/ArmBaseLib/OUTPUT/ArmBaseLib.lib(AArch64Support.obj)
 .text.ArmWriteVBar
                0x0000000000000000       0x34 /home/osboxes/edk2sdm/edk2_LG_G7_THINQ/workspace/Build/LgG7ThinQPkg/DEBUG_GCC5/AARCH64/ArmPkg/Library/ArmLib/ArmBaseLib/OUTPUT/ArmBaseLib.lib(AArch64Support.obj)
 .text.ArmReadVBar
                0x0000000000000000       0x30 /home/osboxes/edk2sdm/edk2_LG_G7_THINQ/workspace/Build/LgG7ThinQPkg/DEBUG_GCC5/AARCH64/ArmPkg/Library/ArmLib/ArmBaseLib/OUTPUT/ArmBaseLib.lib(AArch64Support.obj)
 .text.ArmEnableVFP
                0x0000000000000000       0x64 /home/osboxes/edk2sdm/edk2_LG_G7_THINQ/workspace/Build/LgG7ThinQPkg/DEBUG_GCC5/AARCH64/ArmPkg/Library/ArmLib/ArmBaseLib/OUTPUT/ArmBaseLib.lib(AArch64Support.obj)
 .text.ArmCallWFI
                0x0000000000000000        0x8 /home/osboxes/edk2sdm/edk2_LG_G7_THINQ/workspace/Build/LgG7ThinQPkg/DEBUG_GCC5/AARCH64/ArmPkg/Library/ArmLib/ArmBaseLib/OUTPUT/ArmBaseLib.lib(AArch64Support.obj)
 .text.ArmReadMpidr
                0x0000000000000000        0x8 /home/osboxes/edk2sdm/edk2_LG_G7_THINQ/workspace/Build/LgG7ThinQPkg/DEBUG_GCC5/AARCH64/ArmPkg/Library/ArmLib/ArmBaseLib/OUTPUT/ArmBaseLib.lib(AArch64Support.obj)
 .text.ArmReadTpidrurw
                0x0000000000000000        0x8 /home/osboxes/edk2sdm/edk2_LG_G7_THINQ/workspace/Build/LgG7ThinQPkg/DEBUG_GCC5/AARCH64/ArmPkg/Library/ArmLib/ArmBaseLib/OUTPUT/ArmBaseLib.lib(AArch64Support.obj)
 .text.ArmWriteTpidrurw
                0x0000000000000000        0x8 /home/osboxes/edk2sdm/edk2_LG_G7_THINQ/workspace/Build/LgG7ThinQPkg/DEBUG_GCC5/AARCH64/ArmPkg/Library/ArmLib/ArmBaseLib/OUTPUT/ArmBaseLib.lib(AArch64Support.obj)
 .text.ArmIsArchTimerImplemented
                0x0000000000000000        0x8 /home/osboxes/edk2sdm/edk2_LG_G7_THINQ/workspace/Build/LgG7ThinQPkg/DEBUG_GCC5/AARCH64/ArmPkg/Library/ArmLib/ArmBaseLib/OUTPUT/ArmBaseLib.lib(AArch64Support.obj)
 .text.ArmReadIdPfr0
                0x0000000000000000        0x8 /home/osboxes/edk2sdm/edk2_LG_G7_THINQ/workspace/Build/LgG7ThinQPkg/DEBUG_GCC5/AARCH64/ArmPkg/Library/ArmLib/ArmBaseLib/OUTPUT/ArmBaseLib.lib(AArch64Support.obj)
 .text.ArmReadIdPfr1
                0x0000000000000000        0x8 /home/osboxes/edk2sdm/edk2_LG_G7_THINQ/workspace/Build/LgG7ThinQPkg/DEBUG_GCC5/AARCH64/ArmPkg/Library/ArmLib/ArmBaseLib/OUTPUT/ArmBaseLib.lib(AArch64Support.obj)
 .text.ArmWriteHcr
                0x0000000000000000        0x8 /home/osboxes/edk2sdm/edk2_LG_G7_THINQ/workspace/Build/LgG7ThinQPkg/DEBUG_GCC5/AARCH64/ArmPkg/Library/ArmLib/ArmBaseLib/OUTPUT/ArmBaseLib.lib(AArch64Support.obj)
 .text.ArmReadHcr
                0x0000000000000000        0x8 /home/osboxes/edk2sdm/edk2_LG_G7_THINQ/workspace/Build/LgG7ThinQPkg/DEBUG_GCC5/AARCH64/ArmPkg/Library/ArmLib/ArmBaseLib/OUTPUT/ArmBaseLib.lib(AArch64Support.obj)
 .text.ArmReadCurrentEL
                0x0000000000000000        0x8 /home/osboxes/edk2sdm/edk2_LG_G7_THINQ/workspace/Build/LgG7ThinQPkg/DEBUG_GCC5/AARCH64/ArmPkg/Library/ArmLib/ArmBaseLib/OUTPUT/ArmBaseLib.lib(AArch64Support.obj)
 .text.ArmReadCntHctl
                0x0000000000000000        0x8 /home/osboxes/edk2sdm/edk2_LG_G7_THINQ/workspace/Build/LgG7ThinQPkg/DEBUG_GCC5/AARCH64/ArmPkg/Library/ArmLib/ArmBaseLib/OUTPUT/ArmBaseLib.lib(AArch64Support.obj)
 .text.ArmWriteCntHctl
                0x0000000000000000        0x8 /home/osboxes/edk2sdm/edk2_LG_G7_THINQ/workspace/Build/LgG7ThinQPkg/DEBUG_GCC5/AARCH64/ArmPkg/Library/ArmLib/ArmBaseLib/OUTPUT/ArmBaseLib.lib(AArch64Support.obj)

Memory Configuration

Name             Origin             Length             Attributes
*default*        0x0000000000000000 0xffffffffffffffff

Linker script and memory map

LOAD /home/osboxes/edk2sdm/edk2/ArmPkg/Library/GccLto/liblto-aarch64.a
START GROUP
LOAD /tmp/PcdDxe.dll.lZGIee.ltrans0.ltrans.o
LOAD /tmp/ccRvGJSf.debug.temp.o
LOAD /tmp/cciQaLog.debug.temp.o
LOAD /tmp/ccf5cYge.debug.temp.o
LOAD /tmp/ccgsr8qe.debug.temp.o
LOAD /tmp/ccPnog6e.debug.temp.o
LOAD /tmp/ccu7tqPc.debug.temp.o
LOAD /tmp/cckqILDe.debug.temp.o
LOAD /tmp/cc9CEVQf.debug.temp.o
LOAD /tmp/cc7X6uDd.debug.temp.o
LOAD /tmp/ccPMwPJc.debug.temp.o
LOAD /tmp/ccjHGmzg.debug.temp.o
LOAD /tmp/ccVTXW1e.debug.temp.o
LOAD /tmp/ccXjG3Xd.debug.temp.o
LOAD /tmp/ccaFGy9d.debug.temp.o
LOAD /tmp/ccMrLsuc.debug.temp.o
LOAD /tmp/ccwcCAxe.debug.temp.o
LOAD /tmp/ccwd61Of.debug.temp.o
LOAD /tmp/cc7gAq0c.debug.temp.o
LOAD /tmp/cc21Kaac.debug.temp.o
LOAD /tmp/ccubiDyg.debug.temp.o
LOAD /tmp/cchDkGbd.debug.temp.o
LOAD /tmp/ccopETsg.debug.temp.o
LOAD /tmp/ccRfo00d.debug.temp.o
LOAD /tmp/ccObAADe.debug.temp.o
LOAD /tmp/ccmMZirc.debug.temp.o
LOAD /tmp/ccoQeuGd.debug.temp.o
LOAD /tmp/ccTuHehf.debug.temp.o
LOAD /tmp/ccTJ8Yoe.debug.temp.o
LOAD /tmp/cckiEbhc.debug.temp.o
LOAD /tmp/cc7Fwxke.debug.temp.o
LOAD /tmp/cc6XZbld.debug.temp.o
LOAD /tmp/ccqztS8f.debug.temp.o
LOAD /tmp/cc3Qfw5c.debug.temp.o
LOAD /tmp/ccKXL9Gg.debug.temp.o
LOAD /tmp/cchdOxPc.debug.temp.o
LOAD /tmp/ccwfl4zd.debug.temp.o
LOAD /tmp/ccBbK6af.debug.temp.o
LOAD /tmp/ccjYrprg.debug.temp.o
LOAD /tmp/ccpDIWHf.debug.temp.o
LOAD /tmp/ccSzHrDc.debug.temp.o
LOAD /tmp/cckXlang.debug.temp.o
LOAD /tmp/cc6f2dfe.debug.temp.o
LOAD /tmp/cchfzQAe.debug.temp.o
LOAD /tmp/cc6wyJtf.debug.temp.o
LOAD /home/osboxes/edk2sdm/edk2_LG_G7_THINQ/workspace/Build/LgG7ThinQPkg/DEBUG_GCC5/AARCH64/MdePkg/Library/DxePcdLib/DxePcdLib/OUTPUT/DxePcdLib.lib
LOAD /home/osboxes/edk2sdm/edk2_LG_G7_THINQ/workspace/Build/LgG7ThinQPkg/DEBUG_GCC5/AARCH64/MdePkg/Library/BaseLib/BaseLib/OUTPUT/BaseLib.lib
LOAD /home/osboxes/edk2sdm/edk2_LG_G7_THINQ/workspace/Build/LgG7ThinQPkg/DEBUG_GCC5/AARCH64/MdePkg/Library/BaseMemoryLibOptDxe/BaseMemoryLibOptDxe/OUTPUT/BaseMemoryLibOptDxe.lib
LOAD /home/osboxes/edk2sdm/edk2_LG_G7_THINQ/workspace/Build/LgG7ThinQPkg/DEBUG_GCC5/AARCH64/ArmPkg/Library/ArmLib/ArmBaseLib/OUTPUT/ArmBaseLib.lib
LOAD /home/osboxes/edk2sdm/edk2_LG_G7_THINQ/workspace/Build/LgG7ThinQPkg/DEBUG_GCC5/AARCH64/ArmPkg/Library/ArmCacheMaintenanceLib/ArmCacheMaintenanceLib/OUTPUT/ArmCacheMaintenanceLib.lib
LOAD /home/osboxes/edk2sdm/edk2_LG_G7_THINQ/workspace/Build/LgG7ThinQPkg/DEBUG_GCC5/AARCH64/MdePkg/Library/BaseIoLibIntrinsic/BaseIoLibIntrinsic/OUTPUT/BaseIoLibIntrinsic.lib
LOAD /home/osboxes/edk2sdm/edk2_LG_G7_THINQ/workspace/Build/LgG7ThinQPkg/DEBUG_GCC5/AARCH64/ArmPkg/Library/CompilerIntrinsicsLib/CompilerIntrinsicsLib/OUTPUT/CompilerIntrinsicsLib.lib
LOAD /home/osboxes/edk2sdm/edk2_LG_G7_THINQ/workspace/Build/LgG7ThinQPkg/DEBUG_GCC5/AARCH64/MdePkg/Library/BaseDebugPrintErrorLevelLib/BaseDebugPrintErrorLevelLib/OUTPUT/BaseDebugPrintErrorLevelLib.lib
LOAD /home/osboxes/edk2sdm/edk2_LG_G7_THINQ/workspace/Build/LgG7ThinQPkg/DEBUG_GCC5/AARCH64/LgG7ThinQPkg/Library/FrameBufferSerialPortLib/FrameBufferSerialPortLib/OUTPUT/FrameBufferSerialPortLib.lib
LOAD /home/osboxes/edk2sdm/edk2_LG_G7_THINQ/workspace/Build/LgG7ThinQPkg/DEBUG_GCC5/AARCH64/MdePkg/Library/BasePrintLib/BasePrintLib/OUTPUT/BasePrintLib.lib
LOAD /home/osboxes/edk2sdm/edk2_LG_G7_THINQ/workspace/Build/LgG7ThinQPkg/DEBUG_GCC5/AARCH64/MdePkg/Library/BaseDebugLibSerialPort/BaseDebugLibSerialPort/OUTPUT/BaseDebugLibSerialPort.lib
LOAD /home/osboxes/edk2sdm/edk2_LG_G7_THINQ/workspace/Build/LgG7ThinQPkg/DEBUG_GCC5/AARCH64/MdePkg/Library/UefiMemoryAllocationLib/UefiMemoryAllocationLib/OUTPUT/UefiMemoryAllocationLib.lib
LOAD /home/osboxes/edk2sdm/edk2_LG_G7_THINQ/workspace/Build/LgG7ThinQPkg/DEBUG_GCC5/AARCH64/MdePkg/Library/UefiDevicePathLib/UefiDevicePathLib/OUTPUT/UefiDevicePathLib.lib
LOAD /home/osboxes/edk2sdm/edk2_LG_G7_THINQ/workspace/Build/LgG7ThinQPkg/DEBUG_GCC5/AARCH64/MdePkg/Library/UefiBootServicesTableLib/UefiBootServicesTableLib/OUTPUT/UefiBootServicesTableLib.lib
LOAD /home/osboxes/edk2sdm/edk2_LG_G7_THINQ/workspace/Build/LgG7ThinQPkg/DEBUG_GCC5/AARCH64/MdePkg/Library/UefiRuntimeServicesTableLib/UefiRuntimeServicesTableLib/OUTPUT/UefiRuntimeServicesTableLib.lib
LOAD /home/osboxes/edk2sdm/edk2_LG_G7_THINQ/workspace/Build/LgG7ThinQPkg/DEBUG_GCC5/AARCH64/MdePkg/Library/UefiLib/UefiLib/OUTPUT/UefiLib.lib
LOAD /home/osboxes/edk2sdm/edk2_LG_G7_THINQ/workspace/Build/LgG7ThinQPkg/DEBUG_GCC5/AARCH64/MdePkg/Library/DxeHobLib/DxeHobLib/OUTPUT/DxeHobLib.lib
LOAD /home/osboxes/edk2sdm/edk2_LG_G7_THINQ/workspace/Build/LgG7ThinQPkg/DEBUG_GCC5/AARCH64/MdePkg/Library/UefiDriverEntryPoint/UefiDriverEntryPoint/OUTPUT/UefiDriverEntryPoint.lib
LOAD /home/osboxes/edk2sdm/edk2_LG_G7_THINQ/workspace/Build/LgG7ThinQPkg/DEBUG_GCC5/AARCH64/MdePkg/Library/DxeServicesLib/DxeServicesLib/OUTPUT/DxeServicesLib.lib
LOAD /home/osboxes/edk2sdm/edk2_LG_G7_THINQ/workspace/Build/LgG7ThinQPkg/DEBUG_GCC5/AARCH64/MdePkg/Library/BaseStackCheckLib/BaseStackCheckLib/OUTPUT/BaseStackCheckLib.lib
LOAD /home/osboxes/edk2sdm/edk2_LG_G7_THINQ/workspace/Build/LgG7ThinQPkg/DEBUG_GCC5/AARCH64/MdeModulePkg/Universal/PCD/Dxe/Pcd/OUTPUT/PcdDxe.lib
END GROUP
                0x0000000000000228                . = PECOFF_HEADER_SIZE

.gnu.version_d  0x0000000000000228        0x0
 .gnu.version_d
                0x0000000000000228        0x0 /home/osboxes/edk2sdm/edk2/ArmPkg/Library/GccLto/liblto-aarch64.a

.gnu.version    0x0000000000000228        0x0
 .gnu.version   0x0000000000000228        0x0 /home/osboxes/edk2sdm/edk2/ArmPkg/Library/GccLto/liblto-aarch64.a

.gnu.version_r  0x0000000000000228        0x0
 .gnu.version_r
                0x0000000000000228        0x0 /home/osboxes/edk2sdm/edk2/ArmPkg/Library/GccLto/liblto-aarch64.a

.text           0x0000000000001000     0x6658
 *(.text .text.* .stub .gnu.linkonce.t.*)
 .text.DebugAssertEnabled
                0x0000000000001000        0x8 /tmp/PcdDxe.dll.lZGIee.ltrans0.ltrans.o
 .text.InternalAllocatePool.constprop.0
                0x0000000000001008       0x68 /tmp/PcdDxe.dll.lZGIee.ltrans0.ltrans.o
 .text.BasePrintLibFillBuffer
                0x0000000000001070       0x34 /tmp/PcdDxe.dll.lZGIee.ltrans0.ltrans.o
 .text.DebugPrintLevelEnabled
                0x00000000000010a4        0x8 /tmp/PcdDxe.dll.lZGIee.ltrans0.ltrans.o
 .text.DebugPrintEnabled
                0x00000000000010ac        0x8 /tmp/PcdDxe.dll.lZGIee.ltrans0.ltrans.o
 .text.AsciiStrnLenS
                0x00000000000010b4       0x3c /tmp/PcdDxe.dll.lZGIee.ltrans0.ltrans.o
 .text.GetSizeTableIndex
                0x00000000000010f0       0x54 /tmp/PcdDxe.dll.lZGIee.ltrans0.ltrans.o
 .text.UpdatePcdDatabase
                0x0000000000001144      0x124 /tmp/PcdDxe.dll.lZGIee.ltrans0.ltrans.o
 .text.GetLocalTokenNumber
                0x0000000000001268       0x44 /tmp/PcdDxe.dll.lZGIee.ltrans0.ltrans.o
 .text.DxeGetPcdInfoGetSku
                0x00000000000012ac       0x10 /tmp/PcdDxe.dll.lZGIee.ltrans0.ltrans.o
 .text.BaseDebugLibSerialPortConstructor
                0x00000000000012bc       0x84 /tmp/PcdDxe.dll.lZGIee.ltrans0.ltrans.o
 .text.FbConFlush
                0x0000000000001340       0x54 /tmp/PcdDxe.dll.lZGIee.ltrans0.ltrans.o
 .text.SerialPortWrite
                0x0000000000001394      0x400 /tmp/PcdDxe.dll.lZGIee.ltrans0.ltrans.o
 .text.DebugAssert
                0x0000000000001794       0x7c /tmp/PcdDxe.dll.lZGIee.ltrans0.ltrans.o
 .text.EfiReleaseLock.constprop.0
                0x0000000000001810       0x6c /tmp/PcdDxe.dll.lZGIee.ltrans0.ltrans.o
 .text.EfiAcquireLock.constprop.0
                0x000000000000187c       0x70 /tmp/PcdDxe.dll.lZGIee.ltrans0.ltrans.o
 .text.ReadUnaligned16
                0x00000000000018ec       0x5c /tmp/PcdDxe.dll.lZGIee.ltrans0.ltrans.o
 .text.ReadUnaligned32
                0x0000000000001948       0x50 /tmp/PcdDxe.dll.lZGIee.ltrans0.ltrans.o
 .text.ReadUnaligned64
                0x0000000000001998       0x50 /tmp/PcdDxe.dll.lZGIee.ltrans0.ltrans.o
 .text.AsciiStrLen
                0x00000000000019e8       0x74 /tmp/PcdDxe.dll.lZGIee.ltrans0.ltrans.o
 .text.AsciiStrSize
                0x0000000000001a5c       0x18 /tmp/PcdDxe.dll.lZGIee.ltrans0.ltrans.o
 .text.StrLen   0x0000000000001a74       0x90 /tmp/PcdDxe.dll.lZGIee.ltrans0.ltrans.o
 .text.StrCmp   0x0000000000001b04       0x98 /tmp/PcdDxe.dll.lZGIee.ltrans0.ltrans.o
 .text.AsciiStrCatS
                0x0000000000001b9c      0x198 /tmp/PcdDxe.dll.lZGIee.ltrans0.ltrans.o
 .text.BasePrintLibSPrintMarker.constprop.0
                0x0000000000001d34      0xc04 /tmp/PcdDxe.dll.lZGIee.ltrans0.ltrans.o
 .text.BasePrintLibSPrint.constprop.0
                0x0000000000002938       0x98 /tmp/PcdDxe.dll.lZGIee.ltrans0.ltrans.o
 .text.DebugPrint
                0x00000000000029d0       0xb4 /tmp/PcdDxe.dll.lZGIee.ltrans0.ltrans.o
 .text.FreePool
                0x0000000000002a84       0x7c /tmp/PcdDxe.dll.lZGIee.ltrans0.ltrans.o
 .text.AsciiSPrint.constprop.0
                0x0000000000002b00       0xa4 /tmp/PcdDxe.dll.lZGIee.ltrans0.ltrans.o
 .text.InitializeListHead
                0x0000000000002ba4       0x40 /tmp/PcdDxe.dll.lZGIee.ltrans0.ltrans.o
 .text.InternalBaseLibIsListValid
                0x0000000000002be4       0xac /tmp/PcdDxe.dll.lZGIee.ltrans0.ltrans.o
 .text.RemoveEntryList
                0x0000000000002c90       0x74 /tmp/PcdDxe.dll.lZGIee.ltrans0.ltrans.o
 .text.GetFirstNode
                0x0000000000002d04       0x44 /tmp/PcdDxe.dll.lZGIee.ltrans0.ltrans.o
 .text.GetNextNode
                0x0000000000002d48       0x44 /tmp/PcdDxe.dll.lZGIee.ltrans0.ltrans.o
 .text.InvokeCallbackOnSet
                0x0000000000002d8c       0xa0 /tmp/PcdDxe.dll.lZGIee.ltrans0.ltrans.o
 .text.InsertTailList
                0x0000000000002e2c       0x5c /tmp/PcdDxe.dll.lZGIee.ltrans0.ltrans.o
 .text.VariableLockDynamicHiiPcd
                0x0000000000002e88      0x140 /tmp/PcdDxe.dll.lZGIee.ltrans0.ltrans.o
 .text.VariableLockCallBack
                0x0000000000002fc8       0x7c /tmp/PcdDxe.dll.lZGIee.ltrans0.ltrans.o
 .text.SetPtrTypeSize
                0x0000000000003044      0x104 /tmp/PcdDxe.dll.lZGIee.ltrans0.ltrans.o
 .text.GetPtrTypeSize
                0x0000000000003148       0xc8 /tmp/PcdDxe.dll.lZGIee.ltrans0.ltrans.o
 .text.GetPcdType
                0x0000000000003210       0xa4 /tmp/PcdDxe.dll.lZGIee.ltrans0.ltrans.o
 .text.DxePcdGetSize
                0x00000000000032b4       0xe8 /tmp/PcdDxe.dll.lZGIee.ltrans0.ltrans.o
 .text.DxePcdSetSku
                0x000000000000339c      0x1e0 /tmp/PcdDxe.dll.lZGIee.ltrans0.ltrans.o
 .text.CopyMem  0x000000000000357c       0xa4 /tmp/PcdDxe.dll.lZGIee.ltrans0.ltrans.o
 .text.GetWorker
                0x0000000000003620      0x388 /tmp/PcdDxe.dll.lZGIee.ltrans0.ltrans.o
 .text.DxePcdGetPtr
                0x00000000000039a8        0x8 /tmp/PcdDxe.dll.lZGIee.ltrans0.ltrans.o
 .text.DxePcdGet64
                0x00000000000039b0       0x18 /tmp/PcdDxe.dll.lZGIee.ltrans0.ltrans.o
 .text.DxePcdGet32
                0x00000000000039c8       0x18 /tmp/PcdDxe.dll.lZGIee.ltrans0.ltrans.o
 .text.DxePcdGet16
                0x00000000000039e0       0x18 /tmp/PcdDxe.dll.lZGIee.ltrans0.ltrans.o
 .text.DxePcdGet8
                0x00000000000039f8       0x1c /tmp/PcdDxe.dll.lZGIee.ltrans0.ltrans.o
 .text.DxePcdGetBool
                0x0000000000003a14        0x4 /tmp/PcdDxe.dll.lZGIee.ltrans0.ltrans.o
 .text.ZeroMem  0x0000000000003a18       0x70 /tmp/PcdDxe.dll.lZGIee.ltrans0.ltrans.o
 .text.AllocateZeroPool
                0x0000000000003a88       0x34 /tmp/PcdDxe.dll.lZGIee.ltrans0.ltrans.o
 .text.GetPcdName
                0x0000000000003abc      0x184 /tmp/PcdDxe.dll.lZGIee.ltrans0.ltrans.o
 .text.GetDistinctTokenSpace
                0x0000000000003c40       0xcc /tmp/PcdDxe.dll.lZGIee.ltrans0.ltrans.o
 .text.ScanGuid
                0x0000000000003d0c       0xc4 /tmp/PcdDxe.dll.lZGIee.ltrans0.ltrans.o
 .text.GetExPcdTokenNumber
                0x0000000000003dd0      0x178 /tmp/PcdDxe.dll.lZGIee.ltrans0.ltrans.o
 .text.ExGetWorker
                0x0000000000003f48       0x24 /tmp/PcdDxe.dll.lZGIee.ltrans0.ltrans.o
 .text.DxePcdGetPtrEx
                0x0000000000003f6c        0x8 /tmp/PcdDxe.dll.lZGIee.ltrans0.ltrans.o
 .text.DxePcdGet64Ex
                0x0000000000003f74       0x18 /tmp/PcdDxe.dll.lZGIee.ltrans0.ltrans.o
 .text.DxePcdGet32Ex
                0x0000000000003f8c       0x18 /tmp/PcdDxe.dll.lZGIee.ltrans0.ltrans.o
 .text.DxePcdGet16Ex
                0x0000000000003fa4       0x18 /tmp/PcdDxe.dll.lZGIee.ltrans0.ltrans.o
 .text.DxePcdGet8Ex
                0x0000000000003fbc       0x1c /tmp/PcdDxe.dll.lZGIee.ltrans0.ltrans.o
 .text.DxePcdGetBoolEx
                0x0000000000003fd8        0x4 /tmp/PcdDxe.dll.lZGIee.ltrans0.ltrans.o
 .text.DxeUnRegisterCallBackOnSet
                0x0000000000003fdc       0xc0 /tmp/PcdDxe.dll.lZGIee.ltrans0.ltrans.o
 .text.DxeRegisterCallBackOnSet
                0x000000000000409c       0xe4 /tmp/PcdDxe.dll.lZGIee.ltrans0.ltrans.o
 .text.DxePcdGetSizeEx
                0x0000000000004180       0x14 /tmp/PcdDxe.dll.lZGIee.ltrans0.ltrans.o
 .text.ExGetNextTokeNumber
                0x0000000000004194      0x110 /tmp/PcdDxe.dll.lZGIee.ltrans0.ltrans.o
 .text.DxePcdGetNextToken
                0x00000000000042a4      0x150 /tmp/PcdDxe.dll.lZGIee.ltrans0.ltrans.o
 .text.ExGetPcdInfo
                0x00000000000043f4      0x118 /tmp/PcdDxe.dll.lZGIee.ltrans0.ltrans.o
 .text.DxeGetPcdInfo
                0x000000000000450c      0x16c /tmp/PcdDxe.dll.lZGIee.ltrans0.ltrans.o
 .text.DxeGetPcdInfoGetInfoEx
                0x0000000000004678        0x4 /tmp/PcdDxe.dll.lZGIee.ltrans0.ltrans.o
 .text.DxeGetPcdInfoGetInfo
                0x000000000000467c       0x10 /tmp/PcdDxe.dll.lZGIee.ltrans0.ltrans.o
 .text.CompareGuid
                0x000000000000468c       0x60 /tmp/PcdDxe.dll.lZGIee.ltrans0.ltrans.o
 .text.GetNextGuidHob.constprop.0
                0x00000000000046ec       0xa4 /tmp/PcdDxe.dll.lZGIee.ltrans0.ltrans.o
 .text.GetHobList
                0x0000000000004790      0x118 /tmp/PcdDxe.dll.lZGIee.ltrans0.ltrans.o
 .text.GetVariableSizeAndDataFromHiiPcd
                0x00000000000048a8      0x150 /tmp/PcdDxe.dll.lZGIee.ltrans0.ltrans.o
 .text.SetWorker
                0x00000000000049f8      0x52c /tmp/PcdDxe.dll.lZGIee.ltrans0.ltrans.o
 .text.ExSetWorker
                0x0000000000004f24       0x74 /tmp/PcdDxe.dll.lZGIee.ltrans0.ltrans.o
 .text.DxePcdSetPtrEx
                0x0000000000004f98       0x20 /tmp/PcdDxe.dll.lZGIee.ltrans0.ltrans.o
 .text.DxePcdSet64Ex
                0x0000000000004fb8       0x68 /tmp/PcdDxe.dll.lZGIee.ltrans0.ltrans.o
 .text.DxePcdSet32Ex
                0x0000000000005020       0x68 /tmp/PcdDxe.dll.lZGIee.ltrans0.ltrans.o
 .text.DxePcdSet8Ex
                0x0000000000005088       0x68 /tmp/PcdDxe.dll.lZGIee.ltrans0.ltrans.o
 .text.DxePcdSetBoolEx
                0x00000000000050f0        0x4 /tmp/PcdDxe.dll.lZGIee.ltrans0.ltrans.o
 .text.DxePcdSetPtr
                0x00000000000050f4       0x14 /tmp/PcdDxe.dll.lZGIee.ltrans0.ltrans.o
 .text.DxePcdSet32
                0x0000000000005108       0x5c /tmp/PcdDxe.dll.lZGIee.ltrans0.ltrans.o
 .text.DxePcdSet64
                0x0000000000005164       0x5c /tmp/PcdDxe.dll.lZGIee.ltrans0.ltrans.o
 .text.DxePcdSet16
                0x00000000000051c0       0x5c /tmp/PcdDxe.dll.lZGIee.ltrans0.ltrans.o
 .text.DxePcdSet8
                0x000000000000521c       0x5c /tmp/PcdDxe.dll.lZGIee.ltrans0.ltrans.o
 .text.DxePcdSetBool
                0x0000000000005278        0x4 /tmp/PcdDxe.dll.lZGIee.ltrans0.ltrans.o
 .text.DxePcdGetNextTokenSpace
                0x000000000000527c      0x230 /tmp/PcdDxe.dll.lZGIee.ltrans0.ltrans.o
 .text.DxePcdSet16Ex
                0x00000000000054ac       0xbc /tmp/PcdDxe.dll.lZGIee.ltrans0.ltrans.o
 .text.__stack_chk_fail
                0x0000000000005568       0x34 /tmp/PcdDxe.dll.lZGIee.ltrans0.ltrans.o
                0x0000000000005568                __stack_chk_fail
 .text._ModuleEntryPoint
                0x000000000000559c      0x7f4 /tmp/PcdDxe.dll.lZGIee.ltrans0.ltrans.o
                0x000000000000559c                _ModuleEntryPoint
 .text.memcpy   0x0000000000005d90       0x20 /tmp/PcdDxe.dll.lZGIee.ltrans0.ltrans.o
                0x0000000000005d90                memcpy
 .text          0x0000000000005db0      0x200 /home/osboxes/edk2sdm/edk2_LG_G7_THINQ/workspace/Build/LgG7ThinQPkg/DEBUG_GCC5/AARCH64/MdePkg/Library/BaseMemoryLibOptDxe/BaseMemoryLibOptDxe/OUTPUT/BaseMemoryLibOptDxe.lib(SetMem.obj)
                0x0000000000005db0                InternalMemSetMem16
                0x0000000000005dbc                InternalMemSetMem32
                0x0000000000005dc8                InternalMemSetMem64
                0x0000000000005dd4                InternalMemZeroMem
                0x0000000000005ddc                InternalMemSetMem
 .text          0x0000000000005fb0      0x218 /home/osboxes/edk2sdm/edk2_LG_G7_THINQ/workspace/Build/LgG7ThinQPkg/DEBUG_GCC5/AARCH64/MdePkg/Library/BaseMemoryLibOptDxe/BaseMemoryLibOptDxe/OUTPUT/BaseMemoryLibOptDxe.lib(CopyMem.obj)
                0x000000000000611c                InternalMemCopyMem
 *fill*         0x00000000000061c8       0x18 
 .text          0x00000000000061e0       0x20 /home/osboxes/edk2sdm/edk2_LG_G7_THINQ/workspace/Build/LgG7ThinQPkg/DEBUG_GCC5/AARCH64/MdePkg/Library/BaseMemoryLibOptDxe/BaseMemoryLibOptDxe/OUTPUT/BaseMemoryLibOptDxe.lib(CompareGuid.obj)
                0x00000000000061e0                InternalMemCompareGuid
 .text.ArmCacheInfo
                0x0000000000006200        0x8 /home/osboxes/edk2sdm/edk2_LG_G7_THINQ/workspace/Build/LgG7ThinQPkg/DEBUG_GCC5/AARCH64/ArmPkg/Library/ArmLib/ArmBaseLib/OUTPUT/ArmBaseLib.lib(ArmLibSupport.obj)
                0x0000000000006200                ArmCacheInfo
 .text.ArmGetInterruptState
                0x0000000000006208       0x10 /home/osboxes/edk2sdm/edk2_LG_G7_THINQ/workspace/Build/LgG7ThinQPkg/DEBUG_GCC5/AARCH64/ArmPkg/Library/ArmLib/ArmBaseLib/OUTPUT/ArmBaseLib.lib(ArmLibSupport.obj)
                0x0000000000006208                ArmGetInterruptState
 .text.ArmEnableInterrupts
                0x0000000000006218        0xc /home/osboxes/edk2sdm/edk2_LG_G7_THINQ/workspace/Build/LgG7ThinQPkg/DEBUG_GCC5/AARCH64/ArmPkg/Library/ArmLib/ArmBaseLib/OUTPUT/ArmBaseLib.lib(ArmLibSupportV8.obj)
                0x0000000000006218                ArmEnableInterrupts
 .text.ArmDisableInterrupts
                0x0000000000006224        0xc /home/osboxes/edk2sdm/edk2_LG_G7_THINQ/workspace/Build/LgG7ThinQPkg/DEBUG_GCC5/AARCH64/ArmPkg/Library/ArmLib/ArmBaseLib/OUTPUT/ArmBaseLib.lib(ArmLibSupportV8.obj)
                0x0000000000006224                ArmDisableInterrupts
 .text.ArmCleanInvalidateDataCacheEntryByMVA
                0x0000000000006230        0x8 /home/osboxes/edk2sdm/edk2_LG_G7_THINQ/workspace/Build/LgG7ThinQPkg/DEBUG_GCC5/AARCH64/ArmPkg/Library/ArmLib/ArmBaseLib/OUTPUT/ArmBaseLib.lib(AArch64Support.obj)
                0x0000000000006230                ArmCleanInvalidateDataCacheEntryByMVA
 .text.ArmDataSynchronizationBarrier
                0x0000000000006238        0x8 /home/osboxes/edk2sdm/edk2_LG_G7_THINQ/workspace/Build/LgG7ThinQPkg/DEBUG_GCC5/AARCH64/ArmPkg/Library/ArmLib/ArmBaseLib/OUTPUT/ArmBaseLib.lib(AArch64Support.obj)
                0x0000000000006238                ArmDataSynchronizationBarrier
 *(.rodata .rodata.* .gnu.linkonce.r.*)
 .rodata.DebugAssert.str1.1
                0x0000000000006240       0x1f /tmp/PcdDxe.dll.lZGIee.ltrans0.ltrans.o
 .rodata.EfiReleaseLock.constprop.0.str1.1
                0x000000000000625f       0x5a /tmp/PcdDxe.dll.lZGIee.ltrans0.ltrans.o
 .rodata.EfiAcquireLock.constprop.0.str1.1
                0x00000000000062b9       0x1e /tmp/PcdDxe.dll.lZGIee.ltrans0.ltrans.o
 .rodata.ReadUnaligned16.str1.1
                0x00000000000062d7       0x59 /tmp/PcdDxe.dll.lZGIee.ltrans0.ltrans.o
 .rodata.AsciiStrLen.str1.1
                0x0000000000006330       0x73 /tmp/PcdDxe.dll.lZGIee.ltrans0.ltrans.o
 .rodata.StrLen.str1.1
                0x00000000000063a3       0x5d /tmp/PcdDxe.dll.lZGIee.ltrans0.ltrans.o
 .rodata.StrCmp.str1.1
                0x0000000000006400       0x37 /tmp/PcdDxe.dll.lZGIee.ltrans0.ltrans.o
 .rodata.AsciiStrCatS.str1.1
                0x0000000000006437      0x12a /tmp/PcdDxe.dll.lZGIee.ltrans0.ltrans.o
 .rodata.BasePrintLibSPrintMarker.constprop.0.str1.1
                0x0000000000006561      0x17a /tmp/PcdDxe.dll.lZGIee.ltrans0.ltrans.o
 *fill*         0x00000000000066db        0x1 
 .rodata.BasePrintLibSPrintMarker.constprop.0
                0x00000000000066dc       0x5e /tmp/PcdDxe.dll.lZGIee.ltrans0.ltrans.o
 .rodata.FreePool.str1.1
                0x000000000000673a       0x8d /tmp/PcdDxe.dll.lZGIee.ltrans0.ltrans.o
 .rodata.InitializeListHead.str1.1
                0x00000000000067c7       0x58 /tmp/PcdDxe.dll.lZGIee.ltrans0.ltrans.o
 .rodata.InternalBaseLibIsListValid.str1.1
                0x000000000000681f       0x41 /tmp/PcdDxe.dll.lZGIee.ltrans0.ltrans.o
                                         0x56 (size before relaxing)
 .rodata.RemoveEntryList.str1.1
                0x0000000000006860       0x3b /tmp/PcdDxe.dll.lZGIee.ltrans0.ltrans.o
 .rodata.GetFirstNode.str1.1
                0x000000000000689b       0x22 /tmp/PcdDxe.dll.lZGIee.ltrans0.ltrans.o
 .rodata.VariableLockDynamicHiiPcd.str1.1
                0x00000000000068bd       0x44 /tmp/PcdDxe.dll.lZGIee.ltrans0.ltrans.o
 .rodata.SetPtrTypeSize.str1.1
                0x0000000000006901       0x82 /tmp/PcdDxe.dll.lZGIee.ltrans0.ltrans.o
 .rodata.DxePcdGetSize.str1.1
                0x0000000000006983       0x6a /tmp/PcdDxe.dll.lZGIee.ltrans0.ltrans.o
 .rodata.DxePcdSetSku.str1.1
                0x00000000000069ed      0x16e /tmp/PcdDxe.dll.lZGIee.ltrans0.ltrans.o
 .rodata.CopyMem.str1.1
                0x0000000000006b5b       0xd0 /tmp/PcdDxe.dll.lZGIee.ltrans0.ltrans.o
 .rodata.GetWorker.str1.1
                0x0000000000006c2b       0xaa /tmp/PcdDxe.dll.lZGIee.ltrans0.ltrans.o
 .rodata.ZeroMem.str1.1
                0x0000000000006cd5       0x85 /tmp/PcdDxe.dll.lZGIee.ltrans0.ltrans.o
 .rodata.GetPcdName.str1.1
                0x0000000000006d5a       0x54 /tmp/PcdDxe.dll.lZGIee.ltrans0.ltrans.o
 .rodata.GetDistinctTokenSpace.str1.1
                0x0000000000006dae       0x23 /tmp/PcdDxe.dll.lZGIee.ltrans0.ltrans.o
 .rodata.ScanGuid.str1.1
                0x0000000000006dd1       0xa9 /tmp/PcdDxe.dll.lZGIee.ltrans0.ltrans.o
 .rodata.GetExPcdTokenNumber.str1.1
                0x0000000000006e7a       0x1a /tmp/PcdDxe.dll.lZGIee.ltrans0.ltrans.o
 .rodata.DxeRegisterCallBackOnSet.str1.1
                0x0000000000006e94       0x1d /tmp/PcdDxe.dll.lZGIee.ltrans0.ltrans.o
 .rodata.DxeGetPcdInfo.str1.1
                0x0000000000006eb1       0x18 /tmp/PcdDxe.dll.lZGIee.ltrans0.ltrans.o
 .rodata.CompareGuid.str1.1
                0x0000000000006ec9       0x2c /tmp/PcdDxe.dll.lZGIee.ltrans0.ltrans.o
 .rodata.GetNextGuidHob.constprop.0.str1.1
                0x0000000000006ef5       0x56 /tmp/PcdDxe.dll.lZGIee.ltrans0.ltrans.o
 .rodata.GetHobList.str1.1
                0x0000000000006f4b       0x19 /tmp/PcdDxe.dll.lZGIee.ltrans0.ltrans.o
 .rodata.SetWorker
                0x0000000000006f64        0x8 /tmp/PcdDxe.dll.lZGIee.ltrans0.ltrans.o
 .rodata.DxePcdGetNextTokenSpace.str1.1
                0x0000000000006f6c       0x19 /tmp/PcdDxe.dll.lZGIee.ltrans0.ltrans.o
                                         0x15 (size before relaxing)
 .rodata.DxePcdSet16Ex.str1.1
                0x0000000000006f6c       0x55 /tmp/PcdDxe.dll.lZGIee.ltrans0.ltrans.o
 .rodata.__stack_chk_fail.str1.1
                0x0000000000006fc1       0x2e /tmp/PcdDxe.dll.lZGIee.ltrans0.ltrans.o
 .rodata._ModuleEntryPoint.str1.1
                0x0000000000006fef      0x2da /tmp/PcdDxe.dll.lZGIee.ltrans0.ltrans.o
                                        0x2f6 (size before relaxing)
 .rodata.str1.1
                0x00000000000072c9      0x224 /tmp/PcdDxe.dll.lZGIee.ltrans0.ltrans.o
                                        0x235 (size before relaxing)
 .rodata.mHexStr
                0x00000000000074ed       0x10 /tmp/PcdDxe.dll.lZGIee.ltrans0.ltrans.o
 *fill*         0x00000000000074fd        0x3 
 .rodata.mStatusString
                0x0000000000007500      0x138 /tmp/PcdDxe.dll.lZGIee.ltrans0.ltrans.o
 *(.got .got.*)
 .got           0x0000000000007638        0x8 /home/osboxes/edk2sdm/edk2/ArmPkg/Library/GccLto/liblto-aarch64.a
                0x0000000000007638                _GLOBAL_OFFSET_TABLE_
 .got.plt       0x0000000000007640       0x18 /home/osboxes/edk2sdm/edk2/ArmPkg/Library/GccLto/liblto-aarch64.a
 *:AutoGen.obj(.data.g*Guid)

.plt            0x0000000000007658        0x0
 .plt           0x0000000000007658        0x0 /home/osboxes/edk2sdm/edk2/ArmPkg/Library/GccLto/liblto-aarch64.a

.data           0x0000000000008000      0x678
 *(.data .data.* .gnu.linkonce.d.*)
 .data.rel.ro   0x0000000000008000        0x0 /home/osboxes/edk2sdm/edk2/ArmPkg/Library/GccLto/liblto-aarch64.a
 .data.__stack_chk_guard
                0x0000000000008000        0x8 /tmp/PcdDxe.dll.lZGIee.ltrans0.ltrans.o
                0x0000000000008000                __stack_chk_guard
 .data.font5x12
                0x0000000000008008      0x300 /tmp/PcdDxe.dll.lZGIee.ltrans0.ltrans.o
 .data.gEdkiiVariableLockProtocolGuid
                0x0000000000008308       0x10 /tmp/PcdDxe.dll.lZGIee.ltrans0.ltrans.o
 .data.gEfiCallerIdGuid
                0x0000000000008318       0x10 /tmp/PcdDxe.dll.lZGIee.ltrans0.ltrans.o
 .data.gEfiFirmwareVolume2ProtocolGuid
                0x0000000000008328       0x10 /tmp/PcdDxe.dll.lZGIee.ltrans0.ltrans.o
 .data.gEfiGetPcdInfoProtocolGuid
                0x0000000000008338       0x10 /tmp/PcdDxe.dll.lZGIee.ltrans0.ltrans.o
 .data.gEfiHobListGuid
                0x0000000000008348       0x10 /tmp/PcdDxe.dll.lZGIee.ltrans0.ltrans.o
 .data.gEfiLoadedImageProtocolGuid
                0x0000000000008358       0x10 /tmp/PcdDxe.dll.lZGIee.ltrans0.ltrans.o
 .data.gEfiMdeModulePkgTokenSpaceGuid
                0x0000000000008368       0x10 /tmp/PcdDxe.dll.lZGIee.ltrans0.ltrans.o
 .data.gEfiPcdProtocolGuid
                0x0000000000008378       0x10 /tmp/PcdDxe.dll.lZGIee.ltrans0.ltrans.o
 .data.gGetPcdInfoProtocolGuid
                0x0000000000008388       0x10 /tmp/PcdDxe.dll.lZGIee.ltrans0.ltrans.o
 .data.gPcdDataBaseHobGuid
                0x0000000000008398       0x10 /tmp/PcdDxe.dll.lZGIee.ltrans0.ltrans.o
 .data.gPcdDataBaseSignatureGuid
                0x00000000000083a8       0x10 /tmp/PcdDxe.dll.lZGIee.ltrans0.ltrans.o
 .data.gPcdProtocolGuid
                0x00000000000083b8       0x10 /tmp/PcdDxe.dll.lZGIee.ltrans0.ltrans.o
 .data.mEfiGetPcdInfoInstance
                0x00000000000083c8       0x10 /tmp/PcdDxe.dll.lZGIee.ltrans0.ltrans.o
 .data.mEfiPcdInstance
                0x00000000000083d8       0x90 /tmp/PcdDxe.dll.lZGIee.ltrans0.ltrans.o
 .data.mGetPcdInfoInstance
                0x0000000000008468       0x18 /tmp/PcdDxe.dll.lZGIee.ltrans0.ltrans.o
 .data.mPcdDatabaseLock
                0x0000000000008480       0x18 /tmp/PcdDxe.dll.lZGIee.ltrans0.ltrans.o
 .data.mPcdInstance
                0x0000000000008498       0xf8 /tmp/PcdDxe.dll.lZGIee.ltrans0.ltrans.o
 *(.bss .bss.*)
 .bss.TmpTokenSpaceBuffer
                0x0000000000008590        0x8 /tmp/PcdDxe.dll.lZGIee.ltrans0.ltrans.o
 .bss.TmpTokenSpaceBufferCount
                0x0000000000008598        0x8 /tmp/PcdDxe.dll.lZGIee.ltrans0.ltrans.o
 .bss.gBS       0x00000000000085a0        0x8 /tmp/PcdDxe.dll.lZGIee.ltrans0.ltrans.o
 .bss.gImageHandle
                0x00000000000085a8        0x8 /tmp/PcdDxe.dll.lZGIee.ltrans0.ltrans.o
 .bss.gRT       0x00000000000085b0        0x8 /tmp/PcdDxe.dll.lZGIee.ltrans0.ltrans.o
 .bss.gST       0x00000000000085b8        0x8 /tmp/PcdDxe.dll.lZGIee.ltrans0.ltrans.o
 .bss.mCallbackFnTable
                0x00000000000085c0        0x8 /tmp/PcdDxe.dll.lZGIee.ltrans0.ltrans.o
 .bss.mDxeExMapTableEmpty
                0x00000000000085c8        0x1 /tmp/PcdDxe.dll.lZGIee.ltrans0.ltrans.o
 *fill*         0x00000000000085c9        0x3 
 .bss.mDxeExMapppingTableSize
                0x00000000000085cc        0x4 /tmp/PcdDxe.dll.lZGIee.ltrans0.ltrans.o
 .bss.mDxeGuidTableSize
                0x00000000000085d0        0x4 /tmp/PcdDxe.dll.lZGIee.ltrans0.ltrans.o
 .bss.mDxeLocalTokenCount
                0x00000000000085d4        0x4 /tmp/PcdDxe.dll.lZGIee.ltrans0.ltrans.o
 .bss.mDxeNexTokenCount
                0x00000000000085d8        0x4 /tmp/PcdDxe.dll.lZGIee.ltrans0.ltrans.o
 *fill*         0x00000000000085dc        0x4 
 .bss.mDxePcdDbBinary
                0x00000000000085e0        0x8 /tmp/PcdDxe.dll.lZGIee.ltrans0.ltrans.o
 .bss.mDxePcdDbSize
                0x00000000000085e8        0x8 /tmp/PcdDxe.dll.lZGIee.ltrans0.ltrans.o
 .bss.mHobList  0x00000000000085f0        0x8 /tmp/PcdDxe.dll.lZGIee.ltrans0.ltrans.o
 .bss.mPcdDatabase
                0x00000000000085f8       0x10 /tmp/PcdDxe.dll.lZGIee.ltrans0.ltrans.o
 .bss.mPcdHandle
                0x0000000000008608        0x8 /tmp/PcdDxe.dll.lZGIee.ltrans0.ltrans.o
 .bss.mPcdTotalTokenCount
                0x0000000000008610        0x4 /tmp/PcdDxe.dll.lZGIee.ltrans0.ltrans.o
 .bss.mPeiDatabaseEmpty
                0x0000000000008614        0x1 /tmp/PcdDxe.dll.lZGIee.ltrans0.ltrans.o
 .bss.mPeiExMapTableEmpty
                0x0000000000008615        0x1 /tmp/PcdDxe.dll.lZGIee.ltrans0.ltrans.o
 *fill*         0x0000000000008616        0x2 
 .bss.mPeiExMapppingTableSize
                0x0000000000008618        0x4 /tmp/PcdDxe.dll.lZGIee.ltrans0.ltrans.o
 .bss.mPeiGuidTableSize
                0x000000000000861c        0x4 /tmp/PcdDxe.dll.lZGIee.ltrans0.ltrans.o
 .bss.mPeiLocalTokenCount
                0x0000000000008620        0x4 /tmp/PcdDxe.dll.lZGIee.ltrans0.ltrans.o
 .bss.mPeiNexTokenCount
                0x0000000000008624        0x4 /tmp/PcdDxe.dll.lZGIee.ltrans0.ltrans.o
 .bss.mPeiPcdDbBinary
                0x0000000000008628        0x8 /tmp/PcdDxe.dll.lZGIee.ltrans0.ltrans.o
 .bss.mPeiPcdDbSize
                0x0000000000008630        0x8 /tmp/PcdDxe.dll.lZGIee.ltrans0.ltrans.o
 .bss.mVpdBaseAddress
                0x0000000000008638        0x8 /tmp/PcdDxe.dll.lZGIee.ltrans0.ltrans.o
 .bss.m_Color   0x0000000000008640       0x10 /tmp/PcdDxe.dll.lZGIee.ltrans0.ltrans.o
 .bss.m_Initialized
                0x0000000000008650        0x1 /tmp/PcdDxe.dll.lZGIee.ltrans0.ltrans.o
 *fill*         0x0000000000008651        0x7 
 .bss.m_MaxPosition
                0x0000000000008658       0x10 /tmp/PcdDxe.dll.lZGIee.ltrans0.ltrans.o
 .bss.m_Position
                0x0000000000008668       0x10 /tmp/PcdDxe.dll.lZGIee.ltrans0.ltrans.o

.dynbss         0x0000000000008678        0x0
 .dynbss        0x0000000000008678        0x0 /home/osboxes/edk2sdm/edk2/ArmPkg/Library/GccLto/liblto-aarch64.a

.eh_frame
 *(.eh_frame)

.rela           0x0000000000008678      0x8b8
 *(.rela .rela.*)
 .rela.got      0x0000000000008678        0x0 /home/osboxes/edk2sdm/edk2/ArmPkg/Library/GccLto/liblto-aarch64.a
 .rela.plt      0x0000000000008678        0x0 /home/osboxes/edk2sdm/edk2/ArmPkg/Library/GccLto/liblto-aarch64.a
 .rela.bss      0x0000000000008678        0x0 /home/osboxes/edk2sdm/edk2/ArmPkg/Library/GccLto/liblto-aarch64.a
 .rela.data.rel.ro
                0x0000000000008678        0x0 /home/osboxes/edk2sdm/edk2/ArmPkg/Library/GccLto/liblto-aarch64.a
 .rela.ifunc    0x0000000000008678        0x0 /home/osboxes/edk2sdm/edk2/ArmPkg/Library/GccLto/liblto-aarch64.a
 .rela.data.mEfiGetPcdInfoInstance
                0x0000000000008678       0x30 /home/osboxes/edk2sdm/edk2/ArmPkg/Library/GccLto/liblto-aarch64.a
 .rela.data.mEfiPcdInstance
                0x00000000000086a8      0x1b0 /home/osboxes/edk2sdm/edk2/ArmPkg/Library/GccLto/liblto-aarch64.a
 .rela.data.mGetPcdInfoInstance
                0x0000000000008858       0x48 /home/osboxes/edk2sdm/edk2/ArmPkg/Library/GccLto/liblto-aarch64.a
 .rela.data.mPcdInstance
                0x00000000000088a0      0x2e8 /home/osboxes/edk2sdm/edk2/ArmPkg/Library/GccLto/liblto-aarch64.a
 .rela.rodata.mStatusString
                0x0000000000008b88      0x3a8 /home/osboxes/edk2sdm/edk2/ArmPkg/Library/GccLto/liblto-aarch64.a

.hii
 *(.hii)

.build-id       0x0000000000008f30       0x24
 *(.note.gnu.build-id)
 .note.gnu.build-id
                0x0000000000008f30       0x24 /home/osboxes/edk2sdm/edk2/ArmPkg/Library/GccLto/liblto-aarch64.a

/DISCARD/
 *(.note.GNU-stack)
 *(.gnu_debuglink)
 *(.interp)
 *(.dynsym)
 *(.dynstr)
 *(.dynamic)
 *(.hash .gnu.hash)
 *(.comment)
 *(COMMON)
                0x0000000000000228                PECOFF_HEADER_SIZE = 0x228
OUTPUT(/home/osboxes/edk2sdm/edk2_LG_G7_THINQ/workspace/Build/LgG7ThinQPkg/DEBUG_GCC5/AARCH64/MdeModulePkg/Universal/PCD/Dxe/Pcd/DEBUG/PcdDxe.dll elf64-littleaarch64)

.debug_info     0x0000000000000000    0x227b1
 .debug_info    0x0000000000000000     0x6641 /tmp/PcdDxe.dll.lZGIee.ltrans0.ltrans.o
 .debug_info    0x0000000000006641      0x289 /tmp/ccRvGJSf.debug.temp.o
                0x0000000000006641                memcpy.c.ac51164e
 .debug_info    0x00000000000068ca      0x23a /tmp/cciQaLog.debug.temp.o
                0x00000000000068ca                memset.c.8ec109bf
 .debug_info    0x0000000000006b04     0x1b08 /tmp/ccf5cYge.debug.temp.o
                0x0000000000006b04                DriverEntryPoint.c.3644824c
 .debug_info    0x000000000000860c      0x239 /tmp/ccgsr8qe.debug.temp.o
                0x000000000000860c                BaseStackCheckGcc.c.4aa6e768
 .debug_info    0x0000000000008845     0x1ec6 /tmp/ccPnog6e.debug.temp.o
                0x0000000000008845                AutoGen.c.1f3cdad3
 .debug_info    0x000000000000a70b     0x30bb /tmp/ccu7tqPc.debug.temp.o
                0x000000000000a70b                Pcd.c.f231c23d
 .debug_info    0x000000000000d7c6     0x2f05 /tmp/cckqILDe.debug.temp.o
                0x000000000000d7c6                Service.c.e4c656bc
 .debug_info    0x00000000000106cb      0x271 /tmp/cc9CEVQf.debug.temp.o
                0x00000000000106cb                CpuDeadLoop.c.3ad87459
 .debug_info    0x000000000001093c      0x4ca /tmp/cc7X6uDd.debug.temp.o
                0x000000000001093c                LinkedList.c.e7e68b86
 .debug_info    0x0000000000010e06      0xe6f /tmp/ccPMwPJc.debug.temp.o
                0x0000000000010e06                SafeString.c.d1dc06bd
 .debug_info    0x0000000000011c75      0xafd /tmp/ccjHGmzg.debug.temp.o
                0x0000000000011c75                String.c.eb1c6b13
 .debug_info    0x0000000000012772      0x3de /tmp/ccVTXW1e.debug.temp.o
                0x0000000000012772                Unaligned.c.38eb62ad
 .debug_info    0x0000000000012b50      0x27c /tmp/ccwd61Of.debug.temp.o
                0x0000000000012b50                LShiftU64.c.98016edb
 .debug_info    0x0000000000012dcc      0x4dd /tmp/cc21Kaac.debug.temp.o
                0x0000000000012dcc                Math64.c.af0a6910
 .debug_info    0x00000000000132a9      0x2cf /tmp/ccubiDyg.debug.temp.o
                0x00000000000132a9                MemLibGuid.c.d7eaf245
 .debug_info    0x0000000000013578      0x22c /tmp/cchDkGbd.debug.temp.o
                0x0000000000013578                ZeroMemWrapper.c.6f42efc0
 .debug_info    0x00000000000137a4      0x243 /tmp/ccopETsg.debug.temp.o
                0x00000000000137a4                CopyMemWrapper.c.cd65deea
 .debug_info    0x00000000000139e7      0x497 /tmp/ccRfo00d.debug.temp.o
                0x00000000000139e7                DebugLib.c.591ccce6
 .debug_info    0x0000000000013e7e     0x1e91 /tmp/ccObAADe.debug.temp.o
                0x0000000000013e7e                MemoryAllocationLib.c.a2d00db7
 .debug_info    0x0000000000015d0f     0x1992 /tmp/ccmMZirc.debug.temp.o
                0x0000000000015d0f                UefiBootServicesTableLib.c.92588772
 .debug_info    0x00000000000176a1     0x1963 /tmp/ccoQeuGd.debug.temp.o
                0x00000000000176a1                UefiRuntimeServicesTableLib.c.88072e97
 .debug_info    0x0000000000019004     0x2896 /tmp/ccTuHehf.debug.temp.o
                0x0000000000019004                UefiLib.c.da6b9c27
 .debug_info    0x000000000001b89a     0x23af /tmp/ccTJ8Yoe.debug.temp.o
                0x000000000001b89a                HobLib.c.b8181337
 .debug_info    0x000000000001dc49     0x2807 /tmp/cckiEbhc.debug.temp.o
                0x000000000001dc49                DxeServicesLib.c.cfc85299
 .debug_info    0x0000000000020450      0x23f /tmp/ccqztS8f.debug.temp.o
                0x0000000000020450                BaseDebugPrintErrorLevelLib.c.2b56c7ea
 .debug_info    0x000000000002068f      0x89c /tmp/cc3Qfw5c.debug.temp.o
                0x000000000002068f                FrameBufferSerialPortLib.c.96e2c406
 .debug_info    0x0000000000020f2b      0x7cd /tmp/ccKXL9Gg.debug.temp.o
                0x0000000000020f2b                PrintLib.c.15de9dce
 .debug_info    0x00000000000216f8      0x824 /tmp/cchdOxPc.debug.temp.o
                0x00000000000216f8                PrintLibInternal.c.b784bb0b
 .debug_info    0x0000000000021f1c      0x286 /tmp/cc6f2dfe.debug.temp.o
                0x0000000000021f1c                DivU64x32Remainder.c.beb2337e
 .debug_info    0x00000000000221a2      0x345 /tmp/cchfzQAe.debug.temp.o
                0x00000000000221a2                ArmCacheMaintenanceLib.c.a5bfab8a
 .debug_info    0x00000000000224e7      0x2ca /tmp/cc6wyJtf.debug.temp.o
                0x00000000000224e7                ArmLib.c.9f426467

.debug_abbrev   0x0000000000000000     0x2e7f
 .debug_abbrev  0x0000000000000000      0x2b1 /tmp/PcdDxe.dll.lZGIee.ltrans0.ltrans.o
 .debug_abbrev  0x00000000000002b1       0xfd /tmp/ccRvGJSf.debug.temp.o
 .debug_abbrev  0x00000000000003ae       0xcf /tmp/cciQaLog.debug.temp.o
 .debug_abbrev  0x000000000000047d      0x1e9 /tmp/ccf5cYge.debug.temp.o
 .debug_abbrev  0x0000000000000666       0xd6 /tmp/ccgsr8qe.debug.temp.o
 .debug_abbrev  0x000000000000073c      0x236 /tmp/ccPnog6e.debug.temp.o
 .debug_abbrev  0x0000000000000972      0x27d /tmp/ccu7tqPc.debug.temp.o
 .debug_abbrev  0x0000000000000bef      0x264 /tmp/cckqILDe.debug.temp.o
 .debug_abbrev  0x0000000000000e53       0xc5 /tmp/cc9CEVQf.debug.temp.o
 .debug_abbrev  0x0000000000000f18      0x137 /tmp/cc7X6uDd.debug.temp.o
 .debug_abbrev  0x000000000000104f      0x12d /tmp/ccPMwPJc.debug.temp.o
 .debug_abbrev  0x000000000000117c      0x135 /tmp/ccjHGmzg.debug.temp.o
 .debug_abbrev  0x00000000000012b1       0xd8 /tmp/ccVTXW1e.debug.temp.o
 .debug_abbrev  0x0000000000001389       0xc0 /tmp/ccwd61Of.debug.temp.o
 .debug_abbrev  0x0000000000001449      0x108 /tmp/cc21Kaac.debug.temp.o
 .debug_abbrev  0x0000000000001551       0xdd /tmp/ccubiDyg.debug.temp.o
 .debug_abbrev  0x000000000000162e       0xc0 /tmp/cchDkGbd.debug.temp.o
 .debug_abbrev  0x00000000000016ee       0xc7 /tmp/ccopETsg.debug.temp.o
 .debug_abbrev  0x00000000000017b5      0x165 /tmp/ccRfo00d.debug.temp.o
 .debug_abbrev  0x000000000000191a      0x242 /tmp/ccObAADe.debug.temp.o
 .debug_abbrev  0x0000000000001b5c      0x1dd /tmp/ccmMZirc.debug.temp.o
 .debug_abbrev  0x0000000000001d39      0x1c3 /tmp/ccoQeuGd.debug.temp.o
 .debug_abbrev  0x0000000000001efc      0x267 /tmp/ccTuHehf.debug.temp.o
 .debug_abbrev  0x0000000000002163      0x25a /tmp/ccTJ8Yoe.debug.temp.o
 .debug_abbrev  0x00000000000023bd      0x225 /tmp/cckiEbhc.debug.temp.o
 .debug_abbrev  0x00000000000025e2       0xd5 /tmp/ccqztS8f.debug.temp.o
 .debug_abbrev  0x00000000000026b7      0x224 /tmp/cc3Qfw5c.debug.temp.o
 .debug_abbrev  0x00000000000028db      0x150 /tmp/ccKXL9Gg.debug.temp.o
 .debug_abbrev  0x0000000000002a2b      0x181 /tmp/cchdOxPc.debug.temp.o
 .debug_abbrev  0x0000000000002bac       0xc2 /tmp/cc6f2dfe.debug.temp.o
 .debug_abbrev  0x0000000000002c6e      0x101 /tmp/cchfzQAe.debug.temp.o
 .debug_abbrev  0x0000000000002d6f      0x110 /tmp/cc6wyJtf.debug.temp.o

.debug_loc      0x0000000000000000     0xc7f5
 .debug_loc     0x0000000000000000     0xc7f5 /tmp/PcdDxe.dll.lZGIee.ltrans0.ltrans.o

.debug_aranges  0x0000000000000000      0x610
 .debug_aranges
                0x0000000000000000      0x610 /tmp/PcdDxe.dll.lZGIee.ltrans0.ltrans.o

.debug_ranges   0x0000000000000000     0x1220
 .debug_ranges  0x0000000000000000     0x1220 /tmp/PcdDxe.dll.lZGIee.ltrans0.ltrans.o

.debug_line     0x0000000000000000     0x9138
 .debug_line    0x0000000000000000     0x4b06 /tmp/PcdDxe.dll.lZGIee.ltrans0.ltrans.o
 .debug_line    0x0000000000004b06      0x188 /tmp/ccRvGJSf.debug.temp.o
 .debug_line    0x0000000000004c8e      0x188 /tmp/cciQaLog.debug.temp.o
 .debug_line    0x0000000000004e16      0x352 /tmp/ccf5cYge.debug.temp.o
 .debug_line    0x0000000000005168      0x187 /tmp/ccgsr8qe.debug.temp.o
 .debug_line    0x00000000000052ef      0x2f5 /tmp/ccPnog6e.debug.temp.o
 .debug_line    0x00000000000055e4      0x46f /tmp/ccu7tqPc.debug.temp.o
 .debug_line    0x0000000000005a53      0x469 /tmp/cckqILDe.debug.temp.o
 .debug_line    0x0000000000005ebc      0x163 /tmp/cc9CEVQf.debug.temp.o
 .debug_line    0x000000000000601f      0x162 /tmp/cc7X6uDd.debug.temp.o
 .debug_line    0x0000000000006181      0x162 /tmp/ccPMwPJc.debug.temp.o
 .debug_line    0x00000000000062e3      0x15e /tmp/ccjHGmzg.debug.temp.o
 .debug_line    0x0000000000006441      0x165 /tmp/ccVTXW1e.debug.temp.o
 .debug_line    0x00000000000065a6      0x161 /tmp/ccwd61Of.debug.temp.o
 .debug_line    0x0000000000006707      0x15e /tmp/cc21Kaac.debug.temp.o
 .debug_line    0x0000000000006865      0x18a /tmp/ccubiDyg.debug.temp.o
 .debug_line    0x00000000000069ef      0x18a /tmp/cchDkGbd.debug.temp.o
 .debug_line    0x0000000000006b79      0x18a /tmp/ccopETsg.debug.temp.o
 .debug_line    0x0000000000006d03      0x21d /tmp/ccRfo00d.debug.temp.o
 .debug_line    0x0000000000006f20      0x333 /tmp/ccObAADe.debug.temp.o
 .debug_line    0x0000000000007253      0x33b /tmp/ccmMZirc.debug.temp.o
 .debug_line    0x000000000000758e      0x2f7 /tmp/ccoQeuGd.debug.temp.o
 .debug_line    0x0000000000007885      0x378 /tmp/ccTuHehf.debug.temp.o
 .debug_line    0x0000000000007bfd      0x3cc /tmp/ccTJ8Yoe.debug.temp.o
 .debug_line    0x0000000000007fc9      0x493 /tmp/cckiEbhc.debug.temp.o
 .debug_line    0x000000000000845c      0x1af /tmp/ccqztS8f.debug.temp.o
 .debug_line    0x000000000000860b      0x373 /tmp/cc3Qfw5c.debug.temp.o
 .debug_line    0x000000000000897e      0x17d /tmp/ccKXL9Gg.debug.temp.o
 .debug_line    0x0000000000008afb      0x19b /tmp/cchdOxPc.debug.temp.o
 .debug_line    0x0000000000008c96      0x16a /tmp/cc6f2dfe.debug.temp.o
 .debug_line    0x0000000000008e00      0x1d9 /tmp/cchfzQAe.debug.temp.o
 .debug_line    0x0000000000008fd9      0x15f /tmp/cc6wyJtf.debug.temp.o

.debug_str      0x0000000000000000     0x6b43
 .debug_str     0x0000000000000000      0x2f9 /tmp/PcdDxe.dll.lZGIee.ltrans0.ltrans.o
                                        0x312 (size before relaxing)
 .debug_str     0x00000000000002f9      0x435 /tmp/ccRvGJSf.debug.temp.o
                                        0x4a4 (size before relaxing)
 .debug_str     0x000000000000072e       0x52 /tmp/cciQaLog.debug.temp.o
                                        0x498 (size before relaxing)
 .debug_str     0x0000000000000780     0x149f /tmp/ccf5cYge.debug.temp.o
                                       0x17e6 (size before relaxing)
 .debug_str     0x0000000000001c1f      0x12d /tmp/ccgsr8qe.debug.temp.o
                                        0x505 (size before relaxing)
 .debug_str     0x0000000000001d4c      0x860 /tmp/ccPnog6e.debug.temp.o
                                       0x1f2e (size before relaxing)
 .debug_str     0x00000000000025ac      0xbf7 /tmp/ccu7tqPc.debug.temp.o
                                       0x2995 (size before relaxing)
 .debug_str     0x00000000000031a3      0x59d /tmp/cckqILDe.debug.temp.o
                                       0x254b (size before relaxing)
 .debug_str     0x0000000000003740       0xc2 /tmp/cc9CEVQf.debug.temp.o
                                        0x58a (size before relaxing)
 .debug_str     0x0000000000003802      0x117 /tmp/cc7X6uDd.debug.temp.o
                                        0x69a (size before relaxing)
 .debug_str     0x0000000000003919      0x2e5 /tmp/ccPMwPJc.debug.temp.o
                                        0x949 (size before relaxing)
 .debug_str     0x0000000000003bfe      0x31f /tmp/ccjHGmzg.debug.temp.o
                                        0x96b (size before relaxing)
 .debug_str     0x0000000000003f1d       0xf2 /tmp/ccVTXW1e.debug.temp.o
                                        0x631 (size before relaxing)
 .debug_str     0x000000000000400f       0x46 /tmp/ccwd61Of.debug.temp.o
                                        0x58e (size before relaxing)
 .debug_str     0x0000000000004055      0x196 /tmp/cc21Kaac.debug.temp.o
                                        0x708 (size before relaxing)
 .debug_str     0x00000000000041eb      0x129 /tmp/ccubiDyg.debug.temp.o
                                        0x503 (size before relaxing)
 .debug_str     0x0000000000004314       0x4f /tmp/cchDkGbd.debug.temp.o
                                        0x4ae (size before relaxing)
 .debug_str     0x0000000000004363       0x6e /tmp/ccopETsg.debug.temp.o
                                        0x4c6 (size before relaxing)
 .debug_str     0x00000000000043d1      0x25a /tmp/ccRfo00d.debug.temp.o
                                        0x6f9 (size before relaxing)
 .debug_str     0x000000000000462b      0x319 /tmp/ccObAADe.debug.temp.o
                                       0x192f (size before relaxing)
 .debug_str     0x0000000000004944      0x11a /tmp/ccmMZirc.debug.temp.o
                                       0x16c3 (size before relaxing)
 .debug_str     0x0000000000004a5e      0x129 /tmp/ccoQeuGd.debug.temp.o
                                       0x16c5 (size before relaxing)
 .debug_str     0x0000000000004b87      0x702 /tmp/ccTuHehf.debug.temp.o
                                       0x21f9 (size before relaxing)
 .debug_str     0x0000000000005289      0x5c4 /tmp/ccTJ8Yoe.debug.temp.o
                                       0x1d69 (size before relaxing)
 .debug_str     0x000000000000584d      0x505 /tmp/cckiEbhc.debug.temp.o
                                       0x2069 (size before relaxing)
 .debug_str     0x0000000000005d52      0x132 /tmp/ccqztS8f.debug.temp.o
                                        0x536 (size before relaxing)
 .debug_str     0x0000000000005e84      0x4ba /tmp/cc3Qfw5c.debug.temp.o
                                        0xbe8 (size before relaxing)
 .debug_str     0x000000000000633e      0x25c /tmp/ccKXL9Gg.debug.temp.o
                                        0x720 (size before relaxing)
 .debug_str     0x000000000000659a      0x211 /tmp/cchdOxPc.debug.temp.o
                                        0x854 (size before relaxing)
 .debug_str     0x00000000000067ab       0x5a /tmp/cc6f2dfe.debug.temp.o
                                        0x5a7 (size before relaxing)
 .debug_str     0x0000000000006805      0x1f8 /tmp/cchfzQAe.debug.temp.o
                                        0x600 (size before relaxing)
 .debug_str     0x00000000000069fd      0x146 /tmp/cc6wyJtf.debug.temp.o
                                        0x51c (size before relaxing)

.debug_frame    0x0000000000000000     0x11c8
 .debug_frame   0x0000000000000000     0x11c8 /tmp/PcdDxe.dll.lZGIee.ltrans0.ltrans.o
